Component: ARM Compiler 5.06 update 5 (build 528) Tool: armlink [4d35e2]

==============================================================================

Section Cross References

    startup_stm32f407xx.o(RESET) refers to startup_stm32f407xx.o(STACK) for __initial_sp
    startup_stm32f407xx.o(RESET) refers to startup_stm32f407xx.o(.text) for Reset_Handler
    startup_stm32f407xx.o(RESET) refers to stm32f4xx_it.o(i.NMI_Handler) for NMI_Handler
    startup_stm32f407xx.o(RESET) refers to stm32f4xx_it.o(i.HardFault_Handler) for HardFault_Handler
    startup_stm32f407xx.o(RESET) refers to stm32f4xx_it.o(i.MemManage_Handler) for MemManage_Handler
    startup_stm32f407xx.o(RESET) refers to stm32f4xx_it.o(i.BusFault_Handler) for BusFault_Handler
    startup_stm32f407xx.o(RESET) refers to stm32f4xx_it.o(i.UsageFault_Handler) for UsageFault_Handler
    startup_stm32f407xx.o(RESET) refers to stm32f4xx_it.o(i.SVC_Handler) for SVC_Handler
    startup_stm32f407xx.o(RESET) refers to stm32f4xx_it.o(i.DebugMon_Handler) for DebugMon_Handler
    startup_stm32f407xx.o(RESET) refers to stm32f4xx_it.o(i.PendSV_Handler) for PendSV_Handler
    startup_stm32f407xx.o(RESET) refers to stm32f4xx_it.o(i.SysTick_Handler) for SysTick_Handler
    startup_stm32f407xx.o(RESET) refers to stm32f4xx_it.o(i.CAN1_TX_IRQHandler) for CAN1_TX_IRQHandler
    startup_stm32f407xx.o(RESET) refers to stm32f4xx_it.o(i.CAN1_RX0_IRQHandler) for CAN1_RX0_IRQHandler
    startup_stm32f407xx.o(RESET) refers to stm32f4xx_it.o(i.CAN1_RX1_IRQHandler) for CAN1_RX1_IRQHandler
    startup_stm32f407xx.o(RESET) refers to stm32f4xx_it.o(i.TIM2_IRQHandler) for TIM2_IRQHandler
    startup_stm32f407xx.o(RESET) refers to stm32f4xx_it.o(i.TIM3_IRQHandler) for TIM3_IRQHandler
    startup_stm32f407xx.o(RESET) refers to stm32f4xx_it.o(i.TIM4_IRQHandler) for TIM4_IRQHandler
    startup_stm32f407xx.o(RESET) refers to stm32f4xx_it.o(i.USART1_IRQHandler) for USART1_IRQHandler
    startup_stm32f407xx.o(RESET) refers to stm32f4xx_it.o(i.DMA2_Stream1_IRQHandler) for DMA2_Stream1_IRQHandler
    startup_stm32f407xx.o(RESET) refers to stm32f4xx_it.o(i.CAN2_TX_IRQHandler) for CAN2_TX_IRQHandler
    startup_stm32f407xx.o(RESET) refers to stm32f4xx_it.o(i.CAN2_RX0_IRQHandler) for CAN2_RX0_IRQHandler
    startup_stm32f407xx.o(RESET) refers to stm32f4xx_it.o(i.CAN2_RX1_IRQHandler) for CAN2_RX1_IRQHandler
    startup_stm32f407xx.o(RESET) refers to stm32f4xx_it.o(i.DMA2_Stream5_IRQHandler) for DMA2_Stream5_IRQHandler
    startup_stm32f407xx.o(RESET) refers to stm32f4xx_it.o(i.DMA2_Stream6_IRQHandler) for DMA2_Stream6_IRQHandler
    startup_stm32f407xx.o(RESET) refers to stm32f4xx_it.o(i.DMA2_Stream7_IRQHandler) for DMA2_Stream7_IRQHandler
    startup_stm32f407xx.o(RESET) refers to referee.o(i.USART6_IRQHandler) for USART6_IRQHandler
    startup_stm32f407xx.o(.text) refers to system_stm32f4xx.o(i.SystemInit) for SystemInit
    startup_stm32f407xx.o(.text) refers to entry.o(.ARM.Collect$$$$00000000) for __main
    main.o(i.SystemClock_Config) refers to memseta.o(.text) for __aeabi_memclr4
    main.o(i.SystemClock_Config) refers to stm32f4xx_hal_rcc.o(i.HAL_RCC_OscConfig) for HAL_RCC_OscConfig
    main.o(i.SystemClock_Config) refers to main.o(i.Error_Handler) for Error_Handler
    main.o(i.SystemClock_Config) refers to stm32f4xx_hal_rcc.o(i.HAL_RCC_ClockConfig) for HAL_RCC_ClockConfig
    main.o(i.main) refers to stm32f4xx_hal.o(i.HAL_Init) for HAL_Init
    main.o(i.main) refers to main.o(i.SystemClock_Config) for SystemClock_Config
    main.o(i.main) refers to gpio.o(i.MX_GPIO_Init) for MX_GPIO_Init
    main.o(i.main) refers to dma.o(i.MX_DMA_Init) for MX_DMA_Init
    main.o(i.main) refers to can.o(i.MX_CAN1_Init) for MX_CAN1_Init
    main.o(i.main) refers to can.o(i.MX_CAN2_Init) for MX_CAN2_Init
    main.o(i.main) refers to rtc.o(i.MX_RTC_Init) for MX_RTC_Init
    main.o(i.main) refers to tim.o(i.MX_TIM3_Init) for MX_TIM3_Init
    main.o(i.main) refers to tim.o(i.MX_TIM9_Init) for MX_TIM9_Init
    main.o(i.main) refers to usart.o(i.MX_USART6_UART_Init) for MX_USART6_UART_Init
    main.o(i.main) refers to tim.o(i.MX_TIM2_Init) for MX_TIM2_Init
    main.o(i.main) refers to tim.o(i.MX_TIM4_Init) for MX_TIM4_Init
    main.o(i.main) refers to usart.o(i.MX_USART1_UART_Init) for MX_USART1_UART_Init
    main.o(i.main) refers to chassis_task.o(i.Task_Init) for Task_Init
    main.o(i.main) refers to buzzer.o(i.buzzer_init_example) for buzzer_init_example
    main.o(i.main) refers to stm32f4xx_hal_tim.o(i.HAL_TIM_Base_Start_IT) for HAL_TIM_Base_Start_IT
    main.o(i.main) refers to tim.o(.bss) for htim2
    can.o(i.HAL_CAN_MspDeInit) refers to stm32f4xx_hal_gpio.o(i.HAL_GPIO_DeInit) for HAL_GPIO_DeInit
    can.o(i.HAL_CAN_MspDeInit) refers to stm32f4xx_hal_cortex.o(i.HAL_NVIC_DisableIRQ) for HAL_NVIC_DisableIRQ
    can.o(i.HAL_CAN_MspDeInit) refers to can.o(.data) for HAL_RCC_CAN1_CLK_ENABLED
    can.o(i.HAL_CAN_MspInit) refers to memseta.o(.text) for __aeabi_memclr4
[...]
    _main_init                               0x08000191   Thumb Code     0  entry9a.o(.ARM.Collect$$$$0000000B)
    __rt_final_cpp                           0x08000199   Thumb Code     0  entry10a.o(.ARM.Collect$$$$0000000D)
    __rt_final_exit                          0x08000199   Thumb Code     0  entry11a.o(.ARM.Collect$$$$0000000F)
    Reset_Handler                            0x0800019d   Thumb Code     8  startup_stm32f407xx.o(.text)
    ADC_IRQHandler                           0x080001b7   Thumb Code     0  startup_stm32f407xx.o(.text)
    CAN1_SCE_IRQHandler                      0x080001b7   Thumb Code     0  startup_stm32f407xx.o(.text)
    CAN2_SCE_IRQHandler                      0x080001b7   Thumb Code     0  startup_stm32f407xx.o(.text)
    DCMI_IRQHandler                          0x080001b7   Thumb Code     0  startup_stm32f407xx.o(.text)
    DMA1_Stream0_IRQHandler                  0x080001b7   Thumb Code     0  startup_stm32f407xx.o(.text)
    DMA1_Stream1_IRQHandler                  0x080001b7   Thumb Code     0  startup_stm32f407xx.o(.text)
    DMA1_Stream2_IRQHandler                  0x080001b7   Thumb Code     0  startup_stm32f407xx.o(.text)
    DMA1_Stream3_IRQHandler                  0x080001b7   Thumb Code     0  startup_stm32f407xx.o(.text)
    DMA1_Stream4_IRQHandler                  0x080001b7   Thumb Code     0  startup_stm32f407xx.o(.text)
    DMA1_Stream5_IRQHandler                  0x080001b7   Thumb Code     0  startup_stm32f407xx.o(.text)
    DMA1_Stream6_IRQHandler                  0x080001b7   Thumb Code     0  startup_stm32f407xx.o(.text)
    DMA1_Stream7_IRQHandler                  0x080001b7   Thumb Code     0  startup_stm32f407xx.o(.text)
    DMA2_Stream0_IRQHandler                  0x080001b7   Thumb Code     0  startup_stm32f407xx.o(.text)
    DMA2_Stream2_IRQHandler                  0x080001b7   Thumb Code     0  startup_stm32f407xx.o(.text)
    DMA2_Stream3_IRQHandler                  0x080001b7   Thumb Code     0  startup_stm32f407xx.o(.text)
    DMA2_Stream4_IRQHandler                  0x080001b7   Thumb Code     0  startup_stm32f407xx.o(.text)
    ETH_IRQHandler                           0x080001b7   Thumb Code     0  startup_stm32f407xx.o(.text)
    ETH_WKUP_IRQHandler                      0x080001b7   Thumb Code     0  startup_stm32f407xx.o(.text)
    EXTI0_IRQHandler                         0x080001b7   Thumb Code     0  startup_stm32f407xx.o(.text)
    EXTI15_10_IRQHandler                     0x080001b7   Thumb Code     0  startup_stm32f407xx.o(.text)
    EXTI1_IRQHandler                         0x080001b7   Thumb Code     0  startup_stm32f407xx.o(.text)
    EXTI2_IRQHandler                         0x080001b7   Thumb Code     0  startup_stm32f407xx.o(.text)
    EXTI3_IRQHandler                         0x080001b7   Thumb Code     0  startup_stm32f407xx.o(.text)
    EXTI4_IRQHandler                         0x080001b7   Thumb Code     0  startup_stm32f407xx.o(.text)
    EXTI9_5_IRQHandler                       0x080001b7   Thumb Code     0  startup_stm32f407xx.o(.text)
    FLASH_IRQHandler                         0x080001b7   Thumb Code     0  startup_stm32f407xx.o(.text)
    FMC_IRQHandler                           0x080001b7   Thumb Code     0  startup_stm32f407xx.o(.text)
    FPU_IRQHandler                           0x080001b7   Thumb Code     0  startup_stm32f407xx.o(.text)
    HASH_RNG_IRQHandler                      0x080001b7   Thumb Code     0  startup_stm32f407xx.o(.text)
    I2C1_ER_IRQHandler                       0x080001b7   Thumb Code     0  startup_stm32f407xx.o(.text)
    I2C1_EV_IRQHandler                       0x080001b7   Thumb Code     0  startup_stm32f407xx.o(.text)
    I2C2_ER_IRQHandler                       0x080001b7   Thumb Code     0  startup_stm32f407xx.o(.text)
    I2C2_EV_IRQHandler                       0x080001b7   Thumb Code     0  startup_stm32f407xx.o(.text)
    I2C3_ER_IRQHandler                       0x080001b7   Thumb Code     0  startup_stm32f407xx.o(.text)
    I2C3_EV_IRQHandler                       0x080001b7   Thumb Code     0  startup_stm32f407xx.o(.text)
    OTG_FS_IRQHandler                        0x080001b7   Thumb Code     0  startup_stm32f407xx.o(.text)
    OTG_FS_WKUP_IRQHandler                   0x080001b7   Thumb Code     0  startup_stm32f407xx.o(.text)
    OTG_HS_EP1_IN_IRQHandler                 0x080001b7   Thumb Code     0  startup_stm32f407xx.o(.text)
    OTG_HS_EP1_OUT_IRQHandler                0x080001b7   Thumb Code     0  startup_stm32f407xx.o(.text)
    OTG_HS_IRQHandler                        0x080001b7   Thumb Code     0  startup_stm32f407xx.o(.text)
    OTG_HS_WKUP_IRQHandler                   0x080001b7   Thumb Code     0  startup_stm32f407xx.o(.text)
    PVD_IRQHandler                           0x080001b7   Thumb Code     0  startup_stm32f407xx.o(.text)
    RCC_IRQHandler                           0x080001b7   Thumb Code     0  startup_stm32f407xx.o(.text)
    RTC_Alarm_IRQHandler                     0x080001b7   Thumb Code     0  startup_stm32f407xx.o(.text)
    RTC_WKUP_IRQHandler                      0x080001b7   Thumb Code     0  startup_stm32f407xx.o(.text)
    SDIO_IRQHandler                          0x080001b7   Thumb Code     0  startup_stm32f407xx.o(.text)
    SPI1_IRQHandler                          0x080001b7   Thumb Code     0  startup_stm32f407xx.o(.text)
    SPI2_IRQHandler                          0x080001b7   Thumb Code     0  startup_stm32f407xx.o(.text)
    SPI3_IRQHandler                          0x080001b7   Thumb Code     0  startup_stm32f407xx.o(.text)
    TAMP_STAMP_IRQHandler                    0x080001b7   Thumb Code     0  startup_stm32f407xx.o(.text)
    TIM1_BRK_TIM9_IRQHandler                 0x080001b7   Thumb Code     0  startup_stm32f407xx.o(.text)
    TIM1_CC_IRQHandler                       0x080001b7   Thumb Code     0  startup_stm32f407xx.o(.text)
    TIM1_TRG_COM_TIM11_IRQHandler            0x080001b7   Thumb Code     0  startup_stm32f407xx.o(.text)
    TIM1_UP_TIM10_IRQHandler                 0x080001b7   Thumb Code     0  startup_stm32f407xx.o(.text)
    TIM5_IRQHandler                          0x080001b7   Thumb Code     0  startup_stm32f407xx.o(.text)
    TIM6_DAC_IRQHandler                      0x080001b7   Thumb Code     0  startup_stm32f407xx.o(.text)
    TIM7_IRQHandler                          0x080001b7   Thumb Code     0  startup_stm32f407xx.o(.text)
    TIM8_BRK_TIM12_IRQHandler                0x080001b7   Thumb Code     0  startup_stm32f407xx.o(.text)
    TIM8_CC_IRQHandler                       0x080001b7   Thumb Code     0  startup_stm32f407xx.o(.text)
    TIM8_TRG_COM_TIM14_IRQHandler            0x080001b7   Thumb Code     0  startup_stm32f407xx.o(.text)
    TIM8_UP_TIM13_IRQHandler                 0x080001b7   Thumb Code     0  startup_stm32f407xx.o(.text)
    UART4_IRQHandler                         0x080001b7   Thumb Code     0  startup_stm32f407xx.o(.text)
    UART5_IRQHandler                         0x080001b7   Thumb Code     0  startup_stm32f407xx.o(.text)
    USART2_IRQHandler                        0x080001b7   Thumb Code     0  startup_stm32f407xx.o(.text)
    USART3_IRQHandler                        0x080001b7   Thumb Code     0  startup_stm32f407xx.o(.text)
    WWDG_IRQHandler                          0x080001b7   Thumb Code     0  startup_stm32f407xx.o(.text)
    __aeabi_uldivmod                         0x080001c1   Thumb Code    98  uldiv.o(.text)
    __aeabi_memcpy                           0x08000223   Thumb Code    36  memcpya.o(.text)
    __aeabi_memcpy4                          0x08000223   Thumb Code     0  memcpya.o(.text)
    __aeabi_memcpy8                          0x08000223   Thumb Code     0  memcpya.o(.text)
    __aeabi_memset                           0x08000247   Thumb Code    14  memseta.o(.text)
    __aeabi_memset4                          0x08000247   Thumb Code     0  memseta.o(.text)
    __aeabi_memset8                          0x08000247   Thumb Code     0  memseta.o(.text)
    __aeabi_memclr                           0x08000255   Thumb Code     4  memseta.o(.text)
    __aeabi_memclr4                          0x08000255   Thumb Code     0  memseta.o(.text)
    __aeabi_memclr8                          0x08000255   Thumb Code     0  memseta.o(.text)
    _memset$wrapper                          0x08000259   Thumb Code    18  memseta.o(.text)
    __aeabi_dadd                             0x0800026b   Thumb Code   322  dadd.o(.text)
    __aeabi_dsub                             0x080003ad   Thumb Code     6  dadd.o(.text)
    __aeabi_drsub                            0x080003b3   Thumb Code     6  dadd.o(.text)
    __aeabi_dmul                             0x080003b9   Thumb Code   228  dmul.o(.text)
    __aeabi_ddiv                             0x0800049d   Thumb Code   222  ddiv.o(.text)
    __aeabi_i2d                              0x0800057b   Thumb Code    34  dflti.o(.text)
    __aeabi_ui2d                             0x0800059d   Thumb Code    26  dfltui.o(.text)
    __aeabi_d2iz                             0x080005b7   Thumb Code    62  dfixi.o(.text)
    __aeabi_d2uiz                            0x080005f5   Thumb Code    50  dfixui.o(.text)
    __aeabi_f2d                              0x08000627   Thumb Code    38  f2d.o(.text)
    __aeabi_cdcmpeq                          0x0800064d   Thumb Code     0  cdcmple.o(.text)
    __aeabi_cdcmple                          0x0800064d   Thumb Code    48  cdcmple.o(.text)
    __aeabi_cdrcmple                         0x0800067d   Thumb Code    48  cdrcmple.o(.text)
    __aeabi_d2f                              0x080006ad   Thumb Code    56  d2f.o(.text)
    __aeabi_llsl                             0x080006e5   Thumb Code    30  llshl.o(.text)
    _ll_shift_l                              0x080006e5   Thumb Code     0  llshl.o(.text)
    __aeabi_llsr                             0x08000703   Thumb Code    32  llushr.o(.text)
    _ll_ushift_r                             0x08000703   Thumb Code     0  llushr.o(.text)
    __aeabi_lasr                             0x08000723   Thumb Code    36  llsshr.o(.text)
    _ll_sshift_r                             0x08000723   Thumb Code     0  llsshr.o(.text)
    __I$use$fp                               0x08000747   Thumb Code     0  iusefp.o(.text)
    _float_round                             0x08000747   Thumb Code    18  fepilogue.o(.text)
    _float_epilogue                          0x08000759   Thumb Code    92  fepilogue.o(.text)
    _double_round                            0x080007b5   Thumb Code    30  depilogue.o(.text)
    _double_epilogue                         0x080007d3   Thumb Code   156  depilogue.o(.text)
    __ARM_scalbn                             0x0800086f   Thumb Code    46  dscalb.o(.text)
    scalbn                                   0x0800086f   Thumb Code     0  dscalb.o(.text)
    _dsqrt                                   0x0800089d   Thumb Code   162  dsqrt.o(.text)
    __scatterload                            0x08000941   Thumb Code    28  init.o(.text)
    __scatterload_rt2                        0x08000941   Thumb Code     0  init.o(.text)
    __decompress                             0x08000965   Thumb Code     0  __dczerorl2.o(.text)
    __decompress1                            0x08000965   Thumb Code    86  __dczerorl2.o(.text)
    AGV_Calc_Angle_Speed                     0x080009bd   Thumb Code  2130  kinematic.o(i.AGV_Calc_Angle_Speed)
    AGV_DirectiveMotor_RobotMotion_To_TargetStatus 0x0800122d   Thumb Code   118  kinematic.o(i.AGV_DirectiveMotor_RobotMotion_To_TargetStatus)
    AGV_DirectiveMotor_TargetStatus_To_MotorAngle_In_ChassisCoordinate 0x080012b1   Thumb Code   502  kinematic.o(i.AGV_DirectiveMotor_TargetStatus_To_MotorAngle_In_ChassisCoordinate)
    AGV_connoection                          0x080014c1   Thumb Code   862  agv_control.o(i.AGV_connoection)
    Append_CRC16_Check_Sum                   0x0800183d   Thumb Code    44  algorithmofcrc.o(i.Append_CRC16_Check_Sum)
    Append_CRC8_Check_Sum                    0x0800186d   Thumb Code    36  algorithmofcrc.o(i.Append_CRC8_Check_Sum)
    BusFault_Handler                         0x08001891   Thumb Code     4  stm32f4xx_it.o(i.BusFault_Handler)
    CAN1_Call_Back                           0x08001895   Thumb Code   110  can_connection.o(i.CAN1_Call_Back)
    CAN1_RX0_IRQHandler                      0x0800190d   Thumb Code    10  stm32f4xx_it.o(i.CAN1_RX0_IRQHandler)
    CAN1_RX1_IRQHandler                      0x0800191d   Thumb Code    10  stm32f4xx_it.o(i.CAN1_RX1_IRQHandler)
    CAN1_TX_IRQHandler                       0x0800192d   Thumb Code    10  stm32f4xx_it.o(i.CAN1_TX_IRQHandler)
    CAN2_Call_Back                           0x0800193d   Thumb Code    70  can_connection.o(i.CAN2_Call_Back)
    CAN2_RX0_IRQHandler                      0x0800198d   Thumb Code    10  stm32f4xx_it.o(i.CAN2_RX0_IRQHandler)
    CAN2_RX1_IRQHandler                      0x0800199d   Thumb Code    10  stm32f4xx_it.o(i.CAN2_RX1_IRQHandler)
    CAN2_TX_IRQHandler                       0x080019ad   Thumb Code    10  stm32f4xx_it.o(i.CAN2_TX_IRQHandler)
    CAN_Chassis_TxCpltCallback               0x080019bd   Thumb Code    62  gimbal_connection.o(i.CAN_Chassis_TxCpltCallback)
    CAN_Init                                 0x08001a09   Thumb Code   202  drv_can.o(i.CAN_Init)
    CAN_Send_Data                            0x08001ae5   Thumb Code    40  drv_can.o(i.CAN_Send_Data)
    CAN_Send_EXT_Data                        0x08001b0d   Thumb Code    44  drv_can.o(i.CAN_Send_EXT_Data)
    Can_Connection_Init                      0x08001b39   Thumb Code    20  can_connection.o(i.Can_Connection_Init)
    CapDraw                                  0x08001b5d   Thumb Code   684  graphicssendtask.o(i.CapDraw)
    CharChange                               0x08001e31   Thumb Code  1292  graphicssendtask.o(i.CharChange)
    CharGraphic_Draw                         0x08002341   Thumb Code   188  graphicssendtask.o(i.CharGraphic_Draw)
    Char_Draw                                0x08002405   Thumb Code   112  graphicssendtask.o(i.Char_Draw)
    Char_Init                                0x0800247d   Thumb Code   266  graphicssendtask.o(i.Char_Init)
    Chassis_Control_Mode_Update              0x080025d9   Thumb Code    30  gimbal_connection.o(i.Chassis_Control_Mode_Update)
    Chassis_Flag_Update                      0x080025f7   Thumb Code    22  gimbal_connection.o(i.Chassis_Flag_Update)
    Chassis_Init                             0x0800260d   Thumb Code    88  chassis.o(i.Chassis_Init)
    Chassis_Inveter_Judge                    0x08002675   Thumb Code   194  chassis.o(i.Chassis_Inveter_Judge)
    Chassis_Mode_Command_Update              0x08002741   Thumb Code   160  chassis.o(i.Chassis_Mode_Command_Update)
    Chassis_Move                             0x080027ed   Thumb Code    22  chassis.o(i.Chassis_Move)
    Chassis_Power_Control_Init               0x08002809   Thumb Code    26  agv_control.o(i.Chassis_Power_Control_Init)
    Chassis_Speed_Command_Update             0x0800282d   Thumb Code    14  gimbal_connection.o(i.Chassis_Speed_Command_Update)
    Chassis_Speed_Control                    0x0800283d   Thumb Code   110  kinematic.o(i.Chassis_Speed_Control)
    Chassis_Speed_Slow_Motion                0x080028b1   Thumb Code   234  chassis.o(i.Chassis_Speed_Slow_Motion)
    DMA2_Stream1_IRQHandler                  0x080029a5   Thumb Code    10  stm32f4xx_it.o(i.DMA2_Stream1_IRQHandler)
    DMA2_Stream5_IRQHandler                  0x080029b5   Thumb Code    10  stm32f4xx_it.o(i.DMA2_Stream5_IRQHandler)
    DMA2_Stream6_IRQHandler                  0x080029c5   Thumb Code    10  stm32f4xx_it.o(i.DMA2_Stream6_IRQHandler)
    DMA2_Stream7_IRQHandler                  0x080029d5   Thumb Code    10  stm32f4xx_it.o(i.DMA2_Stream7_IRQHandler)
    DebugMon_Handler                         0x08002ac3   Thumb Code     2  stm32f4xx_it.o(i.DebugMon_Handler)
    EXT_ID_Set                               0x08002ac5   Thumb Code    16  drv_can.o(i.EXT_ID_Set)
    Error_Handler                            0x08002ad5   Thumb Code     6  main.o(i.Error_Handler)
    Float_Abs                                0x08002adb   Thumb Code    26  kinematic.o(i.Float_Abs)
    GM6020_Current_From_Lsb_To_Ampere        0x08002af5   Thumb Code    26  motor.o(i.GM6020_Current_From_Lsb_To_Ampere)
    GM6020_Feedback_Update                   0x08002b15   Thumb Code    42  motor.o(i.GM6020_Feedback_Update)
    GM6020_Position_From_Lsb_To_Degree       0x08002b41   Thumb Code    26  motor.o(i.GM6020_Position_From_Lsb_To_Degree)
    GM6020_Position_From_Lsb_To_Rad          0x08002b65   Thumb Code    34  motor.o(i.GM6020_Position_From_Lsb_To_Rad)
    GM6020_Status_Update                     0x08002b91   Thumb Code   258  motor.o(i.GM6020_Status_Update)
    Get_CRC16_Check_Sum                      0x08002c9d   Thumb Code    46  algorithmofcrc.o(i.Get_CRC16_Check_Sum)
    Get_CRC8_Check_Sum                       0x08002cd1   Thumb Code    30  algorithmofcrc.o(i.Get_CRC8_Check_Sum)
    Gimbal_To_Chassis_Relative_Angle_Update  0x08002cf5   Thumb Code   136  chassis.o(i.Gimbal_To_Chassis_Relative_Angle_Update)
    GraphicSendtask                          0x08002d99   Thumb Code    88  graphicssendtask.o(i.GraphicSendtask)
    HAL_CAN_ActivateNotification             0x08002e01   Thumb Code    42  stm32f4xx_hal_can.o(i.HAL_CAN_ActivateNotification)
    HAL_CAN_AddTxMessage                     0x08002e2b   Thumb Code   330  stm32f4xx_hal_can.o(i.HAL_CAN_AddTxMessage)
    HAL_CAN_ConfigFilter                     0x08002f75   Thumb Code   286  stm32f4xx_hal_can.o(i.HAL_CAN_ConfigFilter)
    HAL_CAN_ErrorCallback                    0x08003099   Thumb Code     2  stm32f4xx_hal_can.o(i.HAL_CAN_ErrorCallback)
    HAL_CAN_GetRxMessage                     0x0800309b   Thumb Code   404  stm32f4xx_hal_can.o(i.HAL_CAN_GetRxMessage)
    HAL_CAN_IRQHandler                       0x0800322f   Thumb Code   590  stm32f4xx_hal_can.o(i.HAL_CAN_IRQHandler)
    HAL_CAN_Init                             0x0800347d   Thumb Code   372  stm32f4xx_hal_can.o(i.HAL_CAN_Init)
    HAL_CAN_MspInit                          0x080035f1   Thumb Code   392  can.o(i.HAL_CAN_MspInit)
    HAL_CAN_RxFifo0FullCallback              0x08003791   Thumb Code     2  stm32f4xx_hal_can.o(i.HAL_CAN_RxFifo0FullCallback)
    HAL_CAN_RxFifo0MsgPendingCallback        0x08003795   Thumb Code    72  drv_can.o(i.HAL_CAN_RxFifo0MsgPendingCallback)
    HAL_CAN_RxFifo1FullCallback              0x080037ed   Thumb Code     2  stm32f4xx_hal_can.o(i.HAL_CAN_RxFifo1FullCallback)
    HAL_CAN_RxFifo1MsgPendingCallback        0x080037f1   Thumb Code    72  drv_can.o(i.HAL_CAN_RxFifo1MsgPendingCallback)
    HAL_CAN_SleepCallback                    0x08003849   Thumb Code     2  stm32f4xx_hal_can.o(i.HAL_CAN_SleepCallback)
    HAL_CAN_Start                            0x0800384b   Thumb Code    94  stm32f4xx_hal_can.o(i.HAL_CAN_Start)
    HAL_CAN_TxMailbox0AbortCallback          0x080038a9   Thumb Code     2  stm32f4xx_hal_can.o(i.HAL_CAN_TxMailbox0AbortCallback)
    HAL_CAN_TxMailbox0CompleteCallback       0x080038ab   Thumb Code     2  stm32f4xx_hal_can.o(i.HAL_CAN_TxMailbox0CompleteCallback)
    HAL_CAN_TxMailbox1AbortCallback          0x080038ad   Thumb Code     2  stm32f4xx_hal_can.o(i.HAL_CAN_TxMailbox1AbortCallback)
    HAL_CAN_TxMailbox1CompleteCallback       0x080038af   Thumb Code     2  stm32f4xx_hal_can.o(i.HAL_CAN_TxMailbox1CompleteCallback)
    HAL_CAN_TxMailbox2AbortCallback          0x080038b1   Thumb Code     2  stm32f4xx_hal_can.o(i.HAL_CAN_TxMailbox2AbortCallback)
    HAL_CAN_TxMailbox2CompleteCallback       0x080038b3   Thumb Code     2  stm32f4xx_hal_can.o(i.HAL_CAN_TxMailbox2CompleteCallback)
    HAL_CAN_WakeUpFromRxMsgCallback          0x080038b5   Thumb Code     2  stm32f4xx_hal_can.o(i.HAL_CAN_WakeUpFromRxMsgCallback)
    HAL_DMA_Abort                            0x080038b7   Thumb Code   172  stm32f4xx_hal_dma.o(i.HAL_DMA_Abort)
    HAL_DMA_Abort_IT                         0x08003963   Thumb Code    40  stm32f4xx_hal_dma.o(i.HAL_DMA_Abort_IT)
    HAL_DMA_IRQHandler                       0x0800398d   Thumb Code   570  stm32f4xx_hal_dma.o(i.HAL_DMA_IRQHandler)
    HAL_DMA_Init                             0x08003bcd   Thumb Code   232  stm32f4xx_hal_dma.o(i.HAL_DMA_Init)
    HAL_GPIO_Init                            0x08003cb9   Thumb Code   454  stm32f4xx_hal_gpio.o(i.HAL_GPIO_Init)
    HAL_GetTick                              0x08003ead   Thumb Code     6  stm32f4xx_hal.o(i.HAL_GetTick)
    HAL_IncTick                              0x08003eb9   Thumb Code    16  stm32f4xx_hal.o(i.HAL_IncTick)
    HAL_Init                                 0x08003ed1   Thumb Code    54  stm32f4xx_hal.o(i.HAL_Init)
    HAL_InitTick                             0x08003f0d   Thumb Code    64  stm32f4xx_hal.o(i.HAL_InitTick)
    HAL_MspInit                              0x08003f59   Thumb Code    68  stm32f4xx_hal_msp.o(i.HAL_MspInit)
    HAL_NVIC_EnableIRQ                       0x08003fa1   Thumb Code    40  stm32f4xx_hal_cortex.o(i.HAL_NVIC_EnableIRQ)
    HAL_NVIC_SetPriority                     0x08003fc9   Thumb Code   124  stm32f4xx_hal_cortex.o(i.HAL_NVIC_SetPriority)
    HAL_NVIC_SetPriorityGrouping             0x08004045   Thumb Code    32  stm32f4xx_hal_cortex.o(i.HAL_NVIC_SetPriorityGrouping)
    HAL_RCCEx_PeriphCLKConfig                0x0800406d   Thumb Code   396  stm32f4xx_hal_rcc_ex.o(i.HAL_RCCEx_PeriphCLKConfig)
    HAL_RCC_ClockConfig                      0x0800420d   Thumb Code   368  stm32f4xx_hal_rcc.o(i.HAL_RCC_ClockConfig)
    HAL_RCC_GetHCLKFreq                      0x08004391   Thumb Code     6  stm32f4xx_hal_rcc.o(i.HAL_RCC_GetHCLKFreq)
    HAL_RCC_GetPCLK1Freq                     0x0800439d   Thumb Code    22  stm32f4xx_hal_rcc.o(i.HAL_RCC_GetPCLK1Freq)
    HAL_RCC_GetPCLK2Freq                     0x080043bd   Thumb Code    22  stm32f4xx_hal_rcc.o(i.HAL_RCC_GetPCLK2Freq)
    HAL_RCC_GetSysClockFreq                  0x080043dd   Thumb Code   162  stm32f4xx_hal_rcc.o(i.HAL_RCC_GetSysClockFreq)
    HAL_RCC_OscConfig                        0x0800448d   Thumb Code  1172  stm32f4xx_hal_rcc.o(i.HAL_RCC_OscConfig)
    HAL_RTC_Init                             0x08004929   Thumb Code   176  stm32f4xx_hal_rtc.o(i.HAL_RTC_Init)
    HAL_RTC_MspInit                          0x080049dd   Thumb Code    50  rtc.o(i.HAL_RTC_MspInit)
    HAL_RTC_WaitForSynchro                   0x08004a19   Thumb Code    52  stm32f4xx_hal_rtc.o(i.HAL_RTC_WaitForSynchro)
    HAL_SYSTICK_Config                       0x08004a51   Thumb Code    52  stm32f4xx_hal_cortex.o(i.HAL_SYSTICK_Config)
    HAL_TIMEx_BreakCallback                  0x08004a85   Thumb Code     2  stm32f4xx_hal_tim_ex.o(i.HAL_TIMEx_BreakCallback)
    HAL_TIMEx_CommutCallback                 0x08004a87   Thumb Code     2  stm32f4xx_hal_tim_ex.o(i.HAL_TIMEx_CommutCallback)
    HAL_TIMEx_MasterConfigSynchronization    0x08004a89   Thumb Code   150  stm32f4xx_hal_tim_ex.o(i.HAL_TIMEx_MasterConfigSynchronization)
    HAL_TIM_Base_Init                        0x08004b3d   Thumb Code   102  stm32f4xx_hal_tim.o(i.HAL_TIM_Base_Init)
    HAL_TIM_Base_MspInit                     0x08004ba5   Thumb Code   224  tim.o(i.HAL_TIM_Base_MspInit)
    HAL_TIM_Base_Start_IT                    0x08004c95   Thumb Code   138  stm32f4xx_hal_tim.o(i.HAL_TIM_Base_Start_IT)
    HAL_TIM_ConfigClockSource                0x08004d3d   Thumb Code   268  stm32f4xx_hal_tim.o(i.HAL_TIM_ConfigClockSource)
    HAL_TIM_IC_CaptureCallback               0x08004e49   Thumb Code     2  stm32f4xx_hal_tim.o(i.HAL_TIM_IC_CaptureCallback)
    HAL_TIM_IRQHandler                       0x08004e4b   Thumb Code   364  stm32f4xx_hal_tim.o(i.HAL_TIM_IRQHandler)
    HAL_TIM_MspPostInit                      0x08004fb9   Thumb Code    84  tim.o(i.HAL_TIM_MspPostInit)
    HAL_TIM_OC_DelayElapsedCallback          0x08005019   Thumb Code     2  stm32f4xx_hal_tim.o(i.HAL_TIM_OC_DelayElapsedCallback)
    HAL_TIM_PWM_ConfigChannel                0x0800501b   Thumb Code   260  stm32f4xx_hal_tim.o(i.HAL_TIM_PWM_ConfigChannel)
    HAL_TIM_PWM_Init                         0x0800511f   Thumb Code   102  stm32f4xx_hal_tim.o(i.HAL_TIM_PWM_Init)
    HAL_TIM_PWM_MspInit                      0x08005185   Thumb Code     2  stm32f4xx_hal_tim.o(i.HAL_TIM_PWM_MspInit)
    HAL_TIM_PWM_PulseFinishedCallback        0x08005187   Thumb Code     2  stm32f4xx_hal_tim.o(i.HAL_TIM_PWM_PulseFinishedCallback)
    HAL_TIM_PWM_Start                        0x08005189   Thumb Code   238  stm32f4xx_hal_tim.o(i.HAL_TIM_PWM_Start)
    HAL_TIM_PWM_Stop                         0x08005295   Thumb Code   160  stm32f4xx_hal_tim.o(i.HAL_TIM_PWM_Stop)
    HAL_TIM_PeriodElapsedCallback            0x0800533d   Thumb Code   252  chassis_task.o(i.HAL_TIM_PeriodElapsedCallback)
    HAL_TIM_TriggerCallback                  0x0800544d   Thumb Code     2  stm32f4xx_hal_tim.o(i.HAL_TIM_TriggerCallback)
    HAL_UARTEx_RxEventCallback               0x0800544f   Thumb Code     2  stm32f4xx_hal_uart.o(i.HAL_UARTEx_RxEventCallback)
    HAL_UART_ErrorCallback                   0x08005451   Thumb Code     2  stm32f4xx_hal_uart.o(i.HAL_UART_ErrorCallback)
    HAL_UART_IRQHandler                      0x08005455   Thumb Code   740  stm32f4xx_hal_uart.o(i.HAL_UART_IRQHandler)
    HAL_UART_Init                            0x0800573d   Thumb Code   118  stm32f4xx_hal_uart.o(i.HAL_UART_Init)
    HAL_UART_MspInit                         0x080057b5   Thumb Code   588  usart.o(i.HAL_UART_MspInit)
    HAL_UART_Receive_IT                      0x08005a2d   Thumb Code    44  stm32f4xx_hal_uart.o(i.HAL_UART_Receive_IT)
    HAL_UART_RxCpltCallback                  0x08005a59   Thumb Code   176  supercap.o(i.HAL_UART_RxCpltCallback)
    HAL_UART_Transmit                        0x08005b19   Thumb Code   190  stm32f4xx_hal_uart.o(i.HAL_UART_Transmit)
    HAL_UART_TxCpltCallback                  0x08005bd7   Thumb Code     2  stm32f4xx_hal_uart.o(i.HAL_UART_TxCpltCallback)
    HardFault_Handler                        0x08005bd9   Thumb Code     4  stm32f4xx_it.o(i.HardFault_Handler)
    Judge_Buffer_Receive_Task                0x08005bdd   Thumb Code   122  referee.o(i.Judge_Buffer_Receive_Task)
    Lanelines_Init                           0x08005c61   Thumb Code   136  graphicssendtask.o(i.Lanelines_Init)
    Line_Draw                                0x08005cf9   Thumb Code   158  graphicssendtask.o(i.Line_Draw)
    MX_CAN1_Init                             0x08005d9d   Thumb Code    62  can.o(i.MX_CAN1_Init)
    MX_CAN2_Init                             0x08005de5   Thumb Code    62  can.o(i.MX_CAN2_Init)
    MX_DMA_Init                              0x08005e2d   Thumb Code   100  dma.o(i.MX_DMA_Init)
    MX_GPIO_Init                             0x08005e95   Thumb Code   156  gpio.o(i.MX_GPIO_Init)
    MX_RTC_Init                              0x08005f35   Thumb Code    44  rtc.o(i.MX_RTC_Init)
    MX_TIM2_Init                             0x08005f69   Thumb Code   102  tim.o(i.MX_TIM2_Init)
    MX_TIM3_Init                             0x08005fd5   Thumb Code   102  tim.o(i.MX_TIM3_Init)
    MX_TIM4_Init                             0x08006045   Thumb Code   154  tim.o(i.MX_TIM4_Init)
    MX_TIM9_Init                             0x080060e9   Thumb Code    74  tim.o(i.MX_TIM9_Init)
    MX_USART1_UART_Init                      0x0800613d   Thumb Code    46  usart.o(i.MX_USART1_UART_Init)
    MX_USART6_UART_Init                      0x08006175   Thumb Code    46  usart.o(i.MX_USART6_UART_Init)
    MemManage_Handler                        0x080061ad   Thumb Code     4  stm32f4xx_it.o(i.MemManage_Handler)
    My_atan                                  0x080061b1   Thumb Code   224  kinematic.o(i.My_atan)
    NMI_Handler                              0x080062b1   Thumb Code     4  stm32f4xx_it.o(i.NMI_Handler)
    PID_Calculate                            0x080062b5   Thumb Code   426  pid.o(i.PID_Calculate)
    PID_Init                                 0x08006465   Thumb Code    32  pid.o(i.PID_Init)
    PendSV_Handler                           0x0800648d   Thumb Code     2  stm32f4xx_it.o(i.PendSV_Handler)
    RTC_EnterInitMode                        0x0800648f   Thumb Code    74  stm32f4xx_hal_rtc.o(i.RTC_EnterInitMode)
    RTC_ExitInitMode                         0x080064d9   Thumb Code    46  stm32f4xx_hal_rtc.o(i.RTC_ExitInitMode)
    ReFeree_Usart_Init                       0x08006509   Thumb Code   294  referee.o(i.ReFeree_Usart_Init)
    Rectangle_Draw                           0x0800664d   Thumb Code   160  graphicssendtask.o(i.Rectangle_Draw)
    Referee_Init                             0x080066f1   Thumb Code    30  referee.o(i.Referee_Init)
    SVC_Handler                              0x0800671d   Thumb Code     2  stm32f4xx_it.o(i.SVC_Handler)
    Send_UIPack                              0x08006721   Thumb Code    70  graphicssendtask.o(i.Send_UIPack)
    Send_toReferee                           0x0800676d   Thumb Code   108  graphicssendtask.o(i.Send_toReferee)
    Set_AGV_Velocity_Vector_Data_Update      0x080067ed   Thumb Code    26  agv_control.o(i.Set_AGV_Velocity_Vector_Data_Update)
    ShootLines_Init                          0x08006809   Thumb Code   756  graphicssendtask.o(i.ShootLines_Init)
    Speed_Limitation                         0x08006b71   Thumb Code   466  kinematic.o(i.Speed_Limitation)
    Square                                   0x08006d4d   Thumb Code    14  kinematic.o(i.Square)
    Supercap_Keep_Alive                      0x08006d5d   Thumb Code    50  supercap.o(i.Supercap_Keep_Alive)
    Supercap_Task                            0x08006d95   Thumb Code    24  supercap.o(i.Supercap_Task)
    SysTick_Handler                          0x08006db1   Thumb Code     8  stm32f4xx_it.o(i.SysTick_Handler)
    SystemClock_Config                       0x08006db9   Thumb Code   178  main.o(i.SystemClock_Config)
    SystemInit                               0x08006e75   Thumb Code    14  system_stm32f4xx.o(i.SystemInit)
    TIM1msMod50_Alive_PeriodElapsedCallback  0x08006e89   Thumb Code     8  chassis_task.o(i.TIM1msMod50_Alive_PeriodElapsedCallback)
    TIM2_IRQHandler                          0x08006e91   Thumb Code    10  stm32f4xx_it.o(i.TIM2_IRQHandler)
    TIM3_IRQHandler                          0x08006ea1   Thumb Code    10  stm32f4xx_it.o(i.TIM3_IRQHandler)
    TIM4_IRQHandler                          0x08006eb1   Thumb Code    10  stm32f4xx_it.o(i.TIM4_IRQHandler)
    TIM_Base_SetConfig                       0x08006ee9   Thumb Code   186  stm32f4xx_hal_tim.o(i.TIM_Base_SetConfig)
    TIM_CAN_PeriodElapsedCallback            0x08006fd1   Thumb Code    52  drv_can.o(i.TIM_CAN_PeriodElapsedCallback)
    TIM_CCxChannelCmd                        0x08007015   Thumb Code    34  stm32f4xx_hal_tim.o(i.TIM_CCxChannelCmd)
    TIM_ETR_SetConfig                        0x08007037   Thumb Code    22  stm32f4xx_hal_tim.o(i.TIM_ETR_SetConfig)
    TIM_OC2_SetConfig                        0x080070d1   Thumb Code   114  stm32f4xx_hal_tim.o(i.TIM_OC2_SetConfig)
    Task_Init                                0x08007269   Thumb Code    34  chassis_task.o(i.Task_Init)
    Time_Count_Task                          0x08007295   Thumb Code    40  chassis_task.o(i.Time_Count_Task)
    UART_Start_Receive_IT                    0x08007685   Thumb Code    64  stm32f4xx_hal_uart.o(i.UART_Start_Receive_IT)
    UART_TX_Supercap_Connection_Check        0x080076c5   Thumb Code   118  supercap.o(i.UART_TX_Supercap_Connection_Check)
    USART1_IRQHandler                        0x08007835   Thumb Code    10  stm32f4xx_it.o(i.USART1_IRQHandler)
    USART6_IRQHandler                        0x08007845   Thumb Code   282  referee.o(i.USART6_IRQHandler)
    UartTX_Super_Capacitor                   0x0800797d   Thumb Code   216  supercap.o(i.UartTX_Super_Capacitor)
    UsageFault_Handler                       0x08007a59   Thumb Code     4  stm32f4xx_it.o(i.UsageFault_Handler)
    Verify_CRC16_Check_Sum                   0x08007a5d   Thumb Code    60  algorithmofcrc.o(i.Verify_CRC16_Check_Sum)
    Verify_CRC8_Check_Sum                    0x08007a9d   Thumb Code    46  algorithmofcrc.o(i.Verify_CRC8_Check_Sum)
    Yaw_Angle_Process                        0x08007acd   Thumb Code   150  chassis.o(i.Yaw_Angle_Process)
    Yaw_Init                                 0x08007b6d   Thumb Code    28  chassis.o(i.Yaw_Init)
    __ARM_fpclassify                         0x08007b95   Thumb Code    48  fpclassify.o(i.__ARM_fpclassify)
    __hardfp_atan                            0x08007c09   Thumb Code   622  atan.o(i.__hardfp_atan)
    __hardfp_atan2                           0x08007ee1   Thumb Code   432  atan2.o(i.__hardfp_atan2)
    __hardfp_cos                             0x080080d1   Thumb Code   180  cos.o(i.__hardfp_cos)
    __hardfp_pow                             0x08008199   Thumb Code  3072  pow.o(i.__hardfp_pow)
    __hardfp_sin                             0x08008de9   Thumb Code   180  sin.o(i.__hardfp_sin)
    __hardfp_sqrt                            0x08008eb1   Thumb Code   122  sqrt.o(i.__hardfp_sqrt)
    __ieee754_rem_pio2                       0x08008f31   Thumb Code   938  rred.o(i.__ieee754_rem_pio2)
    __kernel_cos                             0x08009369   Thumb Code   322  cos_i.o(i.__kernel_cos)
    __kernel_poly                            0x080094d9   Thumb Code   248  poly.o(i.__kernel_poly)
    __kernel_sin                             0x080095d1   Thumb Code   280  sin_i.o(i.__kernel_sin)
    __mathlib_dbl_divzero                    0x08009701   Thumb Code    28  dunder.o(i.__mathlib_dbl_divzero)
    __mathlib_dbl_infnan                     0x08009731   Thumb Code    20  dunder.o(i.__mathlib_dbl_infnan)
    __mathlib_dbl_infnan2                    0x08009745   Thumb Code    20  dunder.o(i.__mathlib_dbl_infnan2)
    __mathlib_dbl_invalid                    0x08009759   Thumb Code    24  dunder.o(i.__mathlib_dbl_invalid)
    __mathlib_dbl_overflow                   0x08009779   Thumb Code    24  dunder.o(i.__mathlib_dbl_overflow)
    __mathlib_dbl_underflow                  0x08009799   Thumb Code    24  dunder.o(i.__mathlib_dbl_underflow)
    __scatterload_copy                       0x080097b9   Thumb Code    14  handlers.o(i.__scatterload_copy)
    __scatterload_null                       0x080097c7   Thumb Code     2  handlers.o(i.__scatterload_null)
    __scatterload_zeroinit                   0x080097c9   Thumb Code    14  handlers.o(i.__scatterload_zeroinit)
    __set_errno                              0x080097dd   Thumb Code     6  errno.o(i.__set_errno)
    atan                                     0x080097e9   Thumb Code    16  atan.o(i.atan)
    buzzerBsp_checkTickTolerance             0x080097f9   Thumb Code    18  buzzer_bsp.o(i.buzzerBsp_checkTickTolerance)
    buzzerBsp_setSwitch                      0x0800980b   Thumb Code    20  buzzer_bsp.o(i.buzzerBsp_setSwitch)
    buzzerBsp_setTimer                       0x0800981f   Thumb Code    20  buzzer_bsp.o(i.buzzerBsp_setTimer)
    buzzer_getTick                           0x08009833   Thumb Code    20  buzzer.o(i.buzzer_getTick)
    buzzer_handleInit                        0x08009849   Thumb Code    38  buzzer.o(i.buzzer_handleInit)
    buzzer_init_example                      0x0800987d   Thumb Code   158  buzzer.o(i.buzzer_init_example)
    buzzer_playCalibrated                    0x0800993d   Thumb Code   112  buzzer.o(i.buzzer_playCalibrated)
    buzzer_playCalibrating                   0x080099ad   Thumb Code   112  buzzer.o(i.buzzer_playCalibrating)
    buzzer_playDeviceOffline                 0x08009a1d   Thumb Code   112  buzzer.o(i.buzzer_playDeviceOffline)
    buzzer_playDjiStartUp                    0x08009a8d   Thumb Code   136  buzzer.o(i.buzzer_playDjiStartUp)
    buzzer_playTone                          0x08009b15   Thumb Code   134  buzzer.o(i.buzzer_playTone)
    buzzer_setState                          0x08009bad   Thumb Code    32  buzzer.o(i.buzzer_setState)
    buzzer_setTask                           0x08009bcd   Thumb Code    18  buzzer.o(i.buzzer_setTask)
    buzzer_taskScheduler                     0x08009bdf   Thumb Code   140  buzzer.o(i.buzzer_taskScheduler)
    buzzzerBsp_getTick                       0x08009c6b   Thumb Code    16  buzzer_bsp.o(i.buzzzerBsp_getTick)
    calculate_true_power                     0x08009c7d   Thumb Code   294  agv_control.o(i.calculate_true_power)
    can_filter_mask_config                   0x08009db9   Thumb Code   110  drv_can.o(i.can_filter_mask_config)
    fabs                                     0x0800a32d   Thumb Code    24  fabs.o(i.fabs)
    fifo_s_get                               0x0800a345   Thumb Code    58  fifo.o(i.fifo_s_get)
    fifo_s_init                              0x0800a37f   Thumb Code    22  fifo.o(i.fifo_s_init)
    fifo_s_puts                              0x0800a395   Thumb Code   160  fifo.o(i.fifo_s_puts)
    fifo_s_used                              0x0800a435   Thumb Code     6  fifo.o(i.fifo_s_used)
    main                                     0x0800a43d   Thumb Code    82  main.o(i.main)
    referee_unpack_fifo_data                 0x0800a541   Thumb Code   322  referee.o(i.referee_unpack_fifo_data)
    sqrt                                     0x0800a68d   Thumb Code   110  sqrt.o(i.sqrt)
    AHBPrescTable                            0x0800a702   Data          16  system_stm32f4xx.o(.constdata)
    APBPrescTable                            0x0800a712   Data           8  system_stm32f4xx.o(.constdata)
    CRC8_INIT                                0x0800a71a   Data           1  algorithmofcrc.o(.constdata)
    CRC8_TAB                                 0x0800a71b   Data         256  algorithmofcrc.o(.constdata)
    wCRC_Table                               0x0800a81c   Data         512  algorithmofcrc.o(.constdata)
    __mathlib_zero                           0x0800ab70   Data           8  qnan.o(.constdata)
    Region$$Table$$Base                      0x0800ac68   Number         0  anon$$obj.o(Region$$Table)
    Region$$Table$$Limit                     0x0800ac88   Number         0  anon$$obj.o(Region$$Table)
    uwTick                                   0x20000004   Data           4  stm32f4xx_hal.o(.data)
    uwTickPrio                               0x20000008   Data           4  stm32f4xx_hal.o(.data)
    uwTickFreq                               0x2000000c   Data           1  stm32f4xx_hal.o(.data)
    SystemCoreClock                          0x20000010   Data           4  system_stm32f4xx.o(.data)
    CRC_INIT                                 0x20000014   Data           2  algorithmofcrc.o(.data)
    referee_receive_header                   0x20000016   Data           5  referee.o(.data)
    test_sum                                 0x20000020   Data           4  agv_control.o(.data)
    yaw_position_loop_data                   0x20000024   Data          40  chassis.o(.data)
    buffer_loop_data                         0x2000004c   Data          40  chassis.o(.data)
    AGV_tan                                  0x20000074   Data           4  kinematic.o(.data)
    AGV_ang                                  0x20000078   Data           4  kinematic.o(.data)
    chassis_angle                            0x2000007c   Data           4  kinematic.o(.data)
    pitch_change_flag                        0x20000080   Data           4  graphicssendtask.o(.data)
    cap_percent_change_flag                  0x20000084   Data           4  graphicssendtask.o(.data)
    BigFrictSpeed_change_flag                0x20000088   Data           4  graphicssendtask.o(.data)
    Pitch_change_flag                        0x2000008c   Data           4  graphicssendtask.o(.data)
    last_cap_vol                             0x20000090   Data           4  graphicssendtask.o(.data)
    lastBigFrictSpeed                        0x20000094   Data           2  graphicssendtask.o(.data)
    DMAsendflag                              0x20000096   Data           1  graphicssendtask.o(.data)
    RectCenterX                              0x20000098   Data           2  graphicssendtask.o(.data)
    RectCenterY                              0x2000009a   Data           2  graphicssendtask.o(.data)
    startX                                   0x2000009c   Data           2  graphicssendtask.o(.data)
    startY                                   0x2000009e   Data           2  graphicssendtask.o(.data)
    endX                                     0x200000a0   Data           2  graphicssendtask.o(.data)
    endY                                     0x200000a2   Data           2  graphicssendtask.o(.data)
    angle                                    0x200000a4   Data           4  graphicssendtask.o(.data)
    angle1                                   0x200000a8   Data           4  graphicssendtask.o(.data)
    Length                                   0x200000ac   Data           4  graphicssendtask.o(.data)
    UITask_RunTime                           0x200000b0   Data           4  graphicssendtask.o(.data)
    UISendTask_high_water                    0x200000b4   Data           4  graphicssendtask.o(.data)
    InitFlag                                 0x200000b8   Data           2  graphicssendtask.o(.data)
    Pitch                                    0x200000bc   Data           4  graphicssendtask.o(.data)
    CAN1_0x1ff_Tx_Data                       0x20000150   Data           8  drv_can.o(.data)
    CAN1_0x200_Tx_Data                       0x20000158   Data           8  drv_can.o(.data)
    CAN1_0x2ff_Tx_Data                       0x20000160   Data           8  drv_can.o(.data)
    CAN1_0xxf1_Tx_Data                       0x20000168   Data           8  drv_can.o(.data)
    CAN1_0xxf2_Tx_Data                       0x20000170   Data           8  drv_can.o(.data)
    CAN1_0xxf3_Tx_Data                       0x20000178   Data           8  drv_can.o(.data)
    CAN1_0xxf4_Tx_Data                       0x20000180   Data           8  drv_can.o(.data)
    CAN1_0xxf5_Tx_Data                       0x20000188   Data           8  drv_can.o(.data)
    CAN1_0xxf6_Tx_Data                       0x20000190   Data           8  drv_can.o(.data)
    CAN1_0xxf7_Tx_Data                       0x20000198   Data           8  drv_can.o(.data)
    CAN1_0xxf8_Tx_Data                       0x200001a0   Data           8  drv_can.o(.data)
    CAN2_0x1fe_Tx_Data                       0x200001a8   Data           8  drv_can.o(.data)
    CAN2_0x1ff_Tx_Data                       0x200001b0   Data           8  drv_can.o(.data)
    CAN2_0x200_Tx_Data                       0x200001b8   Data           8  drv_can.o(.data)
    CAN2_0x2ff_Tx_Data                       0x200001c0   Data           8  drv_can.o(.data)
    CAN2_0xxf1_Tx_Data                       0x200001c8   Data           8  drv_can.o(.data)
    CAN2_0xxf2_Tx_Data                       0x200001d0   Data           8  drv_can.o(.data)
    CAN2_0xxf3_Tx_Data                       0x200001d8   Data           8  drv_can.o(.data)
    CAN2_0xxf4_Tx_Data                       0x200001e0   Data           8  drv_can.o(.data)
    CAN2_0xxf5_Tx_Data                       0x200001e8   Data           8  drv_can.o(.data)
    CAN2_0xxf6_Tx_Data                       0x200001f0   Data           8  drv_can.o(.data)
    CAN2_0xxf7_Tx_Data                       0x200001f8   Data           8  drv_can.o(.data)
    CAN2_0xxf8_Tx_Data                       0x20000200   Data           8  drv_can.o(.data)
    AGV_A_Tx_Data                            0x20000208   Data           8  drv_can.o(.data)
    AGV_B_Tx_Data                            0x20000210   Data           8  drv_can.o(.data)
    AGV_C_Tx_Data                            0x20000218   Data           8  drv_can.o(.data)
    AGV_D_Tx_Data                            0x20000220   Data           8  drv_can.o(.data)
    CAN_Supercap_Tx_Data                     0x20000228   Data           8  drv_can.o(.data)
    time                                     0x20000234   Data           8  chassis_task.o(.data)
    hcan1                                    0x20000240   Data          40  can.o(.bss)
    hcan2                                    0x20000268   Data          40  can.o(.bss)
    hrtc                                     0x20000290   Data          32  rtc.o(.bss)
    htim2                                    0x200002b0   Data          72  tim.o(.bss)
    htim3                                    0x200002f8   Data          72  tim.o(.bss)
    htim4                                    0x20000340   Data          72  tim.o(.bss)
    htim9                                    0x20000388   Data          72  tim.o(.bss)
    huart1                                   0x200003d0   Data          72  usart.o(.bss)
    huart6                                   0x20000418   Data          72  usart.o(.bss)
    hdma_usart1_rx                           0x20000460   Data          96  usart.o(.bss)
    hdma_usart1_tx                           0x200004c0   Data          96  usart.o(.bss)
    hdma_usart6_tx                           0x20000520   Data          96  usart.o(.bss)
    hdma_usart6_rx                           0x20000580   Data          96  usart.o(.bss)
    usart6_buf                               0x200005e0   Data        1024  referee.o(.bss)
    referee_fifo                             0x200009e0   Data          24  referee.o(.bss)
    referee_fifo_buf                         0x200009f8   Data        1024  referee.o(.bss)
    JudgeReceive                             0x20000df8   Data          56  referee.o(.bss)
    referee_unpack_obj                       0x20000e30   Data         140  referee.o(.bss)
    chassis_power_control                    0x20000ebc   Data          48  agv_control.o(.bss)
    buffer_pid                               0x20000eec   Data         127  agv_control.o(.bss)
    chassis                                  0x20000f6c   Data         248  chassis.o(.bss)
    yaw                                      0x20001064   Data         104  chassis.o(.bss)
    yaw_pid                                  0x200010cc   Data         254  chassis.o(.bss)
    connection                               0x200011cc   Data          32  gimbal_connection.o(.bss)
    F405                                     0x200011ec   Data          14  graphicssendtask.o(.bss)
    vol_change_array                         0x200011fc   Data          36  graphicssendtask.o(.bss)
    Transmit_Pack                            0x20001220   Data         128  graphicssendtask.o(.bss)
    data_pack                                0x200012a0   Data         105  graphicssendtask.o(.bss)
    supercap_rx_buffer                       0x20001354   Data          11  supercap.o(.bss)
    buzzer                                   0x20001360   Data          36  buzzer.o(.bss)
    CAN1_Manage_Object                       0x20001384   Data          44  drv_can.o(.bss)
    CAN2_Manage_Object                       0x200013b0   Data          44  drv_can.o(.bss)
    __initial_sp                             0x200017e0   Data           0  startup_stm32f407xx.o(STACK)



==============================================================================

Memory Map of the image

  Image Entry point : 0x08000189

  Load Region LR_IROM1 (Base: 0x08000000, Size: 0x0000aec8, Max: 0x00100000, ABSOLUTE, COMPRESSED[0x0000ad28])

    Execution Region ER_IROM1 (Exec base: 0x08000000, Load base: 0x08000000, Size: 0x0000ac88, Max: 0x00100000, ABSOLUTE)

    Exec Addr    Load Addr    Size         Type   Attr      Idx    E Section Name        Object

    0x08000000   0x08000000   0x00000188   Data   RO            3    RESET               startup_stm32f407xx.o
    0x08000188   0x08000188   0x00000000   Code   RO         5464  * .ARM.Collect$$$$00000000  mc_w.l(entry.o)
    0x08000188   0x08000188   0x00000004   Code   RO         5829    .ARM.Collect$$$$00000001  mc_w.l(entry2.o)
    0x0800018c   0x0800018c   0x00000004   Code   RO         5832    .ARM.Collect$$$$00000004  mc_w.l(entry5.o)
    0x08000190   0x08000190   0x00000000   Code   RO         5834    .ARM.Collect$$$$00000008  mc_w.l(entry7b.o)
    0x08000190   0x08000190   0x00000000   Code   RO         5836    .ARM.Collect$$$$0000000A  mc_w.l(entry8b.o)
    0x08000190   0x08000190   0x00000008   Code   RO         5837    .ARM.Collect$$$$0000000B  mc_w.l(entry9a.o)
    0x08000198   0x08000198   0x00000000   Code   RO         5839    .ARM.Collect$$$$0000000D  mc_w.l(entry10a.o)
    0x08000198   0x08000198   0x00000000   Code   RO         5841    .ARM.Collect$$$$0000000F  mc_w.l(entry11a.o)
    0x08000198   0x08000198   0x00000004   Code   RO         5830    .ARM.Collect$$$$00002712  mc_w.l(entry2.o)
    0x0800019c   0x0800019c   0x00000024   Code   RO            4    .text               startup_stm32f407xx.o
    0x080001c0   0x080001c0   0x00000062   Code   RO         5467    .text               mc_w.l(uldiv.o)
    0x08000222   0x08000222   0x00000024   Code   RO         5469    .text               mc_w.l(memcpya.o)
    0x08000246   0x08000246   0x00000024   Code   RO         5471    .text               mc_w.l(memseta.o)
    0x0800026a   0x0800026a   0x0000014e   Code   RO         5766    .text               mf_w.l(dadd.o)
    0x080003b8   0x080003b8   0x000000e4   Code   RO         5768    .text               mf_w.l(dmul.o)
    0x0800049c   0x0800049c   0x000000de   Code   RO         5770    .text               mf_w.l(ddiv.o)
    0x0800057a   0x0800057a   0x00000022   Code   RO         5774    .text               mf_w.l(dflti.o)
    0x0800059c   0x0800059c   0x0000001a   Code   RO         5776    .text               mf_w.l(dfltui.o)
    0x080005b6   0x080005b6   0x0000003e   Code   RO         5778    .text               mf_w.l(dfixi.o)
    0x080005f4   0x080005f4   0x00000032   Code   RO         5780    .text               mf_w.l(dfixui.o)
    0x08000626   0x08000626   0x00000026   Code   RO         5782    .text               mf_w.l(f2d.o)
    0x0800064c   0x0800064c   0x00000030   Code   RO         5784    .text               mf_w.l(cdcmple.o)
    0x0800067c   0x0800067c   0x00000030   Code   RO         5786    .text               mf_w.l(cdrcmple.o)
    0x080006ac   0x080006ac   0x00000038   Code   RO         5788    .text               mf_w.l(d2f.o)
    0x080006e4   0x080006e4   0x0000001e   Code   RO         5848    .text               mc_w.l(llshl.o)
    0x08000702   0x08000702   0x00000020   Code   RO         5850    .text               mc_w.l(llushr.o)
    0x08000722   0x08000722   0x00000024   Code   RO         5852    .text               mc_w.l(llsshr.o)
    0x08000746   0x08000746   0x00000000   Code   RO         5863    .text               mc_w.l(iusefp.o)
    0x08000746   0x08000746   0x0000006e   Code   RO         5864    .text               mf_w.l(fepilogue.o)
    0x080007b4   0x080007b4   0x000000ba   Code   RO         5866    .text               mf_w.l(depilogue.o)
    0x0800086e   0x0800086e   0x0000002e   Code   RO         5868    .text               mf_w.l(dscalb.o)
    0x0800089c   0x0800089c   0x000000a2   Code   RO         5870    .text               mf_w.l(dsqrt.o)
    0x0800093e   0x0800093e   0x00000002   PAD
    0x08000940   0x08000940   0x00000024   Code   RO         5874    .text               mc_w.l(init.o)
    0x08000964   0x08000964   0x00000056   Code   RO         5886    .text               mc_w.l(__dczerorl2.o)
    0x080009ba   0x080009ba   0x00000002   PAD
    0x080009bc   0x080009bc   0x00000870   Code   RO         4351    i.AGV_Calc_Angle_Speed  kinematic.o
    0x0800122c   0x0800122c   0x00000084   Code   RO         4353    i.AGV_DirectiveMotor_RobotMotion_To_TargetStatus  kinematic.o
    0x080012b0   0x080012b0   0x00000210   Code   RO         4354    i.AGV_DirectiveMotor_TargetStatus_To_MotorAngle_In_ChassisCoordinate  kinematic.o
    0x080014c0   0x080014c0   0x0000037c   Code   RO         4036    i.AGV_connoection   agv_control.o
    0x0800183c   0x0800183c   0x00000030   Code   RO         3913    i.Append_CRC16_Check_Sum  algorithmofcrc.o
    0x0800186c   0x0800186c   0x00000024   Code   RO         3914    i.Append_CRC8_Check_Sum  algorithmofcrc.o
    0x08001890   0x08001890   0x00000004   Code   RO          511    i.BusFault_Handler  stm32f4xx_it.o
    0x08001894   0x08001894   0x00000078   Code   RO         4428    i.CAN1_Call_Back    can_connection.o
    0x0800190c   0x0800190c   0x00000010   Code   RO          512    i.CAN1_RX0_IRQHandler  stm32f4xx_it.o
    0x0800191c   0x0800191c   0x00000010   Code   RO          513    i.CAN1_RX1_IRQHandler  stm32f4xx_it.o
    0x0800192c   0x0800192c   0x00000010   Code   RO          514    i.CAN1_TX_IRQHandler  stm32f4xx_it.o
    0x0800193c   0x0800193c   0x00000050   Code   RO         4429    i.CAN2_Call_Back    can_connection.o
    0x0800198c   0x0800198c   0x00000010   Code   RO          515    i.CAN2_RX0_IRQHandler  stm32f4xx_it.o
    0x0800199c   0x0800199c   0x00000010   Code   RO          516    i.CAN2_RX1_IRQHandler  stm32f4xx_it.o
    0x080019ac   0x080019ac   0x00000010   Code   RO          517    i.CAN2_TX_IRQHandler  stm32f4xx_it.o
    0x080019bc   0x080019bc   0x0000004c   Code   RO         4197    i.CAN_Chassis_TxCpltCallback  gimbal_connection.o
    0x08001a08   0x08001a08   0x000000dc   Code   RO         4931    i.CAN_Init          drv_can.o
    0x08001ae4   0x08001ae4   0x00000028   Code   RO         4932    i.CAN_Send_Data     drv_can.o
    0x08001b0c   0x08001b0c   0x0000002c   Code   RO         4933    i.CAN_Send_EXT_Data  drv_can.o
    0x08001b38   0x08001b38   0x00000024   Code   RO         4430    i.Can_Connection_Init  can_connection.o
    0x08001b5c   0x08001b5c   0x000002d4   Code   RO         4616    i.CapDraw           graphicssendtask.o
    0x08001e30   0x08001e30   0x00000510   Code   RO         4619    i.CharChange        graphicssendtask.o
    0x08002340   0x08002340   0x000000c4   Code   RO         4620    i.CharGraphic_Draw  graphicssendtask.o
    0x08002404   0x08002404   0x00000078   Code   RO         4621    i.Char_Draw         graphicssendtask.o
    0x0800247c   0x0800247c   0x0000015c   Code   RO         4622    i.Char_Init         graphicssendtask.o
    0x080025d8   0x080025d8   0x0000001e   Code   RO         4198    i.Chassis_Control_Mode_Update  gimbal_connection.o
    0x080025f6   0x080025f6   0x00000016   Code   RO         4199    i.Chassis_Flag_Update  gimbal_connection.o
    0x0800260c   0x0800260c   0x00000068   Code   RO         4105    i.Chassis_Init      chassis.o
    0x08002674   0x08002674   0x000000cc   Code   RO         4106    i.Chassis_Inveter_Judge  chassis.o
    0x08002740   0x08002740   0x000000ac   Code   RO         4107    i.Chassis_Mode_Command_Update  chassis.o
    0x080027ec   0x080027ec   0x0000001c   Code   RO         4108    i.Chassis_Move      chassis.o
    0x08002808   0x08002808   0x00000024   Code   RO         4037    i.Chassis_Power_Control_Init  agv_control.o
    0x0800282c   0x0800282c   0x0000000e   Code   RO         4200    i.Chassis_Speed_Command_Update  gimbal_connection.o
    0x0800283a   0x0800283a   0x00000002   PAD
    0x0800283c   0x0800283c   0x00000074   Code   RO         4356    i.Chassis_Speed_Control  kinematic.o
    0x080028b0   0x080028b0   0x000000f4   Code   RO         4109    i.Chassis_Speed_Slow_Motion  chassis.o
    0x080029a4   0x080029a4   0x00000010   Code   RO          518    i.DMA2_Stream1_IRQHandler  stm32f4xx_it.o
    0x080029b4   0x080029b4   0x00000010   Code   RO          519    i.DMA2_Stream5_IRQHandler  stm32f4xx_it.o
    0x080029c4   0x080029c4   0x00000010   Code   RO          520    i.DMA2_Stream6_IRQHandler  stm32f4xx_it.o
    0x080029d4   0x080029d4   0x00000010   Code   RO          521    i.DMA2_Stream7_IRQHandler  stm32f4xx_it.o
    0x080029e4   0x080029e4   0x00000034   Code   RO         1433    i.DMA_CalcBaseAndBitshift  stm32f4xx_hal_dma.o
    0x08002a18   0x08002a18   0x000000aa   Code   RO         1434    i.DMA_CheckFifoParam  stm32f4xx_hal_dma.o
    0x08002ac2   0x08002ac2   0x00000002   Code   RO          522    i.DebugMon_Handler  stm32f4xx_it.o
    0x08002ac4   0x08002ac4   0x00000010   Code   RO         4934    i.EXT_ID_Set        drv_can.o
    0x08002ad4   0x08002ad4   0x00000006   Code   RO           13    i.Error_Handler     main.o
    0x08002ada   0x08002ada   0x0000001a   Code   RO         4357    i.Float_Abs         kinematic.o
    0x08002af4   0x08002af4   0x00000020   Code   RO         4253    i.GM6020_Current_From_Lsb_To_Ampere  motor.o
    0x08002b14   0x08002b14   0x0000002a   Code   RO         4254    i.GM6020_Feedback_Update  motor.o
    0x08002b3e   0x08002b3e   0x00000002   PAD
    0x08002b40   0x08002b40   0x00000024   Code   RO         4256    i.GM6020_Position_From_Lsb_To_Degree  motor.o
    0x08002b64   0x08002b64   0x0000002c   Code   RO         4257    i.GM6020_Position_From_Lsb_To_Rad  motor.o
    0x08002b90   0x08002b90   0x0000010c   Code   RO         4258    i.GM6020_Status_Update  motor.o
    0x08002c9c   0x08002c9c   0x00000034   Code   RO         3915    i.Get_CRC16_Check_Sum  algorithmofcrc.o
    0x08002cd0   0x08002cd0   0x00000024   Code   RO         3916    i.Get_CRC8_Check_Sum  algorithmofcrc.o
    0x08002cf4   0x08002cf4   0x000000a4   Code   RO         4110    i.Gimbal_To_Chassis_Relative_Angle_Update  chassis.o
    0x08002d98   0x08002d98   0x00000068   Code   RO         4626    i.GraphicSendtask   graphicssendtask.o
    0x08002e00   0x08002e00   0x0000002a   Code   RO          696    i.HAL_CAN_ActivateNotification  stm32f4xx_hal_can.o
    0x08002e2a   0x08002e2a   0x0000014a   Code   RO          697    i.HAL_CAN_AddTxMessage  stm32f4xx_hal_can.o
    0x08002f74   0x08002f74   0x00000124   Code   RO          698    i.HAL_CAN_ConfigFilter  stm32f4xx_hal_can.o
    0x08003098   0x08003098   0x00000002   Code   RO          701    i.HAL_CAN_ErrorCallback  stm32f4xx_hal_can.o
    0x0800309a   0x0800309a   0x00000194   Code   RO          704    i.HAL_CAN_GetRxMessage  stm32f4xx_hal_can.o
    0x0800322e   0x0800322e   0x0000024e   Code   RO          708    i.HAL_CAN_IRQHandler  stm32f4xx_hal_can.o
    0x0800347c   0x0800347c   0x00000174   Code   RO          709    i.HAL_CAN_Init      stm32f4xx_hal_can.o
    0x080035f0   0x080035f0   0x000001a0   Code   RO          283    i.HAL_CAN_MspInit   can.o
    0x08003790   0x08003790   0x00000002   Code   RO          716    i.HAL_CAN_RxFifo0FullCallback  stm32f4xx_hal_can.o
    0x08003792   0x08003792   0x00000002   PAD
    0x08003794   0x08003794   0x00000058   Code   RO         4935    i.HAL_CAN_RxFifo0MsgPendingCallback  drv_can.o
    0x080037ec   0x080037ec   0x00000002   Code   RO          718    i.HAL_CAN_RxFifo1FullCallback  stm32f4xx_hal_can.o
    0x080037ee   0x080037ee   0x00000002   PAD
    0x080037f0   0x080037f0   0x00000058   Code   RO         4936    i.HAL_CAN_RxFifo1MsgPendingCallback  drv_can.o
    0x08003848   0x08003848   0x00000002   Code   RO          720    i.HAL_CAN_SleepCallback  stm32f4xx_hal_can.o
    0x0800384a   0x0800384a   0x0000005e   Code   RO          721    i.HAL_CAN_Start     stm32f4xx_hal_can.o
    0x080038a8   0x080038a8   0x00000002   Code   RO          723    i.HAL_CAN_TxMailbox0AbortCallback  stm32f4xx_hal_can.o
    0x080038aa   0x080038aa   0x00000002   Code   RO          724    i.HAL_CAN_TxMailbox0CompleteCallback  stm32f4xx_hal_can.o
    0x080038ac   0x080038ac   0x00000002   Code   RO          725    i.HAL_CAN_TxMailbox1AbortCallback  stm32f4xx_hal_can.o
    0x080038ae   0x080038ae   0x00000002   Code   RO          726    i.HAL_CAN_TxMailbox1CompleteCallback  stm32f4xx_hal_can.o
    0x080038b0   0x080038b0   0x00000002   Code   RO          727    i.HAL_CAN_TxMailbox2AbortCallback  stm32f4xx_hal_can.o
    0x080038b2   0x080038b2   0x00000002   Code   RO          728    i.HAL_CAN_TxMailbox2CompleteCallback  stm32f4xx_hal_can.o
    0x080038b4   0x080038b4   0x00000002   Code   RO          730    i.HAL_CAN_WakeUpFromRxMsgCallback  stm32f4xx_hal_can.o
    0x080038b6   0x080038b6   0x000000ac   Code   RO         1436    i.HAL_DMA_Abort     stm32f4xx_hal_dma.o
    0x08003962   0x08003962   0x00000028   Code   RO         1437    i.HAL_DMA_Abort_IT  stm32f4xx_hal_dma.o
    0x0800398a   0x0800398a   0x00000002   PAD
    0x0800398c   0x0800398c   0x00000240   Code   RO         1441    i.HAL_DMA_IRQHandler  stm32f4xx_hal_dma.o
    0x08003bcc   0x08003bcc   0x000000ec   Code   RO         1442    i.HAL_DMA_Init      stm32f4xx_hal_dma.o
    0x08003cb8   0x08003cb8   0x000001f4   Code   RO         1329    i.HAL_GPIO_Init     stm32f4xx_hal_gpio.o
    0x08003eac   0x08003eac   0x0000000c   Code   RO         1872    i.HAL_GetTick       stm32f4xx_hal.o
    0x08003eb8   0x08003eb8   0x00000018   Code   RO         1878    i.HAL_IncTick       stm32f4xx_hal.o
    0x08003ed0   0x08003ed0   0x0000003c   Code   RO         1879    i.HAL_Init          stm32f4xx_hal.o
    0x08003f0c   0x08003f0c   0x0000004c   Code   RO         1880    i.HAL_InitTick      stm32f4xx_hal.o
    0x08003f58   0x08003f58   0x00000048   Code   RO          671    i.HAL_MspInit       stm32f4xx_hal_msp.o
    0x08003fa0   0x08003fa0   0x00000028   Code   RO         1719    i.HAL_NVIC_EnableIRQ  stm32f4xx_hal_cortex.o
    0x08003fc8   0x08003fc8   0x0000007c   Code   RO         1725    i.HAL_NVIC_SetPriority  stm32f4xx_hal_cortex.o
    0x08004044   0x08004044   0x00000028   Code   RO         1726    i.HAL_NVIC_SetPriorityGrouping  stm32f4xx_hal_cortex.o
    0x0800406c   0x0800406c   0x000001a0   Code   RO         1035    i.HAL_RCCEx_PeriphCLKConfig  stm32f4xx_hal_rcc_ex.o
    0x0800420c   0x0800420c   0x00000184   Code   RO          930    i.HAL_RCC_ClockConfig  stm32f4xx_hal_rcc.o
    0x08004390   0x08004390   0x0000000c   Code   RO          935    i.HAL_RCC_GetHCLKFreq  stm32f4xx_hal_rcc.o
    0x0800439c   0x0800439c   0x00000020   Code   RO          937    i.HAL_RCC_GetPCLK1Freq  stm32f4xx_hal_rcc.o
    0x080043bc   0x080043bc   0x00000020   Code   RO          938    i.HAL_RCC_GetPCLK2Freq  stm32f4xx_hal_rcc.o
    0x080043dc   0x080043dc   0x000000b0   Code   RO          939    i.HAL_RCC_GetSysClockFreq  stm32f4xx_hal_rcc.o
    0x0800448c   0x0800448c   0x0000049c   Code   RO          942    i.HAL_RCC_OscConfig  stm32f4xx_hal_rcc.o
    0x08004928   0x08004928   0x000000b4   Code   RO         2130    i.HAL_RTC_Init      stm32f4xx_hal_rtc.o
    0x080049dc   0x080049dc   0x0000003c   Code   RO          356    i.HAL_RTC_MspInit   rtc.o
    0x08004a18   0x08004a18   0x00000038   Code   RO         2138    i.HAL_RTC_WaitForSynchro  stm32f4xx_hal_rtc.o
    0x08004a50   0x08004a50   0x00000034   Code   RO         1730    i.HAL_SYSTICK_Config  stm32f4xx_hal_cortex.o
    0x08004a84   0x08004a84   0x00000002   Code   RO         3236    i.HAL_TIMEx_BreakCallback  stm32f4xx_hal_tim_ex.o
    0x08004a86   0x08004a86   0x00000002   Code   RO         3237    i.HAL_TIMEx_CommutCallback  stm32f4xx_hal_tim_ex.o
    0x08004a88   0x08004a88   0x000000b4   Code   RO         3255    i.HAL_TIMEx_MasterConfigSynchronization  stm32f4xx_hal_tim_ex.o
    0x08004b3c   0x08004b3c   0x00000066   Code   RO         2521    i.HAL_TIM_Base_Init  stm32f4xx_hal_tim.o
    0x08004ba2   0x08004ba2   0x00000002   PAD
    0x08004ba4   0x08004ba4   0x000000f0   Code   RO          398    i.HAL_TIM_Base_MspInit  tim.o
    0x08004c94   0x08004c94   0x000000a8   Code   RO         2526    i.HAL_TIM_Base_Start_IT  stm32f4xx_hal_tim.o
    0x08004d3c   0x08004d3c   0x0000010c   Code   RO         2530    i.HAL_TIM_ConfigClockSource  stm32f4xx_hal_tim.o
    0x08004e48   0x08004e48   0x00000002   Code   RO         2555    i.HAL_TIM_IC_CaptureCallback  stm32f4xx_hal_tim.o
    0x08004e4a   0x08004e4a   0x0000016c   Code   RO         2569    i.HAL_TIM_IRQHandler  stm32f4xx_hal_tim.o
    0x08004fb6   0x08004fb6   0x00000002   PAD
    0x08004fb8   0x08004fb8   0x00000060   Code   RO          399    i.HAL_TIM_MspPostInit  tim.o
    0x08005018   0x08005018   0x00000002   Code   RO         2572    i.HAL_TIM_OC_DelayElapsedCallback  stm32f4xx_hal_tim.o
    0x0800501a   0x0800501a   0x00000104   Code   RO         2593    i.HAL_TIM_PWM_ConfigChannel  stm32f4xx_hal_tim.o
    0x0800511e   0x0800511e   0x00000066   Code   RO         2596    i.HAL_TIM_PWM_Init  stm32f4xx_hal_tim.o
    0x08005184   0x08005184   0x00000002   Code   RO         2598    i.HAL_TIM_PWM_MspInit  stm32f4xx_hal_tim.o
    0x08005186   0x08005186   0x00000002   Code   RO         2599    i.HAL_TIM_PWM_PulseFinishedCallback  stm32f4xx_hal_tim.o
    0x08005188   0x08005188   0x0000010c   Code   RO         2601    i.HAL_TIM_PWM_Start  stm32f4xx_hal_tim.o
    0x08005294   0x08005294   0x000000a8   Code   RO         2604    i.HAL_TIM_PWM_Stop  stm32f4xx_hal_tim.o
    0x0800533c   0x0800533c   0x00000110   Code   RO         5334    i.HAL_TIM_PeriodElapsedCallback  chassis_task.o
    0x0800544c   0x0800544c   0x00000002   Code   RO         2612    i.HAL_TIM_TriggerCallback  stm32f4xx_hal_tim.o
    0x0800544e   0x0800544e   0x00000002   Code   RO         3515    i.HAL_UARTEx_RxEventCallback  stm32f4xx_hal_uart.o
    0x08005450   0x08005450   0x00000002   Code   RO         3529    i.HAL_UART_ErrorCallback  stm32f4xx_hal_uart.o
    0x08005452   0x08005452   0x00000002   PAD
    0x08005454   0x08005454   0x000002e8   Code   RO         3532    i.HAL_UART_IRQHandler  stm32f4xx_hal_uart.o
    0x0800573c   0x0800573c   0x00000076   Code   RO         3533    i.HAL_UART_Init     stm32f4xx_hal_uart.o
    0x080057b2   0x080057b2   0x00000002   PAD
    0x080057b4   0x080057b4   0x00000278   Code   RO          464    i.HAL_UART_MspInit  usart.o
    0x08005a2c   0x08005a2c   0x0000002c   Code   RO         3538    i.HAL_UART_Receive_IT  stm32f4xx_hal_uart.o
    0x08005a58   0x08005a58   0x000000c0   Code   RO         4758    i.HAL_UART_RxCpltCallback  supercap.o
    0x08005b18   0x08005b18   0x000000be   Code   RO         3541    i.HAL_UART_Transmit  stm32f4xx_hal_uart.o
    0x08005bd6   0x08005bd6   0x00000002   Code   RO         3544    i.HAL_UART_TxCpltCallback  stm32f4xx_hal_uart.o
    0x08005bd8   0x08005bd8   0x00000004   Code   RO          523    i.HardFault_Handler  stm32f4xx_it.o
    0x08005bdc   0x08005bdc   0x00000084   Code   RO         3974    i.Judge_Buffer_Receive_Task  referee.o
    0x08005c60   0x08005c60   0x00000098   Code   RO         4627    i.Lanelines_Init    graphicssendtask.o
    0x08005cf8   0x08005cf8   0x000000a4   Code   RO         4628    i.Line_Draw         graphicssendtask.o
    0x08005d9c   0x08005d9c   0x00000048   Code   RO          284    i.MX_CAN1_Init      can.o
    0x08005de4   0x08005de4   0x00000048   Code   RO          285    i.MX_CAN2_Init      can.o
    0x08005e2c   0x08005e2c   0x00000068   Code   RO          331    i.MX_DMA_Init       dma.o
    0x08005e94   0x08005e94   0x000000a0   Code   RO          258    i.MX_GPIO_Init      gpio.o
    0x08005f34   0x08005f34   0x00000034   Code   RO          357    i.MX_RTC_Init       rtc.o
    0x08005f68   0x08005f68   0x0000006c   Code   RO          400    i.MX_TIM2_Init      tim.o
    0x08005fd4   0x08005fd4   0x00000070   Code   RO          401    i.MX_TIM3_Init      tim.o
    0x08006044   0x08006044   0x000000a4   Code   RO          402    i.MX_TIM4_Init      tim.o
    0x080060e8   0x080060e8   0x00000054   Code   RO          403    i.MX_TIM9_Init      tim.o
    0x0800613c   0x0800613c   0x00000038   Code   RO          465    i.MX_USART1_UART_Init  usart.o
    0x08006174   0x08006174   0x00000038   Code   RO          466    i.MX_USART6_UART_Init  usart.o
    0x080061ac   0x080061ac   0x00000004   Code   RO          524    i.MemManage_Handler  stm32f4xx_it.o
    0x080061b0   0x080061b0   0x00000100   Code   RO         4358    i.My_atan           kinematic.o
    0x080062b0   0x080062b0   0x00000004   Code   RO          525    i.NMI_Handler       stm32f4xx_it.o
    0x080062b4   0x080062b4   0x000001b0   Code   RO         5002    i.PID_Calculate     pid.o
    0x08006464   0x08006464   0x00000028   Code   RO         5003    i.PID_Init          pid.o
    0x0800648c   0x0800648c   0x00000002   Code   RO          526    i.PendSV_Handler    stm32f4xx_it.o
    0x0800648e   0x0800648e   0x0000004a   Code   RO         2141    i.RTC_EnterInitMode  stm32f4xx_hal_rtc.o
    0x080064d8   0x080064d8   0x0000002e   Code   RO         2142    i.RTC_ExitInitMode  stm32f4xx_hal_rtc.o
    0x08006506   0x08006506   0x00000002   PAD
    0x08006508   0x08006508   0x00000144   Code   RO         3975    i.ReFeree_Usart_Init  referee.o
    0x0800664c   0x0800664c   0x000000a4   Code   RO         4630    i.Rectangle_Draw    graphicssendtask.o
    0x080066f0   0x080066f0   0x0000002c   Code   RO         3976    i.Referee_Init      referee.o
    0x0800671c   0x0800671c   0x00000002   Code   RO          527    i.SVC_Handler       stm32f4xx_it.o
    0x0800671e   0x0800671e   0x00000002   PAD
    0x08006720   0x08006720   0x0000004c   Code   RO         4631    i.Send_UIPack       graphicssendtask.o
    0x0800676c   0x0800676c   0x00000080   Code   RO         4632    i.Send_toReferee    graphicssendtask.o
    0x080067ec   0x080067ec   0x0000001a   Code   RO         4038    i.Set_AGV_Velocity_Vector_Data_Update  agv_control.o
    0x08006806   0x08006806   0x00000002   PAD
    0x08006808   0x08006808   0x00000368   Code   RO         4633    i.ShootLines_Init   graphicssendtask.o
    0x08006b70   0x08006b70   0x000001dc   Code   RO         4359    i.Speed_Limitation  kinematic.o
    0x08006d4c   0x08006d4c   0x0000000e   Code   RO         4360    i.Square            kinematic.o
    0x08006d5a   0x08006d5a   0x00000002   PAD
    0x08006d5c   0x08006d5c   0x00000038   Code   RO         4759    i.Supercap_Keep_Alive  supercap.o
    0x08006d94   0x08006d94   0x0000001c   Code   RO         4760    i.Supercap_Task     supercap.o
    0x08006db0   0x08006db0   0x00000008   Code   RO          528    i.SysTick_Handler   stm32f4xx_it.o
    0x08006db8   0x08006db8   0x000000bc   Code   RO           14    i.SystemClock_Config  main.o
    0x08006e74   0x08006e74   0x00000014   Code   RO         3877    i.SystemInit        system_stm32f4xx.o
    0x08006e88   0x08006e88   0x00000008   Code   RO         5335    i.TIM1msMod50_Alive_PeriodElapsedCallback  chassis_task.o
    0x08006e90   0x08006e90   0x00000010   Code   RO          529    i.TIM2_IRQHandler   stm32f4xx_it.o
    0x08006ea0   0x08006ea0   0x00000010   Code   RO          530    i.TIM3_IRQHandler   stm32f4xx_it.o
    0x08006eb0   0x08006eb0   0x00000010   Code   RO          531    i.TIM4_IRQHandler   stm32f4xx_it.o
    0x08006ec0   0x08006ec0   0x00000028   Code   RO         5336    i.TIM_Alive_PeriodElapsedCallback_A  chassis_task.o
    0x08006ee8   0x08006ee8   0x000000e8   Code   RO         2614    i.TIM_Base_SetConfig  stm32f4xx_hal_tim.o
    0x08006fd0   0x08006fd0   0x00000044   Code   RO         4937    i.TIM_CAN_PeriodElapsedCallback  drv_can.o
    0x08007014   0x08007014   0x00000022   Code   RO         2615    i.TIM_CCxChannelCmd  stm32f4xx_hal_tim.o
    0x08007036   0x08007036   0x00000016   Code   RO         2625    i.TIM_ETR_SetConfig  stm32f4xx_hal_tim.o
    0x0800704c   0x0800704c   0x00000012   Code   RO         2626    i.TIM_ITRx_SetConfig  stm32f4xx_hal_tim.o
    0x0800705e   0x0800705e   0x00000002   PAD
    0x08007060   0x08007060   0x00000070   Code   RO         2627    i.TIM_OC1_SetConfig  stm32f4xx_hal_tim.o
    0x080070d0   0x080070d0   0x0000007c   Code   RO         2628    i.TIM_OC2_SetConfig  stm32f4xx_hal_tim.o
    0x0800714c   0x0800714c   0x00000078   Code   RO         2629    i.TIM_OC3_SetConfig  stm32f4xx_hal_tim.o
    0x080071c4   0x080071c4   0x00000054   Code   RO         2630    i.TIM_OC4_SetConfig  stm32f4xx_hal_tim.o
    0x08007218   0x08007218   0x00000026   Code   RO         2632    i.TIM_TI1_ConfigInputStage  stm32f4xx_hal_tim.o
    0x0800723e   0x0800723e   0x00000028   Code   RO         2634    i.TIM_TI2_ConfigInputStage  stm32f4xx_hal_tim.o
    0x08007266   0x08007266   0x00000002   PAD
    0x08007268   0x08007268   0x0000002c   Code   RO         5337    i.Task_Init         chassis_task.o
    0x08007294   0x08007294   0x00000028   Code   RO         5338    i.Time_Count_Task   chassis_task.o
    0x080072bc   0x080072bc   0x00000014   Code   RO         3546    i.UART_DMAAbortOnError  stm32f4xx_hal_uart.o
    0x080072d0   0x080072d0   0x0000006c   Code   RO         3556    i.UART_EndRxTransfer  stm32f4xx_hal_uart.o
    0x0800733c   0x0800733c   0x00000020   Code   RO         3557    i.UART_EndTransmit_IT  stm32f4xx_hal_uart.o
    0x0800735c   0x0800735c   0x000000fc   Code   RO         3559    i.UART_Receive_IT   stm32f4xx_hal_uart.o
    0x08007458   0x08007458   0x0000022c   Code   RO         3560    i.UART_SetConfig    stm32f4xx_hal_uart.o
    0x08007684   0x08007684   0x00000040   Code   RO         3562    i.UART_Start_Receive_IT  stm32f4xx_hal_uart.o
    0x080076c4   0x080076c4   0x00000084   Code   RO         4762    i.UART_TX_Supercap_Connection_Check  supercap.o
    0x08007748   0x08007748   0x00000060   Code   RO         3563    i.UART_Transmit_IT  stm32f4xx_hal_uart.o
    0x080077a8   0x080077a8   0x0000008c   Code   RO         3564    i.UART_WaitOnFlagUntilTimeout  stm32f4xx_hal_uart.o
    0x08007834   0x08007834   0x00000010   Code   RO          532    i.USART1_IRQHandler  stm32f4xx_it.o
    0x08007844   0x08007844   0x00000138   Code   RO         3977    i.USART6_IRQHandler  referee.o
    0x0800797c   0x0800797c   0x000000dc   Code   RO         4763    i.UartTX_Super_Capacitor  supercap.o
    0x08007a58   0x08007a58   0x00000004   Code   RO          533    i.UsageFault_Handler  stm32f4xx_it.o
    0x08007a5c   0x08007a5c   0x00000040   Code   RO         3917    i.Verify_CRC16_Check_Sum  algorithmofcrc.o
    0x08007a9c   0x08007a9c   0x0000002e   Code   RO         3918    i.Verify_CRC8_Check_Sum  algorithmofcrc.o
    0x08007aca   0x08007aca   0x00000002   PAD
    0x08007acc   0x08007acc   0x000000a0   Code   RO         4111    i.Yaw_Angle_Process  chassis.o
    0x08007b6c   0x08007b6c   0x00000028   Code   RO         4112    i.Yaw_Init          chassis.o
    0x08007b94   0x08007b94   0x00000030   Code   RO         5813    i.__ARM_fpclassify  m_wm.l(fpclassify.o)
    0x08007bc4   0x08007bc4   0x00000010   Code   RO         1732    i.__NVIC_GetPriorityGrouping  stm32f4xx_hal_cortex.o
    0x08007bd4   0x08007bd4   0x00000028   Code   RO         1733    i.__NVIC_SetPriority  stm32f4xx_hal_cortex.o
    0x08007bfc   0x08007bfc   0x00000006   Code   RO         5081    i.__get_PRIMASK     fifo.o
    0x08007c02   0x08007c02   0x00000006   PAD
    0x08007c08   0x08007c08   0x000002d8   Code   RO         5388    i.__hardfp_atan     m_wm.l(atan.o)
    0x08007ee0   0x08007ee0   0x000001f0   Code   RO         5402    i.__hardfp_atan2    m_wm.l(atan2.o)
    0x080080d0   0x080080d0   0x000000c8   Code   RO         5414    i.__hardfp_cos      m_wm.l(cos.o)
    0x08008198   0x08008198   0x00000c50   Code   RO         5426    i.__hardfp_pow      m_wm.l(pow.o)
    0x08008de8   0x08008de8   0x000000c8   Code   RO         5440    i.__hardfp_sin      m_wm.l(sin.o)
    0x08008eb0   0x08008eb0   0x0000007a   Code   RO         5452    i.__hardfp_sqrt     m_wm.l(sqrt.o)
    0x08008f2a   0x08008f2a   0x00000006   PAD
    0x08008f30   0x08008f30   0x00000438   Code   RO         5818    i.__ieee754_rem_pio2  m_wm.l(rred.o)
    0x08009368   0x08009368   0x00000170   Code   RO         5790    i.__kernel_cos      m_wm.l(cos_i.o)
    0x080094d8   0x080094d8   0x000000f8   Code   RO         5815    i.__kernel_poly     m_wm.l(poly.o)
    0x080095d0   0x080095d0   0x00000130   Code   RO         5823    i.__kernel_sin      m_wm.l(sin_i.o)
    0x08009700   0x08009700   0x00000030   Code   RO         5793    i.__mathlib_dbl_divzero  m_wm.l(dunder.o)
    0x08009730   0x08009730   0x00000014   Code   RO         5794    i.__mathlib_dbl_infnan  m_wm.l(dunder.o)
    0x08009744   0x08009744   0x00000014   Code   RO         5795    i.__mathlib_dbl_infnan2  m_wm.l(dunder.o)
    0x08009758   0x08009758   0x00000020   Code   RO         5796    i.__mathlib_dbl_invalid  m_wm.l(dunder.o)
    0x08009778   0x08009778   0x00000020   Code   RO         5797    i.__mathlib_dbl_overflow  m_wm.l(dunder.o)
    0x08009798   0x08009798   0x00000020   Code   RO         5799    i.__mathlib_dbl_underflow  m_wm.l(dunder.o)
    0x080097b8   0x080097b8   0x0000000e   Code   RO         5880    i.__scatterload_copy  mc_w.l(handlers.o)
    0x080097c6   0x080097c6   0x00000002   Code   RO         5881    i.__scatterload_null  mc_w.l(handlers.o)
    0x080097c8   0x080097c8   0x0000000e   Code   RO         5882    i.__scatterload_zeroinit  mc_w.l(handlers.o)
    0x080097d6   0x080097d6   0x00000006   Code   RO         5082    i.__set_PRIMASK     fifo.o
    0x080097dc   0x080097dc   0x0000000c   Code   RO         5858    i.__set_errno       mc_w.l(errno.o)
    0x080097e8   0x080097e8   0x00000010   Code   RO         5390    i.atan              m_wm.l(atan.o)
    0x080097f8   0x080097f8   0x00000012   Code   RO         5298    i.buzzerBsp_checkTickTolerance  buzzer_bsp.o
    0x0800980a   0x0800980a   0x00000014   Code   RO         5299    i.buzzerBsp_setSwitch  buzzer_bsp.o
    0x0800981e   0x0800981e   0x00000014   Code   RO         5300    i.buzzerBsp_setTimer  buzzer_bsp.o
    0x08009832   0x08009832   0x00000014   Code   RO         4826    i.buzzer_getTick    buzzer.o
    0x08009846   0x08009846   0x00000002   PAD
    0x08009848   0x08009848   0x00000034   Code   RO         4827    i.buzzer_handleInit  buzzer.o
    0x0800987c   0x0800987c   0x000000c0   Code   RO         4828    i.buzzer_init_example  buzzer.o
    0x0800993c   0x0800993c   0x00000070   Code   RO         4829    i.buzzer_playCalibrated  buzzer.o
    0x080099ac   0x080099ac   0x00000070   Code   RO         4830    i.buzzer_playCalibrating  buzzer.o
    0x08009a1c   0x08009a1c   0x00000070   Code   RO         4831    i.buzzer_playDeviceOffline  buzzer.o
    0x08009a8c   0x08009a8c   0x00000088   Code   RO         4832    i.buzzer_playDjiStartUp  buzzer.o
    0x08009b14   0x08009b14   0x00000098   Code   RO         4833    i.buzzer_playTone   buzzer.o
    0x08009bac   0x08009bac   0x00000020   Code   RO         4834    i.buzzer_setState   buzzer.o
    0x08009bcc   0x08009bcc   0x00000012   Code   RO         4835    i.buzzer_setTask    buzzer.o
    0x08009bde   0x08009bde   0x0000008c   Code   RO         4836    i.buzzer_taskScheduler  buzzer.o
    0x08009c6a   0x08009c6a   0x00000010   Code   RO         5301    i.buzzzerBsp_getTick  buzzer_bsp.o
    0x08009c7a   0x08009c7a   0x00000002   PAD
    0x08009c7c   0x08009c7c   0x0000013c   Code   RO         4039    i.calculate_true_power  agv_control.o
    0x08009db8   0x08009db8   0x0000006e   Code   RO         4938    i.can_filter_mask_config  drv_can.o
    0x08009e26   0x08009e26   0x00000002   PAD
    0x08009e28   0x08009e28   0x000000a4   Code   RO         4113    i.chassis_fllow     chassis.o
    0x08009ecc   0x08009ecc   0x000000f0   Code   RO         5004    i.f_Changing_Integral_Rate  pid.o
    0x08009fbc   0x08009fbc   0x00000030   Code   RO         5005    i.f_Derivative_Filter  pid.o
    0x08009fec   0x08009fec   0x00000022   Code   RO         5006    i.f_Derivative_On_Measurement  pid.o
    0x0800a00e   0x0800a00e   0x00000002   PAD
    0x0800a010   0x0800a010   0x000000cc   Code   RO         5007    i.f_Integral_Limit  pid.o
    0x0800a0dc   0x0800a0dc   0x00000030   Code   RO         5008    i.f_Output_Filter   pid.o
    0x0800a10c   0x0800a10c   0x00000046   Code   RO         5009    i.f_Output_Limit    pid.o
    0x0800a152   0x0800a152   0x00000002   PAD
    0x0800a154   0x0800a154   0x000000c0   Code   RO         5010    i.f_PID_ErrorHandle  pid.o
    0x0800a214   0x0800a214   0x00000074   Code   RO         5011    i.f_PID_param_init  pid.o
    0x0800a288   0x0800a288   0x00000034   Code   RO         5012    i.f_PID_reset       pid.o
    0x0800a2bc   0x0800a2bc   0x00000046   Code   RO         5013    i.f_Proportion_Limit  pid.o
    0x0800a302   0x0800a302   0x0000002a   Code   RO         5014    i.f_Trapezoid_Intergral  pid.o
    0x0800a32c   0x0800a32c   0x00000018   Code   RO         5809    i.fabs              m_wm.l(fabs.o)
    0x0800a344   0x0800a344   0x0000003a   Code   RO         5100    i.fifo_s_get        fifo.o
    0x0800a37e   0x0800a37e   0x00000016   Code   RO         5103    i.fifo_s_init       fifo.o
    0x0800a394   0x0800a394   0x000000a0   Code   RO         5109    i.fifo_s_puts       fifo.o
    0x0800a434   0x0800a434   0x00000006   Code   RO         5111    i.fifo_s_used       fifo.o
    0x0800a43a   0x0800a43a   0x00000002   PAD
    0x0800a43c   0x0800a43c   0x00000060   Code   RO           15    i.main              main.o
    0x0800a49c   0x0800a49c   0x0000000c   Code   RO         4837    i.platform_getMsTick  buzzer.o
    0x0800a4a8   0x0800a4a8   0x00000060   Code   RO         4838    i.platform_setFreq  buzzer.o
    0x0800a508   0x0800a508   0x00000038   Code   RO         4839    i.platform_setSwitch  buzzer.o
    0x0800a540   0x0800a540   0x0000014c   Code   RO         3978    i.referee_unpack_fifo_data  referee.o
    0x0800a68c   0x0800a68c   0x0000006e   Code   RO         5454    i.sqrt              m_wm.l(sqrt.o)
    0x0800a6fa   0x0800a6fa   0x00000008   Data   RO         1448    .constdata          stm32f4xx_hal_dma.o
    0x0800a702   0x0800a702   0x00000018   Data   RO         3878    .constdata          system_stm32f4xx.o
    0x0800a71a   0x0800a71a   0x00000302   Data   RO         3919    .constdata          algorithmofcrc.o
    0x0800aa1c   0x0800aa1c   0x00000004   PAD
    0x0800aa20   0x0800aa20   0x00000098   Data   RO         5391    .constdata          m_wm.l(atan.o)
    0x0800aab8   0x0800aab8   0x00000088   Data   RO         5429    .constdata          m_wm.l(pow.o)
    0x0800ab40   0x0800ab40   0x00000030   Data   RO         5791    .constdata          m_wm.l(cos_i.o)
    0x0800ab70   0x0800ab70   0x00000008   Data   RO         5817    .constdata          m_wm.l(qnan.o)
    0x0800ab78   0x0800ab78   0x000000c8   Data   RO         5820    .constdata          m_wm.l(rred.o)
    0x0800ac40   0x0800ac40   0x00000028   Data   RO         5824    .constdata          m_wm.l(sin_i.o)
    0x0800ac68   0x0800ac68   0x00000020   Data   RO         5878    Region$$Table       anon$$obj.o


    Execution Region RW_IRAM1 (Exec base: 0x20000000, Load base: 0x0800ac88, Size: 0x000017e0, Max: 0x0001c000, ABSOLUTE, COMPRESSED[0x000000a0])

    Exec Addr    Load Addr    Size         Type   Attr      Idx    E Section Name        Object

    0x20000000   COMPRESSED   0x00000004   Data   RW          287    .data               can.o
    0x20000004   COMPRESSED   0x00000009   Data   RW         1886    .data               stm32f4xx_hal.o
    0x2000000d   COMPRESSED   0x00000003   PAD
    0x20000010   COMPRESSED   0x00000004   Data   RW         3879    .data               system_stm32f4xx.o
    0x20000014   COMPRESSED   0x00000002   Data   RW         3920    .data               algorithmofcrc.o
    0x20000016   COMPRESSED   0x00000008   Data   RW         3980    .data               referee.o
    0x2000001e   COMPRESSED   0x00000002   PAD
    0x20000020   COMPRESSED   0x00000004   Data   RW         4041    .data               agv_control.o
    0x20000024   COMPRESSED   0x00000050   Data   RW         4115    .data               chassis.o
    0x20000074   COMPRESSED   0x0000000c   Data   RW         4361    .data               kinematic.o
    0x20000080   COMPRESSED   0x000000d0   Data   RW         4635    .data               graphicssendtask.o
    0x20000150   COMPRESSED   0x000000e4   Data   RW         4940    .data               drv_can.o
    0x20000234   COMPRESSED   0x00000008   Data   RW         5339    .data               chassis_task.o
    0x2000023c   COMPRESSED   0x00000004   Data   RW         5859    .data               mc_w.l(errno.o)
    0x20000240        -       0x00000050   Zero   RW          286    .bss                can.o
    0x20000290        -       0x00000020   Zero   RW          358    .bss                rtc.o
    0x200002b0        -       0x00000120   Zero   RW          404    .bss                tim.o
    0x200003d0        -       0x00000210   Zero   RW          467    .bss                usart.o
    0x200005e0        -       0x000008dc   Zero   RW         3979    .bss                referee.o
    0x20000ebc        -       0x000000af   Zero   RW         4040    .bss                agv_control.o
    0x20000f6b   COMPRESSED   0x00000001   PAD
    0x20000f6c        -       0x0000025e   Zero   RW         4114    .bss                chassis.o
    0x200011ca   COMPRESSED   0x00000002   PAD
    0x200011cc        -       0x00000020   Zero   RW         4202    .bss                gimbal_connection.o
    0x200011ec        -       0x00000168   Zero   RW         4634    .bss                graphicssendtask.o
    0x20001354        -       0x0000000b   Zero   RW         4764    .bss                supercap.o
    0x2000135f   COMPRESSED   0x00000001   PAD
    0x20001360        -       0x00000024   Zero   RW         4840    .bss                buzzer.o
    0x20001384        -       0x00000058   Zero   RW         4939    .bss                drv_can.o
    0x200013dc   COMPRESSED   0x00000004   PAD
    0x200013e0        -       0x00000400   Zero   RW            1    STACK               startup_stm32f407xx.o


    Execution Region RW_IRAM2 (Exec base: 0x2001c000, Load base: 0x0800ad28, Size: 0x00000000, Max: 0x00004000, ABSOLUTE)

    **** No section assigned to this execution region ****


==============================================================================

Image component sizes


      Code (inc. data)   RO Data    RW Data    ZI Data      Debug   Object Name

      1270         62          0          4        175       8344   agv_control.o
       282         20        770          2          0       5130   algorithmofcrc.o
      1242         66          0          0         36      11936   buzzer.o
        74          0          0          0          0       4107   buzzer_bsp.o
       560         44          0          4         80       2498   can.o
       236         36          0          0          0       1720   can_connection.o
      1280        132          0         80        606       9295   chassis.o
       404         40          0          8          0       3927   chassis_task.o
       104          4          0          0          0        794   dma.o
       674         66          0        228         88       8783   drv_can.o
       258          0          0          0          0      10235   fifo.o
       142         14          0          0         32       6383   gimbal_connection.o
       160          4          0          0          0        935   gpio.o
      4344        510          0        208        360      20507   graphicssendtask.o
      3708        130          0         12          0       8673   kinematic.o
       290         24          0          0          0     718240   main.o
       422         36          0          0          0       5263   motor.o
      1588         46          0          0          0       8767   pid.o
      1144        100          0          8       2268       7425   referee.o
       112         18          0          0         32       1551   rtc.o
        36          8        392          0       1024        840   startup_stm32f407xx.o
       172         32          0          9          0       8781   stm32f4xx_hal.o
      2146          6          0          0          0      13851   stm32f4xx_hal_can.o
       312         22          0          0          0      34367   stm32f4xx_hal_cortex.o
      1246         16          8          0          0       5395   stm32f4xx_hal_dma.o
       500         46          0          0          0       1460   stm32f4xx_hal_gpio.o
        72          4          0          0          0        862   stm32f4xx_hal_msp.o
      1820         84          0          0          0       5648   stm32f4xx_hal_rcc.o
       416         20          0          0          0       1416   stm32f4xx_hal_rcc_ex.o
       356          8          0          0          0       3307   stm32f4xx_hal_rtc.o
      2534        150          0          0          0      17395   stm32f4xx_hal_tim.o
       184         30          0          0          0       2541   stm32f4xx_hal_tim_ex.o
      2370         14          0          0          0      12576   stm32f4xx_hal_uart.o
       258         84          0          0          0      11282   stm32f4xx_it.o
       628         44          0          0         11       4058   supercap.o
        20          6         24          4          0       1139   system_stm32f4xx.o
       804         64          0          0        288       4507   tim.o
       744         64          0          0        528       2835   usart.o

    ----------------------------------------------------------------------
     32962       2054       1230        572       5536     976773   Object Totals
         0          0         32          0          0          0   (incl. Generated)
        50          0          4          5          8          0   (incl. Padding)

    ----------------------------------------------------------------------

      Code (inc. data)   RO Data    RW Data    ZI Data      Debug   Library Member Name

       744        106        152          0          0        352   atan.o
       496         64          0          0          0        192   atan2.o
       200         20          0          0          0        164   cos.o
       368         46         48          0          0        200   cos_i.o
       184         44          0          0          0        744   dunder.o
        24          0          0          0          0        124   fabs.o
        48          0          0          0          0        124   fpclassify.o
       248          0          0          0          0        152   poly.o
      3152        296        136          0          0        352   pow.o
         0          0          8          0          0          0   qnan.o
      1080        142        200          0          0        188   rred.o
       200         20          0          0          0        164   sin.o
       304         24         40          0          0        208   sin_i.o
       232          0          0          0          0        296   sqrt.o
        86          0          0          0          0          0   __dczerorl2.o
         0          0          0          0          0          0   entry.o
         0          0          0          0          0          0   entry10a.o
         0          0          0          0          0          0   entry11a.o
         8          4          0          0          0          0   entry2.o
         4          0          0          0          0          0   entry5.o
         0          0          0          0          0          0   entry7b.o
         0          0          0          0          0          0   entry8b.o
         8          4          0          0          0          0   entry9a.o
        12          6          0          4          0         68   errno.o
        30          0          0          0          0          0   handlers.o
        36          8          0          0          0         68   init.o
         0          0          0          0          0          0   iusefp.o
        30          0          0          0          0         68   llshl.o
        36          0          0          0          0         68   llsshr.o
        32          0          0          0          0         68   llushr.o
        36          0          0          0          0         68   memcpya.o
        36          0          0          0          0        108   memseta.o
        98          0          0          0          0         92   uldiv.o
        48          0          0          0          0         68   cdcmple.o
        48          0          0          0          0         68   cdrcmple.o
        56          0          0          0          0         88   d2f.o
       334          0          0          0          0        148   dadd.o
       222          0          0          0          0        100   ddiv.o
       186          0          0          0          0        176   depilogue.o
        62          0          0          0          0         80   dfixi.o
        50          0          0          0          0         76   dfixui.o
        34          0          0          0          0         76   dflti.o
        26          0          0          0          0         76   dfltui.o
       228          0          0          0          0         96   dmul.o
        46          0          0          0          0         80   dscalb.o
       162          0          0          0          0        100   dsqrt.o
        38          0          0          0          0         68   f2d.o
       110          0          0          0          0        168   fepilogue.o

    ----------------------------------------------------------------------
      9392        784        584          4          0       5336   Library Totals
        10          0          0          0          0          0   (incl. Padding)

    ----------------------------------------------------------------------

      Code (inc. data)   RO Data    RW Data    ZI Data      Debug   Library Name

      7280        762        584          0          0       3260   m_wm.l
       452         22          0          4          0        608   mc_w.l
      1650          0          0          0          0       1468   mf_w.l

    ----------------------------------------------------------------------
      9392        784        584          4          0       5336   Library Totals

    ----------------------------------------------------------------------

==============================================================================


      Code (inc. data)   RO Data    RW Data    ZI Data      Debug   

     42354       2838       1814        576       5536     956753   Grand Totals
     42354       2838       1814        160       5536     956753   ELF Image Totals (compressed)
     42354       2838       1814        160          0          0   ROM Totals

==============================================================================

    Total RO  Size (Code + RO Data)                44168 (  43.13kB)
    Total RW  Size (RW Data + ZI Data)              6112 (   5.97kB)
    Total ROM Size (Code + RO Data + RW Data)      44328 (  43.29kB)

==============================================================================

