Component: ARM Compiler 5.06 update 4 (build 422) Tool: armlink [4d35d2]

==============================================================================

Section Cross References

    startup_stm32f407xx.o(STACK) refers (Special) to heapauxi.o(.text) for __use_two_region_memory
    startup_stm32f407xx.o(HEAP) refers (Special) to heapauxi.o(.text) for __use_two_region_memory
    startup_stm32f407xx.o(RESET) refers (Special) to heapauxi.o(.text) for __use_two_region_memory
    startup_stm32f407xx.o(RESET) refers to startup_stm32f407xx.o(STACK) for __initial_sp
    startup_stm32f407xx.o(RESET) refers to startup_stm32f407xx.o(.text) for Reset_Handler
    startup_stm32f407xx.o(RESET) refers to stm32f4xx_it.o(i.NMI_Handler) for NMI_Handler
    startup_stm32f407xx.o(RESET) refers to stm32f4xx_it.o(i.HardFault_Handler) for HardFault_Handler
    startup_stm32f407xx.o(RESET) refers to stm32f4xx_it.o(i.MemManage_Handler) for MemManage_Handler
    startup_stm32f407xx.o(RESET) refers to stm32f4xx_it.o(i.BusFault_Handler) for BusFault_Handler
    startup_stm32f407xx.o(RESET) refers to stm32f4xx_it.o(i.UsageFault_Handler) for UsageFault_Handler
    startup_stm32f407xx.o(RESET) refers to stm32f4xx_it.o(i.SVC_Handler) for SVC_Handler
    startup_stm32f407xx.o(RESET) refers to stm32f4xx_it.o(i.DebugMon_Handler) for DebugMon_Handler
    startup_stm32f407xx.o(RESET) refers to stm32f4xx_it.o(i.PendSV_Handler) for PendSV_Handler
    startup_stm32f407xx.o(RESET) refers to stm32f4xx_it.o(i.SysTick_Handler) for SysTick_Handler
    startup_stm32f407xx.o(RESET) refers to stm32f4xx_it.o(i.CAN1_TX_IRQHandler) for CAN1_TX_IRQHandler
    startup_stm32f407xx.o(RESET) refers to stm32f4xx_it.o(i.CAN1_RX0_IRQHandler) for CAN1_RX0_IRQHandler
    startup_stm32f407xx.o(RESET) refers to stm32f4xx_it.o(i.CAN1_RX1_IRQHandler) for CAN1_RX1_IRQHandler
    startup_stm32f407xx.o(RESET) refers to stm32f4xx_it.o(i.TIM3_IRQHandler) for TIM3_IRQHandler
    startup_stm32f407xx.o(RESET) refers to stm32f4xx_it.o(i.DMA2_Stream1_IRQHandler) for DMA2_Stream1_IRQHandler
    startup_stm32f407xx.o(RESET) refers to stm32f4xx_it.o(i.CAN2_TX_IRQHandler) for CAN2_TX_IRQHandler
    startup_stm32f407xx.o(RESET) refers to stm32f4xx_it.o(i.CAN2_RX0_IRQHandler) for CAN2_RX0_IRQHandler
    startup_stm32f407xx.o(RESET) refers to stm32f4xx_it.o(i.CAN2_RX1_IRQHandler) for CAN2_RX1_IRQHandler
    startup_stm32f407xx.o(RESET) refers to stm32f4xx_it.o(i.DMA2_Stream6_IRQHandler) for DMA2_Stream6_IRQHandler
    startup_stm32f407xx.o(RESET) refers to referee.o(i.USART6_IRQHandler) for USART6_IRQHandler
    startup_stm32f407xx.o(.text) refers (Special) to heapauxi.o(.text) for __use_two_region_memory
    startup_stm32f407xx.o(.text) refers to system_stm32f4xx.o(i.SystemInit) for SystemInit
    startup_stm32f407xx.o(.text) refers to __main.o(!!!main) for __main
    startup_stm32f407xx.o(.text) refers to startup_stm32f407xx.o(HEAP) for Heap_Mem
    startup_stm32f407xx.o(.text) refers to startup_stm32f407xx.o(STACK) for Stack_Mem
    main.o(i.SystemClock_Config) refers to rt_memclr_w.o(.text) for __aeabi_memclr4
    main.o(i.SystemClock_Config) refers to stm32f4xx_hal_rcc.o(i.HAL_RCC_OscConfig) for HAL_RCC_OscConfig
    main.o(i.SystemClock_Config) refers to main.o(i.Error_Handler) for Error_Handler
    main.o(i.SystemClock_Config) refers to stm32f4xx_hal_rcc.o(i.HAL_RCC_ClockConfig) for HAL_RCC_ClockConfig
    main.o(i.main) refers to stm32f4xx_hal.o(i.HAL_Init) for HAL_Init
    main.o(i.main) refers to main.o(i.SystemClock_Config) for SystemClock_Config
    main.o(i.main) refers to gpio.o(i.MX_GPIO_Init) for MX_GPIO_Init
    main.o(i.main) refers to dma.o(i.MX_DMA_Init) for MX_DMA_Init
    main.o(i.main) refers to can.o(i.MX_CAN1_Init) for MX_CAN1_Init
    main.o(i.main) refers to can.o(i.MX_CAN2_Init) for MX_CAN2_Init
    main.o(i.main) refers to rtc.o(i.MX_RTC_Init) for MX_RTC_Init
    main.o(i.main) refers to tim.o(i.MX_TIM3_Init) for MX_TIM3_Init
    main.o(i.main) refers to tim.o(i.MX_TIM9_Init) for MX_TIM9_Init
    main.o(i.main) refers to usart.o(i.MX_USART6_UART_Init) for MX_USART6_UART_Init
    main.o(i.main) refers to chassis_task.o(i.Task_Init) for Task_Init
    main.o(i.main) refers to stm32f4xx_hal_tim.o(i.HAL_TIM_Base_Start_IT) for HAL_TIM_Base_Start_IT
    main.o(i.main) refers to tim.o(.bss) for htim3
    can.o(i.HAL_CAN_MspDeInit) refers to stm32f4xx_hal_gpio.o(i.HAL_GPIO_DeInit) for HAL_GPIO_DeInit
    can.o(i.HAL_CAN_MspDeInit) refers to stm32f4xx_hal_cortex.o(i.HAL_NVIC_DisableIRQ) for HAL_NVIC_DisableIRQ
    can.o(i.HAL_CAN_MspDeInit) refers to can.o(.data) for HAL_RCC_CAN1_CLK_ENABLED
    can.o(i.HAL_CAN_MspInit) refers to rt_memclr_w.o(.text) for __aeabi_memclr4
    can.o(i.HAL_CAN_MspInit) refers to stm32f4xx_hal_gpio.o(i.HAL_GPIO_Init) for HAL_GPIO_Init
    can.o(i.HAL_CAN_MspInit) refers to stm32f4xx_hal_cortex.o(i.HAL_NVIC_SetPriority) for HAL_NVIC_SetPriority
[...]
    f_Derivative_On_Measurement              0x080061ad   Thumb Code    34  pid.o(i.f_Derivative_On_Measurement)
    i.f_Integral_Limit                       0x080061d0   Section        0  pid.o(i.f_Integral_Limit)
    f_Integral_Limit                         0x080061d1   Thumb Code   200  pid.o(i.f_Integral_Limit)
    i.f_Output_Filter                        0x0800629c   Section        0  pid.o(i.f_Output_Filter)
    f_Output_Filter                          0x0800629d   Thumb Code    48  pid.o(i.f_Output_Filter)
    i.f_Output_Limit                         0x080062cc   Section        0  pid.o(i.f_Output_Limit)
    f_Output_Limit                           0x080062cd   Thumb Code    70  pid.o(i.f_Output_Limit)
    i.f_PID_ErrorHandle                      0x08006314   Section        0  pid.o(i.f_PID_ErrorHandle)
    f_PID_ErrorHandle                        0x08006315   Thumb Code   182  pid.o(i.f_PID_ErrorHandle)
    i.f_PID_param_init                       0x080063d4   Section        0  pid.o(i.f_PID_param_init)
    f_PID_param_init                         0x080063d5   Thumb Code   110  pid.o(i.f_PID_param_init)
    i.f_PID_reset                            0x08006448   Section        0  pid.o(i.f_PID_reset)
    f_PID_reset                              0x08006449   Thumb Code    46  pid.o(i.f_PID_reset)
    i.f_Proportion_Limit                     0x0800647c   Section        0  pid.o(i.f_Proportion_Limit)
    f_Proportion_Limit                       0x0800647d   Thumb Code    70  pid.o(i.f_Proportion_Limit)
    i.f_Trapezoid_Intergral                  0x080064c2   Section        0  pid.o(i.f_Trapezoid_Intergral)
    f_Trapezoid_Intergral                    0x080064c3   Thumb Code    42  pid.o(i.f_Trapezoid_Intergral)
    i.fabs                                   0x080064ec   Section        0  fabs.o(i.fabs)
    i.main                                   0x08006504   Section        0  main.o(i.main)
    x$fpl$basic                              0x08006540   Section       24  basic.o(x$fpl$basic)
    $v0                                      0x08006540   Number         0  basic.o(x$fpl$basic)
    x$fpl$d2f                                0x08006558   Section       98  d2f.o(x$fpl$d2f)
    $v0                                      0x08006558   Number         0  d2f.o(x$fpl$d2f)
    x$fpl$dadd                               0x080065bc   Section      336  daddsub_clz.o(x$fpl$dadd)
    $v0                                      0x080065bc   Number         0  daddsub_clz.o(x$fpl$dadd)
    _dadd1                                   0x080065cd   Thumb Code     0  daddsub_clz.o(x$fpl$dadd)
    x$fpl$ddiv                               0x0800670c   Section      688  ddiv.o(x$fpl$ddiv)
    $v0                                      0x0800670c   Number         0  ddiv.o(x$fpl$ddiv)
    ddiv_entry                               0x08006713   Thumb Code     0  ddiv.o(x$fpl$ddiv)
    x$fpl$dfix                               0x080069bc   Section       94  dfix.o(x$fpl$dfix)
    $v0                                      0x080069bc   Number         0  dfix.o(x$fpl$dfix)
    x$fpl$dflt                               0x08006a1a   Section       46  dflt_clz.o(x$fpl$dflt)
    $v0                                      0x08006a1a   Number         0  dflt_clz.o(x$fpl$dflt)
    x$fpl$dfltu                              0x08006a48   Section       38  dflt_clz.o(x$fpl$dfltu)
    $v0                                      0x08006a48   Number         0  dflt_clz.o(x$fpl$dfltu)
    x$fpl$dmul                               0x08006a70   Section      340  dmul.o(x$fpl$dmul)
    $v0                                      0x08006a70   Number         0  dmul.o(x$fpl$dmul)
    x$fpl$dnaninf                            0x08006bc4   Section      156  dnaninf.o(x$fpl$dnaninf)
    $v0                                      0x08006bc4   Number         0  dnaninf.o(x$fpl$dnaninf)
    x$fpl$dretinf                            0x08006c60   Section       12  dretinf.o(x$fpl$dretinf)
    $v0                                      0x08006c60   Number         0  dretinf.o(x$fpl$dretinf)
    x$fpl$drsb                               0x08006c6c   Section       22  daddsub_clz.o(x$fpl$drsb)
    $v0                                      0x08006c6c   Number         0  daddsub_clz.o(x$fpl$drsb)
    x$fpl$dsqrt                              0x08006c84   Section      408  dsqrt_umaal.o(x$fpl$dsqrt)
    $v0                                      0x08006c84   Number         0  dsqrt_umaal.o(x$fpl$dsqrt)
    x$fpl$dsub                               0x08006e1c   Section      468  daddsub_clz.o(x$fpl$dsub)
    $v0                                      0x08006e1c   Number         0  daddsub_clz.o(x$fpl$dsub)
    _dsub1                                   0x08006e2d   Thumb Code     0  daddsub_clz.o(x$fpl$dsub)
    x$fpl$f2d                                0x08006ff0   Section       86  f2d.o(x$fpl$f2d)
    $v0                                      0x08006ff0   Number         0  f2d.o(x$fpl$f2d)
    x$fpl$fnaninf                            0x08007046   Section      140  fnaninf.o(x$fpl$fnaninf)
    $v0                                      0x08007046   Number         0  fnaninf.o(x$fpl$fnaninf)
    x$fpl$fpinit                             0x080070d2   Section       10  fpinit.o(x$fpl$fpinit)
    $v0                                      0x080070d2   Number         0  fpinit.o(x$fpl$fpinit)
    x$fpl$fretinf                            0x080070dc   Section       10  fretinf.o(x$fpl$fretinf)
    $v0                                      0x080070dc   Number         0  fretinf.o(x$fpl$fretinf)
    .constdata                               0x080070e6   Section        8  stm32f4xx_hal_dma.o(.constdata)
    x$fpl$usenofp                            0x080070e6   Section        0  usenofp.o(x$fpl$usenofp)
    flagBitshiftOffset                       0x080070e6   Data           8  stm32f4xx_hal_dma.o(.constdata)
    .constdata                               0x080070ee   Section       24  system_stm32f4xx.o(.constdata)
    .constdata                               0x08007106   Section      770  algorithmofcrc.o(.constdata)
    .constdata                               0x08007408   Section      152  atan.o(.constdata)
    atanhi                                   0x08007408   Data          32  atan.o(.constdata)
    atanlo                                   0x08007428   Data          32  atan.o(.constdata)
    aTodd                                    0x08007448   Data          40  atan.o(.constdata)
    aTeven                                   0x08007470   Data          48  atan.o(.constdata)
    .constdata                               0x080074a0   Section       48  cos_i.o(.constdata)
    C                                        0x080074a0   Data          48  cos_i.o(.constdata)
    .constdata                               0x080074d0   Section        8  qnan.o(.constdata)
    .constdata                               0x080074d8   Section      200  rred.o(.constdata)
    pio2s                                    0x080074d8   Data          48  rred.o(.constdata)
    twooverpi                                0x08007508   Data         152  rred.o(.constdata)
    .constdata                               0x080075a0   Section       40  sin_i.o(.constdata)
    S                                        0x080075a0   Data          40  sin_i.o(.constdata)
    .data                                    0x20000000   Section        4  can.o(.data)
    HAL_RCC_CAN1_CLK_ENABLED                 0x20000000   Data           4  can.o(.data)
    .data                                    0x20000004   Section        9  stm32f4xx_hal.o(.data)
    .data                                    0x20000010   Section        4  system_stm32f4xx.o(.data)
    .data                                    0x20000014   Section        2  algorithmofcrc.o(.data)
    .data                                    0x20000016   Section        2  referee.o(.data)
    this_time_rx_len                         0x20000016   Data           2  referee.o(.data)
    .data                                    0x20000018   Section       40  chassis.o(.data)
    .data                                    0x20000040   Section       12  kinematic.o(.data)
    .data                                    0x2000004c   Section      220  drv_can.o(.data)
    mod10                                    0x20000124   Data           4  drv_can.o(.data)
    .data                                    0x20000128   Section        8  chassis_task.o(.data)
    .bss                                     0x20000130   Section       80  can.o(.bss)
    .bss                                     0x20000180   Section       32  rtc.o(.bss)
    .bss                                     0x200001a0   Section      144  tim.o(.bss)
    .bss                                     0x20000230   Section      264  usart.o(.bss)
    .bss                                     0x20000338   Section     1209  referee.o(.bss)
    .bss                                     0x200007f4   Section      538  chassis.o(.bss)
    .bss                                     0x20000a10   Section       48  agv_control.o(.bss)
    .bss                                     0x20000a40   Section       36  gimbal_connection.o(.bss)
    .bss                                     0x20000a64   Section       88  drv_can.o(.bss)
    .bss                                     0x20000abc   Section       96  libspace.o(.bss)
    HEAP                                     0x20000b20   Section      512  startup_stm32f407xx.o(HEAP)
    Heap_Mem                                 0x20000b20   Data         512  startup_stm32f407xx.o(HEAP)
    STACK                                    0x20000d20   Section     1024  startup_stm32f407xx.o(STACK)
    Stack_Mem                                0x20000d20   Data        1024  startup_stm32f407xx.o(STACK)
    __initial_sp                             0x20001120   Data           0  startup_stm32f407xx.o(STACK)

    Global Symbols

    Symbol Name                              Value     Ov Type        Size  Object(Section)

    BuildAttributes$$THM_ISAv4$E$P$D$K$B$S$7EM$VFPi3$EXTD16$VFPS$VFMA$PE$A:L22UL41UL21$X:L11$S22US41US21$IEEE1$IW$USESV6$~STKCKD$USESV7$~SHL$OTIME$ROPI$IEEEX$EBA8$UX$STANDARDLIB$REQ8$PRES8$EABIv2 0x00000000   Number         0  anon$$obj.o ABSOLUTE
    __ARM_use_no_argv                        0x00000000   Number         0  main.o ABSOLUTE
    __ARM_exceptions_init                     - Undefined Weak Reference
    __alloca_initialize                       - Undefined Weak Reference
    __arm_preinit_                            - Undefined Weak Reference
    __cpp_initialize__aeabi_                  - Undefined Weak Reference
    __cxa_finalize                            - Undefined Weak Reference
    __rt_locale                               - Undefined Weak Reference
    __sigvec_lookup                           - Undefined Weak Reference
    _atexit_init                              - Undefined Weak Reference
    _call_atexit_fns                          - Undefined Weak Reference
    _clock_init                               - Undefined Weak Reference
    _fp_trap_init                             - Undefined Weak Reference
    _fp_trap_shutdown                         - Undefined Weak Reference
    _get_lc_collate                           - Undefined Weak Reference
    _get_lc_ctype                             - Undefined Weak Reference
    _get_lc_monetary                          - Undefined Weak Reference
    _get_lc_numeric                           - Undefined Weak Reference
    _get_lc_time                              - Undefined Weak Reference
    _getenv_init                              - Undefined Weak Reference
    _handle_redirection                       - Undefined Weak Reference
    _init_alloc                               - Undefined Weak Reference
    _init_user_alloc                          - Undefined Weak Reference
    _initio                                   - Undefined Weak Reference
    _rand_init                                - Undefined Weak Reference
    _signal_finish                            - Undefined Weak Reference
    _signal_init                              - Undefined Weak Reference
    _terminate_alloc                          - Undefined Weak Reference
    _terminate_user_alloc                     - Undefined Weak Reference
    _terminateio                              - Undefined Weak Reference
    __Vectors_Size                           0x00000188   Number         0  startup_stm32f407xx.o ABSOLUTE
    __Vectors                                0x08000000   Data           4  startup_stm32f407xx.o(RESET)
    __Vectors_End                            0x08000188   Data           0  startup_stm32f407xx.o(RESET)
    __main                                   0x08000189   Thumb Code     8  __main.o(!!!main)
    __scatterload                            0x08000191   Thumb Code     0  __scatter.o(!!!scatter)
    __scatterload_rt2                        0x08000191   Thumb Code    44  __scatter.o(!!!scatter)
    __scatterload_rt2_thumb_only             0x08000191   Thumb Code     0  __scatter.o(!!!scatter)
    __scatterload_null                       0x0800019f   Thumb Code     0  __scatter.o(!!!scatter)
    __decompress                             0x080001c5   Thumb Code    58  __dczerorl.o(!!dczerorl)
    __decompress0                            0x080001c5   Thumb Code     0  __dczerorl.o(!!dczerorl)
    __scatterload_zeroinit                   0x08000201   Thumb Code    28  __scatter_zi.o(!!handler_zi)
    __rt_lib_init                            0x0800021d   Thumb Code     0  libinit.o(.ARM.Collect$$libinit$$00000000)
    __rt_lib_init_fp_1                       0x0800021f   Thumb Code     0  libinit2.o(.ARM.Collect$$libinit$$00000001)
    __rt_lib_init_alloca_1                   0x08000223   Thumb Code     0  libinit2.o(.ARM.Collect$$libinit$$0000002E)
    __rt_lib_init_argv_1                     0x08000223   Thumb Code     0  libinit2.o(.ARM.Collect$$libinit$$0000002C)
    __rt_lib_init_atexit_1                   0x08000223   Thumb Code     0  libinit2.o(.ARM.Collect$$libinit$$0000001B)
    __rt_lib_init_clock_1                    0x08000223   Thumb Code     0  libinit2.o(.ARM.Collect$$libinit$$00000021)
    __rt_lib_init_cpp_1                      0x08000223   Thumb Code     0  libinit2.o(.ARM.Collect$$libinit$$00000032)
    __rt_lib_init_exceptions_1               0x08000223   Thumb Code     0  libinit2.o(.ARM.Collect$$libinit$$00000030)
    __rt_lib_init_fp_trap_1                  0x08000223   Thumb Code     0  libinit2.o(.ARM.Collect$$libinit$$0000001F)
    __rt_lib_init_getenv_1                   0x08000223   Thumb Code     0  libinit2.o(.ARM.Collect$$libinit$$00000023)
    __rt_lib_init_heap_1                     0x08000223   Thumb Code     0  libinit2.o(.ARM.Collect$$libinit$$0000000A)
    __rt_lib_init_lc_collate_1               0x08000223   Thumb Code     0  libinit2.o(.ARM.Collect$$libinit$$00000011)
    __rt_lib_init_lc_ctype_1                 0x08000223   Thumb Code     0  libinit2.o(.ARM.Collect$$libinit$$00000013)
    __rt_lib_init_lc_monetary_1              0x08000223   Thumb Code     0  libinit2.o(.ARM.Collect$$libinit$$00000015)
    __rt_lib_init_lc_numeric_1               0x08000223   Thumb Code     0  libinit2.o(.ARM.Collect$$libinit$$00000017)
    __rt_lib_init_lc_time_1                  0x08000223   Thumb Code     0  libinit2.o(.ARM.Collect$$libinit$$00000019)
    __rt_lib_init_preinit_1                  0x08000223   Thumb Code     0  libinit2.o(.ARM.Collect$$libinit$$00000004)
    __rt_lib_init_rand_1                     0x08000223   Thumb Code     0  libinit2.o(.ARM.Collect$$libinit$$0000000E)
    __rt_lib_init_return                     0x08000223   Thumb Code     0  libinit2.o(.ARM.Collect$$libinit$$00000033)
    __rt_lib_init_signal_1                   0x08000223   Thumb Code     0  libinit2.o(.ARM.Collect$$libinit$$0000001D)
    __rt_lib_init_stdio_1                    0x08000223   Thumb Code     0  libinit2.o(.ARM.Collect$$libinit$$00000025)
    __rt_lib_init_user_alloc_1               0x08000223   Thumb Code     0  libinit2.o(.ARM.Collect$$libinit$$0000000C)
    __rt_lib_shutdown                        0x08000225   Thumb Code     0  libshutdown.o(.ARM.Collect$$libshutdown$$00000000)
    __rt_lib_shutdown_cpp_1                  0x08000227   Thumb Code     0  libshutdown2.o(.ARM.Collect$$libshutdown$$00000002)
    __rt_lib_shutdown_fp_trap_1              0x08000227   Thumb Code     0  libshutdown2.o(.ARM.Collect$$libshutdown$$00000007)
    __rt_lib_shutdown_heap_1                 0x08000227   Thumb Code     0  libshutdown2.o(.ARM.Collect$$libshutdown$$0000000F)
    __rt_lib_shutdown_return                 0x08000227   Thumb Code     0  libshutdown2.o(.ARM.Collect$$libshutdown$$00000010)
    __rt_lib_shutdown_signal_1               0x08000227   Thumb Code     0  libshutdown2.o(.ARM.Collect$$libshutdown$$0000000A)
    __rt_lib_shutdown_stdio_1                0x08000227   Thumb Code     0  libshutdown2.o(.ARM.Collect$$libshutdown$$00000004)
    __rt_lib_shutdown_user_alloc_1           0x08000227   Thumb Code     0  libshutdown2.o(.ARM.Collect$$libshutdown$$0000000C)
    __rt_entry                               0x08000229   Thumb Code     0  __rtentry.o(.ARM.Collect$$rtentry$$00000000)
    __rt_entry_presh_1                       0x08000229   Thumb Code     0  __rtentry2.o(.ARM.Collect$$rtentry$$00000002)
    __rt_entry_sh                            0x08000229   Thumb Code     0  __rtentry4.o(.ARM.Collect$$rtentry$$00000004)
    __rt_entry_li                            0x0800022f   Thumb Code     0  __rtentry2.o(.ARM.Collect$$rtentry$$0000000A)
    __rt_entry_postsh_1                      0x0800022f   Thumb Code     0  __rtentry2.o(.ARM.Collect$$rtentry$$00000009)
    __rt_entry_main                          0x08000233   Thumb Code     0  __rtentry2.o(.ARM.Collect$$rtentry$$0000000D)
    __rt_entry_postli_1                      0x08000233   Thumb Code     0  __rtentry2.o(.ARM.Collect$$rtentry$$0000000C)
    __rt_exit                                0x0800023b   Thumb Code     0  rtexit.o(.ARM.Collect$$rtexit$$00000000)
    __rt_exit_ls                             0x0800023d   Thumb Code     0  rtexit2.o(.ARM.Collect$$rtexit$$00000003)
    __rt_exit_prels_1                        0x0800023d   Thumb Code     0  rtexit2.o(.ARM.Collect$$rtexit$$00000002)
    __rt_exit_exit                           0x08000241   Thumb Code     0  rtexit2.o(.ARM.Collect$$rtexit$$00000004)
    Reset_Handler                            0x08000249   Thumb Code     8  startup_stm32f407xx.o(.text)
    ADC_IRQHandler                           0x08000263   Thumb Code     0  startup_stm32f407xx.o(.text)
    CAN1_SCE_IRQHandler                      0x08000263   Thumb Code     0  startup_stm32f407xx.o(.text)
    CAN2_SCE_IRQHandler                      0x08000263   Thumb Code     0  startup_stm32f407xx.o(.text)
    DCMI_IRQHandler                          0x08000263   Thumb Code     0  startup_stm32f407xx.o(.text)
    DMA1_Stream0_IRQHandler                  0x08000263   Thumb Code     0  startup_stm32f407xx.o(.text)
    DMA1_Stream1_IRQHandler                  0x08000263   Thumb Code     0  startup_stm32f407xx.o(.text)
    DMA1_Stream2_IRQHandler                  0x08000263   Thumb Code     0  startup_stm32f407xx.o(.text)
    DMA1_Stream3_IRQHandler                  0x08000263   Thumb Code     0  startup_stm32f407xx.o(.text)
    DMA1_Stream4_IRQHandler                  0x08000263   Thumb Code     0  startup_stm32f407xx.o(.text)
    DMA1_Stream5_IRQHandler                  0x08000263   Thumb Code     0  startup_stm32f407xx.o(.text)
    DMA1_Stream6_IRQHandler                  0x08000263   Thumb Code     0  startup_stm32f407xx.o(.text)
    DMA1_Stream7_IRQHandler                  0x08000263   Thumb Code     0  startup_stm32f407xx.o(.text)
    DMA2_Stream0_IRQHandler                  0x08000263   Thumb Code     0  startup_stm32f407xx.o(.text)
    DMA2_Stream2_IRQHandler                  0x08000263   Thumb Code     0  startup_stm32f407xx.o(.text)
    DMA2_Stream3_IRQHandler                  0x08000263   Thumb Code     0  startup_stm32f407xx.o(.text)
    DMA2_Stream4_IRQHandler                  0x08000263   Thumb Code     0  startup_stm32f407xx.o(.text)
    DMA2_Stream5_IRQHandler                  0x08000263   Thumb Code     0  startup_stm32f407xx.o(.text)
    DMA2_Stream7_IRQHandler                  0x08000263   Thumb Code     0  startup_stm32f407xx.o(.text)
    ETH_IRQHandler                           0x08000263   Thumb Code     0  startup_stm32f407xx.o(.text)
    ETH_WKUP_IRQHandler                      0x08000263   Thumb Code     0  startup_stm32f407xx.o(.text)
    EXTI0_IRQHandler                         0x08000263   Thumb Code     0  startup_stm32f407xx.o(.text)
    EXTI15_10_IRQHandler                     0x08000263   Thumb Code     0  startup_stm32f407xx.o(.text)
    EXTI1_IRQHandler                         0x08000263   Thumb Code     0  startup_stm32f407xx.o(.text)
    EXTI2_IRQHandler                         0x08000263   Thumb Code     0  startup_stm32f407xx.o(.text)
    EXTI3_IRQHandler                         0x08000263   Thumb Code     0  startup_stm32f407xx.o(.text)
    EXTI4_IRQHandler                         0x08000263   Thumb Code     0  startup_stm32f407xx.o(.text)
    EXTI9_5_IRQHandler                       0x08000263   Thumb Code     0  startup_stm32f407xx.o(.text)
    FLASH_IRQHandler                         0x08000263   Thumb Code     0  startup_stm32f407xx.o(.text)
    FMC_IRQHandler                           0x08000263   Thumb Code     0  startup_stm32f407xx.o(.text)
    FPU_IRQHandler                           0x08000263   Thumb Code     0  startup_stm32f407xx.o(.text)
    HASH_RNG_IRQHandler                      0x08000263   Thumb Code     0  startup_stm32f407xx.o(.text)
    I2C1_ER_IRQHandler                       0x08000263   Thumb Code     0  startup_stm32f407xx.o(.text)
    I2C1_EV_IRQHandler                       0x08000263   Thumb Code     0  startup_stm32f407xx.o(.text)
    I2C2_ER_IRQHandler                       0x08000263   Thumb Code     0  startup_stm32f407xx.o(.text)
    I2C2_EV_IRQHandler                       0x08000263   Thumb Code     0  startup_stm32f407xx.o(.text)
    I2C3_ER_IRQHandler                       0x08000263   Thumb Code     0  startup_stm32f407xx.o(.text)
    I2C3_EV_IRQHandler                       0x08000263   Thumb Code     0  startup_stm32f407xx.o(.text)
    OTG_FS_IRQHandler                        0x08000263   Thumb Code     0  startup_stm32f407xx.o(.text)
    OTG_FS_WKUP_IRQHandler                   0x08000263   Thumb Code     0  startup_stm32f407xx.o(.text)
    OTG_HS_EP1_IN_IRQHandler                 0x08000263   Thumb Code     0  startup_stm32f407xx.o(.text)
    OTG_HS_EP1_OUT_IRQHandler                0x08000263   Thumb Code     0  startup_stm32f407xx.o(.text)
    OTG_HS_IRQHandler                        0x08000263   Thumb Code     0  startup_stm32f407xx.o(.text)
    OTG_HS_WKUP_IRQHandler                   0x08000263   Thumb Code     0  startup_stm32f407xx.o(.text)
    PVD_IRQHandler                           0x08000263   Thumb Code     0  startup_stm32f407xx.o(.text)
    RCC_IRQHandler                           0x08000263   Thumb Code     0  startup_stm32f407xx.o(.text)
    RTC_Alarm_IRQHandler                     0x08000263   Thumb Code     0  startup_stm32f407xx.o(.text)
    RTC_WKUP_IRQHandler                      0x08000263   Thumb Code     0  startup_stm32f407xx.o(.text)
    SDIO_IRQHandler                          0x08000263   Thumb Code     0  startup_stm32f407xx.o(.text)
    SPI1_IRQHandler                          0x08000263   Thumb Code     0  startup_stm32f407xx.o(.text)
    SPI2_IRQHandler                          0x08000263   Thumb Code     0  startup_stm32f407xx.o(.text)
    SPI3_IRQHandler                          0x08000263   Thumb Code     0  startup_stm32f407xx.o(.text)
    TAMP_STAMP_IRQHandler                    0x08000263   Thumb Code     0  startup_stm32f407xx.o(.text)
    TIM1_BRK_TIM9_IRQHandler                 0x08000263   Thumb Code     0  startup_stm32f407xx.o(.text)
    TIM1_CC_IRQHandler                       0x08000263   Thumb Code     0  startup_stm32f407xx.o(.text)
    TIM1_TRG_COM_TIM11_IRQHandler            0x08000263   Thumb Code     0  startup_stm32f407xx.o(.text)
    TIM1_UP_TIM10_IRQHandler                 0x08000263   Thumb Code     0  startup_stm32f407xx.o(.text)
    TIM2_IRQHandler                          0x08000263   Thumb Code     0  startup_stm32f407xx.o(.text)
    TIM4_IRQHandler                          0x08000263   Thumb Code     0  startup_stm32f407xx.o(.text)
    TIM5_IRQHandler                          0x08000263   Thumb Code     0  startup_stm32f407xx.o(.text)
    TIM6_DAC_IRQHandler                      0x08000263   Thumb Code     0  startup_stm32f407xx.o(.text)
    TIM7_IRQHandler                          0x08000263   Thumb Code     0  startup_stm32f407xx.o(.text)
    TIM8_BRK_TIM12_IRQHandler                0x08000263   Thumb Code     0  startup_stm32f407xx.o(.text)
    TIM8_CC_IRQHandler                       0x08000263   Thumb Code     0  startup_stm32f407xx.o(.text)
    TIM8_TRG_COM_TIM14_IRQHandler            0x08000263   Thumb Code     0  startup_stm32f407xx.o(.text)
    TIM8_UP_TIM13_IRQHandler                 0x08000263   Thumb Code     0  startup_stm32f407xx.o(.text)
    UART4_IRQHandler                         0x08000263   Thumb Code     0  startup_stm32f407xx.o(.text)
    UART5_IRQHandler                         0x08000263   Thumb Code     0  startup_stm32f407xx.o(.text)
    USART1_IRQHandler                        0x08000263   Thumb Code     0  startup_stm32f407xx.o(.text)
    USART2_IRQHandler                        0x08000263   Thumb Code     0  startup_stm32f407xx.o(.text)
    USART3_IRQHandler                        0x08000263   Thumb Code     0  startup_stm32f407xx.o(.text)
    WWDG_IRQHandler                          0x08000263   Thumb Code     0  startup_stm32f407xx.o(.text)
    __user_initial_stackheap                 0x08000265   Thumb Code     0  startup_stm32f407xx.o(.text)
    __aeabi_uldivmod                         0x08000289   Thumb Code     0  lludivv7m.o(.text)
    _ll_udiv                                 0x08000289   Thumb Code   238  lludivv7m.o(.text)
    __aeabi_memcpy                           0x08000377   Thumb Code     0  rt_memcpy_v6.o(.text)
    __rt_memcpy                              0x08000377   Thumb Code   138  rt_memcpy_v6.o(.text)
    _memcpy_lastbytes                        0x080003dd   Thumb Code     0  rt_memcpy_v6.o(.text)
    __aeabi_memcpy4                          0x08000401   Thumb Code     0  rt_memcpy_w.o(.text)
    __aeabi_memcpy8                          0x08000401   Thumb Code     0  rt_memcpy_w.o(.text)
    __rt_memcpy_w                            0x08000401   Thumb Code   100  rt_memcpy_w.o(.text)
    _memcpy_lastbytes_aligned                0x08000449   Thumb Code     0  rt_memcpy_w.o(.text)
    __aeabi_memclr4                          0x08000465   Thumb Code     0  rt_memclr_w.o(.text)
    __aeabi_memclr8                          0x08000465   Thumb Code     0  rt_memclr_w.o(.text)
    __rt_memclr_w                            0x08000465   Thumb Code    78  rt_memclr_w.o(.text)
    _memset_w                                0x08000469   Thumb Code     0  rt_memclr_w.o(.text)
    __use_two_region_memory                  0x080004b3   Thumb Code     2  heapauxi.o(.text)
    __rt_heap_escrow$2region                 0x080004b5   Thumb Code     2  heapauxi.o(.text)
    __rt_heap_expand$2region                 0x080004b7   Thumb Code     2  heapauxi.o(.text)
    __read_errno                             0x080004b9   Thumb Code    10  _rserrno.o(.text)
    __set_errno                              0x080004c3   Thumb Code    12  _rserrno.o(.text)
    __aeabi_errno_addr                       0x080004d1   Thumb Code     8  rt_errno_addr_intlibspace.o(.text)
    __errno$intlibspace                      0x080004d1   Thumb Code     0  rt_errno_addr_intlibspace.o(.text)
    __rt_errno_addr$intlibspace              0x080004d1   Thumb Code     0  rt_errno_addr_intlibspace.o(.text)
    __user_libspace                          0x080004d9   Thumb Code     8  libspace.o(.text)
    __user_perproc_libspace                  0x080004d9   Thumb Code     0  libspace.o(.text)
    __user_perthread_libspace                0x080004d9   Thumb Code     0  libspace.o(.text)
    __user_setup_stackheap                   0x080004e1   Thumb Code    74  sys_stackheap_outer.o(.text)
    exit                                     0x0800052b   Thumb Code    18  exit.o(.text)
    _sys_exit                                0x0800053d   Thumb Code     8  sys_exit.o(.text)
    __I$use$semihosting                      0x08000549   Thumb Code     0  use_no_semi.o(.text)
    __use_no_semihosting_swi                 0x08000549   Thumb Code     2  use_no_semi.o(.text)
    __semihosting_library_function           0x0800054b   Thumb Code     0  indicate_semi.o(.text)
    AGV_DirectiveMotor_RobotMotion_To_TargetStatus 0x0800054d   Thumb Code   146  kinematic.o(i.AGV_DirectiveMotor_RobotMotion_To_TargetStatus)
    AGV_DirectiveMotor_TargetStatus_To_MotorAngle_In_ChassisCoordinate 0x080005fd   Thumb Code   564  kinematic.o(i.AGV_DirectiveMotor_TargetStatus_To_MotorAngle_In_ChassisCoordinate)
    AGV_Vector_Composition_In_ChassisCoordinate 0x08000835   Thumb Code  1884  kinematic.o(i.AGV_Vector_Composition_In_ChassisCoordinate)
    AGV_connoection                          0x08000f95   Thumb Code   500  agv_control.o(i.AGV_connoection)
    BusFault_Handler                         0x080011a5   Thumb Code     4  stm32f4xx_it.o(i.BusFault_Handler)
    CAN1_Call_Back                           0x080011a9   Thumb Code    88  can_connection.o(i.CAN1_Call_Back)
    CAN1_RX0_IRQHandler                      0x08001209   Thumb Code    10  stm32f4xx_it.o(i.CAN1_RX0_IRQHandler)
    CAN1_RX1_IRQHandler                      0x08001219   Thumb Code    10  stm32f4xx_it.o(i.CAN1_RX1_IRQHandler)
    CAN1_TX_IRQHandler                       0x08001229   Thumb Code    10  stm32f4xx_it.o(i.CAN1_TX_IRQHandler)
    CAN2_Call_Back                           0x08001239   Thumb Code   100  can_connection.o(i.CAN2_Call_Back)
    CAN2_RX0_IRQHandler                      0x080012a1   Thumb Code    10  stm32f4xx_it.o(i.CAN2_RX0_IRQHandler)
    CAN2_RX1_IRQHandler                      0x080012b1   Thumb Code    10  stm32f4xx_it.o(i.CAN2_RX1_IRQHandler)
    CAN2_TX_IRQHandler                       0x080012c1   Thumb Code    10  stm32f4xx_it.o(i.CAN2_TX_IRQHandler)
    CAN_Init                                 0x080012d1   Thumb Code   218  drv_can.o(i.CAN_Init)
    CAN_Send_EXT_Data                        0x080013bd   Thumb Code    44  drv_can.o(i.CAN_Send_EXT_Data)
    Can_Connection_Init                      0x080013e9   Thumb Code    20  can_connection.o(i.Can_Connection_Init)
    Chassis_Control_Mode_Update              0x0800140d   Thumb Code    66  gimbal_connection.o(i.Chassis_Control_Mode_Update)
    Chassis_Flag_Update                      0x0800144f   Thumb Code    22  gimbal_connection.o(i.Chassis_Flag_Update)
    Chassis_Init                             0x08001465   Thumb Code    74  chassis.o(i.Chassis_Init)
    Chassis_Inveter_Judge                    0x080014b9   Thumb Code   134  chassis.o(i.Chassis_Inveter_Judge)
    Chassis_Mode_Command_Update              0x08001549   Thumb Code   160  chassis.o(i.Chassis_Mode_Command_Update)
    Chassis_Move                             0x080015f5   Thumb Code    22  chassis.o(i.Chassis_Move)
    Chassis_Power_Control_Init               0x08001611   Thumb Code    26  agv_control.o(i.Chassis_Power_Control_Init)
    Chassis_Speed_Command_Update             0x08001631   Thumb Code    68  gimbal_connection.o(i.Chassis_Speed_Command_Update)
    Chassis_Speed_Control                    0x08001675   Thumb Code   110  kinematic.o(i.Chassis_Speed_Control)
    Chassis_Speed_Slow_Motion                0x080016e9   Thumb Code   234  chassis.o(i.Chassis_Speed_Slow_Motion)
    DMA2_Stream1_IRQHandler                  0x080017d5   Thumb Code    10  stm32f4xx_it.o(i.DMA2_Stream1_IRQHandler)
    DMA2_Stream6_IRQHandler                  0x080017e5   Thumb Code    10  stm32f4xx_it.o(i.DMA2_Stream6_IRQHandler)
    DebugMon_Handler                         0x080018d3   Thumb Code     2  stm32f4xx_it.o(i.DebugMon_Handler)
    EXT_ID_Set                               0x080018d5   Thumb Code    16  drv_can.o(i.EXT_ID_Set)
    Error_Handler                            0x080018e5   Thumb Code     6  main.o(i.Error_Handler)
    Float_Abs                                0x080018eb   Thumb Code    26  kinematic.o(i.Float_Abs)
    Fric_Speed_And_Pitch_Angle_Update        0x08001905   Thumb Code    12  gimbal_connection.o(i.Fric_Speed_And_Pitch_Angle_Update)
    GM6020_Current_From_Lsb_To_Ampere        0x08001911   Thumb Code    26  motor.o(i.GM6020_Current_From_Lsb_To_Ampere)
    GM6020_Feedback_Update                   0x08001931   Thumb Code    42  motor.o(i.GM6020_Feedback_Update)
    GM6020_Position_From_Lsb_To_Degree       0x0800195d   Thumb Code    26  motor.o(i.GM6020_Position_From_Lsb_To_Degree)
    GM6020_Position_From_Lsb_To_Rad          0x08001981   Thumb Code    34  motor.o(i.GM6020_Position_From_Lsb_To_Rad)
    GM6020_Status_Update                     0x080019ad   Thumb Code   258  motor.o(i.GM6020_Status_Update)
    Get_CRC16_Check_Sum                      0x08001ab9   Thumb Code    46  algorithmofcrc.o(i.Get_CRC16_Check_Sum)
    Get_CRC8_Check_Sum                       0x08001aed   Thumb Code    30  algorithmofcrc.o(i.Get_CRC8_Check_Sum)
    Gimbal_To_Chassis_Relative_Angle_Update  0x08001b11   Thumb Code   136  chassis.o(i.Gimbal_To_Chassis_Relative_Angle_Update)
    HAL_CAN_ActivateNotification             0x08001bb5   Thumb Code    42  stm32f4xx_hal_can.o(i.HAL_CAN_ActivateNotification)
    HAL_CAN_AddTxMessage                     0x08001bdf   Thumb Code   330  stm32f4xx_hal_can.o(i.HAL_CAN_AddTxMessage)
    HAL_CAN_ConfigFilter                     0x08001d29   Thumb Code   286  stm32f4xx_hal_can.o(i.HAL_CAN_ConfigFilter)
    HAL_CAN_ErrorCallback                    0x08001e4d   Thumb Code     2  stm32f4xx_hal_can.o(i.HAL_CAN_ErrorCallback)
    HAL_CAN_GetRxMessage                     0x08001e4f   Thumb Code   404  stm32f4xx_hal_can.o(i.HAL_CAN_GetRxMessage)
    HAL_CAN_IRQHandler                       0x08001fe3   Thumb Code   590  stm32f4xx_hal_can.o(i.HAL_CAN_IRQHandler)
    HAL_CAN_Init                             0x08002231   Thumb Code   372  stm32f4xx_hal_can.o(i.HAL_CAN_Init)
    HAL_CAN_MspInit                          0x080023a5   Thumb Code   392  can.o(i.HAL_CAN_MspInit)
    HAL_CAN_RxFifo0FullCallback              0x08002545   Thumb Code     2  stm32f4xx_hal_can.o(i.HAL_CAN_RxFifo0FullCallback)
    HAL_CAN_RxFifo0MsgPendingCallback        0x08002549   Thumb Code    72  drv_can.o(i.HAL_CAN_RxFifo0MsgPendingCallback)
    HAL_CAN_RxFifo1FullCallback              0x080025a1   Thumb Code     2  stm32f4xx_hal_can.o(i.HAL_CAN_RxFifo1FullCallback)
    HAL_CAN_RxFifo1MsgPendingCallback        0x080025a5   Thumb Code    72  drv_can.o(i.HAL_CAN_RxFifo1MsgPendingCallback)
    HAL_CAN_SleepCallback                    0x080025fd   Thumb Code     2  stm32f4xx_hal_can.o(i.HAL_CAN_SleepCallback)
    HAL_CAN_Start                            0x080025ff   Thumb Code    94  stm32f4xx_hal_can.o(i.HAL_CAN_Start)
    HAL_CAN_TxMailbox0AbortCallback          0x0800265d   Thumb Code     2  stm32f4xx_hal_can.o(i.HAL_CAN_TxMailbox0AbortCallback)
    HAL_CAN_TxMailbox0CompleteCallback       0x0800265f   Thumb Code     2  stm32f4xx_hal_can.o(i.HAL_CAN_TxMailbox0CompleteCallback)
    HAL_CAN_TxMailbox1AbortCallback          0x08002661   Thumb Code     2  stm32f4xx_hal_can.o(i.HAL_CAN_TxMailbox1AbortCallback)
    HAL_CAN_TxMailbox1CompleteCallback       0x08002663   Thumb Code     2  stm32f4xx_hal_can.o(i.HAL_CAN_TxMailbox1CompleteCallback)
    HAL_CAN_TxMailbox2AbortCallback          0x08002665   Thumb Code     2  stm32f4xx_hal_can.o(i.HAL_CAN_TxMailbox2AbortCallback)
    HAL_CAN_TxMailbox2CompleteCallback       0x08002667   Thumb Code     2  stm32f4xx_hal_can.o(i.HAL_CAN_TxMailbox2CompleteCallback)
    HAL_CAN_WakeUpFromRxMsgCallback          0x08002669   Thumb Code     2  stm32f4xx_hal_can.o(i.HAL_CAN_WakeUpFromRxMsgCallback)
    HAL_DMA_IRQHandler                       0x0800266d   Thumb Code   570  stm32f4xx_hal_dma.o(i.HAL_DMA_IRQHandler)
    HAL_DMA_Init                             0x080028ad   Thumb Code   232  stm32f4xx_hal_dma.o(i.HAL_DMA_Init)
    HAL_GPIO_Init                            0x08002999   Thumb Code   454  stm32f4xx_hal_gpio.o(i.HAL_GPIO_Init)
    HAL_GetTick                              0x08002b8d   Thumb Code     6  stm32f4xx_hal.o(i.HAL_GetTick)
    HAL_IncTick                              0x08002b99   Thumb Code    16  stm32f4xx_hal.o(i.HAL_IncTick)
    HAL_Init                                 0x08002bb1   Thumb Code    54  stm32f4xx_hal.o(i.HAL_Init)
    HAL_InitTick                             0x08002bed   Thumb Code    64  stm32f4xx_hal.o(i.HAL_InitTick)
    HAL_MspInit                              0x08002c39   Thumb Code    68  stm32f4xx_hal_msp.o(i.HAL_MspInit)
    HAL_NVIC_EnableIRQ                       0x08002c81   Thumb Code    40  stm32f4xx_hal_cortex.o(i.HAL_NVIC_EnableIRQ)
    HAL_NVIC_SetPriority                     0x08002ca9   Thumb Code   124  stm32f4xx_hal_cortex.o(i.HAL_NVIC_SetPriority)
    HAL_NVIC_SetPriorityGrouping             0x08002d25   Thumb Code    32  stm32f4xx_hal_cortex.o(i.HAL_NVIC_SetPriorityGrouping)
    HAL_RCCEx_PeriphCLKConfig                0x08002d4d   Thumb Code   396  stm32f4xx_hal_rcc_ex.o(i.HAL_RCCEx_PeriphCLKConfig)
    HAL_RCC_ClockConfig                      0x08002eed   Thumb Code   368  stm32f4xx_hal_rcc.o(i.HAL_RCC_ClockConfig)
    HAL_RCC_GetHCLKFreq                      0x08003071   Thumb Code     6  stm32f4xx_hal_rcc.o(i.HAL_RCC_GetHCLKFreq)
    HAL_RCC_GetPCLK1Freq                     0x0800307d   Thumb Code    22  stm32f4xx_hal_rcc.o(i.HAL_RCC_GetPCLK1Freq)
    HAL_RCC_GetPCLK2Freq                     0x0800309d   Thumb Code    22  stm32f4xx_hal_rcc.o(i.HAL_RCC_GetPCLK2Freq)
    HAL_RCC_GetSysClockFreq                  0x080030bd   Thumb Code   162  stm32f4xx_hal_rcc.o(i.HAL_RCC_GetSysClockFreq)
    HAL_RCC_OscConfig                        0x0800316d   Thumb Code  1172  stm32f4xx_hal_rcc.o(i.HAL_RCC_OscConfig)
    HAL_RTC_Init                             0x08003609   Thumb Code   176  stm32f4xx_hal_rtc.o(i.HAL_RTC_Init)
    HAL_RTC_MspInit                          0x080036bd   Thumb Code    50  rtc.o(i.HAL_RTC_MspInit)
    HAL_RTC_WaitForSynchro                   0x080036f9   Thumb Code    52  stm32f4xx_hal_rtc.o(i.HAL_RTC_WaitForSynchro)
    HAL_SYSTICK_Config                       0x08003731   Thumb Code    52  stm32f4xx_hal_cortex.o(i.HAL_SYSTICK_Config)
    HAL_TIMEx_BreakCallback                  0x08003765   Thumb Code     2  stm32f4xx_hal_tim_ex.o(i.HAL_TIMEx_BreakCallback)
    HAL_TIMEx_CommutCallback                 0x08003767   Thumb Code     2  stm32f4xx_hal_tim_ex.o(i.HAL_TIMEx_CommutCallback)
    HAL_TIMEx_MasterConfigSynchronization    0x08003769   Thumb Code   150  stm32f4xx_hal_tim_ex.o(i.HAL_TIMEx_MasterConfigSynchronization)
    HAL_TIM_Base_Init                        0x0800381d   Thumb Code   102  stm32f4xx_hal_tim.o(i.HAL_TIM_Base_Init)
    HAL_TIM_Base_MspInit                     0x08003885   Thumb Code   108  tim.o(i.HAL_TIM_Base_MspInit)
    HAL_TIM_Base_Start_IT                    0x080038fd   Thumb Code   138  stm32f4xx_hal_tim.o(i.HAL_TIM_Base_Start_IT)
    HAL_TIM_ConfigClockSource                0x080039a5   Thumb Code   268  stm32f4xx_hal_tim.o(i.HAL_TIM_ConfigClockSource)
    HAL_TIM_IC_CaptureCallback               0x08003ab1   Thumb Code     2  stm32f4xx_hal_tim.o(i.HAL_TIM_IC_CaptureCallback)
    HAL_TIM_IRQHandler                       0x08003ab3   Thumb Code   364  stm32f4xx_hal_tim.o(i.HAL_TIM_IRQHandler)
    HAL_TIM_OC_DelayElapsedCallback          0x08003c1f   Thumb Code     2  stm32f4xx_hal_tim.o(i.HAL_TIM_OC_DelayElapsedCallback)
    HAL_TIM_PWM_PulseFinishedCallback        0x08003c21   Thumb Code     2  stm32f4xx_hal_tim.o(i.HAL_TIM_PWM_PulseFinishedCallback)
    HAL_TIM_PeriodElapsedCallback            0x08003c25   Thumb Code   150  chassis_task.o(i.HAL_TIM_PeriodElapsedCallback)
    HAL_TIM_TriggerCallback                  0x08003cd1   Thumb Code     2  stm32f4xx_hal_tim.o(i.HAL_TIM_TriggerCallback)
    HAL_UART_Init                            0x08003cd3   Thumb Code   118  stm32f4xx_hal_uart.o(i.HAL_UART_Init)
    HAL_UART_MspInit                         0x08003d49   Thumb Code   258  usart.o(i.HAL_UART_MspInit)
    HardFault_Handler                        0x08003e65   Thumb Code     4  stm32f4xx_it.o(i.HardFault_Handler)
    Judge_Buffer_Receive_Task                0x08003e69   Thumb Code   408  referee.o(i.Judge_Buffer_Receive_Task)
    MX_CAN1_Init                             0x08004009   Thumb Code    62  can.o(i.MX_CAN1_Init)
    MX_CAN2_Init                             0x08004051   Thumb Code    62  can.o(i.MX_CAN2_Init)
    MX_DMA_Init                              0x08004099   Thumb Code    68  dma.o(i.MX_DMA_Init)
    MX_GPIO_Init                             0x080040e1   Thumb Code   156  gpio.o(i.MX_GPIO_Init)
    MX_RTC_Init                              0x08004181   Thumb Code    44  rtc.o(i.MX_RTC_Init)
    MX_TIM3_Init                             0x080041b5   Thumb Code   102  tim.o(i.MX_TIM3_Init)
    MX_TIM9_Init                             0x08004225   Thumb Code    74  tim.o(i.MX_TIM9_Init)
    MX_USART6_UART_Init                      0x08004279   Thumb Code    46  usart.o(i.MX_USART6_UART_Init)
    MemManage_Handler                        0x080042b1   Thumb Code     4  stm32f4xx_it.o(i.MemManage_Handler)
    NMI_Handler                              0x080042b5   Thumb Code     4  stm32f4xx_it.o(i.NMI_Handler)
    PID_Calculate                            0x080042b9   Thumb Code   426  pid.o(i.PID_Calculate)
    PID_Init                                 0x08004469   Thumb Code    32  pid.o(i.PID_Init)
    PendSV_Handler                           0x08004491   Thumb Code     2  stm32f4xx_it.o(i.PendSV_Handler)
    RTC_EnterInitMode                        0x08004493   Thumb Code    74  stm32f4xx_hal_rtc.o(i.RTC_EnterInitMode)
    RTC_ExitInitMode                         0x080044dd   Thumb Code    46  stm32f4xx_hal_rtc.o(i.RTC_ExitInitMode)
    ReFeree_Usart_Init                       0x0800450d   Thumb Code   294  referee.o(i.ReFeree_Usart_Init)
    Referee_Init                             0x08004651   Thumb Code    18  referee.o(i.Referee_Init)
    SVC_Handler                              0x08004669   Thumb Code     2  stm32f4xx_it.o(i.SVC_Handler)
    Set_AGV_Velocity_Vector_Data_Update      0x0800466b   Thumb Code    26  agv_control.o(i.Set_AGV_Velocity_Vector_Data_Update)
    Speed_Limitation                         0x08004685   Thumb Code   440  kinematic.o(i.Speed_Limitation)
    Square                                   0x08004845   Thumb Code    14  kinematic.o(i.Square)
    SysTick_Handler                          0x08004853   Thumb Code     8  stm32f4xx_it.o(i.SysTick_Handler)
    SystemClock_Config                       0x0800485d   Thumb Code   178  main.o(i.SystemClock_Config)
    SystemInit                               0x08004919   Thumb Code    14  system_stm32f4xx.o(i.SystemInit)
    TIM3_IRQHandler                          0x0800492d   Thumb Code    10  stm32f4xx_it.o(i.TIM3_IRQHandler)
    TIM_Base_SetConfig                       0x0800493d   Thumb Code   186  stm32f4xx_hal_tim.o(i.TIM_Base_SetConfig)
    TIM_ETR_SetConfig                        0x08004a25   Thumb Code    22  stm32f4xx_hal_tim.o(i.TIM_ETR_SetConfig)
    Task_Init                                0x08004a9b   Thumb Code    24  chassis_task.o(i.Task_Init)
    Time_Count_Task                          0x08004ab3   Thumb Code    40  chassis_task.o(i.Time_Count_Task)
    USART6_IRQHandler                        0x08004d09   Thumb Code   272  referee.o(i.USART6_IRQHandler)
    UsageFault_Handler                       0x08004e35   Thumb Code     4  stm32f4xx_it.o(i.UsageFault_Handler)
    Verify_CRC16_Check_Sum                   0x08004e39   Thumb Code    60  algorithmofcrc.o(i.Verify_CRC16_Check_Sum)
    Verify_CRC8_Check_Sum                    0x08004e79   Thumb Code    46  algorithmofcrc.o(i.Verify_CRC8_Check_Sum)
    Yaw_Angle_Process                        0x08004ea9   Thumb Code   150  chassis.o(i.Yaw_Angle_Process)
    Yaw_Init                                 0x08004f49   Thumb Code    28  chassis.o(i.Yaw_Init)
    __ARM_fpclassify                         0x08004f71   Thumb Code    48  fpclassify.o(i.__ARM_fpclassify)
    __hardfp_atan                            0x08004fd9   Thumb Code   622  atan.o(i.__hardfp_atan)
    __hardfp_atan2                           0x080052b1   Thumb Code   432  atan2.o(i.__hardfp_atan2)
    __hardfp_cos                             0x080054a1   Thumb Code   180  cos.o(i.__hardfp_cos)
    __hardfp_sin                             0x08005569   Thumb Code   180  sin.o(i.__hardfp_sin)
    __hardfp_sqrt                            0x08005631   Thumb Code   122  sqrt.o(i.__hardfp_sqrt)
    __ieee754_rem_pio2                       0x080056b1   Thumb Code   938  rred.o(i.__ieee754_rem_pio2)
    __kernel_cos                             0x08005ae9   Thumb Code   322  cos_i.o(i.__kernel_cos)
    __kernel_poly                            0x08005c59   Thumb Code   248  poly.o(i.__kernel_poly)
    __kernel_sin                             0x08005d51   Thumb Code   280  sin_i.o(i.__kernel_sin)
    __mathlib_dbl_infnan                     0x08005e81   Thumb Code    20  dunder.o(i.__mathlib_dbl_infnan)
    __mathlib_dbl_infnan2                    0x08005e95   Thumb Code    20  dunder.o(i.__mathlib_dbl_infnan2)
    __mathlib_dbl_invalid                    0x08005ea9   Thumb Code    24  dunder.o(i.__mathlib_dbl_invalid)
    __mathlib_dbl_underflow                  0x08005ec9   Thumb Code    24  dunder.o(i.__mathlib_dbl_underflow)
    atan                                     0x08005ee9   Thumb Code    16  atan.o(i.atan)
    calculate_true_power                     0x08005ef9   Thumb Code   188  agv_control.o(i.calculate_true_power)
    can_filter_mask_config                   0x08005fbd   Thumb Code   110  drv_can.o(i.can_filter_mask_config)
    fabs                                     0x080064ed   Thumb Code    24  fabs.o(i.fabs)
    main                                     0x08006505   Thumb Code    54  main.o(i.main)
    __aeabi_dneg                             0x08006541   Thumb Code     0  basic.o(x$fpl$basic)
    _dneg                                    0x08006541   Thumb Code     6  basic.o(x$fpl$basic)
    __aeabi_fneg                             0x08006547   Thumb Code     0  basic.o(x$fpl$basic)
    _fneg                                    0x08006547   Thumb Code     6  basic.o(x$fpl$basic)
    _dabs                                    0x0800654d   Thumb Code     6  basic.o(x$fpl$basic)
    _fabs                                    0x08006553   Thumb Code     6  basic.o(x$fpl$basic)
    __aeabi_d2f                              0x08006559   Thumb Code     0  d2f.o(x$fpl$d2f)
    _d2f                                     0x08006559   Thumb Code    98  d2f.o(x$fpl$d2f)
    __aeabi_dadd                             0x080065bd   Thumb Code     0  daddsub_clz.o(x$fpl$dadd)
    _dadd                                    0x080065bd   Thumb Code   332  daddsub_clz.o(x$fpl$dadd)
    __aeabi_ddiv                             0x0800670d   Thumb Code     0  ddiv.o(x$fpl$ddiv)
    _ddiv                                    0x0800670d   Thumb Code   552  ddiv.o(x$fpl$ddiv)
    __aeabi_d2iz                             0x080069bd   Thumb Code     0  dfix.o(x$fpl$dfix)
    _dfix                                    0x080069bd   Thumb Code    94  dfix.o(x$fpl$dfix)
    __aeabi_i2d                              0x08006a1b   Thumb Code     0  dflt_clz.o(x$fpl$dflt)
    _dflt                                    0x08006a1b   Thumb Code    46  dflt_clz.o(x$fpl$dflt)
    __aeabi_ui2d                             0x08006a49   Thumb Code     0  dflt_clz.o(x$fpl$dfltu)
    _dfltu                                   0x08006a49   Thumb Code    38  dflt_clz.o(x$fpl$dfltu)
    __aeabi_dmul                             0x08006a71   Thumb Code     0  dmul.o(x$fpl$dmul)
    _dmul                                    0x08006a71   Thumb Code   332  dmul.o(x$fpl$dmul)
    __fpl_dnaninf                            0x08006bc5   Thumb Code   156  dnaninf.o(x$fpl$dnaninf)
    __fpl_dretinf                            0x08006c61   Thumb Code    12  dretinf.o(x$fpl$dretinf)
    __aeabi_drsub                            0x08006c6d   Thumb Code     0  daddsub_clz.o(x$fpl$drsb)
    _drsb                                    0x08006c6d   Thumb Code    22  daddsub_clz.o(x$fpl$drsb)
    _dsqrt                                   0x08006c85   Thumb Code   404  dsqrt_umaal.o(x$fpl$dsqrt)
    __aeabi_dsub                             0x08006e1d   Thumb Code     0  daddsub_clz.o(x$fpl$dsub)
    _dsub                                    0x08006e1d   Thumb Code   464  daddsub_clz.o(x$fpl$dsub)
    __aeabi_f2d                              0x08006ff1   Thumb Code     0  f2d.o(x$fpl$f2d)
    _f2d                                     0x08006ff1   Thumb Code    86  f2d.o(x$fpl$f2d)
    __fpl_fnaninf                            0x08007047   Thumb Code   140  fnaninf.o(x$fpl$fnaninf)
    _fp_init                                 0x080070d3   Thumb Code    10  fpinit.o(x$fpl$fpinit)
    __fplib_config_fpu_vfp                   0x080070db   Thumb Code     0  fpinit.o(x$fpl$fpinit)
    __fplib_config_pureend_doubles           0x080070db   Thumb Code     0  fpinit.o(x$fpl$fpinit)
    __fpl_fretinf                            0x080070dd   Thumb Code    10  fretinf.o(x$fpl$fretinf)
    __I$use$fp                               0x080070e6   Number         0  usenofp.o(x$fpl$usenofp)
    AHBPrescTable                            0x080070ee   Data          16  system_stm32f4xx.o(.constdata)
    APBPrescTable                            0x080070fe   Data           8  system_stm32f4xx.o(.constdata)
    CRC8_INIT                                0x08007106   Data           1  algorithmofcrc.o(.constdata)
    CRC8_TAB                                 0x08007107   Data         256  algorithmofcrc.o(.constdata)
    wCRC_Table                               0x08007208   Data         512  algorithmofcrc.o(.constdata)
    __mathlib_zero                           0x080074d0   Data           8  qnan.o(.constdata)
    Region$$Table$$Base                      0x080075c8   Number         0  anon$$obj.o(Region$$Table)
    Region$$Table$$Limit                     0x080075e8   Number         0  anon$$obj.o(Region$$Table)
    uwTick                                   0x20000004   Data           4  stm32f4xx_hal.o(.data)
    uwTickPrio                               0x20000008   Data           4  stm32f4xx_hal.o(.data)
    uwTickFreq                               0x2000000c   Data           1  stm32f4xx_hal.o(.data)
    SystemCoreClock                          0x20000010   Data           4  system_stm32f4xx.o(.data)
    CRC_INIT                                 0x20000014   Data           2  algorithmofcrc.o(.data)
    yaw_position_loop_data                   0x20000018   Data          40  chassis.o(.data)
    AGV_tan                                  0x20000040   Data           4  kinematic.o(.data)
    AGV_ang                                  0x20000044   Data           4  kinematic.o(.data)
    chassis_angle                            0x20000048   Data           4  kinematic.o(.data)
    CAN1_0x1ff_Tx_Data                       0x2000004c   Data           8  drv_can.o(.data)
    CAN1_0x200_Tx_Data                       0x20000054   Data           8  drv_can.o(.data)
    CAN1_0x2ff_Tx_Data                       0x2000005c   Data           8  drv_can.o(.data)
    CAN1_0xxf1_Tx_Data                       0x20000064   Data           8  drv_can.o(.data)
    CAN1_0xxf2_Tx_Data                       0x2000006c   Data           8  drv_can.o(.data)
    CAN1_0xxf3_Tx_Data                       0x20000074   Data           8  drv_can.o(.data)
    CAN1_0xxf4_Tx_Data                       0x2000007c   Data           8  drv_can.o(.data)
    CAN1_0xxf5_Tx_Data                       0x20000084   Data           8  drv_can.o(.data)
    CAN1_0xxf6_Tx_Data                       0x2000008c   Data           8  drv_can.o(.data)
    CAN1_0xxf7_Tx_Data                       0x20000094   Data           8  drv_can.o(.data)
    CAN1_0xxf8_Tx_Data                       0x2000009c   Data           8  drv_can.o(.data)
    CAN2_0x1ff_Tx_Data                       0x200000a4   Data           8  drv_can.o(.data)
    CAN2_0x200_Tx_Data                       0x200000ac   Data           8  drv_can.o(.data)
    CAN2_0x2ff_Tx_Data                       0x200000b4   Data           8  drv_can.o(.data)
    CAN2_0xxf1_Tx_Data                       0x200000bc   Data           8  drv_can.o(.data)
    CAN2_0xxf2_Tx_Data                       0x200000c4   Data           8  drv_can.o(.data)
    CAN2_0xxf3_Tx_Data                       0x200000cc   Data           8  drv_can.o(.data)
    CAN2_0xxf4_Tx_Data                       0x200000d4   Data           8  drv_can.o(.data)
    CAN2_0xxf5_Tx_Data                       0x200000dc   Data           8  drv_can.o(.data)
    CAN2_0xxf6_Tx_Data                       0x200000e4   Data           8  drv_can.o(.data)
    CAN2_0xxf7_Tx_Data                       0x200000ec   Data           8  drv_can.o(.data)
    CAN2_0xxf8_Tx_Data                       0x200000f4   Data           8  drv_can.o(.data)
    AGV_A_Tx_Data                            0x200000fc   Data           8  drv_can.o(.data)
    AGV_B_Tx_Data                            0x20000104   Data           8  drv_can.o(.data)
    AGV_C_Tx_Data                            0x2000010c   Data           8  drv_can.o(.data)
    AGV_D_Tx_Data                            0x20000114   Data           8  drv_can.o(.data)
    CAN_Supercap_Tx_Data                     0x2000011c   Data           8  drv_can.o(.data)
    time                                     0x20000128   Data           8  chassis_task.o(.data)
    hcan1                                    0x20000130   Data          40  can.o(.bss)
    hcan2                                    0x20000158   Data          40  can.o(.bss)
    hrtc                                     0x20000180   Data          32  rtc.o(.bss)
    htim3                                    0x200001a0   Data          72  tim.o(.bss)
    htim9                                    0x200001e8   Data          72  tim.o(.bss)
    huart6                                   0x20000230   Data          72  usart.o(.bss)
    hdma_usart6_rx                           0x20000278   Data          96  usart.o(.bss)
    hdma_usart6_tx                           0x200002d8   Data          96  usart.o(.bss)
    usart6_buf                               0x20000338   Data        1024  referee.o(.bss)
    SaveBuffer                               0x20000738   Data          90  referee.o(.bss)
    JudgeReceive                             0x20000794   Data          48  referee.o(.bss)
    JudgeReceiveBuffer                       0x200007c4   Data          45  referee.o(.bss)
    chassis                                  0x200007f4   Data         180  chassis.o(.bss)
    yaw                                      0x200008a8   Data         104  chassis.o(.bss)
    yaw_pid                                  0x20000910   Data         254  chassis.o(.bss)
    chassis_power_control                    0x20000a10   Data          48  agv_control.o(.bss)
    connection                               0x20000a40   Data          36  gimbal_connection.o(.bss)
    CAN1_Manage_Object                       0x20000a64   Data          44  drv_can.o(.bss)
    CAN2_Manage_Object                       0x20000a90   Data          44  drv_can.o(.bss)
    __libspace_start                         0x20000abc   Data          96  libspace.o(.bss)
    __temporary_stack_top$libspace           0x20000b1c   Data           0  libspace.o(.bss)



==============================================================================

Memory Map of the image

  Image Entry point : 0x08000189

  Load Region LR_IROM1 (Base: 0x08000000, Size: 0x00007718, Max: 0x00100000, ABSOLUTE, COMPRESSED[0x00007600])

    Execution Region ER_IROM1 (Base: 0x08000000, Size: 0x000075e8, Max: 0x00100000, ABSOLUTE)

    Base Addr    Size         Type   Attr      Idx    E Section Name        Object

    0x08000000   0x00000188   Data   RO            3    RESET               startup_stm32f407xx.o
    0x08000188   0x00000008   Code   RO         4728  * !!!main             c_w.l(__main.o)
    0x08000190   0x00000034   Code   RO         5050    !!!scatter          c_w.l(__scatter.o)
    0x080001c4   0x0000003a   Code   RO         5048    !!dczerorl          c_w.l(__dczerorl.o)
    0x080001fe   0x00000002   PAD
    0x08000200   0x0000001c   Code   RO         5052    !!handler_zi        c_w.l(__scatter_zi.o)
    0x0800021c   0x00000002   Code   RO         4921    .ARM.Collect$$libinit$$00000000  c_w.l(libinit.o)
    0x0800021e   0x00000004   Code   RO         4930    .ARM.Collect$$libinit$$00000001  c_w.l(libinit2.o)
    0x08000222   0x00000000   Code   RO         4933    .ARM.Collect$$libinit$$00000004  c_w.l(libinit2.o)
    0x08000222   0x00000000   Code   RO         4936    .ARM.Collect$$libinit$$0000000A  c_w.l(libinit2.o)
    0x08000222   0x00000000   Code   RO         4938    .ARM.Collect$$libinit$$0000000C  c_w.l(libinit2.o)
    0x08000222   0x00000000   Code   RO         4940    .ARM.Collect$$libinit$$0000000E  c_w.l(libinit2.o)
    0x08000222   0x00000000   Code   RO         4943    .ARM.Collect$$libinit$$00000011  c_w.l(libinit2.o)
    0x08000222   0x00000000   Code   RO         4945    .ARM.Collect$$libinit$$00000013  c_w.l(libinit2.o)
    0x08000222   0x00000000   Code   RO         4947    .ARM.Collect$$libinit$$00000015  c_w.l(libinit2.o)
    0x08000222   0x00000000   Code   RO         4949    .ARM.Collect$$libinit$$00000017  c_w.l(libinit2.o)
    0x08000222   0x00000000   Code   RO         4951    .ARM.Collect$$libinit$$00000019  c_w.l(libinit2.o)
    0x08000222   0x00000000   Code   RO         4953    .ARM.Collect$$libinit$$0000001B  c_w.l(libinit2.o)
    0x08000222   0x00000000   Code   RO         4955    .ARM.Collect$$libinit$$0000001D  c_w.l(libinit2.o)
    0x08000222   0x00000000   Code   RO         4957    .ARM.Collect$$libinit$$0000001F  c_w.l(libinit2.o)
    0x08000222   0x00000000   Code   RO         4959    .ARM.Collect$$libinit$$00000021  c_w.l(libinit2.o)
    0x08000222   0x00000000   Code   RO         4961    .ARM.Collect$$libinit$$00000023  c_w.l(libinit2.o)
    0x08000222   0x00000000   Code   RO         4963    .ARM.Collect$$libinit$$00000025  c_w.l(libinit2.o)
    0x08000222   0x00000000   Code   RO         4967    .ARM.Collect$$libinit$$0000002C  c_w.l(libinit2.o)
    0x08000222   0x00000000   Code   RO         4969    .ARM.Collect$$libinit$$0000002E  c_w.l(libinit2.o)
    0x08000222   0x00000000   Code   RO         4971    .ARM.Collect$$libinit$$00000030  c_w.l(libinit2.o)
    0x08000222   0x00000000   Code   RO         4973    .ARM.Collect$$libinit$$00000032  c_w.l(libinit2.o)
    0x08000222   0x00000002   Code   RO         4974    .ARM.Collect$$libinit$$00000033  c_w.l(libinit2.o)
    0x08000224   0x00000002   Code   RO         5005    .ARM.Collect$$libshutdown$$00000000  c_w.l(libshutdown.o)
    0x08000226   0x00000000   Code   RO         5031    .ARM.Collect$$libshutdown$$00000002  c_w.l(libshutdown2.o)
    0x08000226   0x00000000   Code   RO         5033    .ARM.Collect$$libshutdown$$00000004  c_w.l(libshutdown2.o)
    0x08000226   0x00000000   Code   RO         5036    .ARM.Collect$$libshutdown$$00000007  c_w.l(libshutdown2.o)
    0x08000226   0x00000000   Code   RO         5039    .ARM.Collect$$libshutdown$$0000000A  c_w.l(libshutdown2.o)
    0x08000226   0x00000000   Code   RO         5041    .ARM.Collect$$libshutdown$$0000000C  c_w.l(libshutdown2.o)
    0x08000226   0x00000000   Code   RO         5044    .ARM.Collect$$libshutdown$$0000000F  c_w.l(libshutdown2.o)
    0x08000226   0x00000002   Code   RO         5045    .ARM.Collect$$libshutdown$$00000010  c_w.l(libshutdown2.o)
    0x08000228   0x00000000   Code   RO         4808    .ARM.Collect$$rtentry$$00000000  c_w.l(__rtentry.o)
    0x08000228   0x00000000   Code   RO         4878    .ARM.Collect$$rtentry$$00000002  c_w.l(__rtentry2.o)
    0x08000228   0x00000006   Code   RO         4890    .ARM.Collect$$rtentry$$00000004  c_w.l(__rtentry4.o)
    0x0800022e   0x00000000   Code   RO         4880    .ARM.Collect$$rtentry$$00000009  c_w.l(__rtentry2.o)
    0x0800022e   0x00000004   Code   RO         4881    .ARM.Collect$$rtentry$$0000000A  c_w.l(__rtentry2.o)
    0x08000232   0x00000000   Code   RO         4883    .ARM.Collect$$rtentry$$0000000C  c_w.l(__rtentry2.o)
    0x08000232   0x00000008   Code   RO         4884    .ARM.Collect$$rtentry$$0000000D  c_w.l(__rtentry2.o)
    0x0800023a   0x00000002   Code   RO         4922    .ARM.Collect$$rtexit$$00000000  c_w.l(rtexit.o)
    0x0800023c   0x00000000   Code   RO         4978    .ARM.Collect$$rtexit$$00000002  c_w.l(rtexit2.o)
    0x0800023c   0x00000004   Code   RO         4979    .ARM.Collect$$rtexit$$00000003  c_w.l(rtexit2.o)
    0x08000240   0x00000006   Code   RO         4980    .ARM.Collect$$rtexit$$00000004  c_w.l(rtexit2.o)
    0x08000246   0x00000002   PAD
    0x08000248   0x00000040   Code   RO            4    .text               startup_stm32f407xx.o
    0x08000288   0x000000ee   Code   RO         4714    .text               c_w.l(lludivv7m.o)
    0x08000376   0x0000008a   Code   RO         4718    .text               c_w.l(rt_memcpy_v6.o)
    0x08000400   0x00000064   Code   RO         4720    .text               c_w.l(rt_memcpy_w.o)
    0x08000464   0x0000004e   Code   RO         4724    .text               c_w.l(rt_memclr_w.o)
    0x080004b2   0x00000006   Code   RO         4726    .text               c_w.l(heapauxi.o)
    0x080004b8   0x00000016   Code   RO         4813    .text               c_w.l(_rserrno.o)
    0x080004ce   0x00000002   PAD
    0x080004d0   0x00000008   Code   RO         4897    .text               c_w.l(rt_errno_addr_intlibspace.o)
    0x080004d8   0x00000008   Code   RO         4905    .text               c_w.l(libspace.o)
    0x080004e0   0x0000004a   Code   RO         4908    .text               c_w.l(sys_stackheap_outer.o)
    0x0800052a   0x00000012   Code   RO         4910    .text               c_w.l(exit.o)
    0x0800053c   0x0000000c   Code   RO         4975    .text               c_w.l(sys_exit.o)
    0x08000548   0x00000002   Code   RO         4994    .text               c_w.l(use_no_semi.o)
    0x0800054a   0x00000000   Code   RO         4996    .text               c_w.l(indicate_semi.o)
    0x0800054a   0x00000002   PAD
    0x0800054c   0x000000b0   Code   RO         4335    i.AGV_DirectiveMotor_RobotMotion_To_TargetStatus  kinematic.o
    0x080005fc   0x00000238   Code   RO         4336    i.AGV_DirectiveMotor_TargetStatus_To_MotorAngle_In_ChassisCoordinate  kinematic.o
    0x08000834   0x00000760   Code   RO         4337    i.AGV_Vector_Composition_In_ChassisCoordinate  kinematic.o
    0x08000f94   0x00000210   Code   RO         4139    i.AGV_connoection   agv_control.o
    0x080011a4   0x00000004   Code   RO          559    i.BusFault_Handler  stm32f4xx_it.o
    0x080011a8   0x00000060   Code   RO         4394    i.CAN1_Call_Back    can_connection.o
    0x08001208   0x00000010   Code   RO          560    i.CAN1_RX0_IRQHandler  stm32f4xx_it.o
    0x08001218   0x00000010   Code   RO          561    i.CAN1_RX1_IRQHandler  stm32f4xx_it.o
    0x08001228   0x00000010   Code   RO          562    i.CAN1_TX_IRQHandler  stm32f4xx_it.o
    0x08001238   0x00000068   Code   RO         4395    i.CAN2_Call_Back    can_connection.o
    0x080012a0   0x00000010   Code   RO          563    i.CAN2_RX0_IRQHandler  stm32f4xx_it.o
    0x080012b0   0x00000010   Code   RO          564    i.CAN2_RX1_IRQHandler  stm32f4xx_it.o
    0x080012c0   0x00000010   Code   RO          565    i.CAN2_TX_IRQHandler  stm32f4xx_it.o
    0x080012d0   0x000000ec   Code   RO         4523    i.CAN_Init          drv_can.o
    0x080013bc   0x0000002c   Code   RO         4525    i.CAN_Send_EXT_Data  drv_can.o
    0x080013e8   0x00000024   Code   RO         4396    i.Can_Connection_Init  can_connection.o
    0x0800140c   0x00000042   Code   RO         4191    i.Chassis_Control_Mode_Update  gimbal_connection.o
    0x0800144e   0x00000016   Code   RO         4192    i.Chassis_Flag_Update  gimbal_connection.o
    0x08001464   0x00000054   Code   RO         4045    i.Chassis_Init      chassis.o
    0x080014b8   0x00000090   Code   RO         4046    i.Chassis_Inveter_Judge  chassis.o
    0x08001548   0x000000ac   Code   RO         4047    i.Chassis_Mode_Command_Update  chassis.o
    0x080015f4   0x0000001c   Code   RO         4048    i.Chassis_Move      chassis.o
    0x08001610   0x00000020   Code   RO         4140    i.Chassis_Power_Control_Init  agv_control.o
    0x08001630   0x00000044   Code   RO         4193    i.Chassis_Speed_Command_Update  gimbal_connection.o
    0x08001674   0x00000074   Code   RO         4338    i.Chassis_Speed_Control  kinematic.o
    0x080016e8   0x000000ea   Code   RO         4049    i.Chassis_Speed_Slow_Motion  chassis.o
    0x080017d2   0x00000002   PAD
    0x080017d4   0x00000010   Code   RO          566    i.DMA2_Stream1_IRQHandler  stm32f4xx_it.o
    0x080017e4   0x00000010   Code   RO          567    i.DMA2_Stream6_IRQHandler  stm32f4xx_it.o
    0x080017f4   0x00000034   Code   RO         1451    i.DMA_CalcBaseAndBitshift  stm32f4xx_hal_dma.o
    0x08001828   0x000000aa   Code   RO         1452    i.DMA_CheckFifoParam  stm32f4xx_hal_dma.o
    0x080018d2   0x00000002   Code   RO          568    i.DebugMon_Handler  stm32f4xx_it.o
    0x080018d4   0x00000010   Code   RO         4526    i.EXT_ID_Set        drv_can.o
    0x080018e4   0x00000006   Code   RO           13    i.Error_Handler     main.o
    0x080018ea   0x0000001a   Code   RO         4339    i.Float_Abs         kinematic.o
    0x08001904   0x0000000c   Code   RO         4194    i.Fric_Speed_And_Pitch_Angle_Update  gimbal_connection.o
    0x08001910   0x00000020   Code   RO         4237    i.GM6020_Current_From_Lsb_To_Ampere  motor.o
    0x08001930   0x0000002a   Code   RO         4238    i.GM6020_Feedback_Update  motor.o
    0x0800195a   0x00000002   PAD
    0x0800195c   0x00000024   Code   RO         4240    i.GM6020_Position_From_Lsb_To_Degree  motor.o
    0x08001980   0x0000002c   Code   RO         4241    i.GM6020_Position_From_Lsb_To_Rad  motor.o
    0x080019ac   0x0000010c   Code   RO         4242    i.GM6020_Status_Update  motor.o
    0x08001ab8   0x00000034   Code   RO         3933    i.Get_CRC16_Check_Sum  algorithmofcrc.o
    0x08001aec   0x00000024   Code   RO         3934    i.Get_CRC8_Check_Sum  algorithmofcrc.o
    0x08001b10   0x000000a4   Code   RO         4050    i.Gimbal_To_Chassis_Relative_Angle_Update  chassis.o
    0x08001bb4   0x0000002a   Code   RO          714    i.HAL_CAN_ActivateNotification  stm32f4xx_hal_can.o
    0x08001bde   0x0000014a   Code   RO          715    i.HAL_CAN_AddTxMessage  stm32f4xx_hal_can.o
    0x08001d28   0x00000124   Code   RO          716    i.HAL_CAN_ConfigFilter  stm32f4xx_hal_can.o
    0x08001e4c   0x00000002   Code   RO          719    i.HAL_CAN_ErrorCallback  stm32f4xx_hal_can.o
    0x08001e4e   0x00000194   Code   RO          722    i.HAL_CAN_GetRxMessage  stm32f4xx_hal_can.o
    0x08001fe2   0x0000024e   Code   RO          726    i.HAL_CAN_IRQHandler  stm32f4xx_hal_can.o
    0x08002230   0x00000174   Code   RO          727    i.HAL_CAN_Init      stm32f4xx_hal_can.o
    0x080023a4   0x000001a0   Code   RO          352    i.HAL_CAN_MspInit   can.o
    0x08002544   0x00000002   Code   RO          734    i.HAL_CAN_RxFifo0FullCallback  stm32f4xx_hal_can.o
    0x08002546   0x00000002   PAD
    0x08002548   0x00000058   Code   RO         4527    i.HAL_CAN_RxFifo0MsgPendingCallback  drv_can.o
    0x080025a0   0x00000002   Code   RO          736    i.HAL_CAN_RxFifo1FullCallback  stm32f4xx_hal_can.o
    0x080025a2   0x00000002   PAD
    0x080025a4   0x00000058   Code   RO         4528    i.HAL_CAN_RxFifo1MsgPendingCallback  drv_can.o
    0x080025fc   0x00000002   Code   RO          738    i.HAL_CAN_SleepCallback  stm32f4xx_hal_can.o
    0x080025fe   0x0000005e   Code   RO          739    i.HAL_CAN_Start     stm32f4xx_hal_can.o
    0x0800265c   0x00000002   Code   RO          741    i.HAL_CAN_TxMailbox0AbortCallback  stm32f4xx_hal_can.o
    0x0800265e   0x00000002   Code   RO          742    i.HAL_CAN_TxMailbox0CompleteCallback  stm32f4xx_hal_can.o
    0x08002660   0x00000002   Code   RO          743    i.HAL_CAN_TxMailbox1AbortCallback  stm32f4xx_hal_can.o
    0x08002662   0x00000002   Code   RO          744    i.HAL_CAN_TxMailbox1CompleteCallback  stm32f4xx_hal_can.o
    0x08002664   0x00000002   Code   RO          745    i.HAL_CAN_TxMailbox2AbortCallback  stm32f4xx_hal_can.o
    0x08002666   0x00000002   Code   RO          746    i.HAL_CAN_TxMailbox2CompleteCallback  stm32f4xx_hal_can.o
    0x08002668   0x00000002   Code   RO          748    i.HAL_CAN_WakeUpFromRxMsgCallback  stm32f4xx_hal_can.o
    0x0800266a   0x00000002   PAD
    0x0800266c   0x00000240   Code   RO         1459    i.HAL_DMA_IRQHandler  stm32f4xx_hal_dma.o
    0x080028ac   0x000000ec   Code   RO         1460    i.HAL_DMA_Init      stm32f4xx_hal_dma.o
    0x08002998   0x000001f4   Code   RO         1347    i.HAL_GPIO_Init     stm32f4xx_hal_gpio.o
    0x08002b8c   0x0000000c   Code   RO         1890    i.HAL_GetTick       stm32f4xx_hal.o
    0x08002b98   0x00000018   Code   RO         1896    i.HAL_IncTick       stm32f4xx_hal.o
    0x08002bb0   0x0000003c   Code   RO         1897    i.HAL_Init          stm32f4xx_hal.o
    0x08002bec   0x0000004c   Code   RO         1898    i.HAL_InitTick      stm32f4xx_hal.o
    0x08002c38   0x00000048   Code   RO          689    i.HAL_MspInit       stm32f4xx_hal_msp.o
    0x08002c80   0x00000028   Code   RO         1737    i.HAL_NVIC_EnableIRQ  stm32f4xx_hal_cortex.o
    0x08002ca8   0x0000007c   Code   RO         1743    i.HAL_NVIC_SetPriority  stm32f4xx_hal_cortex.o
    0x08002d24   0x00000028   Code   RO         1744    i.HAL_NVIC_SetPriorityGrouping  stm32f4xx_hal_cortex.o
    0x08002d4c   0x000001a0   Code   RO         1053    i.HAL_RCCEx_PeriphCLKConfig  stm32f4xx_hal_rcc_ex.o
    0x08002eec   0x00000184   Code   RO          948    i.HAL_RCC_ClockConfig  stm32f4xx_hal_rcc.o
    0x08003070   0x0000000c   Code   RO          953    i.HAL_RCC_GetHCLKFreq  stm32f4xx_hal_rcc.o
    0x0800307c   0x00000020   Code   RO          955    i.HAL_RCC_GetPCLK1Freq  stm32f4xx_hal_rcc.o
    0x0800309c   0x00000020   Code   RO          956    i.HAL_RCC_GetPCLK2Freq  stm32f4xx_hal_rcc.o
    0x080030bc   0x000000b0   Code   RO          957    i.HAL_RCC_GetSysClockFreq  stm32f4xx_hal_rcc.o
    0x0800316c   0x0000049c   Code   RO          960    i.HAL_RCC_OscConfig  stm32f4xx_hal_rcc.o
    0x08003608   0x000000b4   Code   RO         2148    i.HAL_RTC_Init      stm32f4xx_hal_rtc.o
    0x080036bc   0x0000003c   Code   RO          428    i.HAL_RTC_MspInit   rtc.o
    0x080036f8   0x00000038   Code   RO         2156    i.HAL_RTC_WaitForSynchro  stm32f4xx_hal_rtc.o
    0x08003730   0x00000034   Code   RO         1748    i.HAL_SYSTICK_Config  stm32f4xx_hal_cortex.o
    0x08003764   0x00000002   Code   RO         3254    i.HAL_TIMEx_BreakCallback  stm32f4xx_hal_tim_ex.o
    0x08003766   0x00000002   Code   RO         3255    i.HAL_TIMEx_CommutCallback  stm32f4xx_hal_tim_ex.o
    0x08003768   0x000000b4   Code   RO         3273    i.HAL_TIMEx_MasterConfigSynchronization  stm32f4xx_hal_tim_ex.o
    0x0800381c   0x00000066   Code   RO         2539    i.HAL_TIM_Base_Init  stm32f4xx_hal_tim.o
    0x08003882   0x00000002   PAD
    0x08003884   0x00000078   Code   RO          470    i.HAL_TIM_Base_MspInit  tim.o
    0x080038fc   0x000000a8   Code   RO         2544    i.HAL_TIM_Base_Start_IT  stm32f4xx_hal_tim.o
    0x080039a4   0x0000010c   Code   RO         2548    i.HAL_TIM_ConfigClockSource  stm32f4xx_hal_tim.o
    0x08003ab0   0x00000002   Code   RO         2573    i.HAL_TIM_IC_CaptureCallback  stm32f4xx_hal_tim.o
    0x08003ab2   0x0000016c   Code   RO         2587    i.HAL_TIM_IRQHandler  stm32f4xx_hal_tim.o
    0x08003c1e   0x00000002   Code   RO         2590    i.HAL_TIM_OC_DelayElapsedCallback  stm32f4xx_hal_tim.o
    0x08003c20   0x00000002   Code   RO         2617    i.HAL_TIM_PWM_PulseFinishedCallback  stm32f4xx_hal_tim.o
    0x08003c22   0x00000002   PAD
    0x08003c24   0x000000ac   Code   RO         4673    i.HAL_TIM_PeriodElapsedCallback  chassis_task.o
    0x08003cd0   0x00000002   Code   RO         2630    i.HAL_TIM_TriggerCallback  stm32f4xx_hal_tim.o
    0x08003cd2   0x00000076   Code   RO         3551    i.HAL_UART_Init     stm32f4xx_hal_uart.o
    0x08003d48   0x0000011c   Code   RO          518    i.HAL_UART_MspInit  usart.o
    0x08003e64   0x00000004   Code   RO          569    i.HardFault_Handler  stm32f4xx_it.o
    0x08003e68   0x000001a0   Code   RO         3989    i.Judge_Buffer_Receive_Task  referee.o
    0x08004008   0x00000048   Code   RO          353    i.MX_CAN1_Init      can.o
    0x08004050   0x00000048   Code   RO          354    i.MX_CAN2_Init      can.o
    0x08004098   0x00000048   Code   RO          400    i.MX_DMA_Init       dma.o
    0x080040e0   0x000000a0   Code   RO          225    i.MX_GPIO_Init      gpio.o
    0x08004180   0x00000034   Code   RO          429    i.MX_RTC_Init       rtc.o
    0x080041b4   0x00000070   Code   RO          471    i.MX_TIM3_Init      tim.o
    0x08004224   0x00000054   Code   RO          472    i.MX_TIM9_Init      tim.o
    0x08004278   0x00000038   Code   RO          519    i.MX_USART6_UART_Init  usart.o
    0x080042b0   0x00000004   Code   RO          570    i.MemManage_Handler  stm32f4xx_it.o
    0x080042b4   0x00000004   Code   RO          571    i.NMI_Handler       stm32f4xx_it.o
    0x080042b8   0x000001b0   Code   RO         4594    i.PID_Calculate     pid.o
    0x08004468   0x00000028   Code   RO         4595    i.PID_Init          pid.o
    0x08004490   0x00000002   Code   RO          572    i.PendSV_Handler    stm32f4xx_it.o
    0x08004492   0x0000004a   Code   RO         2159    i.RTC_EnterInitMode  stm32f4xx_hal_rtc.o
    0x080044dc   0x0000002e   Code   RO         2160    i.RTC_ExitInitMode  stm32f4xx_hal_rtc.o
    0x0800450a   0x00000002   PAD
    0x0800450c   0x00000144   Code   RO         3990    i.ReFeree_Usart_Init  referee.o
    0x08004650   0x00000018   Code   RO         3991    i.Referee_Init      referee.o
    0x08004668   0x00000002   Code   RO          573    i.SVC_Handler       stm32f4xx_it.o
    0x0800466a   0x0000001a   Code   RO         4141    i.Set_AGV_Velocity_Vector_Data_Update  agv_control.o
    0x08004684   0x000001c0   Code   RO         4340    i.Speed_Limitation  kinematic.o
    0x08004844   0x0000000e   Code   RO         4341    i.Square            kinematic.o
    0x08004852   0x00000008   Code   RO          574    i.SysTick_Handler   stm32f4xx_it.o
    0x0800485a   0x00000002   PAD
    0x0800485c   0x000000bc   Code   RO           14    i.SystemClock_Config  main.o
    0x08004918   0x00000014   Code   RO         3895    i.SystemInit        system_stm32f4xx.o
    0x0800492c   0x00000010   Code   RO          575    i.TIM3_IRQHandler   stm32f4xx_it.o
    0x0800493c   0x000000e8   Code   RO         2632    i.TIM_Base_SetConfig  stm32f4xx_hal_tim.o
    0x08004a24   0x00000016   Code   RO         2643    i.TIM_ETR_SetConfig  stm32f4xx_hal_tim.o
    0x08004a3a   0x00000012   Code   RO         2644    i.TIM_ITRx_SetConfig  stm32f4xx_hal_tim.o
    0x08004a4c   0x00000026   Code   RO         2650    i.TIM_TI1_ConfigInputStage  stm32f4xx_hal_tim.o
    0x08004a72   0x00000028   Code   RO         2652    i.TIM_TI2_ConfigInputStage  stm32f4xx_hal_tim.o
    0x08004a9a   0x00000018   Code   RO         4674    i.Task_Init         chassis_task.o
    0x08004ab2   0x00000028   Code   RO         4675    i.Time_Count_Task   chassis_task.o
    0x08004ada   0x00000002   PAD
    0x08004adc   0x0000022c   Code   RO         3578    i.UART_SetConfig    stm32f4xx_hal_uart.o
    0x08004d08   0x0000012c   Code   RO         3992    i.USART6_IRQHandler  referee.o
    0x08004e34   0x00000004   Code   RO          576    i.UsageFault_Handler  stm32f4xx_it.o
    0x08004e38   0x00000040   Code   RO         3935    i.Verify_CRC16_Check_Sum  algorithmofcrc.o
    0x08004e78   0x0000002e   Code   RO         3936    i.Verify_CRC8_Check_Sum  algorithmofcrc.o
    0x08004ea6   0x00000002   PAD
    0x08004ea8   0x000000a0   Code   RO         4051    i.Yaw_Angle_Process  chassis.o
    0x08004f48   0x00000028   Code   RO         4052    i.Yaw_Init          chassis.o
    0x08004f70   0x00000030   Code   RO         4901    i.__ARM_fpclassify  m_wm.l(fpclassify.o)
    0x08004fa0   0x00000010   Code   RO         1750    i.__NVIC_GetPriorityGrouping  stm32f4xx_hal_cortex.o
    0x08004fb0   0x00000028   Code   RO         1751    i.__NVIC_SetPriority  stm32f4xx_hal_cortex.o
    0x08004fd8   0x000002d8   Code   RO         4828    i.__hardfp_atan     m_wm.l(atan.o)
    0x080052b0   0x000001f0   Code   RO         4760    i.__hardfp_atan2    m_wm.l(atan2.o)
    0x080054a0   0x000000c8   Code   RO         4772    i.__hardfp_cos      m_wm.l(cos.o)
    0x08005568   0x000000c8   Code   RO         4784    i.__hardfp_sin      m_wm.l(sin.o)
    0x08005630   0x0000007a   Code   RO         4796    i.__hardfp_sqrt     m_wm.l(sqrt.o)
    0x080056aa   0x00000006   PAD
    0x080056b0   0x00000438   Code   RO         4866    i.__ieee754_rem_pio2  m_wm.l(rred.o)
    0x08005ae8   0x00000170   Code   RO         4842    i.__kernel_cos      m_wm.l(cos_i.o)
    0x08005c58   0x000000f8   Code   RO         4903    i.__kernel_poly     m_wm.l(poly.o)
    0x08005d50   0x00000130   Code   RO         4871    i.__kernel_sin      m_wm.l(sin_i.o)
    0x08005e80   0x00000014   Code   RO         4846    i.__mathlib_dbl_infnan  m_wm.l(dunder.o)
    0x08005e94   0x00000014   Code   RO         4847    i.__mathlib_dbl_infnan2  m_wm.l(dunder.o)
    0x08005ea8   0x00000020   Code   RO         4848    i.__mathlib_dbl_invalid  m_wm.l(dunder.o)
    0x08005ec8   0x00000020   Code   RO         4851    i.__mathlib_dbl_underflow  m_wm.l(dunder.o)
    0x08005ee8   0x00000010   Code   RO         4830    i.atan              m_wm.l(atan.o)
    0x08005ef8   0x000000c4   Code   RO         4142    i.calculate_true_power  agv_control.o
    0x08005fbc   0x0000006e   Code   RO         4530    i.can_filter_mask_config  drv_can.o
    0x0800602a   0x00000002   PAD
    0x0800602c   0x00000060   Code   RO         4053    i.chassis_fllow     chassis.o
    0x0800608c   0x000000f0   Code   RO         4596    i.f_Changing_Integral_Rate  pid.o
    0x0800617c   0x00000030   Code   RO         4597    i.f_Derivative_Filter  pid.o
    0x080061ac   0x00000022   Code   RO         4598    i.f_Derivative_On_Measurement  pid.o
    0x080061ce   0x00000002   PAD
    0x080061d0   0x000000cc   Code   RO         4599    i.f_Integral_Limit  pid.o
    0x0800629c   0x00000030   Code   RO         4600    i.f_Output_Filter   pid.o
    0x080062cc   0x00000046   Code   RO         4601    i.f_Output_Limit    pid.o
    0x08006312   0x00000002   PAD
    0x08006314   0x000000c0   Code   RO         4602    i.f_PID_ErrorHandle  pid.o
    0x080063d4   0x00000074   Code   RO         4603    i.f_PID_param_init  pid.o
    0x08006448   0x00000034   Code   RO         4604    i.f_PID_reset       pid.o
    0x0800647c   0x00000046   Code   RO         4605    i.f_Proportion_Limit  pid.o
    0x080064c2   0x0000002a   Code   RO         4606    i.f_Trapezoid_Intergral  pid.o
    0x080064ec   0x00000018   Code   RO         4861    i.fabs              m_wm.l(fabs.o)
    0x08006504   0x0000003c   Code   RO           15    i.main              main.o
    0x08006540   0x00000018   Code   RO         4730    x$fpl$basic         fz_wm.l(basic.o)
    0x08006558   0x00000062   Code   RO         4732    x$fpl$d2f           fz_wm.l(d2f.o)
    0x080065ba   0x00000002   PAD
    0x080065bc   0x00000150   Code   RO         4734    x$fpl$dadd          fz_wm.l(daddsub_clz.o)
    0x0800670c   0x000002b0   Code   RO         4741    x$fpl$ddiv          fz_wm.l(ddiv.o)
    0x080069bc   0x0000005e   Code   RO         4744    x$fpl$dfix          fz_wm.l(dfix.o)
    0x08006a1a   0x0000002e   Code   RO         4749    x$fpl$dflt          fz_wm.l(dflt_clz.o)
    0x08006a48   0x00000026   Code   RO         4748    x$fpl$dfltu         fz_wm.l(dflt_clz.o)
    0x08006a6e   0x00000002   PAD
    0x08006a70   0x00000154   Code   RO         4754    x$fpl$dmul          fz_wm.l(dmul.o)
    0x08006bc4   0x0000009c   Code   RO         4817    x$fpl$dnaninf       fz_wm.l(dnaninf.o)
    0x08006c60   0x0000000c   Code   RO         4819    x$fpl$dretinf       fz_wm.l(dretinf.o)
    0x08006c6c   0x00000016   Code   RO         4735    x$fpl$drsb          fz_wm.l(daddsub_clz.o)
    0x08006c82   0x00000002   PAD
    0x08006c84   0x00000198   Code   RO         4821    x$fpl$dsqrt         fz_wm.l(dsqrt_umaal.o)
    0x08006e1c   0x000001d4   Code   RO         4736    x$fpl$dsub          fz_wm.l(daddsub_clz.o)
    0x08006ff0   0x00000056   Code   RO         4758    x$fpl$f2d           fz_wm.l(f2d.o)
    0x08007046   0x0000008c   Code   RO         4823    x$fpl$fnaninf       fz_wm.l(fnaninf.o)
    0x080070d2   0x0000000a   Code   RO         4990    x$fpl$fpinit        fz_wm.l(fpinit.o)
    0x080070dc   0x0000000a   Code   RO         4825    x$fpl$fretinf       fz_wm.l(fretinf.o)
    0x080070e6   0x00000000   Code   RO         4827    x$fpl$usenofp       fz_wm.l(usenofp.o)
    0x080070e6   0x00000008   Data   RO         1466    .constdata          stm32f4xx_hal_dma.o
    0x080070ee   0x00000018   Data   RO         3896    .constdata          system_stm32f4xx.o
    0x08007106   0x00000302   Data   RO         3937    .constdata          algorithmofcrc.o
    0x08007408   0x00000098   Data   RO         4831    .constdata          m_wm.l(atan.o)
    0x080074a0   0x00000030   Data   RO         4843    .constdata          m_wm.l(cos_i.o)
    0x080074d0   0x00000008   Data   RO         4865    .constdata          m_wm.l(qnan.o)
    0x080074d8   0x000000c8   Data   RO         4868    .constdata          m_wm.l(rred.o)
    0x080075a0   0x00000028   Data   RO         4872    .constdata          m_wm.l(sin_i.o)
    0x080075c8   0x00000020   Data   RO         5046    Region$$Table       anon$$obj.o


    Execution Region RW_IRAM1 (Base: 0x20000000, Size: 0x00001120, Max: 0x0001c000, ABSOLUTE, COMPRESSED[0x00000018])

    Base Addr    Size         Type   Attr      Idx    E Section Name        Object

    0x20000000   0x00000004   Data   RW          356    .data               can.o
    0x20000004   0x00000009   Data   RW         1904    .data               stm32f4xx_hal.o
    0x2000000d   0x00000003   PAD
    0x20000010   0x00000004   Data   RW         3897    .data               system_stm32f4xx.o
    0x20000014   0x00000002   Data   RW         3938    .data               algorithmofcrc.o
    0x20000016   0x00000002   Data   RW         3994    .data               referee.o
    0x20000018   0x00000028   Data   RW         4055    .data               chassis.o
    0x20000040   0x0000000c   Data   RW         4342    .data               kinematic.o
    0x2000004c   0x000000dc   Data   RW         4532    .data               drv_can.o
    0x20000128   0x00000008   Data   RW         4676    .data               chassis_task.o
    0x20000130   0x00000050   Zero   RW          355    .bss                can.o
    0x20000180   0x00000020   Zero   RW          430    .bss                rtc.o
    0x200001a0   0x00000090   Zero   RW          473    .bss                tim.o
    0x20000230   0x00000108   Zero   RW          520    .bss                usart.o
    0x20000338   0x000004b9   Zero   RW         3993    .bss                referee.o
    0x200007f1   0x00000003   PAD
    0x200007f4   0x0000021a   Zero   RW         4054    .bss                chassis.o
    0x20000a0e   0x00000002   PAD
    0x20000a10   0x00000030   Zero   RW         4143    .bss                agv_control.o
    0x20000a40   0x00000024   Zero   RW         4195    .bss                gimbal_connection.o
    0x20000a64   0x00000058   Zero   RW         4531    .bss                drv_can.o
    0x20000abc   0x00000060   Zero   RW         4906    .bss                c_w.l(libspace.o)
    0x20000b1c   0x00000004   PAD
    0x20000b20   0x00000200   Zero   RW            2    HEAP                startup_stm32f407xx.o
    0x20000d20   0x00000400   Zero   RW            1    STACK               startup_stm32f407xx.o


    Execution Region RW_IRAM2 (Base: 0x2001c000, Size: 0x00000000, Max: 0x00004000, ABSOLUTE)

    **** No section assigned to this execution region ****


==============================================================================

Image component sizes


      Code (inc. data)   RO Data    RW Data    ZI Data      Debug   Object Name

       782         42          0          0         48       5586   agv_control.o
       198         16        770          2          0       3653   algorithmofcrc.o
       560         44          0          4         80       2474   can.o
       236         28          0          0          0       1728   can_connection.o
      1122        108          0         40        538       7202   chassis.o
       236         22          0          8          0       2717   chassis_task.o
        72          4          0          0          0        770   dma.o
       582         50          0        220         88       7764   drv_can.o
       168          0          0          0         36       3956   gimbal_connection.o
       160          4          0          0          0     709103   gpio.o
      3236        106          0         12          0       6120   kinematic.o
       254         16          0          0          0     693682   main.o
       422         36          0          0          0       5223   motor.o
      1588         46          0          0          0       8687   pid.o
      1064         72          0          2       1209       6893   referee.o
       112         18          0          0         32       1535   rtc.o
        64         26        392          0       1536        844   startup_stm32f407xx.o
       172         32          0          9          0       8745   stm32f4xx_hal.o
      2146          6          0          0          0      13759   stm32f4xx_hal_can.o
       312         22          0          0          0      34323   stm32f4xx_hal_cortex.o
      1034         16          8          0          0       3880   stm32f4xx_hal_dma.o
       500         46          0          0          0       1452   stm32f4xx_hal_gpio.o
        72          4          0          0          0        854   stm32f4xx_hal_msp.o
      1820         84          0          0          0       5608   stm32f4xx_hal_rcc.o
       416         20          0          0          0       1400   stm32f4xx_hal_rcc_ex.o
       356          8          0          0          0       3279   stm32f4xx_hal_rtc.o
      1260         76          0          0          0       9819   stm32f4xx_hal_tim.o
       184         30          0          0          0       2517   stm32f4xx_hal_tim_ex.o
       674         10          0          0          0       1864   stm32f4xx_hal_uart.o
       178         54          0          0          0       8690   stm32f4xx_it.o
        20          6         24          4          0       1127   system_stm32f4xx.o
       316         32          0          0        144       2315   tim.o
       340         36          0          0        264       1876   usart.o

    ----------------------------------------------------------------------
     20684       1120       1226        304       3980    1569445   Object Totals
         0          0         32          0          0          0   (incl. Generated)
        28          0          0          3          5          0   (incl. Padding)

    ----------------------------------------------------------------------

      Code (inc. data)   RO Data    RW Data    ZI Data      Debug   Library Member Name

        58          0          0          0          0          0   __dczerorl.o
         8          0          0          0          0         68   __main.o
         0          0          0          0          0          0   __rtentry.o
        12          0          0          0          0          0   __rtentry2.o
         6          0          0          0          0          0   __rtentry4.o
        52          8          0          0          0          0   __scatter.o
        28          0          0          0          0          0   __scatter_zi.o
        22          0          0          0          0        100   _rserrno.o
        18          0          0          0          0         80   exit.o
         6          0          0          0          0        152   heapauxi.o
         0          0          0          0          0          0   indicate_semi.o
         2          0          0          0          0          0   libinit.o
         6          0          0          0          0          0   libinit2.o
         2          0          0          0          0          0   libshutdown.o
         2          0          0          0          0          0   libshutdown2.o
         8          4          0          0         96         68   libspace.o
       238          0          0          0          0        100   lludivv7m.o
         8          4          0          0          0         68   rt_errno_addr_intlibspace.o
        78          0          0          0          0         80   rt_memclr_w.o
       138          0          0          0          0         68   rt_memcpy_v6.o
       100          0          0          0          0         80   rt_memcpy_w.o
         2          0          0          0          0          0   rtexit.o
        10          0          0          0          0          0   rtexit2.o
        12          4          0          0          0         68   sys_exit.o
        74          0          0          0          0         80   sys_stackheap_outer.o
         2          0          0          0          0         68   use_no_semi.o
        24          0          0          0          0        164   basic.o
        98          4          0          0          0        140   d2f.o
       826         16          0          0          0        492   daddsub_clz.o
       688        140          0          0          0        256   ddiv.o
        94          4          0          0          0        140   dfix.o
        84          0          0          0          0        232   dflt_clz.o
       340         12          0          0          0        152   dmul.o
       156          4          0          0          0        140   dnaninf.o
        12          0          0          0          0        116   dretinf.o
       408         56          0          0          0        168   dsqrt_umaal.o
        86          4          0          0          0        132   f2d.o
       140          4          0          0          0        132   fnaninf.o
        10          0          0          0          0        116   fpinit.o
        10          0          0          0          0        116   fretinf.o
         0          0          0          0          0          0   usenofp.o
       744        106        152          0          0        352   atan.o
       496         64          0          0          0        192   atan2.o
       200         20          0          0          0        164   cos.o
       368         46         48          0          0        200   cos_i.o
       104         16          0          0          0        496   dunder.o
        24          0          0          0          0        124   fabs.o
        48          0          0          0          0        124   fpclassify.o
       248          0          0          0          0        152   poly.o
         0          0          8          0          0          0   qnan.o
      1080        142        200          0          0        188   rred.o
       200         20          0          0          0        164   sin.o
       304         24         40          0          0        208   sin_i.o
       122          0          0          0          0        148   sqrt.o

    ----------------------------------------------------------------------
      7826        702        448          0        100       6088   Library Totals
        20          0          0          0          4          0   (incl. Padding)

    ----------------------------------------------------------------------

      Code (inc. data)   RO Data    RW Data    ZI Data      Debug   Library Name

       892         20          0          0         96       1080   c_w.l
      2976        244          0          0          0       2496   fz_wm.l
      3938        438        448          0          0       2512   m_wm.l

    ----------------------------------------------------------------------
      7826        702        448          0        100       6088   Library Totals

    ----------------------------------------------------------------------

==============================================================================


      Code (inc. data)   RO Data    RW Data    ZI Data      Debug   

     28510       1822       1674        304       4080    1557565   Grand Totals
     28510       1822       1674         24       4080    1557565   ELF Image Totals (compressed)
     28510       1822       1674         24          0          0   ROM Totals

==============================================================================

    Total RO  Size (Code + RO Data)                30184 (  29.48kB)
    Total RW  Size (RW Data + ZI Data)              4384 (   4.28kB)
    Total ROM Size (Code + RO Data + RW Data)      30208 (  29.50kB)

==============================================================================

