Component: ARM Compiler 5.06 update 5 (build 528) Tool: armlink [4d35e2]

==============================================================================

Section Cross References

    startup_stm32f407xx.o(RESET) refers to startup_stm32f407xx.o(STACK) for __initial_sp
    startup_stm32f407xx.o(RESET) refers to startup_stm32f407xx.o(.text) for Reset_Handler
    startup_stm32f407xx.o(RESET) refers to stm32f4xx_it.o(i.NMI_Handler) for NMI_Handler
    startup_stm32f407xx.o(RESET) refers to stm32f4xx_it.o(i.HardFault_Handler) for HardFault_Handler
    startup_stm32f407xx.o(RESET) refers to stm32f4xx_it.o(i.MemManage_Handler) for MemManage_Handler
    startup_stm32f407xx.o(RESET) refers to stm32f4xx_it.o(i.BusFault_Handler) for BusFault_Handler
    startup_stm32f407xx.o(RESET) refers to stm32f4xx_it.o(i.UsageFault_Handler) for UsageFault_Handler
    startup_stm32f407xx.o(RESET) refers to stm32f4xx_it.o(i.SVC_Handler) for SVC_Handler
    startup_stm32f407xx.o(RESET) refers to stm32f4xx_it.o(i.DebugMon_Handler) for DebugMon_Handler
    startup_stm32f407xx.o(RESET) refers to stm32f4xx_it.o(i.PendSV_Handler) for PendSV_Handler
    startup_stm32f407xx.o(RESET) refers to stm32f4xx_it.o(i.SysTick_Handler) for SysTick_Handler
    startup_stm32f407xx.o(RESET) refers to stm32f4xx_it.o(i.CAN1_TX_IRQHandler) for CAN1_TX_IRQHandler
    startup_stm32f407xx.o(RESET) refers to stm32f4xx_it.o(i.CAN1_RX0_IRQHandler) for CAN1_RX0_IRQHandler
    startup_stm32f407xx.o(RESET) refers to stm32f4xx_it.o(i.CAN1_RX1_IRQHandler) for CAN1_RX1_IRQHandler
    startup_stm32f407xx.o(RESET) refers to stm32f4xx_it.o(i.TIM2_IRQHandler) for TIM2_IRQHandler
    startup_stm32f407xx.o(RESET) refers to stm32f4xx_it.o(i.TIM3_IRQHandler) for TIM3_IRQHandler
    startup_stm32f407xx.o(RESET) refers to stm32f4xx_it.o(i.TIM4_IRQHandler) for TIM4_IRQHandler
    startup_stm32f407xx.o(RESET) refers to stm32f4xx_it.o(i.USART1_IRQHandler) for USART1_IRQHandler
    startup_stm32f407xx.o(RESET) refers to stm32f4xx_it.o(i.DMA2_Stream1_IRQHandler) for DMA2_Stream1_IRQHandler
    startup_stm32f407xx.o(RESET) refers to stm32f4xx_it.o(i.CAN2_TX_IRQHandler) for CAN2_TX_IRQHandler
    startup_stm32f407xx.o(RESET) refers to stm32f4xx_it.o(i.CAN2_RX0_IRQHandler) for CAN2_RX0_IRQHandler
    startup_stm32f407xx.o(RESET) refers to stm32f4xx_it.o(i.CAN2_RX1_IRQHandler) for CAN2_RX1_IRQHandler
    startup_stm32f407xx.o(RESET) refers to stm32f4xx_it.o(i.DMA2_Stream5_IRQHandler) for DMA2_Stream5_IRQHandler
    startup_stm32f407xx.o(RESET) refers to stm32f4xx_it.o(i.DMA2_Stream6_IRQHandler) for DMA2_Stream6_IRQHandler
    startup_stm32f407xx.o(RESET) refers to stm32f4xx_it.o(i.DMA2_Stream7_IRQHandler) for DMA2_Stream7_IRQHandler
    startup_stm32f407xx.o(RESET) refers to stm32f4xx_it.o(i.USART6_IRQHandler) for USART6_IRQHandler
    startup_stm32f407xx.o(RESET) refers to referee.o(i.USART6_IRQHandler) for USART6_IRQHandler
    startup_stm32f407xx.o(.text) refers to system_stm32f4xx.o(i.SystemInit) for SystemInit
    startup_stm32f407xx.o(.text) refers to entry.o(.ARM.Collect$$$$00000000) for __main
    main.o(i.SystemClock_Config) refers to memseta.o(.text) for __aeabi_memclr4
    main.o(i.SystemClock_Config) refers to stm32f4xx_hal_rcc.o(i.HAL_RCC_OscConfig) for HAL_RCC_OscConfig
    main.o(i.SystemClock_Config) refers to main.o(i.Error_Handler) for Error_Handler
    main.o(i.SystemClock_Config) refers to stm32f4xx_hal_rcc.o(i.HAL_RCC_ClockConfig) for HAL_RCC_ClockConfig
    main.o(i.main) refers to stm32f4xx_hal.o(i.HAL_Init) for HAL_Init
    main.o(i.main) refers to main.o(i.SystemClock_Config) for SystemClock_Config
    main.o(i.main) refers to gpio.o(i.MX_GPIO_Init) for MX_GPIO_Init
    main.o(i.main) refers to dma.o(i.MX_DMA_Init) for MX_DMA_Init
    main.o(i.main) refers to can.o(i.MX_CAN1_Init) for MX_CAN1_Init
    main.o(i.main) refers to can.o(i.MX_CAN2_Init) for MX_CAN2_Init
    main.o(i.main) refers to rtc.o(i.MX_RTC_Init) for MX_RTC_Init
    main.o(i.main) refers to tim.o(i.MX_TIM3_Init) for MX_TIM3_Init
    main.o(i.main) refers to tim.o(i.MX_TIM9_Init) for MX_TIM9_Init
    main.o(i.main) refers to usart.o(i.MX_USART6_UART_Init) for MX_USART6_UART_Init
    main.o(i.main) refers to tim.o(i.MX_TIM2_Init) for MX_TIM2_Init
    main.o(i.main) refers to tim.o(i.MX_TIM4_Init) for MX_TIM4_Init
    main.o(i.main) refers to usart.o(i.MX_USART1_UART_Init) for MX_USART1_UART_Init
    main.o(i.main) refers to chassis_task.o(i.Task_Init) for Task_Init
    main.o(i.main) refers to buzzer.o(i.buzzer_init_example) for buzzer_init_example
    main.o(i.main) refers to stm32f4xx_hal_tim.o(i.HAL_TIM_Base_Start_IT) for HAL_TIM_Base_Start_IT
    main.o(i.main) refers to tim.o(.bss) for htim2
    can.o(i.HAL_CAN_MspDeInit) refers to stm32f4xx_hal_gpio.o(i.HAL_GPIO_DeInit) for HAL_GPIO_DeInit
    can.o(i.HAL_CAN_MspDeInit) refers to stm32f4xx_hal_cortex.o(i.HAL_NVIC_DisableIRQ) for HAL_NVIC_DisableIRQ
    can.o(i.HAL_CAN_MspDeInit) refers to can.o(.data) for HAL_RCC_CAN1_CLK_ENABLED
[...]
    stm32f4xx_hal_tim.o(i.TIM_SlaveTimer_SetConfig) refers to stm32f4xx_hal_tim.o(i.TIM_ETR_SetConfig) for TIM_ETR_SetConfig
    stm32f4xx_hal_tim.o(i.TIM_SlaveTimer_SetConfig) refers to stm32f4xx_hal_tim.o(i.TIM_TI1_ConfigInputStage) for TIM_TI1_ConfigInputStage
    stm32f4xx_hal_tim.o(i.TIM_SlaveTimer_SetConfig) refers to stm32f4xx_hal_tim.o(i.TIM_TI2_ConfigInputStage) for TIM_TI2_ConfigInputStage
    stm32f4xx_hal_tim_ex.o(i.HAL_TIMEx_ConfigCommutEvent_DMA) refers to stm32f4xx_hal_tim_ex.o(i.TIMEx_DMACommutationCplt) for TIMEx_DMACommutationCplt
    stm32f4xx_hal_tim_ex.o(i.HAL_TIMEx_ConfigCommutEvent_DMA) refers to stm32f4xx_hal_tim_ex.o(i.TIMEx_DMACommutationHalfCplt) for TIMEx_DMACommutationHalfCplt
    stm32f4xx_hal_tim_ex.o(i.HAL_TIMEx_ConfigCommutEvent_DMA) refers to stm32f4xx_hal_tim.o(i.TIM_DMAError) for TIM_DMAError
    stm32f4xx_hal_tim_ex.o(i.HAL_TIMEx_HallSensor_DeInit) refers to stm32f4xx_hal_tim_ex.o(i.HAL_TIMEx_HallSensor_MspDeInit) for HAL_TIMEx_HallSensor_MspDeInit
    stm32f4xx_hal_tim_ex.o(i.HAL_TIMEx_HallSensor_Init) refers to stm32f4xx_hal_tim_ex.o(i.HAL_TIMEx_HallSensor_MspInit) for HAL_TIMEx_HallSensor_MspInit
    stm32f4xx_hal_tim_ex.o(i.HAL_TIMEx_HallSensor_Init) refers to stm32f4xx_hal_tim.o(i.TIM_Base_SetConfig) for TIM_Base_SetConfig
    stm32f4xx_hal_tim_ex.o(i.HAL_TIMEx_HallSensor_Init) refers to stm32f4xx_hal_tim.o(i.TIM_TI1_SetConfig) for TIM_TI1_SetConfig
    stm32f4xx_hal_tim_ex.o(i.HAL_TIMEx_HallSensor_Init) refers to stm32f4xx_hal_tim.o(i.TIM_OC2_SetConfig) for TIM_OC2_SetConfig
    stm32f4xx_hal_tim_ex.o(i.HAL_TIMEx_HallSensor_Start) refers to stm32f4xx_hal_tim.o(i.TIM_CCxChannelCmd) for TIM_CCxChannelCmd
    stm32f4xx_hal_tim_ex.o(i.HAL_TIMEx_HallSensor_Start_DMA) refers to stm32f4xx_hal_tim.o(i.TIM_CCxChannelCmd) for TIM_CCxChannelCmd
    stm32f4xx_hal_tim_ex.o(i.HAL_TIMEx_HallSensor_Start_DMA) refers to stm32f4xx_hal_dma.o(i.HAL_DMA_Start_IT) for HAL_DMA_Start_IT
    stm32f4xx_hal_tim_ex.o(i.HAL_TIMEx_HallSensor_Start_DMA) refers to stm32f4xx_hal_tim.o(i.TIM_DMACaptureCplt) for TIM_DMACaptureCplt
    stm32f4xx_hal_tim_ex.o(i.HAL_TIMEx_HallSensor_Start_DMA) refers to stm32f4xx_hal_tim.o(i.TIM_DMACaptureHalfCplt) for TIM_DMACaptureHalfCplt
    stm32f4xx_hal_tim_ex.o(i.HAL_TIMEx_HallSensor_Start_DMA) refers to stm32f4xx_hal_tim.o(i.TIM_DMAError) for TIM_DMAError
    stm32f4xx_hal_tim_ex.o(i.HAL_TIMEx_HallSensor_Start_IT) refers to stm32f4xx_hal_tim.o(i.TIM_CCxChannelCmd) for TIM_CCxChannelCmd
    stm32f4xx_hal_tim_ex.o(i.HAL_TIMEx_HallSensor_Stop) refers to stm32f4xx_hal_tim.o(i.TIM_CCxChannelCmd) for TIM_CCxChannelCmd
    stm32f4xx_hal_tim_ex.o(i.HAL_TIMEx_HallSensor_Stop_DMA) refers to stm32f4xx_hal_tim.o(i.TIM_CCxChannelCmd) for TIM_CCxChannelCmd
    stm32f4xx_hal_tim_ex.o(i.HAL_TIMEx_HallSensor_Stop_DMA) refers to stm32f4xx_hal_dma.o(i.HAL_DMA_Abort_IT) for HAL_DMA_Abort_IT
    stm32f4xx_hal_tim_ex.o(i.HAL_TIMEx_HallSensor_Stop_IT) refers to stm32f4xx_hal_tim.o(i.TIM_CCxChannelCmd) for TIM_CCxChannelCmd
    stm32f4xx_hal_tim_ex.o(i.HAL_TIMEx_OCN_Start) refers to stm32f4xx_hal_tim_ex.o(i.TIM_CCxNChannelCmd) for TIM_CCxNChannelCmd
    stm32f4xx_hal_tim_ex.o(i.HAL_TIMEx_OCN_Start_DMA) refers to stm32f4xx_hal_dma.o(i.HAL_DMA_Start_IT) for HAL_DMA_Start_IT
    stm32f4xx_hal_tim_ex.o(i.HAL_TIMEx_OCN_Start_DMA) refers to stm32f4xx_hal_tim_ex.o(i.TIM_CCxNChannelCmd) for TIM_CCxNChannelCmd
    stm32f4xx_hal_tim_ex.o(i.HAL_TIMEx_OCN_Start_DMA) refers to stm32f4xx_hal_tim_ex.o(i.TIM_DMADelayPulseNCplt) for TIM_DMADelayPulseNCplt
    stm32f4xx_hal_tim_ex.o(i.HAL_TIMEx_OCN_Start_DMA) refers to stm32f4xx_hal_tim.o(i.TIM_DMADelayPulseHalfCplt) for TIM_DMADelayPulseHalfCplt
    stm32f4xx_hal_tim_ex.o(i.HAL_TIMEx_OCN_Start_DMA) refers to stm32f4xx_hal_tim_ex.o(i.TIM_DMAErrorCCxN) for TIM_DMAErrorCCxN
    stm32f4xx_hal_tim_ex.o(i.HAL_TIMEx_OCN_Start_IT) refers to stm32f4xx_hal_tim_ex.o(i.TIM_CCxNChannelCmd) for TIM_CCxNChannelCmd
    stm32f4xx_hal_tim_ex.o(i.HAL_TIMEx_OCN_Stop) refers to stm32f4xx_hal_tim_ex.o(i.TIM_CCxNChannelCmd) for TIM_CCxNChannelCmd
    stm32f4xx_hal_tim_ex.o(i.HAL_TIMEx_OCN_Stop_DMA) refers to stm32f4xx_hal_dma.o(i.HAL_DMA_Abort_IT) for HAL_DMA_Abort_IT
    stm32f4xx_hal_tim_ex.o(i.HAL_TIMEx_OCN_Stop_DMA) refers to stm32f4xx_hal_tim_ex.o(i.TIM_CCxNChannelCmd) for TIM_CCxNChannelCmd
    stm32f4xx_hal_tim_ex.o(i.HAL_TIMEx_OCN_Stop_IT) refers to stm32f4xx_hal_tim_ex.o(i.TIM_CCxNChannelCmd) for TIM_CCxNChannelCmd
    stm32f4xx_hal_tim_ex.o(i.HAL_TIMEx_OnePulseN_Start) refers to stm32f4xx_hal_tim_ex.o(i.TIM_CCxNChannelCmd) for TIM_CCxNChannelCmd
    stm32f4xx_hal_tim_ex.o(i.HAL_TIMEx_OnePulseN_Start) refers to stm32f4xx_hal_tim.o(i.TIM_CCxChannelCmd) for TIM_CCxChannelCmd
    stm32f4xx_hal_tim_ex.o(i.HAL_TIMEx_OnePulseN_Start_IT) refers to stm32f4xx_hal_tim_ex.o(i.TIM_CCxNChannelCmd) for TIM_CCxNChannelCmd
    stm32f4xx_hal_tim_ex.o(i.HAL_TIMEx_OnePulseN_Start_IT) refers to stm32f4xx_hal_tim.o(i.TIM_CCxChannelCmd) for TIM_CCxChannelCmd
    stm32f4xx_hal_tim_ex.o(i.HAL_TIMEx_OnePulseN_Stop) refers to stm32f4xx_hal_tim_ex.o(i.TIM_CCxNChannelCmd) for TIM_CCxNChannelCmd
    stm32f4xx_hal_tim_ex.o(i.HAL_TIMEx_OnePulseN_Stop) refers to stm32f4xx_hal_tim.o(i.TIM_CCxChannelCmd) for TIM_CCxChannelCmd
    stm32f4xx_hal_tim_ex.o(i.HAL_TIMEx_OnePulseN_Stop_IT) refers to stm32f4xx_hal_tim_ex.o(i.TIM_CCxNChannelCmd) for TIM_CCxNChannelCmd
    stm32f4xx_hal_tim_ex.o(i.HAL_TIMEx_OnePulseN_Stop_IT) refers to stm32f4xx_hal_tim.o(i.TIM_CCxChannelCmd) for TIM_CCxChannelCmd
    stm32f4xx_hal_tim_ex.o(i.HAL_TIMEx_PWMN_Start) refers to stm32f4xx_hal_tim_ex.o(i.TIM_CCxNChannelCmd) for TIM_CCxNChannelCmd
    stm32f4xx_hal_tim_ex.o(i.HAL_TIMEx_PWMN_Start_DMA) refers to stm32f4xx_hal_dma.o(i.HAL_DMA_Start_IT) for HAL_DMA_Start_IT
    stm32f4xx_hal_tim_ex.o(i.HAL_TIMEx_PWMN_Start_DMA) refers to stm32f4xx_hal_tim_ex.o(i.TIM_CCxNChannelCmd) for TIM_CCxNChannelCmd
    stm32f4xx_hal_tim_ex.o(i.HAL_TIMEx_PWMN_Start_DMA) refers to stm32f4xx_hal_tim_ex.o(i.TIM_DMADelayPulseNCplt) for TIM_DMADelayPulseNCplt
    stm32f4xx_hal_tim_ex.o(i.HAL_TIMEx_PWMN_Start_DMA) refers to stm32f4xx_hal_tim.o(i.TIM_DMADelayPulseHalfCplt) for TIM_DMADelayPulseHalfCplt
    stm32f4xx_hal_tim_ex.o(i.HAL_TIMEx_PWMN_Start_DMA) refers to stm32f4xx_hal_tim_ex.o(i.TIM_DMAErrorCCxN) for TIM_DMAErrorCCxN
    stm32f4xx_hal_tim_ex.o(i.HAL_TIMEx_PWMN_Start_IT) refers to stm32f4xx_hal_tim_ex.o(i.TIM_CCxNChannelCmd) for TIM_CCxNChannelCmd
    stm32f4xx_hal_tim_ex.o(i.HAL_TIMEx_PWMN_Stop) refers to stm32f4xx_hal_tim_ex.o(i.TIM_CCxNChannelCmd) for TIM_CCxNChannelCmd
    stm32f4xx_hal_tim_ex.o(i.HAL_TIMEx_PWMN_Stop_DMA) refers to stm32f4xx_hal_dma.o(i.HAL_DMA_Abort_IT) for HAL_DMA_Abort_IT
    stm32f4xx_hal_tim_ex.o(i.HAL_TIMEx_PWMN_Stop_DMA) refers to stm32f4xx_hal_tim_ex.o(i.TIM_CCxNChannelCmd) for TIM_CCxNChannelCmd
    stm32f4xx_hal_tim_ex.o(i.HAL_TIMEx_PWMN_Stop_IT) refers to stm32f4xx_hal_tim_ex.o(i.TIM_CCxNChannelCmd) for TIM_CCxNChannelCmd
    stm32f4xx_hal_tim_ex.o(i.TIMEx_DMACommutationCplt) refers to stm32f4xx_hal_tim_ex.o(i.HAL_TIMEx_CommutCallback) for HAL_TIMEx_CommutCallback
    stm32f4xx_hal_tim_ex.o(i.TIMEx_DMACommutationHalfCplt) refers to stm32f4xx_hal_tim_ex.o(i.HAL_TIMEx_CommutHalfCpltCallback) for HAL_TIMEx_CommutHalfCpltCallback
    stm32f4xx_hal_tim_ex.o(i.TIM_DMADelayPulseNCplt) refers to stm32f4xx_hal_tim.o(i.HAL_TIM_PWM_PulseFinishedCallback) for HAL_TIM_PWM_PulseFinishedCallback
    stm32f4xx_hal_tim_ex.o(i.TIM_DMAErrorCCxN) refers to stm32f4xx_hal_tim.o(i.HAL_TIM_ErrorCallback) for HAL_TIM_ErrorCallback
    stm32f4xx_hal_uart.o(i.HAL_HalfDuplex_Init) refers to usart.o(i.HAL_UART_MspInit) for HAL_UART_MspInit
    stm32f4xx_hal_uart.o(i.HAL_HalfDuplex_Init) refers to stm32f4xx_hal_uart.o(i.UART_SetConfig) for UART_SetConfig
    stm32f4xx_hal_uart.o(i.HAL_LIN_Init) refers to usart.o(i.HAL_UART_MspInit) for HAL_UART_MspInit
    stm32f4xx_hal_uart.o(i.HAL_LIN_Init) refers to stm32f4xx_hal_uart.o(i.UART_SetConfig) for UART_SetConfig
    stm32f4xx_hal_uart.o(i.HAL_MultiProcessor_Init) refers to usart.o(i.HAL_UART_MspInit) for HAL_UART_MspInit
    stm32f4xx_hal_uart.o(i.HAL_MultiProcessor_Init) refers to stm32f4xx_hal_uart.o(i.UART_SetConfig) for UART_SetConfig
    stm32f4xx_hal_uart.o(i.HAL_UARTEx_ReceiveToIdle) refers to stm32f4xx_hal.o(i.HAL_GetTick) for HAL_GetTick
    stm32f4xx_hal_uart.o(i.HAL_UARTEx_ReceiveToIdle_DMA) refers to stm32f4xx_hal_uart.o(i.UART_Start_Receive_DMA) for UART_Start_Receive_DMA
    stm32f4xx_hal_uart.o(i.HAL_UARTEx_ReceiveToIdle_IT) refers to stm32f4xx_hal_uart.o(i.UART_Start_Receive_IT) for UART_Start_Receive_IT
    stm32f4xx_hal_uart.o(i.HAL_UART_Abort) refers to stm32f4xx_hal_dma.o(i.HAL_DMA_Abort) for HAL_DMA_Abort
    stm32f4xx_hal_uart.o(i.HAL_UART_Abort) refers to stm32f4xx_hal_dma.o(i.HAL_DMA_GetError) for HAL_DMA_GetError
    stm32f4xx_hal_uart.o(i.HAL_UART_AbortReceive) refers to stm32f4xx_hal_dma.o(i.HAL_DMA_Abort) for HAL_DMA_Abort
    stm32f4xx_hal_uart.o(i.HAL_UART_AbortReceive) refers to stm32f4xx_hal_dma.o(i.HAL_DMA_GetError) for HAL_DMA_GetError
    stm32f4xx_hal_uart.o(i.HAL_UART_AbortReceive_IT) refers to stm32f4xx_hal_dma.o(i.HAL_DMA_Abort_IT) for HAL_DMA_Abort_IT
    stm32f4xx_hal_uart.o(i.HAL_UART_AbortReceive_IT) refers to stm32f4xx_hal_uart.o(i.HAL_UART_AbortReceiveCpltCallback) for HAL_UART_AbortReceiveCpltCallback
    stm32f4xx_hal_uart.o(i.HAL_UART_AbortReceive_IT) refers to stm32f4xx_hal_uart.o(i.UART_DMARxOnlyAbortCallback) for UART_DMARxOnlyAbortCallback
    stm32f4xx_hal_uart.o(i.HAL_UART_AbortTransmit) refers to stm32f4xx_hal_dma.o(i.HAL_DMA_Abort) for HAL_DMA_Abort
    stm32f4xx_hal_uart.o(i.HAL_UART_AbortTransmit) refers to stm32f4xx_hal_dma.o(i.HAL_DMA_GetError) for HAL_DMA_GetError
    stm32f4xx_hal_uart.o(i.HAL_UART_AbortTransmit_IT) refers to stm32f4xx_hal_dma.o(i.HAL_DMA_Abort_IT) for HAL_DMA_Abort_IT
    stm32f4xx_hal_uart.o(i.HAL_UART_AbortTransmit_IT) refers to stm32f4xx_hal_uart.o(i.HAL_UART_AbortTransmitCpltCallback) for HAL_UART_AbortTransmitCpltCallback
    stm32f4xx_hal_uart.o(i.HAL_UART_AbortTransmit_IT) refers to stm32f4xx_hal_uart.o(i.UART_DMATxOnlyAbortCallback) for UART_DMATxOnlyAbortCallback
    stm32f4xx_hal_uart.o(i.HAL_UART_Abort_IT) refers to stm32f4xx_hal_dma.o(i.HAL_DMA_Abort_IT) for HAL_DMA_Abort_IT
    stm32f4xx_hal_uart.o(i.HAL_UART_Abort_IT) refers to stm32f4xx_hal_uart.o(i.HAL_UART_AbortCpltCallback) for HAL_UART_AbortCpltCallback
    stm32f4xx_hal_uart.o(i.HAL_UART_Abort_IT) refers to stm32f4xx_hal_uart.o(i.UART_DMATxAbortCallback) for UART_DMATxAbortCallback
    stm32f4xx_hal_uart.o(i.HAL_UART_Abort_IT) refers to stm32f4xx_hal_uart.o(i.UART_DMARxAbortCallback) for UART_DMARxAbortCallback
    stm32f4xx_hal_uart.o(i.HAL_UART_DMAStop) refers to stm32f4xx_hal_dma.o(i.HAL_DMA_Abort) for HAL_DMA_Abort
    stm32f4xx_hal_uart.o(i.HAL_UART_DMAStop) refers to stm32f4xx_hal_uart.o(i.UART_EndTxTransfer) for UART_EndTxTransfer
    stm32f4xx_hal_uart.o(i.HAL_UART_DMAStop) refers to stm32f4xx_hal_uart.o(i.UART_EndRxTransfer) for UART_EndRxTransfer
    stm32f4xx_hal_uart.o(i.HAL_UART_DeInit) refers to usart.o(i.HAL_UART_MspDeInit) for HAL_UART_MspDeInit
    stm32f4xx_hal_uart.o(i.HAL_UART_IRQHandler) refers to stm32f4xx_hal_uart.o(i.UART_Receive_IT) for UART_Receive_IT
    stm32f4xx_hal_uart.o(i.HAL_UART_IRQHandler) refers to stm32f4xx_hal_uart.o(i.UART_EndRxTransfer) for UART_EndRxTransfer
    stm32f4xx_hal_uart.o(i.HAL_UART_IRQHandler) refers to stm32f4xx_hal_dma.o(i.HAL_DMA_Abort_IT) for HAL_DMA_Abort_IT
    stm32f4xx_hal_uart.o(i.HAL_UART_IRQHandler) refers to stm32f4xx_hal_uart.o(i.HAL_UART_ErrorCallback) for HAL_UART_ErrorCallback
    stm32f4xx_hal_uart.o(i.HAL_UART_IRQHandler) refers to stm32f4xx_hal_dma.o(i.HAL_DMA_Abort) for HAL_DMA_Abort
    stm32f4xx_hal_uart.o(i.HAL_UART_IRQHandler) refers to stm32f4xx_hal_uart.o(i.HAL_UARTEx_RxEventCallback) for HAL_UARTEx_RxEventCallback
    stm32f4xx_hal_uart.o(i.HAL_UART_IRQHandler) refers to stm32f4xx_hal_uart.o(i.UART_Transmit_IT) for UART_Transmit_IT
    stm32f4xx_hal_uart.o(i.HAL_UART_IRQHandler) refers to stm32f4xx_hal_uart.o(i.UART_EndTransmit_IT) for UART_EndTransmit_IT
    stm32f4xx_hal_uart.o(i.HAL_UART_IRQHandler) refers to stm32f4xx_hal_uart.o(i.UART_DMAAbortOnError) for UART_DMAAbortOnError
    stm32f4xx_hal_uart.o(i.HAL_UART_Init) refers to usart.o(i.HAL_UART_MspInit) for HAL_UART_MspInit
    stm32f4xx_hal_uart.o(i.HAL_UART_Init) refers to stm32f4xx_hal_uart.o(i.UART_SetConfig) for UART_SetConfig
    stm32f4xx_hal_uart.o(i.HAL_UART_Receive) refers to stm32f4xx_hal.o(i.HAL_GetTick) for HAL_GetTick
    stm32f4xx_hal_uart.o(i.HAL_UART_Receive) refers to stm32f4xx_hal_uart.o(i.UART_WaitOnFlagUntilTimeout) for UART_WaitOnFlagUntilTimeout
    stm32f4xx_hal_uart.o(i.HAL_UART_Receive_DMA) refers to stm32f4xx_hal_uart.o(i.UART_Start_Receive_DMA) for UART_Start_Receive_DMA
    stm32f4xx_hal_uart.o(i.HAL_UART_Receive_IT) refers to stm32f4xx_hal_uart.o(i.UART_Start_Receive_IT) for UART_Start_Receive_IT
    stm32f4xx_hal_uart.o(i.HAL_UART_Transmit) refers to stm32f4xx_hal.o(i.HAL_GetTick) for HAL_GetTick
    stm32f4xx_hal_uart.o(i.HAL_UART_Transmit) refers to stm32f4xx_hal_uart.o(i.UART_WaitOnFlagUntilTimeout) for UART_WaitOnFlagUntilTimeout
    stm32f4xx_hal_uart.o(i.HAL_UART_Transmit_DMA) refers to stm32f4xx_hal_dma.o(i.HAL_DMA_Start_IT) for HAL_DMA_Start_IT
    stm32f4xx_hal_uart.o(i.HAL_UART_Transmit_DMA) refers to stm32f4xx_hal_uart.o(i.UART_DMATransmitCplt) for UART_DMATransmitCplt
    stm32f4xx_hal_uart.o(i.HAL_UART_Transmit_DMA) refers to stm32f4xx_hal_uart.o(i.UART_DMATxHalfCplt) for UART_DMATxHalfCplt
    stm32f4xx_hal_uart.o(i.HAL_UART_Transmit_DMA) refers to stm32f4xx_hal_uart.o(i.UART_DMAError) for UART_DMAError
    stm32f4xx_hal_uart.o(i.UART_DMAAbortOnError) refers to stm32f4xx_hal_uart.o(i.HAL_UART_ErrorCallback) for HAL_UART_ErrorCallback
    stm32f4xx_hal_uart.o(i.UART_DMAError) refers to stm32f4xx_hal_uart.o(i.UART_EndTxTransfer) for UART_EndTxTransfer
    stm32f4xx_hal_uart.o(i.UART_DMAError) refers to stm32f4xx_hal_uart.o(i.UART_EndRxTransfer) for UART_EndRxTransfer
    stm32f4xx_hal_uart.o(i.UART_DMAError) refers to stm32f4xx_hal_uart.o(i.HAL_UART_ErrorCallback) for HAL_UART_ErrorCallback
    stm32f4xx_hal_uart.o(i.UART_DMAReceiveCplt) refers to stm32f4xx_hal_uart.o(i.HAL_UARTEx_RxEventCallback) for HAL_UARTEx_RxEventCallback
    stm32f4xx_hal_uart.o(i.UART_DMAReceiveCplt) refers to stm32f4xx_hal_uart.o(i.HAL_UART_RxCpltCallback) for HAL_UART_RxCpltCallback
    stm32f4xx_hal_uart.o(i.UART_DMARxAbortCallback) refers to stm32f4xx_hal_uart.o(i.HAL_UART_AbortCpltCallback) for HAL_UART_AbortCpltCallback
    stm32f4xx_hal_uart.o(i.UART_DMARxHalfCplt) refers to stm32f4xx_hal_uart.o(i.HAL_UARTEx_RxEventCallback) for HAL_UARTEx_RxEventCallback
    stm32f4xx_hal_uart.o(i.UART_DMARxHalfCplt) refers to stm32f4xx_hal_uart.o(i.HAL_UART_RxHalfCpltCallback) for HAL_UART_RxHalfCpltCallback
    stm32f4xx_hal_uart.o(i.UART_DMARxOnlyAbortCallback) refers to stm32f4xx_hal_uart.o(i.HAL_UART_AbortReceiveCpltCallback) for HAL_UART_AbortReceiveCpltCallback
    stm32f4xx_hal_uart.o(i.UART_DMATransmitCplt) refers to stm32f4xx_hal_uart.o(i.HAL_UART_TxCpltCallback) for HAL_UART_TxCpltCallback
    stm32f4xx_hal_uart.o(i.UART_DMATxAbortCallback) refers to stm32f4xx_hal_uart.o(i.HAL_UART_AbortCpltCallback) for HAL_UART_AbortCpltCallback
    stm32f4xx_hal_uart.o(i.UART_DMATxHalfCplt) refers to stm32f4xx_hal_uart.o(i.HAL_UART_TxHalfCpltCallback) for HAL_UART_TxHalfCpltCallback
    stm32f4xx_hal_uart.o(i.UART_DMATxOnlyAbortCallback) refers to stm32f4xx_hal_uart.o(i.HAL_UART_AbortTransmitCpltCallback) for HAL_UART_AbortTransmitCpltCallback
    stm32f4xx_hal_uart.o(i.UART_EndTransmit_IT) refers to stm32f4xx_hal_uart.o(i.HAL_UART_TxCpltCallback) for HAL_UART_TxCpltCallback
    stm32f4xx_hal_uart.o(i.UART_Receive_IT) refers to stm32f4xx_hal_uart.o(i.HAL_UARTEx_RxEventCallback) for HAL_UARTEx_RxEventCallback
    stm32f4xx_hal_uart.o(i.UART_Receive_IT) refers to stm32f4xx_hal_uart.o(i.HAL_UART_RxCpltCallback) for HAL_UART_RxCpltCallback
    stm32f4xx_hal_uart.o(i.UART_SetConfig) refers to stm32f4xx_hal_rcc.o(i.HAL_RCC_GetPCLK2Freq) for HAL_RCC_GetPCLK2Freq
    stm32f4xx_hal_uart.o(i.UART_SetConfig) refers to stm32f4xx_hal_rcc.o(i.HAL_RCC_GetPCLK1Freq) for HAL_RCC_GetPCLK1Freq
    stm32f4xx_hal_uart.o(i.UART_SetConfig) refers to uldiv.o(.text) for __aeabi_uldivmod
    stm32f4xx_hal_uart.o(i.UART_Start_Receive_DMA) refers to stm32f4xx_hal_dma.o(i.HAL_DMA_Start_IT) for HAL_DMA_Start_IT
    stm32f4xx_hal_uart.o(i.UART_Start_Receive_DMA) refers to stm32f4xx_hal_uart.o(i.UART_DMAReceiveCplt) for UART_DMAReceiveCplt
    stm32f4xx_hal_uart.o(i.UART_Start_Receive_DMA) refers to stm32f4xx_hal_uart.o(i.UART_DMARxHalfCplt) for UART_DMARxHalfCplt
    stm32f4xx_hal_uart.o(i.UART_Start_Receive_DMA) refers to stm32f4xx_hal_uart.o(i.UART_DMAError) for UART_DMAError
    stm32f4xx_hal_uart.o(i.UART_WaitOnFlagUntilTimeout) refers to stm32f4xx_hal.o(i.HAL_GetTick) for HAL_GetTick
    stm32f4xx_hal_uart.o(i.UART_WaitOnFlagUntilTimeout) refers to stm32f4xx_hal_uart.o(i.UART_EndRxTransfer) for UART_EndRxTransfer
    system_stm32f4xx.o(i.SystemCoreClockUpdate) refers to system_stm32f4xx.o(.data) for SystemCoreClock
    system_stm32f4xx.o(i.SystemCoreClockUpdate) refers to system_stm32f4xx.o(.constdata) for AHBPrescTable
    algorithmofcrc.o(i.Append_CRC16_Check_Sum) refers to algorithmofcrc.o(i.Get_CRC16_Check_Sum) for Get_CRC16_Check_Sum
    algorithmofcrc.o(i.Append_CRC16_Check_Sum) refers to algorithmofcrc.o(.data) for CRC_INIT
    algorithmofcrc.o(i.Append_CRC8_Check_Sum) refers to algorithmofcrc.o(i.Get_CRC8_Check_Sum) for Get_CRC8_Check_Sum
    algorithmofcrc.o(i.Get_CRC16_Check_Sum) refers to algorithmofcrc.o(.constdata) for wCRC_Table
    algorithmofcrc.o(i.Get_CRC8_Check_Sum) refers to algorithmofcrc.o(.constdata) for CRC8_TAB
    algorithmofcrc.o(i.Verify_CRC16_Check_Sum) refers to algorithmofcrc.o(i.Get_CRC16_Check_Sum) for Get_CRC16_Check_Sum
    algorithmofcrc.o(i.Verify_CRC16_Check_Sum) refers to algorithmofcrc.o(.data) for CRC_INIT
    algorithmofcrc.o(i.Verify_CRC8_Check_Sum) refers to algorithmofcrc.o(i.Get_CRC8_Check_Sum) for Get_CRC8_Check_Sum
    referee.o(i.Judge_Buffer_Receive_Task) refers to memcpya.o(.text) for __aeabi_memcpy
    referee.o(i.Judge_Buffer_Receive_Task) refers to referee.o(.data) for referee_receive_header
    referee.o(i.Judge_Buffer_Receive_Task) refers to referee.o(.bss) for JudgeReceive
    referee.o(i.ReFeree_Usart_Init) refers to usart.o(.bss) for huart6
    referee.o(i.ReFeree_Usart_Init) refers to referee.o(.bss) for usart6_buf
    referee.o(i.Referee_Init) refers to referee.o(i.ReFeree_Usart_Init) for ReFeree_Usart_Init
    referee.o(i.Referee_Init) refers to fifo.o(i.fifo_s_init) for fifo_s_init
    referee.o(i.Referee_Init) refers to referee.o(.bss) for usart6_buf
    referee.o(i.USART6_IRQHandler) refers to fifo.o(i.fifo_s_puts) for fifo_s_puts
    referee.o(i.USART6_IRQHandler) refers to stm32f4xx_hal_uart.o(i.HAL_UART_IRQHandler) for HAL_UART_IRQHandler
    referee.o(i.USART6_IRQHandler) refers to usart.o(.bss) for huart6
    referee.o(i.USART6_IRQHandler) refers to referee.o(.data) for this_time_rx_len
    referee.o(i.USART6_IRQHandler) refers to referee.o(.bss) for usart6_buf
    referee.o(i.referee_unpack_fifo_data) refers to fifo.o(i.fifo_s_get) for fifo_s_get
    referee.o(i.referee_unpack_fifo_data) refers to algorithmofcrc.o(i.Verify_CRC8_Check_Sum) for Verify_CRC8_Check_Sum
    referee.o(i.referee_unpack_fifo_data) refers to algorithmofcrc.o(i.Verify_CRC16_Check_Sum) for Verify_CRC16_Check_Sum
    referee.o(i.referee_unpack_fifo_data) refers to referee.o(i.Judge_Buffer_Receive_Task) for Judge_Buffer_Receive_Task
    referee.o(i.referee_unpack_fifo_data) refers to fifo.o(i.fifo_s_used) for fifo_s_used
    referee.o(i.referee_unpack_fifo_data) refers to referee.o(.bss) for referee_unpack_obj
    agv_control.o(i.AGV_connoection) refers to drv_can.o(i.EXT_ID_Set) for EXT_ID_Set
    agv_control.o(i.AGV_connoection) refers to drv_can.o(i.CAN_Send_EXT_Data) for CAN_Send_EXT_Data
    agv_control.o(i.AGV_connoection) refers to agv_control.o(i.Set_AGV_Velocity_Vector_Data_Update) for Set_AGV_Velocity_Vector_Data_Update
    agv_control.o(i.AGV_connoection) refers to chassis.o(.bss) for chassis
    agv_control.o(i.AGV_connoection) refers to drv_can.o(.data) for AGV_A_Tx_Data
    agv_control.o(i.AGV_connoection) refers to can.o(.bss) for hcan1
    agv_control.o(i.AGV_connoection) refers to agv_control.o(.bss) for chassis_power_control
    agv_control.o(i.Chassis_Power_Control_Init) refers to agv_control.o(.bss) for chassis_power_control
    agv_control.o(i.calculate_true_power) refers to pid.o(i.PID_Calculate) for PID_Calculate
    agv_control.o(i.calculate_true_power) refers to referee.o(.bss) for JudgeReceive
    agv_control.o(i.calculate_true_power) refers to agv_control.o(.bss) for buffer_pid
    agv_control.o(i.calculate_true_power) refers to agv_control.o(.data) for test_sum
    chassis.o(i.Chassis_Init) refers to pid.o(i.PID_Init) for PID_Init
    chassis.o(i.Chassis_Init) refers to chassis.o(.bss) for chassis
    chassis.o(i.Chassis_Init) refers to chassis.o(.data) for buffer_loop_data
    chassis.o(i.Chassis_Init) refers to agv_control.o(.bss) for buffer_pid
    chassis.o(i.Chassis_Inveter_Judge) refers to chassis.o(i.Chassis_Speed_Slow_Motion) for Chassis_Speed_Slow_Motion
    chassis.o(i.Chassis_Inveter_Judge) refers to gimbal_connection.o(.bss) for connection
    chassis.o(i.Chassis_Inveter_Judge) refers to chassis.o(.bss) for chassis
    chassis.o(i.Chassis_Mode_Command_Update) refers to chassis.o(i.chassis_fllow) for chassis_fllow
    chassis.o(i.Chassis_Mode_Command_Update) refers to gimbal_connection.o(.bss) for connection
    chassis.o(i.Chassis_Mode_Command_Update) refers to chassis.o(.bss) for chassis
    chassis.o(i.Chassis_Move) refers to chassis.o(i.Chassis_Inveter_Judge) for Chassis_Inveter_Judge
    chassis.o(i.Chassis_Move) refers to chassis.o(i.Gimbal_To_Chassis_Relative_Angle_Update) for Gimbal_To_Chassis_Relative_Angle_Update
    chassis.o(i.Chassis_Move) refers to chassis.o(i.Chassis_Mode_Command_Update) for Chassis_Mode_Command_Update
    chassis.o(i.Chassis_Move) refers to kinematic.o(i.Chassis_Speed_Control) for Chassis_Speed_Control
    chassis.o(i.Chassis_Move) refers to chassis.o(.bss) for chassis
    chassis.o(i.Gimbal_To_Chassis_Relative_Angle_Update) refers to chassis.o(.bss) for chassis
    chassis.o(i.Yaw_Init) refers to pid.o(i.PID_Init) for PID_Init
    chassis.o(i.Yaw_Init) refers to chassis.o(.bss) for yaw
    chassis.o(i.Yaw_Init) refers to chassis.o(.data) for yaw_position_loop_data
    chassis.o(i.chassis_fllow) refers to pid.o(i.PID_Calculate) for PID_Calculate
    chassis.o(i.chassis_fllow) refers to chassis.o(.bss) for yaw
    gimbal_connection.o(i.CAN_Chassis_TxCpltCallback) refers to referee.o(.bss) for JudgeReceive
    gimbal_connection.o(i.CAN_Chassis_TxCpltCallback) refers to drv_can.o(.data) for CAN2_0x200_Tx_Data
    motor.o(i.GM6020_Status_Update) refers to motor.o(i.GM6020_Current_From_Lsb_To_Ampere) for GM6020_Current_From_Lsb_To_Ampere
    motor.o(i.GM6020_Status_Update) refers to motor.o(i.GM6020_Position_From_Lsb_To_Degree) for GM6020_Position_From_Lsb_To_Degree
    motor.o(i.GM6020_Status_Update) refers to motor.o(i.GM6020_Position_From_Lsb_To_Rad) for GM6020_Position_From_Lsb_To_Rad
    motor.o(i.M3508_Command_Update) refers to motor.o(i.M3508_Current_From_Ampere_To_Lsb) for M3508_Current_From_Ampere_To_Lsb
    motor.o(i.M3508_Status_Update) refers to motor.o(i.M3508_Current_From_Lsb_To_Ampere) for M3508_Current_From_Lsb_To_Ampere
    motor.o(i.M3508_Status_Update) refers to motor.o(i.M3508_Position_From_Lsb_To_Degree) for M3508_Position_From_Lsb_To_Degree
    motor.o(i.M3508_Status_Update) refers to motor.o(i.M3508_Position_From_Lsb_To_Rad) for M3508_Position_From_Lsb_To_Rad
    kinematic.o(i.AGV_Calc_Angle_Speed) refers to atan.o(i.__hardfp_atan) for __hardfp_atan
    kinematic.o(i.AGV_Calc_Angle_Speed) refers to cos.o(i.__hardfp_cos) for __hardfp_cos
    kinematic.o(i.AGV_Calc_Angle_Speed) refers to f2d.o(.text) for __aeabi_f2d
    kinematic.o(i.AGV_Calc_Angle_Speed) refers to ddiv.o(.text) for __aeabi_ddiv
    kinematic.o(i.AGV_Calc_Angle_Speed) refers to d2f.o(.text) for __aeabi_d2f
    kinematic.o(i.AGV_Calc_Angle_Speed) refers to dmul.o(.text) for __aeabi_dmul
    kinematic.o(i.AGV_Calc_Angle_Speed) refers to dadd.o(.text) for __aeabi_dsub
    kinematic.o(i.AGV_Calc_Angle_Speed) refers to sin.o(i.__hardfp_sin) for __hardfp_sin
    kinematic.o(i.AGV_Calc_Angle_Speed) refers to kinematic.o(i.My_atan) for My_atan
    kinematic.o(i.AGV_Calc_Angle_Speed) refers to kinematic.o(i.Square) for Square
    kinematic.o(i.AGV_Calc_Angle_Speed) refers to sqrt.o(i.__hardfp_sqrt) for __hardfp_sqrt
    kinematic.o(i.AGV_Calculate_SPeed) refers to sin.o(i.__hardfp_sin) for __hardfp_sin
    kinematic.o(i.AGV_Calculate_SPeed) refers to f2d.o(.text) for __aeabi_f2d
    kinematic.o(i.AGV_Calculate_SPeed) refers to dmul.o(.text) for __aeabi_dmul
    kinematic.o(i.AGV_Calculate_SPeed) refers to dadd.o(.text) for __aeabi_dsub
    kinematic.o(i.AGV_Calculate_SPeed) refers to d2f.o(.text) for __aeabi_d2f
    kinematic.o(i.AGV_Calculate_SPeed) refers to kinematic.o(i.Square) for Square
    kinematic.o(i.AGV_Calculate_SPeed) refers to cos.o(i.__hardfp_cos) for __hardfp_cos
    kinematic.o(i.AGV_Calculate_SPeed) refers to sqrt.o(i.__hardfp_sqrt) for __hardfp_sqrt
    kinematic.o(i.AGV_DirectiveMotor_RobotMotion_To_TargetStatus) refers to f2d.o(.text) for __aeabi_f2d
    kinematic.o(i.AGV_DirectiveMotor_RobotMotion_To_TargetStatus) refers to atan2.o(i.__hardfp_atan2) for __hardfp_atan2
    kinematic.o(i.AGV_DirectiveMotor_RobotMotion_To_TargetStatus) refers to ddiv.o(.text) for __aeabi_ddiv
    kinematic.o(i.AGV_DirectiveMotor_RobotMotion_To_TargetStatus) refers to d2f.o(.text) for __aeabi_d2f
    kinematic.o(i.AGV_DirectiveMotor_RobotMotion_To_TargetStatus) refers to kinematic.o(.data) for AGV_ang
    kinematic.o(i.AGV_Vector_Composition_In_ChassisCoordinate) refers to f2d.o(.text) for __aeabi_f2d
    kinematic.o(i.AGV_Vector_Composition_In_ChassisCoordinate) refers to sqrt.o(i.__hardfp_sqrt) for __hardfp_sqrt
    kinematic.o(i.AGV_Vector_Composition_In_ChassisCoordinate) refers to d2f.o(.text) for __aeabi_d2f
    kinematic.o(i.AGV_Vector_Composition_In_ChassisCoordinate) refers to atan2.o(i.__hardfp_atan2) for __hardfp_atan2
    kinematic.o(i.AGV_Vector_Composition_In_ChassisCoordinate) refers to dadd.o(.text) for __aeabi_dadd
    kinematic.o(i.AGV_Vector_Composition_In_ChassisCoordinate) refers to sin.o(i.__hardfp_sin) for __hardfp_sin
    kinematic.o(i.AGV_Vector_Composition_In_ChassisCoordinate) refers to cos.o(i.__hardfp_cos) for __hardfp_cos
    kinematic.o(i.AGV_Vector_Composition_In_ChassisCoordinate) refers to kinematic.o(i.Float_Abs) for Float_Abs
    kinematic.o(i.AGV_Vector_Composition_In_ChassisCoordinate) refers to ddiv.o(.text) for __aeabi_ddiv
    kinematic.o(i.AGV_Vector_Composition_In_ChassisCoordinate) refers to dmul.o(.text) for __aeabi_dmul
    kinematic.o(i.AGV_Vector_Composition_In_ChassisCoordinate) refers to kinematic.o(i.Square) for Square
    kinematic.o(i.Chassis_Speed_Control) refers to kinematic.o(i.AGV_DirectiveMotor_RobotMotion_To_TargetStatus) for AGV_DirectiveMotor_RobotMotion_To_TargetStatus
    kinematic.o(i.Chassis_Speed_Control) refers to kinematic.o(i.AGV_Calc_Angle_Speed) for AGV_Calc_Angle_Speed
    kinematic.o(i.Chassis_Speed_Control) refers to kinematic.o(i.AGV_DirectiveMotor_TargetStatus_To_MotorAngle_In_ChassisCoordinate) for AGV_DirectiveMotor_TargetStatus_To_MotorAngle_In_ChassisCoordinate
    kinematic.o(i.Chassis_Speed_Control) refers to kinematic.o(i.Speed_Limitation) for Speed_Limitation
    kinematic.o(i.Chassis_Speed_Control) refers to kinematic.o(.data) for chassis_angle
    kinematic.o(i.My_atan) refers to atan2.o(i.__hardfp_atan2) for __hardfp_atan2
    kinematic.o(i.My_atan) refers to cdcmple.o(.text) for __aeabi_cdcmpeq
    kinematic.o(i.My_atan) refers to cdrcmple.o(.text) for __aeabi_cdrcmple
    kinematic.o(i.Speed_Limitation) refers to kinematic.o(i.Float_Abs) for Float_Abs
    kinematic.o(i.Speed_Limitation) refers to dflti.o(.text) for __aeabi_i2d
    kinematic.o(i.Speed_Limitation) refers to dmul.o(.text) for __aeabi_dmul
    kinematic.o(i.Speed_Limitation) refers to ddiv.o(.text) for __aeabi_ddiv
    kinematic.o(i.Speed_Limitation) refers to dfixi.o(.text) for __aeabi_d2iz
    can_connection.o(i.CAN1_Call_Back) refers to chassis.o(.bss) for chassis
    can_connection.o(i.CAN1_Call_Back) refers to agv_control.o(.bss) for chassis_power_control
    can_connection.o(i.CAN2_Call_Back) refers to gimbal_connection.o(i.Chassis_Speed_Command_Update) for Chassis_Speed_Command_Update
    can_connection.o(i.CAN2_Call_Back) refers to gimbal_connection.o(i.Chassis_Control_Mode_Update) for Chassis_Control_Mode_Update
    can_connection.o(i.CAN2_Call_Back) refers to motor.o(i.GM6020_Feedback_Update) for GM6020_Feedback_Update
    can_connection.o(i.CAN2_Call_Back) refers to gimbal_connection.o(.bss) for connection
    can_connection.o(i.CAN2_Call_Back) refers to chassis.o(.bss) for yaw
    can_connection.o(i.Can_Connection_Init) refers to drv_can.o(i.CAN_Init) for CAN_Init
    can_connection.o(i.Can_Connection_Init) refers to can_connection.o(i.CAN1_Call_Back) for CAN1_Call_Back
    can_connection.o(i.Can_Connection_Init) refers to can.o(.bss) for hcan1
    can_connection.o(i.Can_Connection_Init) refers to can_connection.o(i.CAN2_Call_Back) for CAN2_Call_Back
    ui_1_ungroup_0.o(i._ui_init_1_Ungroup_0) refers to ui_interface.o(i.ui_proc_1_frame) for ui_proc_1_frame
    ui_1_ungroup_0.o(i._ui_init_1_Ungroup_0) refers to ui_interface.o(i.print_message) for print_message
    ui_1_ungroup_0.o(i._ui_init_1_Ungroup_0) refers to ui_1_ungroup_0.o(.bss) for ui_1_Ungroup_0
    ui_1_ungroup_0.o(i._ui_init_1_Ungroup_0) refers to ui_1_ungroup_0.o(.data) for ui_1_Ungroup_NewLine
    ui_1_ungroup_0.o(i._ui_remove_1_Ungroup_0) refers to ui_interface.o(i.ui_proc_1_frame) for ui_proc_1_frame
    ui_1_ungroup_0.o(i._ui_remove_1_Ungroup_0) refers to ui_interface.o(i.print_message) for print_message
    ui_1_ungroup_0.o(i._ui_remove_1_Ungroup_0) refers to ui_1_ungroup_0.o(.bss) for ui_1_Ungroup_0
    ui_1_ungroup_0.o(i._ui_update_1_Ungroup_0) refers to ui_interface.o(i.ui_proc_1_frame) for ui_proc_1_frame
    ui_1_ungroup_0.o(i._ui_update_1_Ungroup_0) refers to ui_interface.o(i.print_message) for print_message
    ui_1_ungroup_0.o(i._ui_update_1_Ungroup_0) refers to ui_1_ungroup_0.o(.bss) for ui_1_Ungroup_0
    ui_1_ungroup_0.o(.data) refers to ui_1_ungroup_0.o(.bss) for ui_1_Ungroup_0
    ui_default_ungroup_0.o(i._ui_init_default_Ungroup_0) refers to ui_interface.o(i.ui_proc_1_frame) for ui_proc_1_frame
    ui_default_ungroup_0.o(i._ui_init_default_Ungroup_0) refers to ui_interface.o(i.print_message) for print_message
    ui_default_ungroup_0.o(i._ui_init_default_Ungroup_0) refers to ui_default_ungroup_0.o(.bss) for ui_default_Ungroup_0
    ui_default_ungroup_0.o(i._ui_init_default_Ungroup_0) refers to ui_default_ungroup_0.o(.data) for ui_default_Ungroup_NewLine
    ui_default_ungroup_0.o(i._ui_remove_default_Ungroup_0) refers to ui_interface.o(i.ui_proc_1_frame) for ui_proc_1_frame
    ui_default_ungroup_0.o(i._ui_remove_default_Ungroup_0) refers to ui_interface.o(i.print_message) for print_message
    ui_default_ungroup_0.o(i._ui_remove_default_Ungroup_0) refers to ui_default_ungroup_0.o(.bss) for ui_default_Ungroup_0
    ui_default_ungroup_0.o(i._ui_update_default_Ungroup_0) refers to ui_interface.o(i.ui_proc_1_frame) for ui_proc_1_frame
    ui_default_ungroup_0.o(i._ui_update_default_Ungroup_0) refers to ui_interface.o(i.print_message) for print_message
    ui_default_ungroup_0.o(i._ui_update_default_Ungroup_0) refers to ui_default_ungroup_0.o(.bss) for ui_default_Ungroup_0
    ui_default_ungroup_0.o(.data) refers to ui_default_ungroup_0.o(.bss) for ui_default_Ungroup_0
    ui_interface.o(i.calc_crc16) refers to ui_interface.o(.constdata) for _wCRC_Table
    ui_interface.o(i.calc_crc8) refers to ui_interface.o(.constdata) for _CRC8_TAB
    ui_interface.o(i.print_message) refers to printf8.o(i.__0printf$8) for __2printf
    ui_interface.o(i.ui_proc_1_frame) refers to ui_interface.o(i.calc_crc8) for calc_crc8
    ui_interface.o(i.ui_proc_1_frame) refers to ui_interface.o(i.calc_crc16) for calc_crc16
    ui_interface.o(i.ui_proc_1_frame) refers to ui_interface.o(.data) for seq
    ui_interface.o(i.ui_proc_2_frame) refers to ui_interface.o(i.calc_crc8) for calc_crc8
    ui_interface.o(i.ui_proc_2_frame) refers to ui_interface.o(i.calc_crc16) for calc_crc16
    ui_interface.o(i.ui_proc_2_frame) refers to ui_interface.o(.data) for seq
    ui_interface.o(i.ui_proc_5_frame) refers to ui_interface.o(i.calc_crc8) for calc_crc8
    ui_interface.o(i.ui_proc_5_frame) refers to ui_interface.o(i.calc_crc16) for calc_crc16
    ui_interface.o(i.ui_proc_5_frame) refers to ui_interface.o(.data) for seq
    ui_interface.o(i.ui_proc_7_frame) refers to ui_interface.o(i.calc_crc8) for calc_crc8
    ui_interface.o(i.ui_proc_7_frame) refers to ui_interface.o(i.calc_crc16) for calc_crc16
    ui_interface.o(i.ui_proc_7_frame) refers to ui_interface.o(.data) for seq
    ui_interface.o(i.ui_proc_string_frame) refers to ui_interface.o(i.calc_crc8) for calc_crc8
    ui_interface.o(i.ui_proc_string_frame) refers to strlen.o(.text) for strlen
    ui_interface.o(i.ui_proc_string_frame) refers to ui_interface.o(i.calc_crc16) for calc_crc16
    ui_interface.o(i.ui_proc_string_frame) refers to ui_interface.o(.data) for seq
    graphicssendtask.o(i.CapDraw) refers to graphicssendtask.o(i.Rectangle_Draw) for Rectangle_Draw
    graphicssendtask.o(i.CapDraw) refers to memcpya.o(.text) for __aeabi_memcpy
    graphicssendtask.o(i.CapDraw) refers to graphicssendtask.o(i.Line_Draw) for Line_Draw
    graphicssendtask.o(i.CapDraw) refers to graphicssendtask.o(i.Send_UIPack) for Send_UIPack
    graphicssendtask.o(i.CapDraw) refers to f2d.o(.text) for __aeabi_f2d
    graphicssendtask.o(i.CapDraw) refers to dadd.o(.text) for __aeabi_dadd
    graphicssendtask.o(i.CapDraw) refers to dfixui.o(.text) for __aeabi_d2uiz
    graphicssendtask.o(i.CapDraw) refers to dmul.o(.text) for __aeabi_dmul
    graphicssendtask.o(i.CapDraw) refers to d2f.o(.text) for __aeabi_d2f
    graphicssendtask.o(i.CapDraw) refers to graphicssendtask.o(.data) for CapName1
    graphicssendtask.o(i.CapDraw) refers to graphicssendtask.o(.bss) for data_pack
    graphicssendtask.o(i.CapDraw) refers to referee.o(.bss) for JudgeReceive
    graphicssendtask.o(i.CapUI_Change) refers to graphicssendtask.o(i.FloatData_Draw) for FloatData_Draw
    graphicssendtask.o(i.CapUI_Change) refers to memcpya.o(.text) for __aeabi_memcpy
    graphicssendtask.o(i.CapUI_Change) refers to graphicssendtask.o(i.Send_UIPack) for Send_UIPack
    graphicssendtask.o(i.CapUI_Change) refers to graphicssendtask.o(.data) for optype
    graphicssendtask.o(i.CapUI_Change) refers to graphicssendtask.o(.bss) for data_pack
    graphicssendtask.o(i.CapUI_Change) refers to referee.o(.bss) for JudgeReceive
    graphicssendtask.o(i.CarPosture_Change) refers to graphicssendtask.o(i.Line_Draw) for Line_Draw
    graphicssendtask.o(i.CarPosture_Change) refers to memcpya.o(.text) for __aeabi_memcpy
    graphicssendtask.o(i.CarPosture_Change) refers to graphicssendtask.o(i.Send_UIPack) for Send_UIPack
    graphicssendtask.o(i.CarPosture_Change) refers to graphicssendtask.o(.data) for angle
    graphicssendtask.o(i.CarPosture_Change) refers to graphicssendtask.o(.bss) for data_pack
    graphicssendtask.o(i.CarPosture_Change) refers to referee.o(.bss) for JudgeReceive
    graphicssendtask.o(i.CharChange) refers to graphicssendtask.o(i.Char_Draw) for Char_Draw
    graphicssendtask.o(i.CharChange) refers to graphicssendtask.o(.data) for GimbalChangeName
    graphicssendtask.o(i.CharChange) refers to gimbal_connection.o(.bss) for connection
    graphicssendtask.o(i.CharChange) refers to graphicssendtask.o(.bss) for F405
    graphicssendtask.o(i.CharGraphic_Draw) refers to graphicssendtask.o(.bss) for drawing
    graphicssendtask.o(i.Char_Draw) refers to graphicssendtask.o(i.CharGraphic_Draw) for CharGraphic_Draw
    graphicssendtask.o(i.Char_Draw) refers to memcpya.o(.text) for __aeabi_memcpy
    graphicssendtask.o(i.Char_Draw) refers to memseta.o(.text) for __aeabi_memclr
    graphicssendtask.o(i.Char_Draw) refers to graphicssendtask.o(i.Send_UIPack) for Send_UIPack
    graphicssendtask.o(i.Char_Draw) refers to graphicssendtask.o(.bss) for data_pack
    graphicssendtask.o(i.Char_Draw) refers to referee.o(.bss) for JudgeReceive
    graphicssendtask.o(i.Char_Init) refers to graphicssendtask.o(i.Char_Draw) for Char_Draw
    graphicssendtask.o(i.Char_Init) refers to graphicssendtask.o(.data) for GimbalName
    graphicssendtask.o(i.Circle_Draw) refers to graphicssendtask.o(.bss) for drawing
    graphicssendtask.o(i.Deleta_Layer) refers to graphicssendtask.o(i.Send_UIPack) for Send_UIPack
    graphicssendtask.o(i.Deleta_Layer) refers to graphicssendtask.o(.data) for Delete_Graphic
    graphicssendtask.o(i.Deleta_Layer) refers to referee.o(.bss) for JudgeReceive
    graphicssendtask.o(i.FloatData_Draw) refers to graphicssendtask.o(.data) for Data1000
    graphicssendtask.o(i.FloatData_Draw) refers to graphicssendtask.o(.bss) for drawing
    graphicssendtask.o(i.GraphicSendtask) refers to graphicssendtask.o(i.CharChange) for CharChange
    graphicssendtask.o(i.GraphicSendtask) refers to graphicssendtask.o(i.Char_Init) for Char_Init
    graphicssendtask.o(i.GraphicSendtask) refers to graphicssendtask.o(i.Lanelines_Init) for Lanelines_Init
    graphicssendtask.o(i.GraphicSendtask) refers to graphicssendtask.o(i.ShootLines_Init) for ShootLines_Init
    graphicssendtask.o(i.GraphicSendtask) refers to graphicssendtask.o(.data) for UITask_RunTime
    graphicssendtask.o(i.Lanelines_Init) refers to graphicssendtask.o(i.Line_Draw) for Line_Draw
    graphicssendtask.o(i.Lanelines_Init) refers to memcpya.o(.text) for __aeabi_memcpy
    graphicssendtask.o(i.Lanelines_Init) refers to graphicssendtask.o(i.Send_UIPack) for Send_UIPack
    graphicssendtask.o(i.Lanelines_Init) refers to graphicssendtask.o(.data) for LaneLineName1
    graphicssendtask.o(i.Lanelines_Init) refers to graphicssendtask.o(.bss) for data_pack
    graphicssendtask.o(i.Lanelines_Init) refers to referee.o(.bss) for JudgeReceive
    graphicssendtask.o(i.Line_Draw) refers to graphicssendtask.o(.bss) for drawing
    graphicssendtask.o(i.PitchUI_Change) refers to graphicssendtask.o(i.FloatData_Draw) for FloatData_Draw
    graphicssendtask.o(i.PitchUI_Change) refers to memcpya.o(.text) for __aeabi_memcpy
    graphicssendtask.o(i.PitchUI_Change) refers to graphicssendtask.o(i.Send_UIPack) for Send_UIPack
    graphicssendtask.o(i.PitchUI_Change) refers to graphicssendtask.o(.data) for optype
    graphicssendtask.o(i.PitchUI_Change) refers to graphicssendtask.o(.bss) for data_pack
    graphicssendtask.o(i.PitchUI_Change) refers to referee.o(.bss) for JudgeReceive
    graphicssendtask.o(i.Rectangle_Draw) refers to graphicssendtask.o(.bss) for drawing
    graphicssendtask.o(i.Send_UIPack) refers to memcpya.o(.text) for __aeabi_memcpy
    graphicssendtask.o(i.Send_UIPack) refers to graphicssendtask.o(i.Send_toReferee) for Send_toReferee
    graphicssendtask.o(i.Send_UIPack) refers to graphicssendtask.o(.bss) for Transmit_Pack
    graphicssendtask.o(i.Send_toReferee) refers to algorithmofcrc.o(i.Append_CRC8_Check_Sum) for Append_CRC8_Check_Sum
    graphicssendtask.o(i.Send_toReferee) refers to algorithmofcrc.o(i.Append_CRC16_Check_Sum) for Append_CRC16_Check_Sum
    graphicssendtask.o(i.Send_toReferee) refers to stm32f4xx_hal_uart.o(i.HAL_UART_Transmit) for HAL_UART_Transmit
    graphicssendtask.o(i.Send_toReferee) refers to graphicssendtask.o(.data) for Frame_Length
    graphicssendtask.o(i.Send_toReferee) refers to graphicssendtask.o(.bss) for Transmit_Pack
    graphicssendtask.o(i.Send_toReferee) refers to usart.o(.bss) for huart6
    graphicssendtask.o(i.ShootLines_Init) refers to f2d.o(.text) for __aeabi_f2d
    graphicssendtask.o(i.ShootLines_Init) refers to dadd.o(.text) for __aeabi_dadd
    graphicssendtask.o(i.ShootLines_Init) refers to dfixui.o(.text) for __aeabi_d2uiz
    graphicssendtask.o(i.ShootLines_Init) refers to graphicssendtask.o(i.Line_Draw) for Line_Draw
    graphicssendtask.o(i.ShootLines_Init) refers to memcpya.o(.text) for __aeabi_memcpy
    graphicssendtask.o(i.ShootLines_Init) refers to graphicssendtask.o(i.Send_UIPack) for Send_UIPack
    graphicssendtask.o(i.ShootLines_Init) refers to graphicssendtask.o(.data) for ShootLineName3
    graphicssendtask.o(i.ShootLines_Init) refers to graphicssendtask.o(.bss) for data_pack
    graphicssendtask.o(i.ShootLines_Init) refers to referee.o(.bss) for JudgeReceive
    buzzer.o(i.buzzer_getTick) refers to buzzer_bsp.o(i.buzzzerBsp_getTick) for buzzzerBsp_getTick
    buzzer.o(i.buzzer_handleInit) refers to memcpya.o(.text) for __aeabi_memcpy4
    buzzer.o(i.buzzer_handleInit) refers to buzzer.o(i.platform_getMsTick) for platform_getMsTick
    buzzer.o(i.buzzer_handleInit) refers to buzzer.o(i.platform_setFreq) for platform_setFreq
    buzzer.o(i.buzzer_handleInit) refers to buzzer.o(i.platform_setSwitch) for platform_setSwitch
    buzzer.o(i.buzzer_init_example) refers to stm32f4xx_hal_rcc.o(i.HAL_RCC_GetPCLK1Freq) for HAL_RCC_GetPCLK1Freq
    buzzer.o(i.buzzer_init_example) refers to pow.o(i.__hardfp_pow) for __hardfp_pow
    buzzer.o(i.buzzer_init_example) refers to dfltui.o(.text) for __aeabi_ui2d
    buzzer.o(i.buzzer_init_example) refers to ddiv.o(.text) for __aeabi_ddiv
    buzzer.o(i.buzzer_init_example) refers to cdcmple.o(.text) for __aeabi_cdcmple
    buzzer.o(i.buzzer_init_example) refers to buzzer.o(i.buzzer_handleInit) for buzzer_handleInit
    buzzer.o(i.buzzer_init_example) refers to tim.o(.bss) for htim4
    buzzer.o(i.buzzer_init_example) refers to buzzer.o(.bss) for buzzer
    buzzer.o(i.buzzer_playCalibrated) refers to buzzer.o(i.buzzer_getTick) for buzzer_getTick
    buzzer.o(i.buzzer_playCalibrated) refers to buzzer_bsp.o(i.buzzerBsp_checkTickTolerance) for buzzerBsp_checkTickTolerance
    buzzer.o(i.buzzer_playCalibrated) refers to buzzer.o(i.buzzer_playTone) for buzzer_playTone
    buzzer.o(i.buzzer_playCalibrated) refers to buzzer.o(i.buzzer_setState) for buzzer_setState
    buzzer.o(i.buzzer_playCalibrating) refers to buzzer.o(i.buzzer_getTick) for buzzer_getTick
    buzzer.o(i.buzzer_playCalibrating) refers to buzzer_bsp.o(i.buzzerBsp_checkTickTolerance) for buzzerBsp_checkTickTolerance
    buzzer.o(i.buzzer_playCalibrating) refers to buzzer.o(i.buzzer_playTone) for buzzer_playTone
    buzzer.o(i.buzzer_playCalibrating) refers to buzzer.o(i.buzzer_setState) for buzzer_setState
    buzzer.o(i.buzzer_playDeviceOffline) refers to buzzer.o(i.buzzer_getTick) for buzzer_getTick
    buzzer.o(i.buzzer_playDeviceOffline) refers to buzzer_bsp.o(i.buzzerBsp_checkTickTolerance) for buzzerBsp_checkTickTolerance
    buzzer.o(i.buzzer_playDeviceOffline) refers to buzzer.o(i.buzzer_playTone) for buzzer_playTone
    buzzer.o(i.buzzer_playDeviceOffline) refers to buzzer.o(i.buzzer_setState) for buzzer_setState
    buzzer.o(i.buzzer_playDjiStartUp) refers to buzzer.o(i.buzzer_getTick) for buzzer_getTick
    buzzer.o(i.buzzer_playDjiStartUp) refers to buzzer_bsp.o(i.buzzerBsp_checkTickTolerance) for buzzerBsp_checkTickTolerance
    buzzer.o(i.buzzer_playDjiStartUp) refers to buzzer.o(i.buzzer_playTone) for buzzer_playTone
    buzzer.o(i.buzzer_playDjiStartUp) refers to buzzer.o(i.buzzer_setState) for buzzer_setState
    buzzer.o(i.buzzer_playTone) refers to dflti.o(.text) for __aeabi_i2d
    buzzer.o(i.buzzer_playTone) refers to pow.o(i.__hardfp_pow) for __hardfp_pow
    buzzer.o(i.buzzer_playTone) refers to dmul.o(.text) for __aeabi_dmul
    buzzer.o(i.buzzer_playTone) refers to d2f.o(.text) for __aeabi_d2f
    buzzer.o(i.buzzer_playTone) refers to buzzer_bsp.o(i.buzzerBsp_setTimer) for buzzerBsp_setTimer
    buzzer.o(i.buzzer_setState) refers to buzzer_bsp.o(i.buzzerBsp_setSwitch) for buzzerBsp_setSwitch
    buzzer.o(i.buzzer_taskScheduler) refers to buzzer.o(i.buzzer_setState) for buzzer_setState
    buzzer.o(i.buzzer_taskScheduler) refers to buzzer.o(i.buzzer_getTick) for buzzer_getTick
    buzzer.o(i.buzzer_taskScheduler) refers to buzzer.o(i.buzzer_playDjiStartUp) for buzzer_playDjiStartUp
    buzzer.o(i.buzzer_taskScheduler) refers to buzzer.o(i.buzzer_playCalibrating) for buzzer_playCalibrating
    buzzer.o(i.buzzer_taskScheduler) refers to buzzer.o(i.buzzer_playCalibrated) for buzzer_playCalibrated
    buzzer.o(i.buzzer_taskScheduler) refers to buzzer.o(i.buzzer_playDeviceOffline) for buzzer_playDeviceOffline
    buzzer.o(i.platform_getMsTick) refers to stm32f4xx_hal.o(i.HAL_GetTick) for HAL_GetTick
    buzzer.o(i.platform_setSwitch) refers to stm32f4xx_hal_tim.o(i.HAL_TIM_PWM_Start) for HAL_TIM_PWM_Start
    buzzer.o(i.platform_setSwitch) refers to stm32f4xx_hal_tim.o(i.HAL_TIM_PWM_Stop) for HAL_TIM_PWM_Stop
    drv_can.o(i.CAN_Init) refers to drv_can.o(i.can_filter_mask_config) for can_filter_mask_config
    drv_can.o(i.CAN_Init) refers to stm32f4xx_hal_can.o(i.HAL_CAN_ConfigFilter) for HAL_CAN_ConfigFilter
    drv_can.o(i.CAN_Init) refers to stm32f4xx_hal_can.o(i.HAL_CAN_Start) for HAL_CAN_Start
    drv_can.o(i.CAN_Init) refers to stm32f4xx_hal_can.o(i.HAL_CAN_ActivateNotification) for HAL_CAN_ActivateNotification
    drv_can.o(i.CAN_Init) refers to drv_can.o(.bss) for CAN1_Manage_Object
    drv_can.o(i.CAN_Send_Data) refers to stm32f4xx_hal_can.o(i.HAL_CAN_AddTxMessage) for HAL_CAN_AddTxMessage
    drv_can.o(i.CAN_Send_EXT_Data) refers to stm32f4xx_hal_can.o(i.HAL_CAN_AddTxMessage) for HAL_CAN_AddTxMessage
    drv_can.o(i.HAL_CAN_RxFifo0MsgPendingCallback) refers to stm32f4xx_hal_can.o(i.HAL_CAN_GetRxMessage) for HAL_CAN_GetRxMessage
    drv_can.o(i.HAL_CAN_RxFifo0MsgPendingCallback) refers to drv_can.o(.bss) for CAN1_Manage_Object
    drv_can.o(i.HAL_CAN_RxFifo1MsgPendingCallback) refers to stm32f4xx_hal_can.o(i.HAL_CAN_GetRxMessage) for HAL_CAN_GetRxMessage
    drv_can.o(i.HAL_CAN_RxFifo1MsgPendingCallback) refers to drv_can.o(.bss) for CAN1_Manage_Object
    drv_can.o(i.TIM_CAN_PeriodElapsedCallback) refers to drv_can.o(i.CAN_Send_Data) for CAN_Send_Data
    drv_can.o(i.TIM_CAN_PeriodElapsedCallback) refers to drv_can.o(.data) for mod10
    drv_can.o(i.TIM_CAN_PeriodElapsedCallback) refers to can.o(.bss) for hcan2
    drv_can.o(i.can_filter_mask_config) refers to stm32f4xx_hal_can.o(i.HAL_CAN_ConfigFilter) for HAL_CAN_ConfigFilter
    pid.o(i.PID_Calculate) refers to pid.o(i.f_PID_ErrorHandle) for f_PID_ErrorHandle
    pid.o(i.PID_Calculate) refers to pid.o(i.f_Trapezoid_Intergral) for f_Trapezoid_Intergral
    pid.o(i.PID_Calculate) refers to pid.o(i.f_Changing_Integral_Rate) for f_Changing_Integral_Rate
    pid.o(i.PID_Calculate) refers to pid.o(i.f_Integral_Limit) for f_Integral_Limit
    pid.o(i.PID_Calculate) refers to pid.o(i.f_Derivative_On_Measurement) for f_Derivative_On_Measurement
    pid.o(i.PID_Calculate) refers to pid.o(i.f_Derivative_Filter) for f_Derivative_Filter
    pid.o(i.PID_Calculate) refers to pid.o(i.f_Output_Filter) for f_Output_Filter
    pid.o(i.PID_Calculate) refers to pid.o(i.f_Output_Limit) for f_Output_Limit
    pid.o(i.PID_Calculate) refers to pid.o(i.f_Proportion_Limit) for f_Proportion_Limit
    pid.o(i.PID_Init) refers to pid.o(i.f_PID_param_init) for f_PID_param_init
    pid.o(i.PID_Init) refers to pid.o(i.f_PID_reset) for f_PID_reset
    fifo.o(i.fifo_create) refers to malloc.o(i.malloc) for malloc
    fifo.o(i.fifo_create) refers to malloc.o(i.free) for free
    fifo.o(i.fifo_create) refers to fifo.o(i.fifo_init) for fifo_init
    fifo.o(i.fifo_destory) refers to malloc.o(i.free) for free
    fifo.o(i.fifo_flush) refers to fifo.o(i.__get_PRIMASK) for __get_PRIMASK
    fifo.o(i.fifo_flush) refers to fifo.o(i.__set_PRIMASK) for __set_PRIMASK
    fifo.o(i.fifo_get) refers to fifo.o(i.__get_PRIMASK) for __get_PRIMASK
    fifo.o(i.fifo_get) refers to memcpya.o(.text) for __aeabi_memcpy
    fifo.o(i.fifo_get) refers to fifo.o(i.__set_PRIMASK) for __set_PRIMASK
    fifo.o(i.fifo_get_noprotect) refers to memcpya.o(.text) for __aeabi_memcpy
    fifo.o(i.fifo_pre_read) refers to memcpya.o(.text) for __aeabi_memcpy
    fifo.o(i.fifo_put) refers to fifo.o(i.__get_PRIMASK) for __get_PRIMASK
    fifo.o(i.fifo_put) refers to memcpya.o(.text) for __aeabi_memcpy
    fifo.o(i.fifo_put) refers to fifo.o(i.__set_PRIMASK) for __set_PRIMASK
    fifo.o(i.fifo_put_noprotect) refers to memcpya.o(.text) for __aeabi_memcpy
    fifo.o(i.fifo_s_create) refers to malloc.o(i.malloc) for malloc
    fifo.o(i.fifo_s_create) refers to malloc.o(i.free) for free
    fifo.o(i.fifo_s_create) refers to fifo.o(i.fifo_s_init) for fifo_s_init
    fifo.o(i.fifo_s_destroy) refers to malloc.o(i.free) for free
    fifo.o(i.fifo_s_discard) refers to fifo.o(i.__get_PRIMASK) for __get_PRIMASK
    fifo.o(i.fifo_s_discard) refers to fifo.o(i.__set_PRIMASK) for __set_PRIMASK
    fifo.o(i.fifo_s_flush) refers to fifo.o(i.__get_PRIMASK) for __get_PRIMASK
    fifo.o(i.fifo_s_flush) refers to fifo.o(i.__set_PRIMASK) for __set_PRIMASK
    fifo.o(i.fifo_s_get) refers to fifo.o(i.__get_PRIMASK) for __get_PRIMASK
    fifo.o(i.fifo_s_get) refers to fifo.o(i.__set_PRIMASK) for __set_PRIMASK
    fifo.o(i.fifo_s_gets) refers to fifo.o(i.__get_PRIMASK) for __get_PRIMASK
    fifo.o(i.fifo_s_gets) refers to memcpya.o(.text) for __aeabi_memcpy
    fifo.o(i.fifo_s_gets) refers to fifo.o(i.__set_PRIMASK) for __set_PRIMASK
    fifo.o(i.fifo_s_gets_noprotect) refers to memcpya.o(.text) for __aeabi_memcpy
    fifo.o(i.fifo_s_prereads) refers to fifo.o(i.__get_PRIMASK) for __get_PRIMASK
    fifo.o(i.fifo_s_prereads) refers to memcpya.o(.text) for __aeabi_memcpy
    fifo.o(i.fifo_s_prereads) refers to fifo.o(i.__set_PRIMASK) for __set_PRIMASK
    fifo.o(i.fifo_s_put) refers to fifo.o(i.__get_PRIMASK) for __get_PRIMASK
    fifo.o(i.fifo_s_put) refers to fifo.o(i.__set_PRIMASK) for __set_PRIMASK
    fifo.o(i.fifo_s_puts) refers to fifo.o(i.__get_PRIMASK) for __get_PRIMASK
    fifo.o(i.fifo_s_puts) refers to memcpya.o(.text) for __aeabi_memcpy
    fifo.o(i.fifo_s_puts) refers to fifo.o(i.__set_PRIMASK) for __set_PRIMASK
    fifo.o(i.fifo_s_puts_noprotect) refers to memcpya.o(.text) for __aeabi_memcpy
    chassis_task.o(i.HAL_TIM_PeriodElapsedCallback) refers to agv_control.o(i.AGV_connoection) for AGV_connoection
    chassis_task.o(i.HAL_TIM_PeriodElapsedCallback) refers to chassis.o(i.Chassis_Move) for Chassis_Move
    chassis_task.o(i.HAL_TIM_PeriodElapsedCallback) refers to agv_control.o(i.calculate_true_power) for calculate_true_power
    chassis_task.o(i.HAL_TIM_PeriodElapsedCallback) refers to motor.o(i.GM6020_Status_Update) for GM6020_Status_Update
    chassis_task.o(i.HAL_TIM_PeriodElapsedCallback) refers to chassis.o(i.Yaw_Angle_Process) for Yaw_Angle_Process
    chassis_task.o(i.HAL_TIM_PeriodElapsedCallback) refers to referee.o(i.referee_unpack_fifo_data) for referee_unpack_fifo_data
    chassis_task.o(i.HAL_TIM_PeriodElapsedCallback) refers to gimbal_connection.o(i.CAN_Chassis_TxCpltCallback) for CAN_Chassis_TxCpltCallback
    chassis_task.o(i.HAL_TIM_PeriodElapsedCallback) refers to drv_can.o(i.TIM_CAN_PeriodElapsedCallback) for TIM_CAN_PeriodElapsedCallback
    chassis_task.o(i.HAL_TIM_PeriodElapsedCallback) refers to chassis_task.o(i.TIM1msMod50_Alive_PeriodElapsedCallback) for TIM1msMod50_Alive_PeriodElapsedCallback
    chassis_task.o(i.HAL_TIM_PeriodElapsedCallback) refers to buzzer.o(i.buzzer_taskScheduler) for buzzer_taskScheduler
    chassis_task.o(i.HAL_TIM_PeriodElapsedCallback) refers to gimbal_connection.o(i.Chassis_Flag_Update) for Chassis_Flag_Update
    chassis_task.o(i.HAL_TIM_PeriodElapsedCallback) refers to chassis_task.o(i.Time_Count_Task) for Time_Count_Task
    chassis_task.o(i.HAL_TIM_PeriodElapsedCallback) refers to graphicssendtask.o(i.GraphicSendtask) for GraphicSendtask
    chassis_task.o(i.HAL_TIM_PeriodElapsedCallback) refers to chassis_task.o(.data) for time
    chassis_task.o(i.HAL_TIM_PeriodElapsedCallback) refers to chassis.o(.bss) for yaw
    chassis_task.o(i.HAL_TIM_PeriodElapsedCallback) refers to buzzer.o(.bss) for buzzer
    chassis_task.o(i.HAL_TIM_PeriodElapsedCallback) refers to gimbal_connection.o(.bss) for connection
    chassis_task.o(i.TIM1msMod50_Alive_PeriodElapsedCallback) refers to chassis_task.o(i.TIM_Alive_PeriodElapsedCallback_A) for TIM_Alive_PeriodElapsedCallback_A
    chassis_task.o(i.TIM_Alive_PeriodElapsedCallback_A) refers to buzzer.o(i.buzzer_setTask) for buzzer_setTask
    chassis_task.o(i.TIM_Alive_PeriodElapsedCallback_A) refers to chassis.o(.bss) for chassis
    chassis_task.o(i.TIM_Alive_PeriodElapsedCallback_A) refers to buzzer.o(.bss) for buzzer
    chassis_task.o(i.Task_Init) refers to chassis.o(i.Yaw_Init) for Yaw_Init
    chassis_task.o(i.Task_Init) refers to chassis.o(i.Chassis_Init) for Chassis_Init
    chassis_task.o(i.Task_Init) refers to can_connection.o(i.Can_Connection_Init) for Can_Connection_Init
    chassis_task.o(i.Task_Init) refers to agv_control.o(i.Chassis_Power_Control_Init) for Chassis_Power_Control_Init
    chassis_task.o(i.Task_Init) refers to referee.o(i.Referee_Init) for Referee_Init
    chassis_task.o(i.Task_Init) refers to buzzer.o(i.buzzer_init_example) for buzzer_init_example
    chassis_task.o(i.Task_Init) refers to chassis_task.o(i.TIM_Alive_PeriodElapsedCallback_A) for TIM_Alive_PeriodElapsedCallback_A
    chassis_task.o(i.Task_Init) refers to chassis.o(.bss) for chassis
    atan.o(i.__hardfp_atan) refers (Special) to iusefp.o(.text) for __I$use$fp
    atan.o(i.__hardfp_atan) refers to dunder.o(i.__mathlib_dbl_infnan) for __mathlib_dbl_infnan
    atan.o(i.__hardfp_atan) refers to fpclassify.o(i.__ARM_fpclassify) for __ARM_fpclassify
    atan.o(i.__hardfp_atan) refers to dunder.o(i.__mathlib_dbl_underflow) for __mathlib_dbl_underflow
    atan.o(i.__hardfp_atan) refers to fabs.o(i.fabs) for fabs
    atan.o(i.__hardfp_atan) refers to dadd.o(.text) for __aeabi_dadd
    atan.o(i.__hardfp_atan) refers to dmul.o(.text) for __aeabi_dmul
    atan.o(i.__hardfp_atan) refers to ddiv.o(.text) for __aeabi_ddiv
    atan.o(i.__hardfp_atan) refers to poly.o(i.__kernel_poly) for __kernel_poly
    atan.o(i.__hardfp_atan) refers to atan.o(.constdata) for .constdata
    atan.o(i.__softfp_atan) refers (Special) to iusefp.o(.text) for __I$use$fp
    atan.o(i.__softfp_atan) refers to atan.o(i.__hardfp_atan) for __hardfp_atan
    atan.o(i.atan) refers (Special) to iusefp.o(.text) for __I$use$fp
    atan.o(i.atan) refers to atan.o(i.__hardfp_atan) for __hardfp_atan
    atan.o(.constdata) refers (Special) to iusefp.o(.text) for __I$use$fp
    atan_x.o(i.____hardfp_atan$lsc) refers (Special) to iusefp.o(.text) for __I$use$fp
    atan_x.o(i.____hardfp_atan$lsc) refers to dunder.o(i.__mathlib_dbl_infnan) for __mathlib_dbl_infnan
    atan_x.o(i.____hardfp_atan$lsc) refers to fabs.o(i.fabs) for fabs
    atan_x.o(i.____hardfp_atan$lsc) refers to dadd.o(.text) for __aeabi_dadd
    atan_x.o(i.____hardfp_atan$lsc) refers to dmul.o(.text) for __aeabi_dmul
    atan_x.o(i.____hardfp_atan$lsc) refers to ddiv.o(.text) for __aeabi_ddiv
    atan_x.o(i.____hardfp_atan$lsc) refers to poly.o(i.__kernel_poly) for __kernel_poly
    atan_x.o(i.____hardfp_atan$lsc) refers to atan_x.o(.constdata) for .constdata
    atan_x.o(i.____softfp_atan$lsc) refers (Special) to iusefp.o(.text) for __I$use$fp
    atan_x.o(i.____softfp_atan$lsc) refers to atan_x.o(i.____hardfp_atan$lsc) for ____hardfp_atan$lsc
    atan_x.o(i.__atan$lsc) refers (Special) to iusefp.o(.text) for __I$use$fp
    atan_x.o(i.__atan$lsc) refers to atan_x.o(i.____hardfp_atan$lsc) for ____hardfp_atan$lsc
    atan_x.o(.constdata) refers (Special) to iusefp.o(.text) for __I$use$fp
    atan2.o(i.__hardfp_atan2) refers (Special) to iusefp.o(.text) for __I$use$fp
    atan2.o(i.__hardfp_atan2) refers to dunder.o(i.__mathlib_dbl_infnan2) for __mathlib_dbl_infnan2
    atan2.o(i.__hardfp_atan2) refers to atan.o(i.atan) for atan
    atan2.o(i.__hardfp_atan2) refers to ddiv.o(.text) for __aeabi_ddiv
    atan2.o(i.__hardfp_atan2) refers to fabs.o(i.fabs) for fabs
    atan2.o(i.__hardfp_atan2) refers to dadd.o(.text) for __aeabi_dsub
    atan2.o(i.__hardfp_atan2) refers to qnan.o(.constdata) for __mathlib_zero
    atan2.o(i.__softfp_atan2) refers (Special) to iusefp.o(.text) for __I$use$fp
    atan2.o(i.__softfp_atan2) refers to atan2.o(i.__hardfp_atan2) for __hardfp_atan2
    atan2.o(i.atan2) refers (Special) to iusefp.o(.text) for __I$use$fp
    atan2.o(i.atan2) refers to atan2.o(i.__hardfp_atan2) for __hardfp_atan2
    atan2_x.o(i.____hardfp_atan2$lsc) refers (Special) to iusefp.o(.text) for __I$use$fp
    atan2_x.o(i.____hardfp_atan2$lsc) refers to dunder.o(i.__mathlib_dbl_infnan2) for __mathlib_dbl_infnan2
    atan2_x.o(i.____hardfp_atan2$lsc) refers to atan.o(i.atan) for atan
    atan2_x.o(i.____hardfp_atan2$lsc) refers to errno.o(i.__set_errno) for __set_errno
    atan2_x.o(i.____hardfp_atan2$lsc) refers to ddiv.o(.text) for __aeabi_ddiv
    atan2_x.o(i.____hardfp_atan2$lsc) refers to fabs.o(i.fabs) for fabs
    atan2_x.o(i.____hardfp_atan2$lsc) refers to dadd.o(.text) for __aeabi_dsub
    atan2_x.o(i.____hardfp_atan2$lsc) refers to qnan.o(.constdata) for __mathlib_zero
    atan2_x.o(i.____softfp_atan2$lsc) refers (Special) to iusefp.o(.text) for __I$use$fp
    atan2_x.o(i.____softfp_atan2$lsc) refers to atan2_x.o(i.____hardfp_atan2$lsc) for ____hardfp_atan2$lsc
    atan2_x.o(i.__atan2$lsc) refers (Special) to iusefp.o(.text) for __I$use$fp
    atan2_x.o(i.__atan2$lsc) refers to atan2_x.o(i.____hardfp_atan2$lsc) for ____hardfp_atan2$lsc
    cos.o(i.__hardfp_cos) refers (Special) to iusefp.o(.text) for __I$use$fp
    cos.o(i.__hardfp_cos) refers to errno.o(i.__set_errno) for __set_errno
    cos.o(i.__hardfp_cos) refers to dunder.o(i.__mathlib_dbl_invalid) for __mathlib_dbl_invalid
    cos.o(i.__hardfp_cos) refers to dunder.o(i.__mathlib_dbl_infnan) for __mathlib_dbl_infnan
    cos.o(i.__hardfp_cos) refers to rred.o(i.__ieee754_rem_pio2) for __ieee754_rem_pio2
    cos.o(i.__hardfp_cos) refers to sin_i.o(i.__kernel_sin) for __kernel_sin
    cos.o(i.__hardfp_cos) refers to cos_i.o(i.__kernel_cos) for __kernel_cos
    cos.o(i.__softfp_cos) refers (Special) to iusefp.o(.text) for __I$use$fp
    cos.o(i.__softfp_cos) refers to cos.o(i.__hardfp_cos) for __hardfp_cos
    cos.o(i.cos) refers (Special) to iusefp.o(.text) for __I$use$fp
    cos.o(i.cos) refers to cos.o(i.__hardfp_cos) for __hardfp_cos
    cos_x.o(i.____hardfp_cos$lsc) refers (Special) to iusefp.o(.text) for __I$use$fp
    cos_x.o(i.____hardfp_cos$lsc) refers to errno.o(i.__set_errno) for __set_errno
    cos_x.o(i.____hardfp_cos$lsc) refers to dunder.o(i.__mathlib_dbl_infnan) for __mathlib_dbl_infnan
    cos_x.o(i.____hardfp_cos$lsc) refers to rred.o(i.__ieee754_rem_pio2) for __ieee754_rem_pio2
    cos_x.o(i.____hardfp_cos$lsc) refers to sin_i.o(i.__kernel_sin) for __kernel_sin
    cos_x.o(i.____hardfp_cos$lsc) refers to cos_i.o(i.__kernel_cos) for __kernel_cos
    cos_x.o(i.____softfp_cos$lsc) refers (Special) to iusefp.o(.text) for __I$use$fp
    cos_x.o(i.____softfp_cos$lsc) refers to cos_x.o(i.____hardfp_cos$lsc) for ____hardfp_cos$lsc
    cos_x.o(i.__cos$lsc) refers (Special) to iusefp.o(.text) for __I$use$fp
    cos_x.o(i.__cos$lsc) refers to cos_x.o(i.____hardfp_cos$lsc) for ____hardfp_cos$lsc
    pow.o(i.__hardfp_pow) refers (Special) to iusefp.o(.text) for __I$use$fp
    pow.o(i.__hardfp_pow) refers to dunder.o(i.__mathlib_dbl_infnan2) for __mathlib_dbl_infnan2
    pow.o(i.__hardfp_pow) refers to errno.o(i.__set_errno) for __set_errno
    pow.o(i.__hardfp_pow) refers to dunder.o(i.__mathlib_dbl_divzero) for __mathlib_dbl_divzero
    pow.o(i.__hardfp_pow) refers to dunder.o(i.__mathlib_dbl_overflow) for __mathlib_dbl_overflow
    pow.o(i.__hardfp_pow) refers to ddiv.o(.text) for __aeabi_ddiv
    pow.o(i.__hardfp_pow) refers to sqrt.o(i.sqrt) for sqrt
    pow.o(i.__hardfp_pow) refers to fabs.o(i.fabs) for fabs
    pow.o(i.__hardfp_pow) refers to dflti.o(.text) for __aeabi_i2d
    pow.o(i.__hardfp_pow) refers to dunder.o(i.__mathlib_dbl_invalid) for __mathlib_dbl_invalid
    pow.o(i.__hardfp_pow) refers to dmul.o(.text) for __aeabi_dmul
    pow.o(i.__hardfp_pow) refers to dunder.o(i.__mathlib_dbl_underflow) for __mathlib_dbl_underflow
    pow.o(i.__hardfp_pow) refers to dadd.o(.text) for __aeabi_dsub
    pow.o(i.__hardfp_pow) refers to qnan.o(.constdata) for __mathlib_zero
    pow.o(i.__hardfp_pow) refers to poly.o(i.__kernel_poly) for __kernel_poly
    pow.o(i.__hardfp_pow) refers to pow.o(.constdata) for .constdata
    pow.o(i.__hardfp_pow) refers to cdrcmple.o(.text) for __aeabi_cdrcmple
    pow.o(i.__hardfp_pow) refers to dscalb.o(.text) for __ARM_scalbn
    pow.o(i.__hardfp_pow) refers to fpclassify.o(i.__ARM_fpclassify) for __ARM_fpclassify
    pow.o(i.__softfp_pow) refers (Special) to iusefp.o(.text) for __I$use$fp
    pow.o(i.__softfp_pow) refers to pow.o(i.__hardfp_pow) for __hardfp_pow
    pow.o(i.pow) refers (Special) to iusefp.o(.text) for __I$use$fp
    pow.o(i.pow) refers to pow.o(i.__hardfp_pow) for __hardfp_pow
    pow.o(.constdata) refers (Special) to iusefp.o(.text) for __I$use$fp
    pow_x.o(i.____hardfp_pow$lsc) refers (Special) to iusefp.o(.text) for __I$use$fp
    pow_x.o(i.____hardfp_pow$lsc) refers to dunder.o(i.__mathlib_dbl_infnan2) for __mathlib_dbl_infnan2
    pow_x.o(i.____hardfp_pow$lsc) refers to errno.o(i.__set_errno) for __set_errno
    pow_x.o(i.____hardfp_pow$lsc) refers to ddiv.o(.text) for __aeabi_ddiv
    pow_x.o(i.____hardfp_pow$lsc) refers to sqrt.o(i.sqrt) for sqrt
    pow_x.o(i.____hardfp_pow$lsc) refers to fabs.o(i.fabs) for fabs
    pow_x.o(i.____hardfp_pow$lsc) refers to dflti.o(.text) for __aeabi_i2d
    pow_x.o(i.____hardfp_pow$lsc) refers to dmul.o(.text) for __aeabi_dmul
    pow_x.o(i.____hardfp_pow$lsc) refers to dadd.o(.text) for __aeabi_dsub
    pow_x.o(i.____hardfp_pow$lsc) refers to qnan.o(.constdata) for __mathlib_zero
    pow_x.o(i.____hardfp_pow$lsc) refers to poly.o(i.__kernel_poly) for __kernel_poly
    pow_x.o(i.____hardfp_pow$lsc) refers to pow_x.o(.constdata) for .constdata
    pow_x.o(i.____hardfp_pow$lsc) refers to cdrcmple.o(.text) for __aeabi_cdrcmple
    pow_x.o(i.____hardfp_pow$lsc) refers to dscalb.o(.text) for __ARM_scalbn
    pow_x.o(i.____softfp_pow$lsc) refers (Special) to iusefp.o(.text) for __I$use$fp
    pow_x.o(i.____softfp_pow$lsc) refers to pow_x.o(i.____hardfp_pow$lsc) for ____hardfp_pow$lsc
    pow_x.o(i.__pow$lsc) refers (Special) to iusefp.o(.text) for __I$use$fp
    pow_x.o(i.__pow$lsc) refers to pow_x.o(i.____hardfp_pow$lsc) for ____hardfp_pow$lsc
    pow_x.o(.constdata) refers (Special) to iusefp.o(.text) for __I$use$fp
    sin.o(i.__hardfp_sin) refers (Special) to iusefp.o(.text) for __I$use$fp
    sin.o(i.__hardfp_sin) refers to errno.o(i.__set_errno) for __set_errno
    sin.o(i.__hardfp_sin) refers to dunder.o(i.__mathlib_dbl_invalid) for __mathlib_dbl_invalid
    sin.o(i.__hardfp_sin) refers to dunder.o(i.__mathlib_dbl_infnan) for __mathlib_dbl_infnan
    sin.o(i.__hardfp_sin) refers to rred.o(i.__ieee754_rem_pio2) for __ieee754_rem_pio2
    sin.o(i.__hardfp_sin) refers to cos_i.o(i.__kernel_cos) for __kernel_cos
    sin.o(i.__hardfp_sin) refers to sin_i.o(i.__kernel_sin) for __kernel_sin
    sin.o(i.__softfp_sin) refers (Special) to iusefp.o(.text) for __I$use$fp
    sin.o(i.__softfp_sin) refers to sin.o(i.__hardfp_sin) for __hardfp_sin
    sin.o(i.sin) refers (Special) to iusefp.o(.text) for __I$use$fp
    sin.o(i.sin) refers to sin.o(i.__hardfp_sin) for __hardfp_sin
    sin_x.o(i.____hardfp_sin$lsc) refers (Special) to iusefp.o(.text) for __I$use$fp
    sin_x.o(i.____hardfp_sin$lsc) refers to errno.o(i.__set_errno) for __set_errno
    sin_x.o(i.____hardfp_sin$lsc) refers to dunder.o(i.__mathlib_dbl_infnan) for __mathlib_dbl_infnan
    sin_x.o(i.____hardfp_sin$lsc) refers to rred.o(i.__ieee754_rem_pio2) for __ieee754_rem_pio2
    sin_x.o(i.____hardfp_sin$lsc) refers to cos_i.o(i.__kernel_cos) for __kernel_cos
    sin_x.o(i.____hardfp_sin$lsc) refers to sin_i.o(i.__kernel_sin) for __kernel_sin
    sin_x.o(i.____softfp_sin$lsc) refers (Special) to iusefp.o(.text) for __I$use$fp
    sin_x.o(i.____softfp_sin$lsc) refers to sin_x.o(i.____hardfp_sin$lsc) for ____hardfp_sin$lsc
    sin_x.o(i.__sin$lsc) refers (Special) to iusefp.o(.text) for __I$use$fp
    sin_x.o(i.__sin$lsc) refers to sin_x.o(i.____hardfp_sin$lsc) for ____hardfp_sin$lsc
    sqrt.o(i.__hardfp_sqrt) refers (Special) to iusefp.o(.text) for __I$use$fp
    sqrt.o(i.__hardfp_sqrt) refers to dsqrt.o(.text) for _dsqrt
    sqrt.o(i.__hardfp_sqrt) refers to errno.o(i.__set_errno) for __set_errno
    sqrt.o(i.__softfp_sqrt) refers (Special) to iusefp.o(.text) for __I$use$fp
    sqrt.o(i.__softfp_sqrt) refers to dsqrt.o(.text) for _dsqrt
    sqrt.o(i.__softfp_sqrt) refers to errno.o(i.__set_errno) for __set_errno
    sqrt.o(i.sqrt) refers (Special) to iusefp.o(.text) for __I$use$fp
    sqrt.o(i.sqrt) refers to dsqrt.o(.text) for _dsqrt
    sqrt.o(i.sqrt) refers to errno.o(i.__set_errno) for __set_errno
    sqrt_x.o(i.____hardfp_sqrt$lsc) refers (Special) to iusefp.o(.text) for __I$use$fp
    sqrt_x.o(i.____hardfp_sqrt$lsc) refers to cdcmple.o(.text) for __aeabi_cdcmple
    sqrt_x.o(i.____hardfp_sqrt$lsc) refers to errno.o(i.__set_errno) for __set_errno
    sqrt_x.o(i.____hardfp_sqrt$lsc) refers to dsqrt.o(.text) for _dsqrt
    sqrt_x.o(i.____softfp_sqrt$lsc) refers (Special) to iusefp.o(.text) for __I$use$fp
    sqrt_x.o(i.____softfp_sqrt$lsc) refers to cdcmple.o(.text) for __aeabi_cdcmple
    sqrt_x.o(i.____softfp_sqrt$lsc) refers to errno.o(i.__set_errno) for __set_errno
    sqrt_x.o(i.____softfp_sqrt$lsc) refers to dsqrt.o(.text) for _dsqrt
    sqrt_x.o(i.__sqrt$lsc) refers (Special) to iusefp.o(.text) for __I$use$fp
    sqrt_x.o(i.__sqrt$lsc) refers to cdcmple.o(.text) for __aeabi_cdcmple
    sqrt_x.o(i.__sqrt$lsc) refers to errno.o(i.__set_errno) for __set_errno
    sqrt_x.o(i.__sqrt$lsc) refers to dsqrt.o(.text) for _dsqrt
    entry.o(.ARM.Collect$$$$00000000) refers (Special) to entry10a.o(.ARM.Collect$$$$0000000D) for __rt_final_cpp
    entry.o(.ARM.Collect$$$$00000000) refers (Special) to entry11a.o(.ARM.Collect$$$$0000000F) for __rt_final_exit
    entry.o(.ARM.Collect$$$$00000000) refers (Special) to entry7b.o(.ARM.Collect$$$$00000008) for _main_clock
    entry.o(.ARM.Collect$$$$00000000) refers (Special) to entry8b.o(.ARM.Collect$$$$0000000A) for _main_cpp_init
    entry.o(.ARM.Collect$$$$00000000) refers (Special) to entry9a.o(.ARM.Collect$$$$0000000B) for _main_init
    entry.o(.ARM.Collect$$$$00000000) refers (Special) to entry5.o(.ARM.Collect$$$$00000004) for _main_scatterload
    entry.o(.ARM.Collect$$$$00000000) refers (Special) to entry2.o(.ARM.Collect$$$$00000001) for _main_stk
    uldiv.o(.text) refers to llushr.o(.text) for __aeabi_llsr
    uldiv.o(.text) refers to llshl.o(.text) for __aeabi_llsl
    printfb.o(i.__0fprintf$bare) refers to printfb.o(i._printf_core) for _printf_core
    printfb.o(i.__0fprintf$bare) refers to fputc.o(i.fputc) for fputc
    printfb.o(i.__0printf$bare) refers to printfb.o(i._printf_core) for _printf_core
    printfb.o(i.__0printf$bare) refers to fputc.o(i.fputc) for fputc
    printfb.o(i.__0printf$bare) refers to stdout.o(.data) for __stdout
    printfb.o(i.__0snprintf$bare) refers to printfb.o(i._printf_core) for _printf_core
    printfb.o(i.__0snprintf$bare) refers to printfb.o(i._snputc) for _snputc
    printfb.o(i.__0sprintf$bare) refers to printfb.o(i._printf_core) for _printf_core
    printfb.o(i.__0sprintf$bare) refers to printfb.o(i._sputc) for _sputc
    printfb.o(i.__0vfprintf$bare) refers to printfb.o(i._printf_core) for _printf_core
    printfb.o(i.__0vfprintf$bare) refers to fputc.o(i.fputc) for fputc
    printfb.o(i.__0vprintf$bare) refers to printfb.o(i._printf_core) for _printf_core
    printfb.o(i.__0vprintf$bare) refers to fputc.o(i.fputc) for fputc
    printfb.o(i.__0vprintf$bare) refers to stdout.o(.data) for __stdout
    printfb.o(i.__0vsnprintf$bare) refers to printfb.o(i._printf_core) for _printf_core
    printfb.o(i.__0vsnprintf$bare) refers to printfb.o(i._snputc) for _snputc
    printfb.o(i.__0vsprintf$bare) refers to printfb.o(i._printf_core) for _printf_core
    printfb.o(i.__0vsprintf$bare) refers to printfb.o(i._sputc) for _sputc
    printf0.o(i.__0fprintf$0) refers to printf0.o(i._printf_core) for _printf_core
    printf0.o(i.__0fprintf$0) refers to fputc.o(i.fputc) for fputc
    printf0.o(i.__0printf$0) refers to printf0.o(i._printf_core) for _printf_core
    printf0.o(i.__0printf$0) refers to fputc.o(i.fputc) for fputc
    printf0.o(i.__0printf$0) refers to stdout.o(.data) for __stdout
    printf0.o(i.__0snprintf$0) refers to printf0.o(i._printf_core) for _printf_core
    printf0.o(i.__0snprintf$0) refers to printf0.o(i._snputc) for _snputc
    printf0.o(i.__0sprintf$0) refers to printf0.o(i._printf_core) for _printf_core
    printf0.o(i.__0sprintf$0) refers to printf0.o(i._sputc) for _sputc
    printf0.o(i.__0vfprintf$0) refers to printf0.o(i._printf_core) for _printf_core
    printf0.o(i.__0vfprintf$0) refers to fputc.o(i.fputc) for fputc
    printf0.o(i.__0vprintf$0) refers to printf0.o(i._printf_core) for _printf_core
    printf0.o(i.__0vprintf$0) refers to fputc.o(i.fputc) for fputc
    printf0.o(i.__0vprintf$0) refers to stdout.o(.data) for __stdout
    printf0.o(i.__0vsnprintf$0) refers to printf0.o(i._printf_core) for _printf_core
    printf0.o(i.__0vsnprintf$0) refers to printf0.o(i._snputc) for _snputc
    printf0.o(i.__0vsprintf$0) refers to printf0.o(i._printf_core) for _printf_core
    printf0.o(i.__0vsprintf$0) refers to printf0.o(i._sputc) for _sputc
    printf1.o(i.__0fprintf$1) refers to printf1.o(i._printf_core) for _printf_core
    printf1.o(i.__0fprintf$1) refers to fputc.o(i.fputc) for fputc
    printf1.o(i.__0printf$1) refers to printf1.o(i._printf_core) for _printf_core
    printf1.o(i.__0printf$1) refers to fputc.o(i.fputc) for fputc
    printf1.o(i.__0printf$1) refers to stdout.o(.data) for __stdout
    printf1.o(i.__0snprintf$1) refers to printf1.o(i._printf_core) for _printf_core
    printf1.o(i.__0snprintf$1) refers to printf1.o(i._snputc) for _snputc
    printf1.o(i.__0sprintf$1) refers to printf1.o(i._printf_core) for _printf_core
    printf1.o(i.__0sprintf$1) refers to printf1.o(i._sputc) for _sputc
    printf1.o(i.__0vfprintf$1) refers to printf1.o(i._printf_core) for _printf_core
    printf1.o(i.__0vfprintf$1) refers to fputc.o(i.fputc) for fputc
    printf1.o(i.__0vprintf$1) refers to printf1.o(i._printf_core) for _printf_core
    printf1.o(i.__0vprintf$1) refers to fputc.o(i.fputc) for fputc
    printf1.o(i.__0vprintf$1) refers to stdout.o(.data) for __stdout
    printf1.o(i.__0vsnprintf$1) refers to printf1.o(i._printf_core) for _printf_core
    printf1.o(i.__0vsnprintf$1) refers to printf1.o(i._snputc) for _snputc
    printf1.o(i.__0vsprintf$1) refers to printf1.o(i._printf_core) for _printf_core
    printf1.o(i.__0vsprintf$1) refers to printf1.o(i._sputc) for _sputc
    printf1.o(i._printf_core) refers to uidiv.o(.text) for __aeabi_uidivmod
    printf2.o(i.__0fprintf$2) refers to printf2.o(i._printf_core) for _printf_core
    printf2.o(i.__0fprintf$2) refers to fputc.o(i.fputc) for fputc
    printf2.o(i.__0printf$2) refers to printf2.o(i._printf_core) for _printf_core
    printf2.o(i.__0printf$2) refers to fputc.o(i.fputc) for fputc
    printf2.o(i.__0printf$2) refers to stdout.o(.data) for __stdout
    printf2.o(i.__0snprintf$2) refers to printf2.o(i._printf_core) for _printf_core
    printf2.o(i.__0snprintf$2) refers to printf2.o(i._snputc) for _snputc
    printf2.o(i.__0sprintf$2) refers to printf2.o(i._printf_core) for _printf_core
    printf2.o(i.__0sprintf$2) refers to printf2.o(i._sputc) for _sputc
    printf2.o(i.__0vfprintf$2) refers to printf2.o(i._printf_core) for _printf_core
    printf2.o(i.__0vfprintf$2) refers to fputc.o(i.fputc) for fputc
    printf2.o(i.__0vprintf$2) refers to printf2.o(i._printf_core) for _printf_core
    printf2.o(i.__0vprintf$2) refers to fputc.o(i.fputc) for fputc
    printf2.o(i.__0vprintf$2) refers to stdout.o(.data) for __stdout
    printf2.o(i.__0vsnprintf$2) refers to printf2.o(i._printf_core) for _printf_core
    printf2.o(i.__0vsnprintf$2) refers to printf2.o(i._snputc) for _snputc
    printf2.o(i.__0vsprintf$2) refers to printf2.o(i._printf_core) for _printf_core
    printf2.o(i.__0vsprintf$2) refers to printf2.o(i._sputc) for _sputc
    printf3.o(i.__0fprintf$3) refers to printf3.o(i._printf_core) for _printf_core
    printf3.o(i.__0fprintf$3) refers to fputc.o(i.fputc) for fputc
    printf3.o(i.__0printf$3) refers to printf3.o(i._printf_core) for _printf_core
    printf3.o(i.__0printf$3) refers to fputc.o(i.fputc) for fputc
    printf3.o(i.__0printf$3) refers to stdout.o(.data) for __stdout
    printf3.o(i.__0snprintf$3) refers to printf3.o(i._printf_core) for _printf_core
    printf3.o(i.__0snprintf$3) refers to printf3.o(i._snputc) for _snputc
    printf3.o(i.__0sprintf$3) refers to printf3.o(i._printf_core) for _printf_core
    printf3.o(i.__0sprintf$3) refers to printf3.o(i._sputc) for _sputc
    printf3.o(i.__0vfprintf$3) refers to printf3.o(i._printf_core) for _printf_core
    printf3.o(i.__0vfprintf$3) refers to fputc.o(i.fputc) for fputc
    printf3.o(i.__0vprintf$3) refers to printf3.o(i._printf_core) for _printf_core
    printf3.o(i.__0vprintf$3) refers to fputc.o(i.fputc) for fputc
    printf3.o(i.__0vprintf$3) refers to stdout.o(.data) for __stdout
    printf3.o(i.__0vsnprintf$3) refers to printf3.o(i._printf_core) for _printf_core
    printf3.o(i.__0vsnprintf$3) refers to printf3.o(i._snputc) for _snputc
    printf3.o(i.__0vsprintf$3) refers to printf3.o(i._printf_core) for _printf_core
    printf3.o(i.__0vsprintf$3) refers to printf3.o(i._sputc) for _sputc
    printf3.o(i._printf_core) refers to uidiv.o(.text) for __aeabi_uidivmod
    printf4.o(i.__0fprintf$4) refers to printf4.o(i._printf_core) for _printf_core
    printf4.o(i.__0fprintf$4) refers to fputc.o(i.fputc) for fputc
    printf4.o(i.__0printf$4) refers to printf4.o(i._printf_core) for _printf_core
    printf4.o(i.__0printf$4) refers to fputc.o(i.fputc) for fputc
    printf4.o(i.__0printf$4) refers to stdout.o(.data) for __stdout
    printf4.o(i.__0snprintf$4) refers to printf4.o(i._printf_core) for _printf_core
    printf4.o(i.__0snprintf$4) refers to printf4.o(i._snputc) for _snputc
    printf4.o(i.__0sprintf$4) refers to printf4.o(i._printf_core) for _printf_core
    printf4.o(i.__0sprintf$4) refers to printf4.o(i._sputc) for _sputc
    printf4.o(i.__0vfprintf$4) refers to printf4.o(i._printf_core) for _printf_core
    printf4.o(i.__0vfprintf$4) refers to fputc.o(i.fputc) for fputc
    printf4.o(i.__0vprintf$4) refers to printf4.o(i._printf_core) for _printf_core
    printf4.o(i.__0vprintf$4) refers to fputc.o(i.fputc) for fputc
    printf4.o(i.__0vprintf$4) refers to stdout.o(.data) for __stdout
    printf4.o(i.__0vsnprintf$4) refers to printf4.o(i._printf_core) for _printf_core
    printf4.o(i.__0vsnprintf$4) refers to printf4.o(i._snputc) for _snputc
    printf4.o(i.__0vsprintf$4) refers to printf4.o(i._printf_core) for _printf_core
    printf4.o(i.__0vsprintf$4) refers to printf4.o(i._sputc) for _sputc
    printf4.o(i._printf_core) refers to uldiv.o(.text) for __aeabi_uldivmod
    printf5.o(i.__0fprintf$5) refers to printf5.o(i._printf_core) for _printf_core
    printf5.o(i.__0fprintf$5) refers to fputc.o(i.fputc) for fputc
    printf5.o(i.__0printf$5) refers to printf5.o(i._printf_core) for _printf_core
    printf5.o(i.__0printf$5) refers to fputc.o(i.fputc) for fputc
    printf5.o(i.__0printf$5) refers to stdout.o(.data) for __stdout
    printf5.o(i.__0snprintf$5) refers to printf5.o(i._printf_core) for _printf_core
    printf5.o(i.__0snprintf$5) refers to printf5.o(i._snputc) for _snputc
    printf5.o(i.__0sprintf$5) refers to printf5.o(i._printf_core) for _printf_core
    printf5.o(i.__0sprintf$5) refers to printf5.o(i._sputc) for _sputc
    printf5.o(i.__0vfprintf$5) refers to printf5.o(i._printf_core) for _printf_core
    printf5.o(i.__0vfprintf$5) refers to fputc.o(i.fputc) for fputc
    printf5.o(i.__0vprintf$5) refers to printf5.o(i._printf_core) for _printf_core
    printf5.o(i.__0vprintf$5) refers to fputc.o(i.fputc) for fputc
    printf5.o(i.__0vprintf$5) refers to stdout.o(.data) for __stdout
    printf5.o(i.__0vsnprintf$5) refers to printf5.o(i._printf_core) for _printf_core
    printf5.o(i.__0vsnprintf$5) refers to printf5.o(i._snputc) for _snputc
    printf5.o(i.__0vsprintf$5) refers to printf5.o(i._printf_core) for _printf_core
    printf5.o(i.__0vsprintf$5) refers to printf5.o(i._sputc) for _sputc
    printf5.o(i._printf_core) refers to uldiv.o(.text) for __aeabi_uldivmod
    printf6.o(i.__0fprintf$6) refers to printf6.o(i._printf_core) for _printf_core
    printf6.o(i.__0fprintf$6) refers to fputc.o(i.fputc) for fputc
    printf6.o(i.__0printf$6) refers to printf6.o(i._printf_core) for _printf_core
    printf6.o(i.__0printf$6) refers to fputc.o(i.fputc) for fputc
    printf6.o(i.__0printf$6) refers to stdout.o(.data) for __stdout
    printf6.o(i.__0snprintf$6) refers to printf6.o(i._printf_core) for _printf_core
    printf6.o(i.__0snprintf$6) refers to printf6.o(i._snputc) for _snputc
    printf6.o(i.__0sprintf$6) refers to printf6.o(i._printf_core) for _printf_core
    printf6.o(i.__0sprintf$6) refers to printf6.o(i._sputc) for _sputc
    printf6.o(i.__0vfprintf$6) refers to printf6.o(i._printf_core) for _printf_core
    printf6.o(i.__0vfprintf$6) refers to fputc.o(i.fputc) for fputc
    printf6.o(i.__0vprintf$6) refers to printf6.o(i._printf_core) for _printf_core
    printf6.o(i.__0vprintf$6) refers to fputc.o(i.fputc) for fputc
    printf6.o(i.__0vprintf$6) refers to stdout.o(.data) for __stdout
    printf6.o(i.__0vsnprintf$6) refers to printf6.o(i._printf_core) for _printf_core
    printf6.o(i.__0vsnprintf$6) refers to printf6.o(i._snputc) for _snputc
    printf6.o(i.__0vsprintf$6) refers to printf6.o(i._printf_core) for _printf_core
    printf6.o(i.__0vsprintf$6) refers to printf6.o(i._sputc) for _sputc
    printf6.o(i._printf_core) refers to printf6.o(i._printf_pre_padding) for _printf_pre_padding
    printf6.o(i._printf_core) refers to uidiv.o(.text) for __aeabi_uidivmod
    printf6.o(i._printf_core) refers to printf6.o(i._printf_post_padding) for _printf_post_padding
    printf7.o(i.__0fprintf$7) refers to printf7.o(i._printf_core) for _printf_core
    printf7.o(i.__0fprintf$7) refers to fputc.o(i.fputc) for fputc
    printf7.o(i.__0printf$7) refers to printf7.o(i._printf_core) for _printf_core
    printf7.o(i.__0printf$7) refers to fputc.o(i.fputc) for fputc
    printf7.o(i.__0printf$7) refers to stdout.o(.data) for __stdout
    printf7.o(i.__0snprintf$7) refers to printf7.o(i._printf_core) for _printf_core
    printf7.o(i.__0snprintf$7) refers to printf7.o(i._snputc) for _snputc
    printf7.o(i.__0sprintf$7) refers to printf7.o(i._printf_core) for _printf_core
    printf7.o(i.__0sprintf$7) refers to printf7.o(i._sputc) for _sputc
    printf7.o(i.__0vfprintf$7) refers to printf7.o(i._printf_core) for _printf_core
    printf7.o(i.__0vfprintf$7) refers to fputc.o(i.fputc) for fputc
    printf7.o(i.__0vprintf$7) refers to printf7.o(i._printf_core) for _printf_core
    printf7.o(i.__0vprintf$7) refers to fputc.o(i.fputc) for fputc
    printf7.o(i.__0vprintf$7) refers to stdout.o(.data) for __stdout
    printf7.o(i.__0vsnprintf$7) refers to printf7.o(i._printf_core) for _printf_core
    printf7.o(i.__0vsnprintf$7) refers to printf7.o(i._snputc) for _snputc
    printf7.o(i.__0vsprintf$7) refers to printf7.o(i._printf_core) for _printf_core
    printf7.o(i.__0vsprintf$7) refers to printf7.o(i._sputc) for _sputc
    printf7.o(i._printf_core) refers to printf7.o(i._printf_pre_padding) for _printf_pre_padding
    printf7.o(i._printf_core) refers to uldiv.o(.text) for __aeabi_uldivmod
    printf7.o(i._printf_core) refers to printf7.o(i._printf_post_padding) for _printf_post_padding
    printf8.o(i.__0fprintf$8) refers to printf8.o(i._printf_core) for _printf_core
    printf8.o(i.__0fprintf$8) refers to fputc.o(i.fputc) for fputc
    printf8.o(i.__0printf$8) refers to printf8.o(i._printf_core) for _printf_core
    printf8.o(i.__0printf$8) refers to fputc.o(i.fputc) for fputc
    printf8.o(i.__0printf$8) refers to stdout.o(.data) for __stdout
    printf8.o(i.__0snprintf$8) refers to printf8.o(i._printf_core) for _printf_core
    printf8.o(i.__0snprintf$8) refers to printf8.o(i._snputc) for _snputc
    printf8.o(i.__0sprintf$8) refers to printf8.o(i._printf_core) for _printf_core
    printf8.o(i.__0sprintf$8) refers to printf8.o(i._sputc) for _sputc
    printf8.o(i.__0vfprintf$8) refers to printf8.o(i._printf_core) for _printf_core
    printf8.o(i.__0vfprintf$8) refers to fputc.o(i.fputc) for fputc
    printf8.o(i.__0vprintf$8) refers to printf8.o(i._printf_core) for _printf_core
    printf8.o(i.__0vprintf$8) refers to fputc.o(i.fputc) for fputc
    printf8.o(i.__0vprintf$8) refers to stdout.o(.data) for __stdout
    printf8.o(i.__0vsnprintf$8) refers to printf8.o(i._printf_core) for _printf_core
    printf8.o(i.__0vsnprintf$8) refers to printf8.o(i._snputc) for _snputc
    printf8.o(i.__0vsprintf$8) refers to printf8.o(i._printf_core) for _printf_core
    printf8.o(i.__0vsprintf$8) refers to printf8.o(i._sputc) for _sputc
    printf8.o(i._printf_core) refers to printf8.o(i._printf_pre_padding) for _printf_pre_padding
    printf8.o(i._printf_core) refers to uldiv.o(.text) for __aeabi_uldivmod
    printf8.o(i._printf_core) refers to printf8.o(i._printf_post_padding) for _printf_post_padding
    printfa.o(i.__0fprintf) refers (Special) to iusefp.o(.text) for __I$use$fp
    printfa.o(i.__0fprintf) refers to printfa.o(i._printf_core) for _printf_core
    printfa.o(i.__0fprintf) refers to fputc.o(i.fputc) for fputc
    printfa.o(i.__0printf) refers (Special) to iusefp.o(.text) for __I$use$fp
    printfa.o(i.__0printf) refers to printfa.o(i._printf_core) for _printf_core
    printfa.o(i.__0printf) refers to fputc.o(i.fputc) for fputc
    printfa.o(i.__0printf) refers to stdout.o(.data) for __stdout
    printfa.o(i.__0snprintf) refers (Special) to iusefp.o(.text) for __I$use$fp
    printfa.o(i.__0snprintf) refers to printfa.o(i._printf_core) for _printf_core
    printfa.o(i.__0snprintf) refers to printfa.o(i._snputc) for _snputc
    printfa.o(i.__0sprintf) refers (Special) to iusefp.o(.text) for __I$use$fp
    printfa.o(i.__0sprintf) refers to printfa.o(i._printf_core) for _printf_core
    printfa.o(i.__0sprintf) refers to printfa.o(i._sputc) for _sputc
    printfa.o(i.__0vfprintf) refers (Special) to iusefp.o(.text) for __I$use$fp
    printfa.o(i.__0vfprintf) refers to printfa.o(i._printf_core) for _printf_core
    printfa.o(i.__0vfprintf) refers to fputc.o(i.fputc) for fputc
    printfa.o(i.__0vprintf) refers (Special) to iusefp.o(.text) for __I$use$fp
    printfa.o(i.__0vprintf) refers to printfa.o(i._printf_core) for _printf_core
    printfa.o(i.__0vprintf) refers to fputc.o(i.fputc) for fputc
    printfa.o(i.__0vprintf) refers to stdout.o(.data) for __stdout
    printfa.o(i.__0vsnprintf) refers (Special) to iusefp.o(.text) for __I$use$fp
    printfa.o(i.__0vsnprintf) refers to printfa.o(i._printf_core) for _printf_core
    printfa.o(i.__0vsnprintf) refers to printfa.o(i._snputc) for _snputc
    printfa.o(i.__0vsprintf) refers (Special) to iusefp.o(.text) for __I$use$fp
    printfa.o(i.__0vsprintf) refers to printfa.o(i._printf_core) for _printf_core
    printfa.o(i.__0vsprintf) refers to printfa.o(i._sputc) for _sputc
    printfa.o(i._fp_digits) refers (Special) to iusefp.o(.text) for __I$use$fp
    printfa.o(i._fp_digits) refers to dmul.o(.text) for __aeabi_dmul
    printfa.o(i._fp_digits) refers to ddiv.o(.text) for __aeabi_ddiv
    printfa.o(i._fp_digits) refers to cdrcmple.o(.text) for __aeabi_cdrcmple
    printfa.o(i._fp_digits) refers to dadd.o(.text) for __aeabi_dadd
    printfa.o(i._fp_digits) refers to dfixul.o(.text) for __aeabi_d2ulz
    printfa.o(i._fp_digits) refers to uldiv.o(.text) for __aeabi_uldivmod
    printfa.o(i._printf_core) refers (Special) to iusefp.o(.text) for __I$use$fp
    printfa.o(i._printf_core) refers to printfa.o(i._printf_pre_padding) for _printf_pre_padding
    printfa.o(i._printf_core) refers to uldiv.o(.text) for __aeabi_uldivmod
    printfa.o(i._printf_core) refers to printfa.o(i._printf_post_padding) for _printf_post_padding
    printfa.o(i._printf_core) refers to printfa.o(i._fp_digits) for _fp_digits
    printfa.o(i._printf_core) refers to uidiv.o(.text) for __aeabi_uidivmod
    printfa.o(i._printf_post_padding) refers (Special) to iusefp.o(.text) for __I$use$fp
    printfa.o(i._printf_pre_padding) refers (Special) to iusefp.o(.text) for __I$use$fp
    printfa.o(i._snputc) refers (Special) to iusefp.o(.text) for __I$use$fp
    printfa.o(i._sputc) refers (Special) to iusefp.o(.text) for __I$use$fp
    malloc.o(i.free) refers to mvars.o(.data) for __microlib_freelist
    malloc.o(i.malloc) refers to mvars.o(.data) for __microlib_freelist_initialised
    malloc.o(i.malloc) refers to mvars.o(.data) for __microlib_freelist
    malloc.o(i.malloc) refers to startup_stm32f407xx.o(HEAP) for __heap_base
    mallocr.o(i.__free$realloc) refers to mvars.o(.data) for __microlib_freelist
    mallocr.o(i.__malloc$realloc) refers to mallocr.o(i.internal_alloc) for internal_alloc
    mallocr.o(i.__malloc$realloc) refers to mvars.o(.data) for __microlib_freelist_initialised
    mallocr.o(i.__malloc$realloc) refers to startup_stm32f407xx.o(HEAP) for __heap_base
    mallocr.o(i.__malloc$realloc) refers to mvars.o(.data) for __microlib_freelist
    mallocr.o(i.internal_alloc) refers to memcpya.o(.text) for __aeabi_memcpy
    mallocr.o(i.internal_alloc) refers to mvars.o(.data) for __microlib_freelist
    mallocr.o(i.realloc) refers to mallocr.o(i.__free$realloc) for __free$realloc
    mallocr.o(i.realloc) refers to mallocr.o(i.internal_alloc) for internal_alloc
    mallocr.o(i.realloc) refers to mallocr.o(i.__malloc$realloc) for __malloc$realloc
    mallocr.o(i.realloc) refers to mvars.o(.data) for __microlib_freelist
    malloca.o(i.__aligned_malloc) refers to mvars.o(.data) for __microlib_freelist_initialised
    malloca.o(i.__aligned_malloc) refers to mvars.o(.data) for __microlib_freelist
    malloca.o(i.__aligned_malloc) refers to startup_stm32f407xx.o(HEAP) for __heap_base
    malloca.o(i.__free$memalign) refers to mvars.o(.data) for __microlib_freelist
    malloca.o(i.__malloc$memalign) refers to malloca.o(i.__aligned_malloc) for __aligned_malloc
    mallocra.o(i.__aligned_malloc$realloc) refers to mallocra.o(i.internal_alloc) for internal_alloc
    mallocra.o(i.__aligned_malloc$realloc) refers to mvars.o(.data) for __microlib_freelist_initialised
    mallocra.o(i.__aligned_malloc$realloc) refers to startup_stm32f407xx.o(HEAP) for __heap_base
    mallocra.o(i.__aligned_malloc$realloc) refers to mvars.o(.data) for __microlib_freelist
    mallocra.o(i.__free$realloc$memalign) refers to mvars.o(.data) for __microlib_freelist
    mallocra.o(i.__malloc$realloc$memalign) refers to mallocra.o(i.__aligned_malloc$realloc) for __aligned_malloc$realloc
    mallocra.o(i.__realloc$memalign) refers to mallocra.o(i.__free$realloc$memalign) for __free$realloc$memalign
    mallocra.o(i.__realloc$memalign) refers to mallocra.o(i.internal_alloc) for internal_alloc
    mallocra.o(i.__realloc$memalign) refers to mallocra.o(i.__malloc$realloc$memalign) for __malloc$realloc$memalign
    mallocra.o(i.__realloc$memalign) refers to mvars.o(.data) for __microlib_freelist
    mallocra.o(i.internal_alloc) refers to memcpya.o(.text) for __aeabi_memcpy
    mallocra.o(i.internal_alloc) refers to mvars.o(.data) for __microlib_freelist
    dadd.o(.text) refers (Special) to iusefp.o(.text) for __I$use$fp
    dadd.o(.text) refers to llshl.o(.text) for __aeabi_llsl
    dadd.o(.text) refers to llsshr.o(.text) for __aeabi_lasr
    dadd.o(.text) refers to depilogue.o(.text) for _double_epilogue
    dmul.o(.text) refers (Special) to iusefp.o(.text) for __I$use$fp
    dmul.o(.text) refers to depilogue.o(.text) for _double_epilogue
    ddiv.o(.text) refers (Special) to iusefp.o(.text) for __I$use$fp
    ddiv.o(.text) refers to depilogue.o(.text) for _double_round
    dneg.o(.text) refers (Special) to iusefp.o(.text) for __I$use$fp
    dflti.o(.text) refers (Special) to iusefp.o(.text) for __I$use$fp
    dflti.o(.text) refers to depilogue.o(.text) for _double_epilogue
    dfltui.o(.text) refers (Special) to iusefp.o(.text) for __I$use$fp
    dfltui.o(.text) refers to depilogue.o(.text) for _double_epilogue
    dfixi.o(.text) refers (Special) to iusefp.o(.text) for __I$use$fp
    dfixi.o(.text) refers to llushr.o(.text) for __aeabi_llsr
    dfixui.o(.text) refers (Special) to iusefp.o(.text) for __I$use$fp
    dfixui.o(.text) refers to llushr.o(.text) for __aeabi_llsr
    f2d.o(.text) refers (Special) to iusefp.o(.text) for __I$use$fp
    cdcmple.o(.text) refers (Special) to iusefp.o(.text) for __I$use$fp
    cdrcmple.o(.text) refers (Special) to iusefp.o(.text) for __I$use$fp
    d2f.o(.text) refers (Special) to iusefp.o(.text) for __I$use$fp
    d2f.o(.text) refers to fepilogue.o(.text) for _float_round
    cos_i.o(i.__kernel_cos) refers (Special) to iusefp.o(.text) for __I$use$fp
    cos_i.o(i.__kernel_cos) refers to dfixi.o(.text) for __aeabi_d2iz
    cos_i.o(i.__kernel_cos) refers to dmul.o(.text) for __aeabi_dmul
    cos_i.o(i.__kernel_cos) refers to poly.o(i.__kernel_poly) for __kernel_poly
    cos_i.o(i.__kernel_cos) refers to dadd.o(.text) for __aeabi_dsub
    cos_i.o(i.__kernel_cos) refers to cos_i.o(.constdata) for .constdata
    cos_i.o(.constdata) refers (Special) to iusefp.o(.text) for __I$use$fp
    dunder.o(i.__mathlib_dbl_divzero) refers to ddiv.o(.text) for __aeabi_ddiv
    dunder.o(i.__mathlib_dbl_infnan) refers to dadd.o(.text) for __aeabi_dadd
    dunder.o(i.__mathlib_dbl_infnan2) refers to dadd.o(.text) for __aeabi_dadd
    dunder.o(i.__mathlib_dbl_invalid) refers to ddiv.o(.text) for __aeabi_ddiv
    dunder.o(i.__mathlib_dbl_overflow) refers to dmul.o(.text) for __aeabi_dmul
    dunder.o(i.__mathlib_dbl_posinfnan) refers to dmul.o(.text) for __aeabi_dmul
    dunder.o(i.__mathlib_dbl_underflow) refers to dmul.o(.text) for __aeabi_dmul
    fabs.o(i.__hardfp_fabs) refers (Special) to iusefp.o(.text) for __I$use$fp
    fabs.o(i.__softfp_fabs) refers (Special) to iusefp.o(.text) for __I$use$fp
    fabs.o(i.fabs) refers (Special) to iusefp.o(.text) for __I$use$fp
    fpclassify.o(i.__ARM_fpclassify) refers (Special) to iusefp.o(.text) for __I$use$fp
    poly.o(i.__kernel_poly) refers (Special) to iusefp.o(.text) for __I$use$fp
    poly.o(i.__kernel_poly) refers to dmul.o(.text) for __aeabi_dmul
    poly.o(i.__kernel_poly) refers to dadd.o(.text) for __aeabi_dadd
    qnan.o(.constdata) refers (Special) to iusefp.o(.text) for __I$use$fp
    rred.o(i.__ieee754_rem_pio2) refers (Special) to iusefp.o(.text) for __I$use$fp
    rred.o(i.__ieee754_rem_pio2) refers to dadd.o(.text) for __aeabi_dsub
    rred.o(i.__ieee754_rem_pio2) refers to fabs.o(i.fabs) for fabs
    rred.o(i.__ieee754_rem_pio2) refers to dmul.o(.text) for __aeabi_dmul
    rred.o(i.__ieee754_rem_pio2) refers to dfixi.o(.text) for __aeabi_d2iz
    rred.o(i.__ieee754_rem_pio2) refers to dflti.o(.text) for __aeabi_i2d
    rred.o(i.__ieee754_rem_pio2) refers to dfltui.o(.text) for __aeabi_ui2d
    rred.o(i.__ieee754_rem_pio2) refers to rred.o(.constdata) for .constdata
    rred.o(i.__use_accurate_range_reduction) refers (Special) to iusefp.o(.text) for __I$use$fp
    rred.o(.constdata) refers (Special) to iusefp.o(.text) for __I$use$fp
    sin_i.o(i.__kernel_sin) refers (Special) to iusefp.o(.text) for __I$use$fp
    sin_i.o(i.__kernel_sin) refers to fpclassify.o(i.__ARM_fpclassify) for __ARM_fpclassify
    sin_i.o(i.__kernel_sin) refers to dunder.o(i.__mathlib_dbl_underflow) for __mathlib_dbl_underflow
    sin_i.o(i.__kernel_sin) refers to dmul.o(.text) for __aeabi_dmul
    sin_i.o(i.__kernel_sin) refers to poly.o(i.__kernel_poly) for __kernel_poly
    sin_i.o(i.__kernel_sin) refers to dadd.o(.text) for __aeabi_dsub
    sin_i.o(i.__kernel_sin) refers to sin_i.o(.constdata) for .constdata
    sin_i.o(.constdata) refers (Special) to iusefp.o(.text) for __I$use$fp
    sin_i_x.o(i.____kernel_sin$lsc) refers (Special) to iusefp.o(.text) for __I$use$fp
    sin_i_x.o(i.____kernel_sin$lsc) refers to dmul.o(.text) for __aeabi_dmul
    sin_i_x.o(i.____kernel_sin$lsc) refers to poly.o(i.__kernel_poly) for __kernel_poly
    sin_i_x.o(i.____kernel_sin$lsc) refers to dadd.o(.text) for __aeabi_dsub
    sin_i_x.o(i.____kernel_sin$lsc) refers to sin_i_x.o(.constdata) for .constdata
    sin_i_x.o(.constdata) refers (Special) to iusefp.o(.text) for __I$use$fp
    entry2.o(.ARM.Collect$$$$00000001) refers to entry2.o(.ARM.Collect$$$$00002712) for __lit__00000000
    entry2.o(.ARM.Collect$$$$00002712) refers to startup_stm32f407xx.o(STACK) for __initial_sp
    entry2.o(__vectab_stack_and_reset_area) refers to startup_stm32f407xx.o(STACK) for __initial_sp
    entry2.o(__vectab_stack_and_reset_area) refers to entry.o(.ARM.Collect$$$$00000000) for __main
    entry5.o(.ARM.Collect$$$$00000004) refers to init.o(.text) for __scatterload
    entry9a.o(.ARM.Collect$$$$0000000B) refers to main.o(i.main) for main
    entry9b.o(.ARM.Collect$$$$0000000C) refers to main.o(i.main) for main
    fputc.o(i.fputc) refers (Special) to iusesemip.o(.text) for __I$use$semihosting$fputc
    fputc.o(i.fputc) refers (Special) to semi.o(.text) for __semihosting_library_function
    errno.o(i.__aeabi_errno_addr) refers to errno.o(.data) for .data
    errno.o(i.__read_errno) refers to errno.o(.data) for .data
    errno.o(i.__set_errno) refers to errno.o(.data) for .data
    depilogue.o(.text) refers to llshl.o(.text) for __aeabi_llsl
    depilogue.o(.text) refers to llushr.o(.text) for __aeabi_llsr
    dsqrt.o(.text) refers to llushr.o(.text) for __aeabi_llsr
    dsqrt.o(.text) refers to depilogue.o(.text) for _double_round
    dfixul.o(.text) refers to llushr.o(.text) for __aeabi_llsr
    dfixul.o(.text) refers to llshl.o(.text) for __aeabi_llsl
    init.o(.text) refers to entry5.o(.ARM.Collect$$$$00000004) for __main_after_scatterload

