Component: ARM Compiler 5.06 update 5 (build 528) Tool: armlink [4d35e2]

==============================================================================

Section Cross References

    startup_stm32f407xx.o(RESET) refers to startup_stm32f407xx.o(STACK) for __initial_sp
    startup_stm32f407xx.o(RESET) refers to startup_stm32f407xx.o(.text) for Reset_Handler
    startup_stm32f407xx.o(RESET) refers to stm32f4xx_it.o(i.NMI_Handler) for NMI_Handler
    startup_stm32f407xx.o(RESET) refers to stm32f4xx_it.o(i.HardFault_Handler) for HardFault_Handler
    startup_stm32f407xx.o(RESET) refers to stm32f4xx_it.o(i.MemManage_Handler) for MemManage_Handler
    startup_stm32f407xx.o(RESET) refers to stm32f4xx_it.o(i.BusFault_Handler) for BusFault_Handler
    startup_stm32f407xx.o(RESET) refers to stm32f4xx_it.o(i.UsageFault_Handler) for UsageFault_Handler
    startup_stm32f407xx.o(RESET) refers to stm32f4xx_it.o(i.SVC_Handler) for SVC_Handler
    startup_stm32f407xx.o(RESET) refers to stm32f4xx_it.o(i.DebugMon_Handler) for DebugMon_Handler
    startup_stm32f407xx.o(RESET) refers to stm32f4xx_it.o(i.PendSV_Handler) for PendSV_Handler
    startup_stm32f407xx.o(RESET) refers to stm32f4xx_it.o(i.SysTick_Handler) for SysTick_Handler
    startup_stm32f407xx.o(RESET) refers to stm32f4xx_it.o(i.CAN1_TX_IRQHandler) for CAN1_TX_IRQHandler
    startup_stm32f407xx.o(RESET) refers to stm32f4xx_it.o(i.CAN1_RX0_IRQHandler) for CAN1_RX0_IRQHandler
    startup_stm32f407xx.o(RESET) refers to stm32f4xx_it.o(i.CAN1_RX1_IRQHandler) for CAN1_RX1_IRQHandler
    startup_stm32f407xx.o(RESET) refers to stm32f4xx_it.o(i.TIM3_IRQHandler) for TIM3_IRQHandler
    startup_stm32f407xx.o(RESET) refers to stm32f4xx_it.o(i.DMA2_Stream1_IRQHandler) for DMA2_Stream1_IRQHandler
    startup_stm32f407xx.o(RESET) refers to stm32f4xx_it.o(i.CAN2_TX_IRQHandler) for CAN2_TX_IRQHandler
    startup_stm32f407xx.o(RESET) refers to stm32f4xx_it.o(i.CAN2_RX0_IRQHandler) for CAN2_RX0_IRQHandler
    startup_stm32f407xx.o(RESET) refers to stm32f4xx_it.o(i.CAN2_RX1_IRQHandler) for CAN2_RX1_IRQHandler
    startup_stm32f407xx.o(RESET) refers to stm32f4xx_it.o(i.DMA2_Stream6_IRQHandler) for DMA2_Stream6_IRQHandler
    startup_stm32f407xx.o(RESET) refers to referee.o(i.USART6_IRQHandler) for USART6_IRQHandler
    startup_stm32f407xx.o(.text) refers to system_stm32f4xx.o(i.SystemInit) for SystemInit
    startup_stm32f407xx.o(.text) refers to entry.o(.ARM.Collect$$$$00000000) for __main
    main.o(i.SystemClock_Config) refers to memseta.o(.text) for __aeabi_memclr4
    main.o(i.SystemClock_Config) refers to stm32f4xx_hal_rcc.o(i.HAL_RCC_OscConfig) for HAL_RCC_OscConfig
    main.o(i.SystemClock_Config) refers to main.o(i.Error_Handler) for Error_Handler
    main.o(i.SystemClock_Config) refers to stm32f4xx_hal_rcc.o(i.HAL_RCC_ClockConfig) for HAL_RCC_ClockConfig
    main.o(i.main) refers to stm32f4xx_hal.o(i.HAL_Init) for HAL_Init
    main.o(i.main) refers to main.o(i.SystemClock_Config) for SystemClock_Config
    main.o(i.main) refers to gpio.o(i.MX_GPIO_Init) for MX_GPIO_Init
    main.o(i.main) refers to dma.o(i.MX_DMA_Init) for MX_DMA_Init
    main.o(i.main) refers to can.o(i.MX_CAN1_Init) for MX_CAN1_Init
    main.o(i.main) refers to can.o(i.MX_CAN2_Init) for MX_CAN2_Init
    main.o(i.main) refers to rtc.o(i.MX_RTC_Init) for MX_RTC_Init
    main.o(i.main) refers to tim.o(i.MX_TIM3_Init) for MX_TIM3_Init
    main.o(i.main) refers to tim.o(i.MX_TIM9_Init) for MX_TIM9_Init
    main.o(i.main) refers to usart.o(i.MX_USART6_UART_Init) for MX_USART6_UART_Init
    main.o(i.main) refers to chassis_task.o(i.Task_Init) for Task_Init
    main.o(i.main) refers to stm32f4xx_hal_tim.o(i.HAL_TIM_Base_Start_IT) for HAL_TIM_Base_Start_IT
    main.o(i.main) refers to tim.o(.bss) for htim3
    can.o(i.HAL_CAN_MspDeInit) refers to stm32f4xx_hal_gpio.o(i.HAL_GPIO_DeInit) for HAL_GPIO_DeInit
    can.o(i.HAL_CAN_MspDeInit) refers to stm32f4xx_hal_cortex.o(i.HAL_NVIC_DisableIRQ) for HAL_NVIC_DisableIRQ
    can.o(i.HAL_CAN_MspDeInit) refers to can.o(.data) for HAL_RCC_CAN1_CLK_ENABLED
    can.o(i.HAL_CAN_MspInit) refers to memseta.o(.text) for __aeabi_memclr4
    can.o(i.HAL_CAN_MspInit) refers to stm32f4xx_hal_gpio.o(i.HAL_GPIO_Init) for HAL_GPIO_Init
    can.o(i.HAL_CAN_MspInit) refers to stm32f4xx_hal_cortex.o(i.HAL_NVIC_SetPriority) for HAL_NVIC_SetPriority
    can.o(i.HAL_CAN_MspInit) refers to stm32f4xx_hal_cortex.o(i.HAL_NVIC_EnableIRQ) for HAL_NVIC_EnableIRQ
    can.o(i.HAL_CAN_MspInit) refers to can.o(.data) for HAL_RCC_CAN1_CLK_ENABLED
    can.o(i.MX_CAN1_Init) refers to stm32f4xx_hal_can.o(i.HAL_CAN_Init) for HAL_CAN_Init
    can.o(i.MX_CAN1_Init) refers to main.o(i.Error_Handler) for Error_Handler
    can.o(i.MX_CAN1_Init) refers to can.o(.bss) for hcan1
    can.o(i.MX_CAN2_Init) refers to stm32f4xx_hal_can.o(i.HAL_CAN_Init) for HAL_CAN_Init
    can.o(i.MX_CAN2_Init) refers to main.o(i.Error_Handler) for Error_Handler
    can.o(i.MX_CAN2_Init) refers to can.o(.bss) for hcan2
[...]
    .data                                    0x20000014   Section        2  algorithmofcrc.o(.data)
    .data                                    0x20000016   Section        8  referee.o(.data)
    this_time_rx_len                         0x2000001c   Data           2  referee.o(.data)
    .data                                    0x20000020   Section        4  agv_control.o(.data)
    .data                                    0x20000024   Section       80  chassis.o(.data)
    .data                                    0x20000074   Section       12  kinematic.o(.data)
    .data                                    0x20000080   Section      204  graphicssendtask.o(.data)
    seq                                      0x200000c0   Data           1  graphicssendtask.o(.data)
    Frame_Length                             0x200000c1   Data           1  graphicssendtask.o(.data)
    Delete_Graphic                           0x200000c2   Data           2  graphicssendtask.o(.data)
    Data1000                                 0x200000c4   Data           4  graphicssendtask.o(.data)
    LaneLineName1                            0x200000c8   Data           4  graphicssendtask.o(.data)
    LaneLineName2                            0x200000cc   Data           4  graphicssendtask.o(.data)
    ShootLineName1                           0x200000d0   Data           4  graphicssendtask.o(.data)
    ShootLineName2                           0x200000d4   Data           4  graphicssendtask.o(.data)
    ShootLineName3                           0x200000d8   Data           4  graphicssendtask.o(.data)
    ShootLineName4                           0x200000dc   Data           4  graphicssendtask.o(.data)
    ShootLineName5                           0x200000e0   Data           4  graphicssendtask.o(.data)
    ShootLineName6                           0x200000e4   Data           4  graphicssendtask.o(.data)
    ShootLineName7                           0x200000e8   Data           4  graphicssendtask.o(.data)
    LaneLineName1                            0x200000ec   Data           4  graphicssendtask.o(.data)
    LaneLineName2                            0x200000f0   Data           4  graphicssendtask.o(.data)
    LaneLineName3                            0x200000f4   Data           4  graphicssendtask.o(.data)
    LaneLineName4                            0x200000f8   Data           4  graphicssendtask.o(.data)
    LaneLineName5                            0x200000fc   Data           4  graphicssendtask.o(.data)
    LaneLineName6                            0x20000100   Data           4  graphicssendtask.o(.data)
    LaneLineName7                            0x20000104   Data           4  graphicssendtask.o(.data)
    len                                      0x20000108   Data           2  graphicssendtask.o(.data)
    centerx                                  0x2000010a   Data           2  graphicssendtask.o(.data)
    centery                                  0x2000010c   Data           2  graphicssendtask.o(.data)
    CapName1                                 0x2000010e   Data           4  graphicssendtask.o(.data)
    CapName2                                 0x20000112   Data           3  graphicssendtask.o(.data)
    GimbalChangeName                         0x20000115   Data           4  graphicssendtask.o(.data)
    FrictionChangeName                       0x20000119   Data           4  graphicssendtask.o(.data)
    ArmorChangeName                          0x2000011d   Data           4  graphicssendtask.o(.data)
    FireChangeName                           0x20000121   Data           4  graphicssendtask.o(.data)
    PitchName                                0x20000125   Data           4  graphicssendtask.o(.data)
    GimbalName                               0x20000129   Data           4  graphicssendtask.o(.data)
    FrictionName                             0x2000012d   Data           4  graphicssendtask.o(.data)
    ArmorName                                0x20000131   Data           4  graphicssendtask.o(.data)
    CapStaticName                            0x20000135   Data           4  graphicssendtask.o(.data)
    FireName                                 0x20000139   Data           4  graphicssendtask.o(.data)
    PitchName                                0x2000013d   Data           4  graphicssendtask.o(.data)
    optype                                   0x20000141   Data           1  graphicssendtask.o(.data)
    CapName                                  0x20000142   Data           4  graphicssendtask.o(.data)
    optype                                   0x20000146   Data           1  graphicssendtask.o(.data)
    Init_Cnt                                 0x20000147   Data           1  graphicssendtask.o(.data)
    Op_Type                                  0x20000148   Data           4  graphicssendtask.o(.data)
    .data                                    0x2000014c   Section      220  drv_can.o(.data)
    mod10                                    0x20000224   Data           4  drv_can.o(.data)
    .data                                    0x20000228   Section        8  chassis_task.o(.data)
    .data                                    0x20000230   Section        4  errno.o(.data)
    _errno                                   0x20000230   Data           4  errno.o(.data)
    .bss                                     0x20000234   Section       80  can.o(.bss)
    .bss                                     0x20000284   Section       32  rtc.o(.bss)
    .bss                                     0x200002a4   Section      144  tim.o(.bss)
    .bss                                     0x20000334   Section      264  usart.o(.bss)
    .bss                                     0x2000043c   Section     2264  referee.o(.bss)
    .bss                                     0x20000d14   Section      175  agv_control.o(.bss)
    .bss                                     0x20000dc4   Section      538  chassis.o(.bss)
    .bss                                     0x20000fe0   Section       28  gimbal_connection.o(.bss)
    .bss                                     0x20000ffc   Section      360  graphicssendtask.o(.bss)
    drawing                                  0x20001119   Data          15  graphicssendtask.o(.bss)
    drawing                                  0x20001128   Data          15  graphicssendtask.o(.bss)
    drawing                                  0x20001137   Data          15  graphicssendtask.o(.bss)
    drawing                                  0x20001146   Data          15  graphicssendtask.o(.bss)
    drawing                                  0x20001155   Data          15  graphicssendtask.o(.bss)
    .bss                                     0x20001164   Section       88  drv_can.o(.bss)
    STACK                                    0x200011c0   Section     1024  startup_stm32f407xx.o(STACK)

    Global Symbols

    Symbol Name                              Value     Ov Type        Size  Object(Section)

    BuildAttributes$$THM_ISAv4$E$P$D$K$B$S$7EM$VFPi3$EXTD16$VFPS$VFMA$PE$A:L22UL41UL21$X:L11$S22US41US21$IEEE1$IW$USESV6$~STKCKD$USESV7$~SHL$OTIME$ROPI$IEEEX$EBA8$MICROLIB$REQ8$PRES8$EABIv2 0x00000000   Number         0  anon$$obj.o ABSOLUTE
    __ARM_use_no_argv                        0x00000000   Number         0  main.o ABSOLUTE
    _printf_a                                0x00000000   Number         0  stubs.o ABSOLUTE
    _printf_c                                0x00000000   Number         0  stubs.o ABSOLUTE
    _printf_charcount                        0x00000000   Number         0  stubs.o ABSOLUTE
    _printf_d                                0x00000000   Number         0  stubs.o ABSOLUTE
    _printf_e                                0x00000000   Number         0  stubs.o ABSOLUTE
    _printf_f                                0x00000000   Number         0  stubs.o ABSOLUTE
    _printf_flags                            0x00000000   Number         0  stubs.o ABSOLUTE
    _printf_fp_dec                           0x00000000   Number         0  stubs.o ABSOLUTE
    _printf_fp_hex                           0x00000000   Number         0  stubs.o ABSOLUTE
    _printf_g                                0x00000000   Number         0  stubs.o ABSOLUTE
    _printf_i                                0x00000000   Number         0  stubs.o ABSOLUTE
    _printf_int_dec                          0x00000000   Number         0  stubs.o ABSOLUTE
    _printf_l                                0x00000000   Number         0  stubs.o ABSOLUTE
    _printf_lc                               0x00000000   Number         0  stubs.o ABSOLUTE
    _printf_ll                               0x00000000   Number         0  stubs.o ABSOLUTE
    _printf_lld                              0x00000000   Number         0  stubs.o ABSOLUTE
    _printf_lli                              0x00000000   Number         0  stubs.o ABSOLUTE
    _printf_llo                              0x00000000   Number         0  stubs.o ABSOLUTE
    _printf_llu                              0x00000000   Number         0  stubs.o ABSOLUTE
    _printf_llx                              0x00000000   Number         0  stubs.o ABSOLUTE
    _printf_longlong_dec                     0x00000000   Number         0  stubs.o ABSOLUTE
    _printf_longlong_hex                     0x00000000   Number         0  stubs.o ABSOLUTE
    _printf_longlong_oct                     0x00000000   Number         0  stubs.o ABSOLUTE
    _printf_ls                               0x00000000   Number         0  stubs.o ABSOLUTE
    _printf_mbtowc                           0x00000000   Number         0  stubs.o ABSOLUTE
    _printf_n                                0x00000000   Number         0  stubs.o ABSOLUTE
    _printf_o                                0x00000000   Number         0  stubs.o ABSOLUTE
    _printf_p                                0x00000000   Number         0  stubs.o ABSOLUTE
    _printf_percent                          0x00000000   Number         0  stubs.o ABSOLUTE
    _printf_pre_padding                      0x00000000   Number         0  stubs.o ABSOLUTE
    _printf_return_value                     0x00000000   Number         0  stubs.o ABSOLUTE
    _printf_s                                0x00000000   Number         0  stubs.o ABSOLUTE
    _printf_sizespec                         0x00000000   Number         0  stubs.o ABSOLUTE
    _printf_str                              0x00000000   Number         0  stubs.o ABSOLUTE
    _printf_truncate_signed                  0x00000000   Number         0  stubs.o ABSOLUTE
    _printf_truncate_unsigned                0x00000000   Number         0  stubs.o ABSOLUTE
    _printf_u                                0x00000000   Number         0  stubs.o ABSOLUTE
    _printf_wc                               0x00000000   Number         0  stubs.o ABSOLUTE
    _printf_wctomb                           0x00000000   Number         0  stubs.o ABSOLUTE
    _printf_widthprec                        0x00000000   Number         0  stubs.o ABSOLUTE
    _printf_x                                0x00000000   Number         0  stubs.o ABSOLUTE
    __cpp_initialize__aeabi_                  - Undefined Weak Reference
    __cxa_finalize                            - Undefined Weak Reference
    _clock_init                               - Undefined Weak Reference
    _microlib_exit                            - Undefined Weak Reference
    __Vectors_Size                           0x00000188   Number         0  startup_stm32f407xx.o ABSOLUTE
    __Vectors                                0x08000000   Data           4  startup_stm32f407xx.o(RESET)
    __Vectors_End                            0x08000188   Data           0  startup_stm32f407xx.o(RESET)
    __main                                   0x08000189   Thumb Code     0  entry.o(.ARM.Collect$$$$00000000)
    _main_stk                                0x08000189   Thumb Code     0  entry2.o(.ARM.Collect$$$$00000001)
    _main_scatterload                        0x0800018d   Thumb Code     0  entry5.o(.ARM.Collect$$$$00000004)
    __main_after_scatterload                 0x08000191   Thumb Code     0  entry5.o(.ARM.Collect$$$$00000004)
    _main_clock                              0x08000191   Thumb Code     0  entry7b.o(.ARM.Collect$$$$00000008)
    _main_cpp_init                           0x08000191   Thumb Code     0  entry8b.o(.ARM.Collect$$$$0000000A)
    _main_init                               0x08000191   Thumb Code     0  entry9a.o(.ARM.Collect$$$$0000000B)
    __rt_final_cpp                           0x08000199   Thumb Code     0  entry10a.o(.ARM.Collect$$$$0000000D)
    __rt_final_exit                          0x08000199   Thumb Code     0  entry11a.o(.ARM.Collect$$$$0000000F)
    Reset_Handler                            0x0800019d   Thumb Code     8  startup_stm32f407xx.o(.text)
    ADC_IRQHandler                           0x080001b7   Thumb Code     0  startup_stm32f407xx.o(.text)
    CAN1_SCE_IRQHandler                      0x080001b7   Thumb Code     0  startup_stm32f407xx.o(.text)
    CAN2_SCE_IRQHandler                      0x080001b7   Thumb Code     0  startup_stm32f407xx.o(.text)
    DCMI_IRQHandler                          0x080001b7   Thumb Code     0  startup_stm32f407xx.o(.text)
    DMA1_Stream0_IRQHandler                  0x080001b7   Thumb Code     0  startup_stm32f407xx.o(.text)
    DMA1_Stream1_IRQHandler                  0x080001b7   Thumb Code     0  startup_stm32f407xx.o(.text)
    DMA1_Stream2_IRQHandler                  0x080001b7   Thumb Code     0  startup_stm32f407xx.o(.text)
    DMA1_Stream3_IRQHandler                  0x080001b7   Thumb Code     0  startup_stm32f407xx.o(.text)
    DMA1_Stream4_IRQHandler                  0x080001b7   Thumb Code     0  startup_stm32f407xx.o(.text)
    DMA1_Stream5_IRQHandler                  0x080001b7   Thumb Code     0  startup_stm32f407xx.o(.text)
    DMA1_Stream6_IRQHandler                  0x080001b7   Thumb Code     0  startup_stm32f407xx.o(.text)
    DMA1_Stream7_IRQHandler                  0x080001b7   Thumb Code     0  startup_stm32f407xx.o(.text)
    DMA2_Stream0_IRQHandler                  0x080001b7   Thumb Code     0  startup_stm32f407xx.o(.text)
    DMA2_Stream2_IRQHandler                  0x080001b7   Thumb Code     0  startup_stm32f407xx.o(.text)
    DMA2_Stream3_IRQHandler                  0x080001b7   Thumb Code     0  startup_stm32f407xx.o(.text)
    DMA2_Stream4_IRQHandler                  0x080001b7   Thumb Code     0  startup_stm32f407xx.o(.text)
    DMA2_Stream5_IRQHandler                  0x080001b7   Thumb Code     0  startup_stm32f407xx.o(.text)
    DMA2_Stream7_IRQHandler                  0x080001b7   Thumb Code     0  startup_stm32f407xx.o(.text)
    ETH_IRQHandler                           0x080001b7   Thumb Code     0  startup_stm32f407xx.o(.text)
    ETH_WKUP_IRQHandler                      0x080001b7   Thumb Code     0  startup_stm32f407xx.o(.text)
    EXTI0_IRQHandler                         0x080001b7   Thumb Code     0  startup_stm32f407xx.o(.text)
    EXTI15_10_IRQHandler                     0x080001b7   Thumb Code     0  startup_stm32f407xx.o(.text)
    EXTI1_IRQHandler                         0x080001b7   Thumb Code     0  startup_stm32f407xx.o(.text)
    EXTI2_IRQHandler                         0x080001b7   Thumb Code     0  startup_stm32f407xx.o(.text)
    EXTI3_IRQHandler                         0x080001b7   Thumb Code     0  startup_stm32f407xx.o(.text)
    EXTI4_IRQHandler                         0x080001b7   Thumb Code     0  startup_stm32f407xx.o(.text)
    EXTI9_5_IRQHandler                       0x080001b7   Thumb Code     0  startup_stm32f407xx.o(.text)
    FLASH_IRQHandler                         0x080001b7   Thumb Code     0  startup_stm32f407xx.o(.text)
    FMC_IRQHandler                           0x080001b7   Thumb Code     0  startup_stm32f407xx.o(.text)
    FPU_IRQHandler                           0x080001b7   Thumb Code     0  startup_stm32f407xx.o(.text)
    HASH_RNG_IRQHandler                      0x080001b7   Thumb Code     0  startup_stm32f407xx.o(.text)
    I2C1_ER_IRQHandler                       0x080001b7   Thumb Code     0  startup_stm32f407xx.o(.text)
    I2C1_EV_IRQHandler                       0x080001b7   Thumb Code     0  startup_stm32f407xx.o(.text)
    I2C2_ER_IRQHandler                       0x080001b7   Thumb Code     0  startup_stm32f407xx.o(.text)
    I2C2_EV_IRQHandler                       0x080001b7   Thumb Code     0  startup_stm32f407xx.o(.text)
    I2C3_ER_IRQHandler                       0x080001b7   Thumb Code     0  startup_stm32f407xx.o(.text)
    I2C3_EV_IRQHandler                       0x080001b7   Thumb Code     0  startup_stm32f407xx.o(.text)
    OTG_FS_IRQHandler                        0x080001b7   Thumb Code     0  startup_stm32f407xx.o(.text)
    OTG_FS_WKUP_IRQHandler                   0x080001b7   Thumb Code     0  startup_stm32f407xx.o(.text)
    OTG_HS_EP1_IN_IRQHandler                 0x080001b7   Thumb Code     0  startup_stm32f407xx.o(.text)
    OTG_HS_EP1_OUT_IRQHandler                0x080001b7   Thumb Code     0  startup_stm32f407xx.o(.text)
    OTG_HS_IRQHandler                        0x080001b7   Thumb Code     0  startup_stm32f407xx.o(.text)
    OTG_HS_WKUP_IRQHandler                   0x080001b7   Thumb Code     0  startup_stm32f407xx.o(.text)
    PVD_IRQHandler                           0x080001b7   Thumb Code     0  startup_stm32f407xx.o(.text)
    RCC_IRQHandler                           0x080001b7   Thumb Code     0  startup_stm32f407xx.o(.text)
    RTC_Alarm_IRQHandler                     0x080001b7   Thumb Code     0  startup_stm32f407xx.o(.text)
    RTC_WKUP_IRQHandler                      0x080001b7   Thumb Code     0  startup_stm32f407xx.o(.text)
    SDIO_IRQHandler                          0x080001b7   Thumb Code     0  startup_stm32f407xx.o(.text)
    SPI1_IRQHandler                          0x080001b7   Thumb Code     0  startup_stm32f407xx.o(.text)
    SPI2_IRQHandler                          0x080001b7   Thumb Code     0  startup_stm32f407xx.o(.text)
    SPI3_IRQHandler                          0x080001b7   Thumb Code     0  startup_stm32f407xx.o(.text)
    TAMP_STAMP_IRQHandler                    0x080001b7   Thumb Code     0  startup_stm32f407xx.o(.text)
    TIM1_BRK_TIM9_IRQHandler                 0x080001b7   Thumb Code     0  startup_stm32f407xx.o(.text)
    TIM1_CC_IRQHandler                       0x080001b7   Thumb Code     0  startup_stm32f407xx.o(.text)
    TIM1_TRG_COM_TIM11_IRQHandler            0x080001b7   Thumb Code     0  startup_stm32f407xx.o(.text)
    TIM1_UP_TIM10_IRQHandler                 0x080001b7   Thumb Code     0  startup_stm32f407xx.o(.text)
    TIM2_IRQHandler                          0x080001b7   Thumb Code     0  startup_stm32f407xx.o(.text)
    TIM4_IRQHandler                          0x080001b7   Thumb Code     0  startup_stm32f407xx.o(.text)
    TIM5_IRQHandler                          0x080001b7   Thumb Code     0  startup_stm32f407xx.o(.text)
    TIM6_DAC_IRQHandler                      0x080001b7   Thumb Code     0  startup_stm32f407xx.o(.text)
    TIM7_IRQHandler                          0x080001b7   Thumb Code     0  startup_stm32f407xx.o(.text)
    TIM8_BRK_TIM12_IRQHandler                0x080001b7   Thumb Code     0  startup_stm32f407xx.o(.text)
    TIM8_CC_IRQHandler                       0x080001b7   Thumb Code     0  startup_stm32f407xx.o(.text)
    TIM8_TRG_COM_TIM14_IRQHandler            0x080001b7   Thumb Code     0  startup_stm32f407xx.o(.text)
    TIM8_UP_TIM13_IRQHandler                 0x080001b7   Thumb Code     0  startup_stm32f407xx.o(.text)
    UART4_IRQHandler                         0x080001b7   Thumb Code     0  startup_stm32f407xx.o(.text)
    UART5_IRQHandler                         0x080001b7   Thumb Code     0  startup_stm32f407xx.o(.text)
    USART1_IRQHandler                        0x080001b7   Thumb Code     0  startup_stm32f407xx.o(.text)
    USART2_IRQHandler                        0x080001b7   Thumb Code     0  startup_stm32f407xx.o(.text)
    USART3_IRQHandler                        0x080001b7   Thumb Code     0  startup_stm32f407xx.o(.text)
    WWDG_IRQHandler                          0x080001b7   Thumb Code     0  startup_stm32f407xx.o(.text)
    __aeabi_uldivmod                         0x080001c1   Thumb Code    98  uldiv.o(.text)
    __aeabi_memcpy                           0x08000223   Thumb Code    36  memcpya.o(.text)
    __aeabi_memcpy4                          0x08000223   Thumb Code     0  memcpya.o(.text)
    __aeabi_memcpy8                          0x08000223   Thumb Code     0  memcpya.o(.text)
    __aeabi_memset                           0x08000247   Thumb Code    14  memseta.o(.text)
    __aeabi_memset4                          0x08000247   Thumb Code     0  memseta.o(.text)
    __aeabi_memset8                          0x08000247   Thumb Code     0  memseta.o(.text)
    __aeabi_memclr                           0x08000255   Thumb Code     4  memseta.o(.text)
    __aeabi_memclr4                          0x08000255   Thumb Code     0  memseta.o(.text)
    __aeabi_memclr8                          0x08000255   Thumb Code     0  memseta.o(.text)
    _memset$wrapper                          0x08000259   Thumb Code    18  memseta.o(.text)
    __aeabi_dadd                             0x0800026b   Thumb Code   322  dadd.o(.text)
    __aeabi_dsub                             0x080003ad   Thumb Code     6  dadd.o(.text)
    __aeabi_drsub                            0x080003b3   Thumb Code     6  dadd.o(.text)
    __aeabi_dmul                             0x080003b9   Thumb Code   228  dmul.o(.text)
    __aeabi_ddiv                             0x0800049d   Thumb Code   222  ddiv.o(.text)
    __aeabi_i2d                              0x0800057b   Thumb Code    34  dflti.o(.text)
    __aeabi_d2iz                             0x0800059d   Thumb Code    62  dfixi.o(.text)
    __aeabi_d2uiz                            0x080005db   Thumb Code    50  dfixui.o(.text)
    __aeabi_f2d                              0x0800060d   Thumb Code    38  f2d.o(.text)
    __aeabi_d2f                              0x08000633   Thumb Code    56  d2f.o(.text)
    __aeabi_llsl                             0x0800066b   Thumb Code    30  llshl.o(.text)
    _ll_shift_l                              0x0800066b   Thumb Code     0  llshl.o(.text)
    __aeabi_llsr                             0x08000689   Thumb Code    32  llushr.o(.text)
    _ll_ushift_r                             0x08000689   Thumb Code     0  llushr.o(.text)
    __aeabi_lasr                             0x080006a9   Thumb Code    36  llsshr.o(.text)
    _ll_sshift_r                             0x080006a9   Thumb Code     0  llsshr.o(.text)
    __I$use$fp                               0x080006cd   Thumb Code     0  iusefp.o(.text)
    _float_round                             0x080006cd   Thumb Code    18  fepilogue.o(.text)
    _float_epilogue                          0x080006df   Thumb Code    92  fepilogue.o(.text)
    _double_round                            0x0800073b   Thumb Code    30  depilogue.o(.text)
    _double_epilogue                         0x08000759   Thumb Code   156  depilogue.o(.text)
    _dsqrt                                   0x080007f5   Thumb Code   162  dsqrt.o(.text)
    __scatterload                            0x08000899   Thumb Code    28  init.o(.text)
    __scatterload_rt2                        0x08000899   Thumb Code     0  init.o(.text)
    __aeabi_ui2d                             0x080008bd   Thumb Code    26  dfltui.o(.text)
    __decompress                             0x080008d7   Thumb Code     0  __dczerorl2.o(.text)
    __decompress1                            0x080008d7   Thumb Code    86  __dczerorl2.o(.text)
    AGV_DirectiveMotor_RobotMotion_To_TargetStatus 0x0800092d   Thumb Code   118  kinematic.o(i.AGV_DirectiveMotor_RobotMotion_To_TargetStatus)
    AGV_DirectiveMotor_TargetStatus_To_MotorAngle_In_ChassisCoordinate 0x080009b1   Thumb Code   564  kinematic.o(i.AGV_DirectiveMotor_TargetStatus_To_MotorAngle_In_ChassisCoordinate)
    AGV_Vector_Composition_In_ChassisCoordinate 0x08000be9   Thumb Code  1864  kinematic.o(i.AGV_Vector_Composition_In_ChassisCoordinate)
    AGV_connoection                          0x08001335   Thumb Code   862  agv_control.o(i.AGV_connoection)
    Append_CRC16_Check_Sum                   0x080016b1   Thumb Code    44  algorithmofcrc.o(i.Append_CRC16_Check_Sum)
    Append_CRC8_Check_Sum                    0x080016e1   Thumb Code    36  algorithmofcrc.o(i.Append_CRC8_Check_Sum)
    BusFault_Handler                         0x08001705   Thumb Code     4  stm32f4xx_it.o(i.BusFault_Handler)
    CAN1_Call_Back                           0x08001709   Thumb Code   100  can_connection.o(i.CAN1_Call_Back)
    CAN1_RX0_IRQHandler                      0x08001771   Thumb Code    10  stm32f4xx_it.o(i.CAN1_RX0_IRQHandler)
    CAN1_RX1_IRQHandler                      0x08001781   Thumb Code    10  stm32f4xx_it.o(i.CAN1_RX1_IRQHandler)
    CAN1_TX_IRQHandler                       0x08001791   Thumb Code    10  stm32f4xx_it.o(i.CAN1_TX_IRQHandler)
    CAN2_Call_Back                           0x080017a1   Thumb Code    70  can_connection.o(i.CAN2_Call_Back)
    CAN2_RX0_IRQHandler                      0x080017f1   Thumb Code    10  stm32f4xx_it.o(i.CAN2_RX0_IRQHandler)
    CAN2_RX1_IRQHandler                      0x08001801   Thumb Code    10  stm32f4xx_it.o(i.CAN2_RX1_IRQHandler)
    CAN2_TX_IRQHandler                       0x08001811   Thumb Code    10  stm32f4xx_it.o(i.CAN2_TX_IRQHandler)
    CAN_Chassis_TxCpltCallback               0x08001821   Thumb Code    52  gimbal_connection.o(i.CAN_Chassis_TxCpltCallback)
    CAN_Init                                 0x0800185d   Thumb Code   202  drv_can.o(i.CAN_Init)
    CAN_Send_Data                            0x08001939   Thumb Code    40  drv_can.o(i.CAN_Send_Data)
    CAN_Send_EXT_Data                        0x08001961   Thumb Code    44  drv_can.o(i.CAN_Send_EXT_Data)
    Can_Connection_Init                      0x0800198d   Thumb Code    20  can_connection.o(i.Can_Connection_Init)
    CarPosture_Change                        0x080019b1   Thumb Code   248  graphicssendtask.o(i.CarPosture_Change)
    CharChange                               0x08001ad9   Thumb Code   972  graphicssendtask.o(i.CharChange)
    CharGraphic_Draw                         0x08001f31   Thumb Code   188  graphicssendtask.o(i.CharGraphic_Draw)
    Char_Draw                                0x08001ff5   Thumb Code   112  graphicssendtask.o(i.Char_Draw)
    Char_Init                                0x0800206d   Thumb Code   310  graphicssendtask.o(i.Char_Init)
    Chassis_Control_Mode_Update              0x08002201   Thumb Code    58  gimbal_connection.o(i.Chassis_Control_Mode_Update)
    Chassis_Flag_Update                      0x0800223b   Thumb Code    22  gimbal_connection.o(i.Chassis_Flag_Update)
    Chassis_Init                             0x08002251   Thumb Code    86  chassis.o(i.Chassis_Init)
    Chassis_Inveter_Judge                    0x080022b9   Thumb Code   176  chassis.o(i.Chassis_Inveter_Judge)
    Chassis_Mode_Command_Update              0x08002371   Thumb Code   160  chassis.o(i.Chassis_Mode_Command_Update)
    Chassis_Move                             0x0800241d   Thumb Code    22  chassis.o(i.Chassis_Move)
    Chassis_Power_Control_Init               0x08002439   Thumb Code    26  agv_control.o(i.Chassis_Power_Control_Init)
    Chassis_Speed_Command_Update             0x0800245d   Thumb Code    14  gimbal_connection.o(i.Chassis_Speed_Command_Update)
    Chassis_Speed_Control                    0x0800246d   Thumb Code   110  kinematic.o(i.Chassis_Speed_Control)
    Chassis_Speed_Slow_Motion                0x080024e1   Thumb Code   234  chassis.o(i.Chassis_Speed_Slow_Motion)
    DMA2_Stream1_IRQHandler                  0x080025cd   Thumb Code    10  stm32f4xx_it.o(i.DMA2_Stream1_IRQHandler)
    DMA2_Stream6_IRQHandler                  0x080025dd   Thumb Code    10  stm32f4xx_it.o(i.DMA2_Stream6_IRQHandler)
    DebugMon_Handler                         0x080026f7   Thumb Code     2  stm32f4xx_it.o(i.DebugMon_Handler)
    EXT_ID_Set                               0x080026f9   Thumb Code    16  drv_can.o(i.EXT_ID_Set)
    Error_Handler                            0x08002709   Thumb Code     6  main.o(i.Error_Handler)
    FloatData_Draw                           0x08002711   Thumb Code   250  graphicssendtask.o(i.FloatData_Draw)
    Float_Abs                                0x08002819   Thumb Code    26  kinematic.o(i.Float_Abs)
    GM6020_Current_From_Lsb_To_Ampere        0x08002835   Thumb Code    26  motor.o(i.GM6020_Current_From_Lsb_To_Ampere)
    GM6020_Feedback_Update                   0x08002855   Thumb Code    42  motor.o(i.GM6020_Feedback_Update)
    GM6020_Position_From_Lsb_To_Degree       0x08002881   Thumb Code    26  motor.o(i.GM6020_Position_From_Lsb_To_Degree)
    GM6020_Position_From_Lsb_To_Rad          0x080028a5   Thumb Code    34  motor.o(i.GM6020_Position_From_Lsb_To_Rad)
    GM6020_Status_Update                     0x080028d1   Thumb Code   258  motor.o(i.GM6020_Status_Update)
    Get_CRC16_Check_Sum                      0x080029dd   Thumb Code    46  algorithmofcrc.o(i.Get_CRC16_Check_Sum)
    Get_CRC8_Check_Sum                       0x08002a11   Thumb Code    30  algorithmofcrc.o(i.Get_CRC8_Check_Sum)
    Gimbal_To_Chassis_Relative_Angle_Update  0x08002a35   Thumb Code   136  chassis.o(i.Gimbal_To_Chassis_Relative_Angle_Update)
    GraphicSendtask                          0x08002ad9   Thumb Code   246  graphicssendtask.o(i.GraphicSendtask)
    HAL_CAN_ActivateNotification             0x08002be5   Thumb Code    42  stm32f4xx_hal_can.o(i.HAL_CAN_ActivateNotification)
    HAL_CAN_AddTxMessage                     0x08002c0f   Thumb Code   330  stm32f4xx_hal_can.o(i.HAL_CAN_AddTxMessage)
    HAL_CAN_ConfigFilter                     0x08002d59   Thumb Code   286  stm32f4xx_hal_can.o(i.HAL_CAN_ConfigFilter)
    HAL_CAN_ErrorCallback                    0x08002e7d   Thumb Code     2  stm32f4xx_hal_can.o(i.HAL_CAN_ErrorCallback)
    HAL_CAN_GetRxMessage                     0x08002e7f   Thumb Code   404  stm32f4xx_hal_can.o(i.HAL_CAN_GetRxMessage)
    HAL_CAN_IRQHandler                       0x08003013   Thumb Code   590  stm32f4xx_hal_can.o(i.HAL_CAN_IRQHandler)
    HAL_CAN_Init                             0x08003261   Thumb Code   372  stm32f4xx_hal_can.o(i.HAL_CAN_Init)
    HAL_CAN_MspInit                          0x080033d5   Thumb Code   392  can.o(i.HAL_CAN_MspInit)
    HAL_CAN_RxFifo0FullCallback              0x08003575   Thumb Code     2  stm32f4xx_hal_can.o(i.HAL_CAN_RxFifo0FullCallback)
    HAL_CAN_RxFifo0MsgPendingCallback        0x08003579   Thumb Code    72  drv_can.o(i.HAL_CAN_RxFifo0MsgPendingCallback)
    HAL_CAN_RxFifo1FullCallback              0x080035d1   Thumb Code     2  stm32f4xx_hal_can.o(i.HAL_CAN_RxFifo1FullCallback)
    HAL_CAN_RxFifo1MsgPendingCallback        0x080035d5   Thumb Code    72  drv_can.o(i.HAL_CAN_RxFifo1MsgPendingCallback)
    HAL_CAN_SleepCallback                    0x0800362d   Thumb Code     2  stm32f4xx_hal_can.o(i.HAL_CAN_SleepCallback)
    HAL_CAN_Start                            0x0800362f   Thumb Code    94  stm32f4xx_hal_can.o(i.HAL_CAN_Start)
    HAL_CAN_TxMailbox0AbortCallback          0x0800368d   Thumb Code     2  stm32f4xx_hal_can.o(i.HAL_CAN_TxMailbox0AbortCallback)
    HAL_CAN_TxMailbox0CompleteCallback       0x0800368f   Thumb Code     2  stm32f4xx_hal_can.o(i.HAL_CAN_TxMailbox0CompleteCallback)
    HAL_CAN_TxMailbox1AbortCallback          0x08003691   Thumb Code     2  stm32f4xx_hal_can.o(i.HAL_CAN_TxMailbox1AbortCallback)
    HAL_CAN_TxMailbox1CompleteCallback       0x08003693   Thumb Code     2  stm32f4xx_hal_can.o(i.HAL_CAN_TxMailbox1CompleteCallback)
    HAL_CAN_TxMailbox2AbortCallback          0x08003695   Thumb Code     2  stm32f4xx_hal_can.o(i.HAL_CAN_TxMailbox2AbortCallback)
    HAL_CAN_TxMailbox2CompleteCallback       0x08003697   Thumb Code     2  stm32f4xx_hal_can.o(i.HAL_CAN_TxMailbox2CompleteCallback)
    HAL_CAN_WakeUpFromRxMsgCallback          0x08003699   Thumb Code     2  stm32f4xx_hal_can.o(i.HAL_CAN_WakeUpFromRxMsgCallback)
    HAL_DMA_IRQHandler                       0x0800369d   Thumb Code   570  stm32f4xx_hal_dma.o(i.HAL_DMA_IRQHandler)
    HAL_DMA_Init                             0x080038dd   Thumb Code   232  stm32f4xx_hal_dma.o(i.HAL_DMA_Init)
    HAL_DMA_Start_IT                         0x080039c9   Thumb Code   146  stm32f4xx_hal_dma.o(i.HAL_DMA_Start_IT)
    HAL_GPIO_Init                            0x08003a5d   Thumb Code   454  stm32f4xx_hal_gpio.o(i.HAL_GPIO_Init)
    HAL_GetTick                              0x08003c51   Thumb Code     6  stm32f4xx_hal.o(i.HAL_GetTick)
    HAL_IncTick                              0x08003c5d   Thumb Code    16  stm32f4xx_hal.o(i.HAL_IncTick)
    HAL_Init                                 0x08003c75   Thumb Code    54  stm32f4xx_hal.o(i.HAL_Init)
    HAL_InitTick                             0x08003cb1   Thumb Code    64  stm32f4xx_hal.o(i.HAL_InitTick)
    HAL_MspInit                              0x08003cfd   Thumb Code    68  stm32f4xx_hal_msp.o(i.HAL_MspInit)
    HAL_NVIC_EnableIRQ                       0x08003d45   Thumb Code    40  stm32f4xx_hal_cortex.o(i.HAL_NVIC_EnableIRQ)
    HAL_NVIC_SetPriority                     0x08003d6d   Thumb Code   124  stm32f4xx_hal_cortex.o(i.HAL_NVIC_SetPriority)
    HAL_NVIC_SetPriorityGrouping             0x08003de9   Thumb Code    32  stm32f4xx_hal_cortex.o(i.HAL_NVIC_SetPriorityGrouping)
    HAL_RCCEx_PeriphCLKConfig                0x08003e11   Thumb Code   396  stm32f4xx_hal_rcc_ex.o(i.HAL_RCCEx_PeriphCLKConfig)
    HAL_RCC_ClockConfig                      0x08003fb1   Thumb Code   368  stm32f4xx_hal_rcc.o(i.HAL_RCC_ClockConfig)
    HAL_RCC_GetHCLKFreq                      0x08004135   Thumb Code     6  stm32f4xx_hal_rcc.o(i.HAL_RCC_GetHCLKFreq)
    HAL_RCC_GetPCLK1Freq                     0x08004141   Thumb Code    22  stm32f4xx_hal_rcc.o(i.HAL_RCC_GetPCLK1Freq)
    HAL_RCC_GetPCLK2Freq                     0x08004161   Thumb Code    22  stm32f4xx_hal_rcc.o(i.HAL_RCC_GetPCLK2Freq)
    HAL_RCC_GetSysClockFreq                  0x08004181   Thumb Code   162  stm32f4xx_hal_rcc.o(i.HAL_RCC_GetSysClockFreq)
    HAL_RCC_OscConfig                        0x08004231   Thumb Code  1172  stm32f4xx_hal_rcc.o(i.HAL_RCC_OscConfig)
    HAL_RTC_Init                             0x080046cd   Thumb Code   176  stm32f4xx_hal_rtc.o(i.HAL_RTC_Init)
    HAL_RTC_MspInit                          0x08004781   Thumb Code    50  rtc.o(i.HAL_RTC_MspInit)
    HAL_RTC_WaitForSynchro                   0x080047bd   Thumb Code    52  stm32f4xx_hal_rtc.o(i.HAL_RTC_WaitForSynchro)
    HAL_SYSTICK_Config                       0x080047f5   Thumb Code    52  stm32f4xx_hal_cortex.o(i.HAL_SYSTICK_Config)
    HAL_TIMEx_BreakCallback                  0x08004829   Thumb Code     2  stm32f4xx_hal_tim_ex.o(i.HAL_TIMEx_BreakCallback)
    HAL_TIMEx_CommutCallback                 0x0800482b   Thumb Code     2  stm32f4xx_hal_tim_ex.o(i.HAL_TIMEx_CommutCallback)
    HAL_TIMEx_MasterConfigSynchronization    0x0800482d   Thumb Code   150  stm32f4xx_hal_tim_ex.o(i.HAL_TIMEx_MasterConfigSynchronization)
    HAL_TIM_Base_Init                        0x080048e1   Thumb Code   102  stm32f4xx_hal_tim.o(i.HAL_TIM_Base_Init)
    HAL_TIM_Base_MspInit                     0x08004949   Thumb Code   108  tim.o(i.HAL_TIM_Base_MspInit)
    HAL_TIM_Base_Start_IT                    0x080049c1   Thumb Code   138  stm32f4xx_hal_tim.o(i.HAL_TIM_Base_Start_IT)
    HAL_TIM_ConfigClockSource                0x08004a69   Thumb Code   268  stm32f4xx_hal_tim.o(i.HAL_TIM_ConfigClockSource)
    HAL_TIM_IC_CaptureCallback               0x08004b75   Thumb Code     2  stm32f4xx_hal_tim.o(i.HAL_TIM_IC_CaptureCallback)
    HAL_TIM_IRQHandler                       0x08004b77   Thumb Code   364  stm32f4xx_hal_tim.o(i.HAL_TIM_IRQHandler)
    HAL_TIM_OC_DelayElapsedCallback          0x08004ce3   Thumb Code     2  stm32f4xx_hal_tim.o(i.HAL_TIM_OC_DelayElapsedCallback)
    HAL_TIM_PWM_PulseFinishedCallback        0x08004ce5   Thumb Code     2  stm32f4xx_hal_tim.o(i.HAL_TIM_PWM_PulseFinishedCallback)
    HAL_TIM_PeriodElapsedCallback            0x08004ce9   Thumb Code   194  chassis_task.o(i.HAL_TIM_PeriodElapsedCallback)
    HAL_TIM_TriggerCallback                  0x08004dbd   Thumb Code     2  stm32f4xx_hal_tim.o(i.HAL_TIM_TriggerCallback)
    HAL_UART_ErrorCallback                   0x08004dbf   Thumb Code     2  stm32f4xx_hal_uart.o(i.HAL_UART_ErrorCallback)
    HAL_UART_Init                            0x08004dc1   Thumb Code   118  stm32f4xx_hal_uart.o(i.HAL_UART_Init)
    HAL_UART_MspInit                         0x08004e39   Thumb Code   258  usart.o(i.HAL_UART_MspInit)
    HAL_UART_Transmit_DMA                    0x08004f55   Thumb Code   128  stm32f4xx_hal_uart.o(i.HAL_UART_Transmit_DMA)
    HAL_UART_TxCpltCallback                  0x08004fe1   Thumb Code     2  stm32f4xx_hal_uart.o(i.HAL_UART_TxCpltCallback)
    HAL_UART_TxHalfCpltCallback              0x08004fe3   Thumb Code     2  stm32f4xx_hal_uart.o(i.HAL_UART_TxHalfCpltCallback)
    HardFault_Handler                        0x08004fe5   Thumb Code     4  stm32f4xx_it.o(i.HardFault_Handler)
    Judge_Buffer_Receive_Task                0x08004fe9   Thumb Code   110  referee.o(i.Judge_Buffer_Receive_Task)
    Lanelines_Init                           0x08005061   Thumb Code   136  graphicssendtask.o(i.Lanelines_Init)
    Line_Draw                                0x080050f9   Thumb Code   158  graphicssendtask.o(i.Line_Draw)
    MX_CAN1_Init                             0x0800519d   Thumb Code    62  can.o(i.MX_CAN1_Init)
    MX_CAN2_Init                             0x080051e5   Thumb Code    62  can.o(i.MX_CAN2_Init)
    MX_DMA_Init                              0x0800522d   Thumb Code    68  dma.o(i.MX_DMA_Init)
    MX_GPIO_Init                             0x08005275   Thumb Code   156  gpio.o(i.MX_GPIO_Init)
    MX_RTC_Init                              0x08005315   Thumb Code    44  rtc.o(i.MX_RTC_Init)
    MX_TIM3_Init                             0x08005349   Thumb Code   102  tim.o(i.MX_TIM3_Init)
    MX_TIM9_Init                             0x080053b9   Thumb Code    74  tim.o(i.MX_TIM9_Init)
    MX_USART6_UART_Init                      0x0800540d   Thumb Code    46  usart.o(i.MX_USART6_UART_Init)
    MemManage_Handler                        0x08005445   Thumb Code     4  stm32f4xx_it.o(i.MemManage_Handler)
    NMI_Handler                              0x08005449   Thumb Code     4  stm32f4xx_it.o(i.NMI_Handler)
    PID_Calculate                            0x0800544d   Thumb Code   426  pid.o(i.PID_Calculate)
    PID_Init                                 0x080055fd   Thumb Code    32  pid.o(i.PID_Init)
    PendSV_Handler                           0x08005625   Thumb Code     2  stm32f4xx_it.o(i.PendSV_Handler)
    PitchUI_Change                           0x08005629   Thumb Code   112  graphicssendtask.o(i.PitchUI_Change)
    RTC_EnterInitMode                        0x080056a9   Thumb Code    74  stm32f4xx_hal_rtc.o(i.RTC_EnterInitMode)
    RTC_ExitInitMode                         0x080056f3   Thumb Code    46  stm32f4xx_hal_rtc.o(i.RTC_ExitInitMode)
    ReFeree_Usart_Init                       0x08005721   Thumb Code   294  referee.o(i.ReFeree_Usart_Init)
    Referee_Init                             0x08005865   Thumb Code    30  referee.o(i.Referee_Init)
    SVC_Handler                              0x08005891   Thumb Code     2  stm32f4xx_it.o(i.SVC_Handler)
    Send_UIPack                              0x08005895   Thumb Code    70  graphicssendtask.o(i.Send_UIPack)
    Send_toReferee                           0x080058e1   Thumb Code   106  graphicssendtask.o(i.Send_toReferee)
    Set_AGV_Velocity_Vector_Data_Update      0x08005961   Thumb Code    26  agv_control.o(i.Set_AGV_Velocity_Vector_Data_Update)
    ShootLines_Init                          0x0800597d   Thumb Code   756  graphicssendtask.o(i.ShootLines_Init)
    Speed_Limitation                         0x08005ce1   Thumb Code   466  kinematic.o(i.Speed_Limitation)
    Square                                   0x08005ebd   Thumb Code    14  kinematic.o(i.Square)
    SysTick_Handler                          0x08005ecb   Thumb Code     8  stm32f4xx_it.o(i.SysTick_Handler)
    SystemClock_Config                       0x08005ed5   Thumb Code   178  main.o(i.SystemClock_Config)
    SystemInit                               0x08005f91   Thumb Code    14  system_stm32f4xx.o(i.SystemInit)
    TIM3_IRQHandler                          0x08005fa5   Thumb Code    10  stm32f4xx_it.o(i.TIM3_IRQHandler)
    TIM_Base_SetConfig                       0x08005fb5   Thumb Code   186  stm32f4xx_hal_tim.o(i.TIM_Base_SetConfig)
    TIM_CAN_PeriodElapsedCallback            0x0800609d   Thumb Code    38  drv_can.o(i.TIM_CAN_PeriodElapsedCallback)
    TIM_ETR_SetConfig                        0x080060d1   Thumb Code    22  stm32f4xx_hal_tim.o(i.TIM_ETR_SetConfig)
    Task_Init                                0x08006147   Thumb Code    24  chassis_task.o(i.Task_Init)
    Time_Count_Task                          0x0800615f   Thumb Code    40  chassis_task.o(i.Time_Count_Task)
    USART6_IRQHandler                        0x080064fd   Thumb Code   276  referee.o(i.USART6_IRQHandler)
    UsageFault_Handler                       0x0800662d   Thumb Code     4  stm32f4xx_it.o(i.UsageFault_Handler)
    Verify_CRC16_Check_Sum                   0x08006631   Thumb Code    60  algorithmofcrc.o(i.Verify_CRC16_Check_Sum)
    Verify_CRC8_Check_Sum                    0x08006671   Thumb Code    46  algorithmofcrc.o(i.Verify_CRC8_Check_Sum)
    Yaw_Angle_Process                        0x080066a1   Thumb Code   150  chassis.o(i.Yaw_Angle_Process)
    Yaw_Init                                 0x08006741   Thumb Code    28  chassis.o(i.Yaw_Init)
    __ARM_fpclassify                         0x08006769   Thumb Code    48  fpclassify.o(i.__ARM_fpclassify)
    __hardfp_atan                            0x080067d9   Thumb Code   622  atan.o(i.__hardfp_atan)
    __hardfp_atan2                           0x08006ab1   Thumb Code   432  atan2.o(i.__hardfp_atan2)
    __hardfp_cos                             0x08006ca1   Thumb Code   180  cos.o(i.__hardfp_cos)
    __hardfp_sin                             0x08006d69   Thumb Code   180  sin.o(i.__hardfp_sin)
    __hardfp_sqrt                            0x08006e31   Thumb Code   122  sqrt.o(i.__hardfp_sqrt)
    __ieee754_rem_pio2                       0x08006eb1   Thumb Code   938  rred.o(i.__ieee754_rem_pio2)
    __kernel_cos                             0x080072e9   Thumb Code   322  cos_i.o(i.__kernel_cos)
    __kernel_poly                            0x08007459   Thumb Code   248  poly.o(i.__kernel_poly)
    __kernel_sin                             0x08007551   Thumb Code   280  sin_i.o(i.__kernel_sin)
    __mathlib_dbl_infnan                     0x08007681   Thumb Code    20  dunder.o(i.__mathlib_dbl_infnan)
    __mathlib_dbl_infnan2                    0x08007695   Thumb Code    20  dunder.o(i.__mathlib_dbl_infnan2)
    __mathlib_dbl_invalid                    0x080076a9   Thumb Code    24  dunder.o(i.__mathlib_dbl_invalid)
    __mathlib_dbl_underflow                  0x080076c9   Thumb Code    24  dunder.o(i.__mathlib_dbl_underflow)
    __scatterload_copy                       0x080076e9   Thumb Code    14  handlers.o(i.__scatterload_copy)
    __scatterload_null                       0x080076f7   Thumb Code     2  handlers.o(i.__scatterload_null)
    __scatterload_zeroinit                   0x080076f9   Thumb Code    14  handlers.o(i.__scatterload_zeroinit)
    __set_errno                              0x0800770d   Thumb Code     6  errno.o(i.__set_errno)
    atan                                     0x08007719   Thumb Code    16  atan.o(i.atan)
    calculate_true_power                     0x08007729   Thumb Code   274  agv_control.o(i.calculate_true_power)
    can_filter_mask_config                   0x08007851   Thumb Code   110  drv_can.o(i.can_filter_mask_config)
    fabs                                     0x08007d81   Thumb Code    24  fabs.o(i.fabs)
    fifo_s_get                               0x08007d99   Thumb Code    58  fifo.o(i.fifo_s_get)
    fifo_s_init                              0x08007dd3   Thumb Code    22  fifo.o(i.fifo_s_init)
    fifo_s_puts                              0x08007de9   Thumb Code   160  fifo.o(i.fifo_s_puts)
    fifo_s_used                              0x08007e89   Thumb Code     6  fifo.o(i.fifo_s_used)
    main                                     0x08007e91   Thumb Code    54  main.o(i.main)
    referee_unpack_fifo_data                 0x08007ecd   Thumb Code   322  referee.o(i.referee_unpack_fifo_data)
    AHBPrescTable                            0x08008020   Data          16  system_stm32f4xx.o(.constdata)
    APBPrescTable                            0x08008030   Data           8  system_stm32f4xx.o(.constdata)
    CRC8_INIT                                0x08008038   Data           1  algorithmofcrc.o(.constdata)
    CRC8_TAB                                 0x08008039   Data         256  algorithmofcrc.o(.constdata)
    wCRC_Table                               0x0800813a   Data         512  algorithmofcrc.o(.constdata)
    __mathlib_zero                           0x08008408   Data           8  qnan.o(.constdata)
    Region$$Table$$Base                      0x08008500   Number         0  anon$$obj.o(Region$$Table)
    Region$$Table$$Limit                     0x08008520   Number         0  anon$$obj.o(Region$$Table)
    uwTick                                   0x20000004   Data           4  stm32f4xx_hal.o(.data)
    uwTickPrio                               0x20000008   Data           4  stm32f4xx_hal.o(.data)
    uwTickFreq                               0x2000000c   Data           1  stm32f4xx_hal.o(.data)
    SystemCoreClock                          0x20000010   Data           4  system_stm32f4xx.o(.data)
    CRC_INIT                                 0x20000014   Data           2  algorithmofcrc.o(.data)
    referee_receive_header                   0x20000016   Data           5  referee.o(.data)
    test_sum                                 0x20000020   Data           4  agv_control.o(.data)
    yaw_position_loop_data                   0x20000024   Data          40  chassis.o(.data)
    buffer_loop_data                         0x2000004c   Data          40  chassis.o(.data)
    AGV_tan                                  0x20000074   Data           4  kinematic.o(.data)
    AGV_ang                                  0x20000078   Data           4  kinematic.o(.data)
    chassis_angle                            0x2000007c   Data           4  kinematic.o(.data)
    pitch_change_flag                        0x20000080   Data           4  graphicssendtask.o(.data)
    cap_percent_change_flag                  0x20000084   Data           4  graphicssendtask.o(.data)
    BigFrictSpeed_change_flag                0x20000088   Data           4  graphicssendtask.o(.data)
    Pitch_change_flag                        0x2000008c   Data           4  graphicssendtask.o(.data)
    last_cap_vol                             0x20000090   Data           4  graphicssendtask.o(.data)
    lastBigFrictSpeed                        0x20000094   Data           2  graphicssendtask.o(.data)
    DMAsendflag                              0x20000096   Data           1  graphicssendtask.o(.data)
    RectCenterX                              0x20000098   Data           2  graphicssendtask.o(.data)
    RectCenterY                              0x2000009a   Data           2  graphicssendtask.o(.data)
    startX                                   0x2000009c   Data           2  graphicssendtask.o(.data)
    startY                                   0x2000009e   Data           2  graphicssendtask.o(.data)
    endX                                     0x200000a0   Data           2  graphicssendtask.o(.data)
    endY                                     0x200000a2   Data           2  graphicssendtask.o(.data)
    angle                                    0x200000a4   Data           4  graphicssendtask.o(.data)
    angle1                                   0x200000a8   Data           4  graphicssendtask.o(.data)
    Length                                   0x200000ac   Data           4  graphicssendtask.o(.data)
    UITask_RunTime                           0x200000b0   Data           4  graphicssendtask.o(.data)
    UISendTask_high_water                    0x200000b4   Data           4  graphicssendtask.o(.data)
    InitFlag                                 0x200000b8   Data           1  graphicssendtask.o(.data)
    Pitch                                    0x200000bc   Data           4  graphicssendtask.o(.data)
    CAN1_0x1ff_Tx_Data                       0x2000014c   Data           8  drv_can.o(.data)
    CAN1_0x200_Tx_Data                       0x20000154   Data           8  drv_can.o(.data)
    CAN1_0x2ff_Tx_Data                       0x2000015c   Data           8  drv_can.o(.data)
    CAN1_0xxf1_Tx_Data                       0x20000164   Data           8  drv_can.o(.data)
    CAN1_0xxf2_Tx_Data                       0x2000016c   Data           8  drv_can.o(.data)
    CAN1_0xxf3_Tx_Data                       0x20000174   Data           8  drv_can.o(.data)
    CAN1_0xxf4_Tx_Data                       0x2000017c   Data           8  drv_can.o(.data)
    CAN1_0xxf5_Tx_Data                       0x20000184   Data           8  drv_can.o(.data)
    CAN1_0xxf6_Tx_Data                       0x2000018c   Data           8  drv_can.o(.data)
    CAN1_0xxf7_Tx_Data                       0x20000194   Data           8  drv_can.o(.data)
    CAN1_0xxf8_Tx_Data                       0x2000019c   Data           8  drv_can.o(.data)
    CAN2_0x1ff_Tx_Data                       0x200001a4   Data           8  drv_can.o(.data)
    CAN2_0x200_Tx_Data                       0x200001ac   Data           8  drv_can.o(.data)
    CAN2_0x2ff_Tx_Data                       0x200001b4   Data           8  drv_can.o(.data)
    CAN2_0xxf1_Tx_Data                       0x200001bc   Data           8  drv_can.o(.data)
    CAN2_0xxf2_Tx_Data                       0x200001c4   Data           8  drv_can.o(.data)
    CAN2_0xxf3_Tx_Data                       0x200001cc   Data           8  drv_can.o(.data)
    CAN2_0xxf4_Tx_Data                       0x200001d4   Data           8  drv_can.o(.data)
    CAN2_0xxf5_Tx_Data                       0x200001dc   Data           8  drv_can.o(.data)
    CAN2_0xxf6_Tx_Data                       0x200001e4   Data           8  drv_can.o(.data)
    CAN2_0xxf7_Tx_Data                       0x200001ec   Data           8  drv_can.o(.data)
    CAN2_0xxf8_Tx_Data                       0x200001f4   Data           8  drv_can.o(.data)
    AGV_A_Tx_Data                            0x200001fc   Data           8  drv_can.o(.data)
    AGV_B_Tx_Data                            0x20000204   Data           8  drv_can.o(.data)
    AGV_C_Tx_Data                            0x2000020c   Data           8  drv_can.o(.data)
    AGV_D_Tx_Data                            0x20000214   Data           8  drv_can.o(.data)
    CAN_Supercap_Tx_Data                     0x2000021c   Data           8  drv_can.o(.data)
    time                                     0x20000228   Data           8  chassis_task.o(.data)
    hcan1                                    0x20000234   Data          40  can.o(.bss)
    hcan2                                    0x2000025c   Data          40  can.o(.bss)
    hrtc                                     0x20000284   Data          32  rtc.o(.bss)
    htim3                                    0x200002a4   Data          72  tim.o(.bss)
    htim9                                    0x200002ec   Data          72  tim.o(.bss)
    huart6                                   0x20000334   Data          72  usart.o(.bss)
    hdma_usart6_rx                           0x2000037c   Data          96  usart.o(.bss)
    hdma_usart6_tx                           0x200003dc   Data          96  usart.o(.bss)
    usart6_buf                               0x2000043c   Data        1024  referee.o(.bss)
    referee_fifo                             0x2000083c   Data          24  referee.o(.bss)
    referee_fifo_buf                         0x20000854   Data        1024  referee.o(.bss)
    JudgeReceive                             0x20000c54   Data          52  referee.o(.bss)
    referee_unpack_obj                       0x20000c88   Data         140  referee.o(.bss)
    chassis_power_control                    0x20000d14   Data          48  agv_control.o(.bss)
    buffer_pid                               0x20000d44   Data         127  agv_control.o(.bss)
    chassis                                  0x20000dc4   Data         180  chassis.o(.bss)
    yaw                                      0x20000e78   Data         104  chassis.o(.bss)
    yaw_pid                                  0x20000ee0   Data         254  chassis.o(.bss)
    connection                               0x20000fe0   Data          28  gimbal_connection.o(.bss)
    F405                                     0x20000ffc   Data          14  graphicssendtask.o(.bss)
    vol_change_array                         0x2000100c   Data          36  graphicssendtask.o(.bss)
    Transmit_Pack                            0x20001030   Data         128  graphicssendtask.o(.bss)
    data_pack                                0x200010b0   Data         105  graphicssendtask.o(.bss)
    CAN1_Manage_Object                       0x20001164   Data          44  drv_can.o(.bss)
    CAN2_Manage_Object                       0x20001190   Data          44  drv_can.o(.bss)
    __initial_sp                             0x200015c0   Data           0  startup_stm32f407xx.o(STACK)



==============================================================================

Memory Map of the image

  Image Entry point : 0x08000189

  Load Region LR_IROM1 (Base: 0x08000000, Size: 0x00008754, Max: 0x00100000, ABSOLUTE, COMPRESSED[0x000085bc])

    Execution Region ER_IROM1 (Exec base: 0x08000000, Load base: 0x08000000, Size: 0x00008520, Max: 0x00100000, ABSOLUTE)

    Exec Addr    Load Addr    Size         Type   Attr      Idx    E Section Name        Object

    0x08000000   0x08000000   0x00000188   Data   RO            3    RESET               startup_stm32f407xx.o
    0x08000188   0x08000188   0x00000000   Code   RO         5288  * .ARM.Collect$$$$00000000  mc_w.l(entry.o)
    0x08000188   0x08000188   0x00000004   Code   RO         5647    .ARM.Collect$$$$00000001  mc_w.l(entry2.o)
    0x0800018c   0x0800018c   0x00000004   Code   RO         5650    .ARM.Collect$$$$00000004  mc_w.l(entry5.o)
    0x08000190   0x08000190   0x00000000   Code   RO         5652    .ARM.Collect$$$$00000008  mc_w.l(entry7b.o)
    0x08000190   0x08000190   0x00000000   Code   RO         5654    .ARM.Collect$$$$0000000A  mc_w.l(entry8b.o)
    0x08000190   0x08000190   0x00000008   Code   RO         5655    .ARM.Collect$$$$0000000B  mc_w.l(entry9a.o)
    0x08000198   0x08000198   0x00000000   Code   RO         5657    .ARM.Collect$$$$0000000D  mc_w.l(entry10a.o)
    0x08000198   0x08000198   0x00000000   Code   RO         5659    .ARM.Collect$$$$0000000F  mc_w.l(entry11a.o)
    0x08000198   0x08000198   0x00000004   Code   RO         5648    .ARM.Collect$$$$00002712  mc_w.l(entry2.o)
    0x0800019c   0x0800019c   0x00000024   Code   RO            4    .text               startup_stm32f407xx.o
    0x080001c0   0x080001c0   0x00000062   Code   RO         5291    .text               mc_w.l(uldiv.o)
    0x08000222   0x08000222   0x00000024   Code   RO         5293    .text               mc_w.l(memcpya.o)
    0x08000246   0x08000246   0x00000024   Code   RO         5295    .text               mc_w.l(memseta.o)
    0x0800026a   0x0800026a   0x0000014e   Code   RO         5590    .text               mf_w.l(dadd.o)
    0x080003b8   0x080003b8   0x000000e4   Code   RO         5592    .text               mf_w.l(dmul.o)
    0x0800049c   0x0800049c   0x000000de   Code   RO         5594    .text               mf_w.l(ddiv.o)
    0x0800057a   0x0800057a   0x00000022   Code   RO         5598    .text               mf_w.l(dflti.o)
    0x0800059c   0x0800059c   0x0000003e   Code   RO         5600    .text               mf_w.l(dfixi.o)
    0x080005da   0x080005da   0x00000032   Code   RO         5602    .text               mf_w.l(dfixui.o)
    0x0800060c   0x0800060c   0x00000026   Code   RO         5604    .text               mf_w.l(f2d.o)
    0x08000632   0x08000632   0x00000038   Code   RO         5606    .text               mf_w.l(d2f.o)
    0x0800066a   0x0800066a   0x0000001e   Code   RO         5666    .text               mc_w.l(llshl.o)
    0x08000688   0x08000688   0x00000020   Code   RO         5668    .text               mc_w.l(llushr.o)
    0x080006a8   0x080006a8   0x00000024   Code   RO         5670    .text               mc_w.l(llsshr.o)
    0x080006cc   0x080006cc   0x00000000   Code   RO         5681    .text               mc_w.l(iusefp.o)
    0x080006cc   0x080006cc   0x0000006e   Code   RO         5682    .text               mf_w.l(fepilogue.o)
    0x0800073a   0x0800073a   0x000000ba   Code   RO         5684    .text               mf_w.l(depilogue.o)
    0x080007f4   0x080007f4   0x000000a2   Code   RO         5688    .text               mf_w.l(dsqrt.o)
    0x08000896   0x08000896   0x00000002   PAD
    0x08000898   0x08000898   0x00000024   Code   RO         5696    .text               mc_w.l(init.o)
    0x080008bc   0x080008bc   0x0000001a   Code   RO         5700    .text               mf_w.l(dfltui.o)
    0x080008d6   0x080008d6   0x00000056   Code   RO         5710    .text               mc_w.l(__dczerorl2.o)
    0x0800092c   0x0800092c   0x00000084   Code   RO         4285    i.AGV_DirectiveMotor_RobotMotion_To_TargetStatus  kinematic.o
    0x080009b0   0x080009b0   0x00000238   Code   RO         4286    i.AGV_DirectiveMotor_TargetStatus_To_MotorAngle_In_ChassisCoordinate  kinematic.o
    0x08000be8   0x08000be8   0x0000074c   Code   RO         4287    i.AGV_Vector_Composition_In_ChassisCoordinate  kinematic.o
    0x08001334   0x08001334   0x0000037c   Code   RO         3979    i.AGV_connoection   agv_control.o
    0x080016b0   0x080016b0   0x00000030   Code   RO         3856    i.Append_CRC16_Check_Sum  algorithmofcrc.o
    0x080016e0   0x080016e0   0x00000024   Code   RO         3857    i.Append_CRC8_Check_Sum  algorithmofcrc.o
    0x08001704   0x08001704   0x00000004   Code   RO          484    i.BusFault_Handler  stm32f4xx_it.o
    0x08001708   0x08001708   0x00000068   Code   RO         4354    i.CAN1_Call_Back    can_connection.o
    0x08001770   0x08001770   0x00000010   Code   RO          485    i.CAN1_RX0_IRQHandler  stm32f4xx_it.o
    0x08001780   0x08001780   0x00000010   Code   RO          486    i.CAN1_RX1_IRQHandler  stm32f4xx_it.o
    0x08001790   0x08001790   0x00000010   Code   RO          487    i.CAN1_TX_IRQHandler  stm32f4xx_it.o
    0x080017a0   0x080017a0   0x00000050   Code   RO         4355    i.CAN2_Call_Back    can_connection.o
    0x080017f0   0x080017f0   0x00000010   Code   RO          488    i.CAN2_RX0_IRQHandler  stm32f4xx_it.o
    0x08001800   0x08001800   0x00000010   Code   RO          489    i.CAN2_RX1_IRQHandler  stm32f4xx_it.o
    0x08001810   0x08001810   0x00000010   Code   RO          490    i.CAN2_TX_IRQHandler  stm32f4xx_it.o
    0x08001820   0x08001820   0x0000003c   Code   RO         4133    i.CAN_Chassis_TxCpltCallback  gimbal_connection.o
    0x0800185c   0x0800185c   0x000000dc   Code   RO         4768    i.CAN_Init          drv_can.o
    0x08001938   0x08001938   0x00000028   Code   RO         4769    i.CAN_Send_Data     drv_can.o
    0x08001960   0x08001960   0x0000002c   Code   RO         4770    i.CAN_Send_EXT_Data  drv_can.o
    0x0800198c   0x0800198c   0x00000024   Code   RO         4356    i.Can_Connection_Init  can_connection.o
    0x080019b0   0x080019b0   0x00000128   Code   RO         4539    i.CarPosture_Change  graphicssendtask.o
    0x08001ad8   0x08001ad8   0x00000458   Code   RO         4540    i.CharChange        graphicssendtask.o
    0x08001f30   0x08001f30   0x000000c4   Code   RO         4541    i.CharGraphic_Draw  graphicssendtask.o
    0x08001ff4   0x08001ff4   0x00000078   Code   RO         4542    i.Char_Draw         graphicssendtask.o
    0x0800206c   0x0800206c   0x00000194   Code   RO         4543    i.Char_Init         graphicssendtask.o
    0x08002200   0x08002200   0x0000003a   Code   RO         4134    i.Chassis_Control_Mode_Update  gimbal_connection.o
    0x0800223a   0x0800223a   0x00000016   Code   RO         4135    i.Chassis_Flag_Update  gimbal_connection.o
    0x08002250   0x08002250   0x00000068   Code   RO         4044    i.Chassis_Init      chassis.o
    0x080022b8   0x080022b8   0x000000b8   Code   RO         4045    i.Chassis_Inveter_Judge  chassis.o
    0x08002370   0x08002370   0x000000ac   Code   RO         4046    i.Chassis_Mode_Command_Update  chassis.o
    0x0800241c   0x0800241c   0x0000001c   Code   RO         4047    i.Chassis_Move      chassis.o
    0x08002438   0x08002438   0x00000024   Code   RO         3980    i.Chassis_Power_Control_Init  agv_control.o
    0x0800245c   0x0800245c   0x0000000e   Code   RO         4136    i.Chassis_Speed_Command_Update  gimbal_connection.o
    0x0800246a   0x0800246a   0x00000002   PAD
    0x0800246c   0x0800246c   0x00000074   Code   RO         4288    i.Chassis_Speed_Control  kinematic.o
    0x080024e0   0x080024e0   0x000000ea   Code   RO         4048    i.Chassis_Speed_Slow_Motion  chassis.o
    0x080025ca   0x080025ca   0x00000002   PAD
    0x080025cc   0x080025cc   0x00000010   Code   RO          491    i.DMA2_Stream1_IRQHandler  stm32f4xx_it.o
    0x080025dc   0x080025dc   0x00000010   Code   RO          492    i.DMA2_Stream6_IRQHandler  stm32f4xx_it.o
    0x080025ec   0x080025ec   0x00000034   Code   RO         1376    i.DMA_CalcBaseAndBitshift  stm32f4xx_hal_dma.o
    0x08002620   0x08002620   0x000000aa   Code   RO         1377    i.DMA_CheckFifoParam  stm32f4xx_hal_dma.o
    0x080026ca   0x080026ca   0x0000002c   Code   RO         1378    i.DMA_SetConfig     stm32f4xx_hal_dma.o
    0x080026f6   0x080026f6   0x00000002   Code   RO          493    i.DebugMon_Handler  stm32f4xx_it.o
    0x080026f8   0x080026f8   0x00000010   Code   RO         4771    i.EXT_ID_Set        drv_can.o
    0x08002708   0x08002708   0x00000006   Code   RO           13    i.Error_Handler     main.o
    0x0800270e   0x0800270e   0x00000002   PAD
    0x08002710   0x08002710   0x00000108   Code   RO         4546    i.FloatData_Draw    graphicssendtask.o
    0x08002818   0x08002818   0x0000001a   Code   RO         4289    i.Float_Abs         kinematic.o
    0x08002832   0x08002832   0x00000002   PAD
    0x08002834   0x08002834   0x00000020   Code   RO         4185    i.GM6020_Current_From_Lsb_To_Ampere  motor.o
    0x08002854   0x08002854   0x0000002a   Code   RO         4186    i.GM6020_Feedback_Update  motor.o
    0x0800287e   0x0800287e   0x00000002   PAD
    0x08002880   0x08002880   0x00000024   Code   RO         4188    i.GM6020_Position_From_Lsb_To_Degree  motor.o
    0x080028a4   0x080028a4   0x0000002c   Code   RO         4189    i.GM6020_Position_From_Lsb_To_Rad  motor.o
    0x080028d0   0x080028d0   0x0000010c   Code   RO         4190    i.GM6020_Status_Update  motor.o
    0x080029dc   0x080029dc   0x00000034   Code   RO         3858    i.Get_CRC16_Check_Sum  algorithmofcrc.o
    0x08002a10   0x08002a10   0x00000024   Code   RO         3859    i.Get_CRC8_Check_Sum  algorithmofcrc.o
    0x08002a34   0x08002a34   0x000000a4   Code   RO         4049    i.Gimbal_To_Chassis_Relative_Angle_Update  chassis.o
    0x08002ad8   0x08002ad8   0x0000010c   Code   RO         4547    i.GraphicSendtask   graphicssendtask.o
    0x08002be4   0x08002be4   0x0000002a   Code   RO          639    i.HAL_CAN_ActivateNotification  stm32f4xx_hal_can.o
    0x08002c0e   0x08002c0e   0x0000014a   Code   RO          640    i.HAL_CAN_AddTxMessage  stm32f4xx_hal_can.o
    0x08002d58   0x08002d58   0x00000124   Code   RO          641    i.HAL_CAN_ConfigFilter  stm32f4xx_hal_can.o
    0x08002e7c   0x08002e7c   0x00000002   Code   RO          644    i.HAL_CAN_ErrorCallback  stm32f4xx_hal_can.o
    0x08002e7e   0x08002e7e   0x00000194   Code   RO          647    i.HAL_CAN_GetRxMessage  stm32f4xx_hal_can.o
    0x08003012   0x08003012   0x0000024e   Code   RO          651    i.HAL_CAN_IRQHandler  stm32f4xx_hal_can.o
    0x08003260   0x08003260   0x00000174   Code   RO          652    i.HAL_CAN_Init      stm32f4xx_hal_can.o
    0x080033d4   0x080033d4   0x000001a0   Code   RO          280    i.HAL_CAN_MspInit   can.o
    0x08003574   0x08003574   0x00000002   Code   RO          659    i.HAL_CAN_RxFifo0FullCallback  stm32f4xx_hal_can.o
    0x08003576   0x08003576   0x00000002   PAD
    0x08003578   0x08003578   0x00000058   Code   RO         4772    i.HAL_CAN_RxFifo0MsgPendingCallback  drv_can.o
    0x080035d0   0x080035d0   0x00000002   Code   RO          661    i.HAL_CAN_RxFifo1FullCallback  stm32f4xx_hal_can.o
    0x080035d2   0x080035d2   0x00000002   PAD
    0x080035d4   0x080035d4   0x00000058   Code   RO         4773    i.HAL_CAN_RxFifo1MsgPendingCallback  drv_can.o
    0x0800362c   0x0800362c   0x00000002   Code   RO          663    i.HAL_CAN_SleepCallback  stm32f4xx_hal_can.o
    0x0800362e   0x0800362e   0x0000005e   Code   RO          664    i.HAL_CAN_Start     stm32f4xx_hal_can.o
    0x0800368c   0x0800368c   0x00000002   Code   RO          666    i.HAL_CAN_TxMailbox0AbortCallback  stm32f4xx_hal_can.o
    0x0800368e   0x0800368e   0x00000002   Code   RO          667    i.HAL_CAN_TxMailbox0CompleteCallback  stm32f4xx_hal_can.o
    0x08003690   0x08003690   0x00000002   Code   RO          668    i.HAL_CAN_TxMailbox1AbortCallback  stm32f4xx_hal_can.o
    0x08003692   0x08003692   0x00000002   Code   RO          669    i.HAL_CAN_TxMailbox1CompleteCallback  stm32f4xx_hal_can.o
    0x08003694   0x08003694   0x00000002   Code   RO          670    i.HAL_CAN_TxMailbox2AbortCallback  stm32f4xx_hal_can.o
    0x08003696   0x08003696   0x00000002   Code   RO          671    i.HAL_CAN_TxMailbox2CompleteCallback  stm32f4xx_hal_can.o
    0x08003698   0x08003698   0x00000002   Code   RO          673    i.HAL_CAN_WakeUpFromRxMsgCallback  stm32f4xx_hal_can.o
    0x0800369a   0x0800369a   0x00000002   PAD
    0x0800369c   0x0800369c   0x00000240   Code   RO         1384    i.HAL_DMA_IRQHandler  stm32f4xx_hal_dma.o
    0x080038dc   0x080038dc   0x000000ec   Code   RO         1385    i.HAL_DMA_Init      stm32f4xx_hal_dma.o
    0x080039c8   0x080039c8   0x00000092   Code   RO         1389    i.HAL_DMA_Start_IT  stm32f4xx_hal_dma.o
    0x08003a5a   0x08003a5a   0x00000002   PAD
    0x08003a5c   0x08003a5c   0x000001f4   Code   RO         1272    i.HAL_GPIO_Init     stm32f4xx_hal_gpio.o
    0x08003c50   0x08003c50   0x0000000c   Code   RO         1815    i.HAL_GetTick       stm32f4xx_hal.o
    0x08003c5c   0x08003c5c   0x00000018   Code   RO         1821    i.HAL_IncTick       stm32f4xx_hal.o
    0x08003c74   0x08003c74   0x0000003c   Code   RO         1822    i.HAL_Init          stm32f4xx_hal.o
    0x08003cb0   0x08003cb0   0x0000004c   Code   RO         1823    i.HAL_InitTick      stm32f4xx_hal.o
    0x08003cfc   0x08003cfc   0x00000048   Code   RO          614    i.HAL_MspInit       stm32f4xx_hal_msp.o
    0x08003d44   0x08003d44   0x00000028   Code   RO         1662    i.HAL_NVIC_EnableIRQ  stm32f4xx_hal_cortex.o
    0x08003d6c   0x08003d6c   0x0000007c   Code   RO         1668    i.HAL_NVIC_SetPriority  stm32f4xx_hal_cortex.o
    0x08003de8   0x08003de8   0x00000028   Code   RO         1669    i.HAL_NVIC_SetPriorityGrouping  stm32f4xx_hal_cortex.o
    0x08003e10   0x08003e10   0x000001a0   Code   RO          978    i.HAL_RCCEx_PeriphCLKConfig  stm32f4xx_hal_rcc_ex.o
    0x08003fb0   0x08003fb0   0x00000184   Code   RO          873    i.HAL_RCC_ClockConfig  stm32f4xx_hal_rcc.o
    0x08004134   0x08004134   0x0000000c   Code   RO          878    i.HAL_RCC_GetHCLKFreq  stm32f4xx_hal_rcc.o
    0x08004140   0x08004140   0x00000020   Code   RO          880    i.HAL_RCC_GetPCLK1Freq  stm32f4xx_hal_rcc.o
    0x08004160   0x08004160   0x00000020   Code   RO          881    i.HAL_RCC_GetPCLK2Freq  stm32f4xx_hal_rcc.o
    0x08004180   0x08004180   0x000000b0   Code   RO          882    i.HAL_RCC_GetSysClockFreq  stm32f4xx_hal_rcc.o
    0x08004230   0x08004230   0x0000049c   Code   RO          885    i.HAL_RCC_OscConfig  stm32f4xx_hal_rcc.o
    0x080046cc   0x080046cc   0x000000b4   Code   RO         2073    i.HAL_RTC_Init      stm32f4xx_hal_rtc.o
    0x08004780   0x08004780   0x0000003c   Code   RO          353    i.HAL_RTC_MspInit   rtc.o
    0x080047bc   0x080047bc   0x00000038   Code   RO         2081    i.HAL_RTC_WaitForSynchro  stm32f4xx_hal_rtc.o
    0x080047f4   0x080047f4   0x00000034   Code   RO         1673    i.HAL_SYSTICK_Config  stm32f4xx_hal_cortex.o
    0x08004828   0x08004828   0x00000002   Code   RO         3179    i.HAL_TIMEx_BreakCallback  stm32f4xx_hal_tim_ex.o
    0x0800482a   0x0800482a   0x00000002   Code   RO         3180    i.HAL_TIMEx_CommutCallback  stm32f4xx_hal_tim_ex.o
    0x0800482c   0x0800482c   0x000000b4   Code   RO         3198    i.HAL_TIMEx_MasterConfigSynchronization  stm32f4xx_hal_tim_ex.o
    0x080048e0   0x080048e0   0x00000066   Code   RO         2464    i.HAL_TIM_Base_Init  stm32f4xx_hal_tim.o
    0x08004946   0x08004946   0x00000002   PAD
    0x08004948   0x08004948   0x00000078   Code   RO          395    i.HAL_TIM_Base_MspInit  tim.o
    0x080049c0   0x080049c0   0x000000a8   Code   RO         2469    i.HAL_TIM_Base_Start_IT  stm32f4xx_hal_tim.o
    0x08004a68   0x08004a68   0x0000010c   Code   RO         2473    i.HAL_TIM_ConfigClockSource  stm32f4xx_hal_tim.o
    0x08004b74   0x08004b74   0x00000002   Code   RO         2498    i.HAL_TIM_IC_CaptureCallback  stm32f4xx_hal_tim.o
    0x08004b76   0x08004b76   0x0000016c   Code   RO         2512    i.HAL_TIM_IRQHandler  stm32f4xx_hal_tim.o
    0x08004ce2   0x08004ce2   0x00000002   Code   RO         2515    i.HAL_TIM_OC_DelayElapsedCallback  stm32f4xx_hal_tim.o
    0x08004ce4   0x08004ce4   0x00000002   Code   RO         2542    i.HAL_TIM_PWM_PulseFinishedCallback  stm32f4xx_hal_tim.o
    0x08004ce6   0x08004ce6   0x00000002   PAD
    0x08004ce8   0x08004ce8   0x000000d4   Code   RO         5165    i.HAL_TIM_PeriodElapsedCallback  chassis_task.o
    0x08004dbc   0x08004dbc   0x00000002   Code   RO         2555    i.HAL_TIM_TriggerCallback  stm32f4xx_hal_tim.o
    0x08004dbe   0x08004dbe   0x00000002   Code   RO         3472    i.HAL_UART_ErrorCallback  stm32f4xx_hal_uart.o
    0x08004dc0   0x08004dc0   0x00000076   Code   RO         3476    i.HAL_UART_Init     stm32f4xx_hal_uart.o
    0x08004e36   0x08004e36   0x00000002   PAD
    0x08004e38   0x08004e38   0x0000011c   Code   RO          443    i.HAL_UART_MspInit  usart.o
    0x08004f54   0x08004f54   0x0000008c   Code   RO         3485    i.HAL_UART_Transmit_DMA  stm32f4xx_hal_uart.o
    0x08004fe0   0x08004fe0   0x00000002   Code   RO         3487    i.HAL_UART_TxCpltCallback  stm32f4xx_hal_uart.o
    0x08004fe2   0x08004fe2   0x00000002   Code   RO         3488    i.HAL_UART_TxHalfCpltCallback  stm32f4xx_hal_uart.o
    0x08004fe4   0x08004fe4   0x00000004   Code   RO          494    i.HardFault_Handler  stm32f4xx_it.o
    0x08004fe8   0x08004fe8   0x00000078   Code   RO         3917    i.Judge_Buffer_Receive_Task  referee.o
    0x08005060   0x08005060   0x00000098   Code   RO         4548    i.Lanelines_Init    graphicssendtask.o
    0x080050f8   0x080050f8   0x000000a4   Code   RO         4549    i.Line_Draw         graphicssendtask.o
    0x0800519c   0x0800519c   0x00000048   Code   RO          281    i.MX_CAN1_Init      can.o
    0x080051e4   0x080051e4   0x00000048   Code   RO          282    i.MX_CAN2_Init      can.o
    0x0800522c   0x0800522c   0x00000048   Code   RO          328    i.MX_DMA_Init       dma.o
    0x08005274   0x08005274   0x000000a0   Code   RO          255    i.MX_GPIO_Init      gpio.o
    0x08005314   0x08005314   0x00000034   Code   RO          354    i.MX_RTC_Init       rtc.o
    0x08005348   0x08005348   0x00000070   Code   RO          396    i.MX_TIM3_Init      tim.o
    0x080053b8   0x080053b8   0x00000054   Code   RO          397    i.MX_TIM9_Init      tim.o
    0x0800540c   0x0800540c   0x00000038   Code   RO          444    i.MX_USART6_UART_Init  usart.o
    0x08005444   0x08005444   0x00000004   Code   RO          495    i.MemManage_Handler  stm32f4xx_it.o
    0x08005448   0x08005448   0x00000004   Code   RO          496    i.NMI_Handler       stm32f4xx_it.o
    0x0800544c   0x0800544c   0x000001b0   Code   RO         4839    i.PID_Calculate     pid.o
    0x080055fc   0x080055fc   0x00000028   Code   RO         4840    i.PID_Init          pid.o
    0x08005624   0x08005624   0x00000002   Code   RO          497    i.PendSV_Handler    stm32f4xx_it.o
    0x08005626   0x08005626   0x00000002   PAD
    0x08005628   0x08005628   0x00000080   Code   RO         4550    i.PitchUI_Change    graphicssendtask.o
    0x080056a8   0x080056a8   0x0000004a   Code   RO         2084    i.RTC_EnterInitMode  stm32f4xx_hal_rtc.o
    0x080056f2   0x080056f2   0x0000002e   Code   RO         2085    i.RTC_ExitInitMode  stm32f4xx_hal_rtc.o
    0x08005720   0x08005720   0x00000144   Code   RO         3918    i.ReFeree_Usart_Init  referee.o
    0x08005864   0x08005864   0x0000002c   Code   RO         3919    i.Referee_Init      referee.o
    0x08005890   0x08005890   0x00000002   Code   RO          498    i.SVC_Handler       stm32f4xx_it.o
    0x08005892   0x08005892   0x00000002   PAD
    0x08005894   0x08005894   0x0000004c   Code   RO         4552    i.Send_UIPack       graphicssendtask.o
    0x080058e0   0x080058e0   0x00000080   Code   RO         4553    i.Send_toReferee    graphicssendtask.o
    0x08005960   0x08005960   0x0000001a   Code   RO         3981    i.Set_AGV_Velocity_Vector_Data_Update  agv_control.o
    0x0800597a   0x0800597a   0x00000002   PAD
    0x0800597c   0x0800597c   0x00000364   Code   RO         4554    i.ShootLines_Init   graphicssendtask.o
    0x08005ce0   0x08005ce0   0x000001dc   Code   RO         4290    i.Speed_Limitation  kinematic.o
    0x08005ebc   0x08005ebc   0x0000000e   Code   RO         4291    i.Square            kinematic.o
    0x08005eca   0x08005eca   0x00000008   Code   RO          499    i.SysTick_Handler   stm32f4xx_it.o
    0x08005ed2   0x08005ed2   0x00000002   PAD
    0x08005ed4   0x08005ed4   0x000000bc   Code   RO           14    i.SystemClock_Config  main.o
    0x08005f90   0x08005f90   0x00000014   Code   RO         3820    i.SystemInit        system_stm32f4xx.o
    0x08005fa4   0x08005fa4   0x00000010   Code   RO          500    i.TIM3_IRQHandler   stm32f4xx_it.o
    0x08005fb4   0x08005fb4   0x000000e8   Code   RO         2557    i.TIM_Base_SetConfig  stm32f4xx_hal_tim.o
    0x0800609c   0x0800609c   0x00000034   Code   RO         4774    i.TIM_CAN_PeriodElapsedCallback  drv_can.o
    0x080060d0   0x080060d0   0x00000016   Code   RO         2568    i.TIM_ETR_SetConfig  stm32f4xx_hal_tim.o
    0x080060e6   0x080060e6   0x00000012   Code   RO         2569    i.TIM_ITRx_SetConfig  stm32f4xx_hal_tim.o
    0x080060f8   0x080060f8   0x00000026   Code   RO         2575    i.TIM_TI1_ConfigInputStage  stm32f4xx_hal_tim.o
    0x0800611e   0x0800611e   0x00000028   Code   RO         2577    i.TIM_TI2_ConfigInputStage  stm32f4xx_hal_tim.o
    0x08006146   0x08006146   0x00000018   Code   RO         5166    i.Task_Init         chassis_task.o
    0x0800615e   0x0800615e   0x00000028   Code   RO         5167    i.Time_Count_Task   chassis_task.o
    0x08006186   0x08006186   0x00000050   Code   RO         3490    i.UART_DMAError     stm32f4xx_hal_uart.o
    0x080061d6   0x080061d6   0x00000058   Code   RO         3495    i.UART_DMATransmitCplt  stm32f4xx_hal_uart.o
    0x0800622e   0x0800622e   0x0000000e   Code   RO         3497    i.UART_DMATxHalfCplt  stm32f4xx_hal_uart.o
    0x0800623c   0x0800623c   0x0000006c   Code   RO         3499    i.UART_EndRxTransfer  stm32f4xx_hal_uart.o
    0x080062a8   0x080062a8   0x00000026   Code   RO         3501    i.UART_EndTxTransfer  stm32f4xx_hal_uart.o
    0x080062ce   0x080062ce   0x00000002   PAD
    0x080062d0   0x080062d0   0x0000022c   Code   RO         3503    i.UART_SetConfig    stm32f4xx_hal_uart.o
    0x080064fc   0x080064fc   0x00000130   Code   RO         3920    i.USART6_IRQHandler  referee.o
    0x0800662c   0x0800662c   0x00000004   Code   RO          501    i.UsageFault_Handler  stm32f4xx_it.o
    0x08006630   0x08006630   0x00000040   Code   RO         3860    i.Verify_CRC16_Check_Sum  algorithmofcrc.o
    0x08006670   0x08006670   0x0000002e   Code   RO         3861    i.Verify_CRC8_Check_Sum  algorithmofcrc.o
    0x0800669e   0x0800669e   0x00000002   PAD
    0x080066a0   0x080066a0   0x000000a0   Code   RO         4050    i.Yaw_Angle_Process  chassis.o
    0x08006740   0x08006740   0x00000028   Code   RO         4051    i.Yaw_Init          chassis.o
    0x08006768   0x08006768   0x00000030   Code   RO         5631    i.__ARM_fpclassify  m_wm.l(fpclassify.o)
    0x08006798   0x08006798   0x00000010   Code   RO         1675    i.__NVIC_GetPriorityGrouping  stm32f4xx_hal_cortex.o
    0x080067a8   0x080067a8   0x00000028   Code   RO         1676    i.__NVIC_SetPriority  stm32f4xx_hal_cortex.o
    0x080067d0   0x080067d0   0x00000006   Code   RO         4918    i.__get_PRIMASK     fifo.o
    0x080067d6   0x080067d6   0x00000002   PAD
    0x080067d8   0x080067d8   0x000002d8   Code   RO         5212    i.__hardfp_atan     m_wm.l(atan.o)
    0x08006ab0   0x08006ab0   0x000001f0   Code   RO         5226    i.__hardfp_atan2    m_wm.l(atan2.o)
    0x08006ca0   0x08006ca0   0x000000c8   Code   RO         5238    i.__hardfp_cos      m_wm.l(cos.o)
    0x08006d68   0x08006d68   0x000000c8   Code   RO         5264    i.__hardfp_sin      m_wm.l(sin.o)
    0x08006e30   0x08006e30   0x0000007a   Code   RO         5276    i.__hardfp_sqrt     m_wm.l(sqrt.o)
    0x08006eaa   0x08006eaa   0x00000006   PAD
    0x08006eb0   0x08006eb0   0x00000438   Code   RO         5636    i.__ieee754_rem_pio2  m_wm.l(rred.o)
    0x080072e8   0x080072e8   0x00000170   Code   RO         5608    i.__kernel_cos      m_wm.l(cos_i.o)
    0x08007458   0x08007458   0x000000f8   Code   RO         5633    i.__kernel_poly     m_wm.l(poly.o)
    0x08007550   0x08007550   0x00000130   Code   RO         5641    i.__kernel_sin      m_wm.l(sin_i.o)
    0x08007680   0x08007680   0x00000014   Code   RO         5612    i.__mathlib_dbl_infnan  m_wm.l(dunder.o)
    0x08007694   0x08007694   0x00000014   Code   RO         5613    i.__mathlib_dbl_infnan2  m_wm.l(dunder.o)
    0x080076a8   0x080076a8   0x00000020   Code   RO         5614    i.__mathlib_dbl_invalid  m_wm.l(dunder.o)
    0x080076c8   0x080076c8   0x00000020   Code   RO         5617    i.__mathlib_dbl_underflow  m_wm.l(dunder.o)
    0x080076e8   0x080076e8   0x0000000e   Code   RO         5704    i.__scatterload_copy  mc_w.l(handlers.o)
    0x080076f6   0x080076f6   0x00000002   Code   RO         5705    i.__scatterload_null  mc_w.l(handlers.o)
    0x080076f8   0x080076f8   0x0000000e   Code   RO         5706    i.__scatterload_zeroinit  mc_w.l(handlers.o)
    0x08007706   0x08007706   0x00000006   Code   RO         4919    i.__set_PRIMASK     fifo.o
    0x0800770c   0x0800770c   0x0000000c   Code   RO         5676    i.__set_errno       mc_w.l(errno.o)
    0x08007718   0x08007718   0x00000010   Code   RO         5214    i.atan              m_wm.l(atan.o)
    0x08007728   0x08007728   0x00000128   Code   RO         3982    i.calculate_true_power  agv_control.o
    0x08007850   0x08007850   0x0000006e   Code   RO         4775    i.can_filter_mask_config  drv_can.o
    0x080078be   0x080078be   0x00000002   PAD
    0x080078c0   0x080078c0   0x00000060   Code   RO         4052    i.chassis_fllow     chassis.o
    0x08007920   0x08007920   0x000000f0   Code   RO         4841    i.f_Changing_Integral_Rate  pid.o
    0x08007a10   0x08007a10   0x00000030   Code   RO         4842    i.f_Derivative_Filter  pid.o
    0x08007a40   0x08007a40   0x00000022   Code   RO         4843    i.f_Derivative_On_Measurement  pid.o
    0x08007a62   0x08007a62   0x00000002   PAD
    0x08007a64   0x08007a64   0x000000cc   Code   RO         4844    i.f_Integral_Limit  pid.o
    0x08007b30   0x08007b30   0x00000030   Code   RO         4845    i.f_Output_Filter   pid.o
    0x08007b60   0x08007b60   0x00000046   Code   RO         4846    i.f_Output_Limit    pid.o
    0x08007ba6   0x08007ba6   0x00000002   PAD
    0x08007ba8   0x08007ba8   0x000000c0   Code   RO         4847    i.f_PID_ErrorHandle  pid.o
    0x08007c68   0x08007c68   0x00000074   Code   RO         4848    i.f_PID_param_init  pid.o
    0x08007cdc   0x08007cdc   0x00000034   Code   RO         4849    i.f_PID_reset       pid.o
    0x08007d10   0x08007d10   0x00000046   Code   RO         4850    i.f_Proportion_Limit  pid.o
    0x08007d56   0x08007d56   0x0000002a   Code   RO         4851    i.f_Trapezoid_Intergral  pid.o
    0x08007d80   0x08007d80   0x00000018   Code   RO         5627    i.fabs              m_wm.l(fabs.o)
    0x08007d98   0x08007d98   0x0000003a   Code   RO         4937    i.fifo_s_get        fifo.o
    0x08007dd2   0x08007dd2   0x00000016   Code   RO         4940    i.fifo_s_init       fifo.o
    0x08007de8   0x08007de8   0x000000a0   Code   RO         4946    i.fifo_s_puts       fifo.o
    0x08007e88   0x08007e88   0x00000006   Code   RO         4948    i.fifo_s_used       fifo.o
    0x08007e8e   0x08007e8e   0x00000002   PAD
    0x08007e90   0x08007e90   0x0000003c   Code   RO           15    i.main              main.o
    0x08007ecc   0x08007ecc   0x0000014c   Code   RO         3921    i.referee_unpack_fifo_data  referee.o
    0x08008018   0x08008018   0x00000008   Data   RO         1391    .constdata          stm32f4xx_hal_dma.o
    0x08008020   0x08008020   0x00000018   Data   RO         3821    .constdata          system_stm32f4xx.o
    0x08008038   0x08008038   0x00000302   Data   RO         3862    .constdata          algorithmofcrc.o
    0x0800833a   0x0800833a   0x00000006   PAD
    0x08008340   0x08008340   0x00000098   Data   RO         5215    .constdata          m_wm.l(atan.o)
    0x080083d8   0x080083d8   0x00000030   Data   RO         5609    .constdata          m_wm.l(cos_i.o)
    0x08008408   0x08008408   0x00000008   Data   RO         5635    .constdata          m_wm.l(qnan.o)
    0x08008410   0x08008410   0x000000c8   Data   RO         5638    .constdata          m_wm.l(rred.o)
    0x080084d8   0x080084d8   0x00000028   Data   RO         5642    .constdata          m_wm.l(sin_i.o)
    0x08008500   0x08008500   0x00000020   Data   RO         5702    Region$$Table       anon$$obj.o


    Execution Region RW_IRAM1 (Exec base: 0x20000000, Load base: 0x08008520, Size: 0x000015c0, Max: 0x0001c000, ABSOLUTE, COMPRESSED[0x0000009c])

    Exec Addr    Load Addr    Size         Type   Attr      Idx    E Section Name        Object

    0x20000000   COMPRESSED   0x00000004   Data   RW          284    .data               can.o
    0x20000004   COMPRESSED   0x00000009   Data   RW         1829    .data               stm32f4xx_hal.o
    0x2000000d   COMPRESSED   0x00000003   PAD
    0x20000010   COMPRESSED   0x00000004   Data   RW         3822    .data               system_stm32f4xx.o
    0x20000014   COMPRESSED   0x00000002   Data   RW         3863    .data               algorithmofcrc.o
    0x20000016   COMPRESSED   0x00000008   Data   RW         3923    .data               referee.o
    0x2000001e   COMPRESSED   0x00000002   PAD
    0x20000020   COMPRESSED   0x00000004   Data   RW         3984    .data               agv_control.o
    0x20000024   COMPRESSED   0x00000050   Data   RW         4054    .data               chassis.o
    0x20000074   COMPRESSED   0x0000000c   Data   RW         4292    .data               kinematic.o
    0x20000080   COMPRESSED   0x000000cc   Data   RW         4556    .data               graphicssendtask.o
    0x2000014c   COMPRESSED   0x000000dc   Data   RW         4777    .data               drv_can.o
    0x20000228   COMPRESSED   0x00000008   Data   RW         5168    .data               chassis_task.o
    0x20000230   COMPRESSED   0x00000004   Data   RW         5677    .data               mc_w.l(errno.o)
    0x20000234        -       0x00000050   Zero   RW          283    .bss                can.o
    0x20000284        -       0x00000020   Zero   RW          355    .bss                rtc.o
    0x200002a4        -       0x00000090   Zero   RW          398    .bss                tim.o
    0x20000334        -       0x00000108   Zero   RW          445    .bss                usart.o
    0x2000043c        -       0x000008d8   Zero   RW         3922    .bss                referee.o
    0x20000d14        -       0x000000af   Zero   RW         3983    .bss                agv_control.o
    0x20000dc3   COMPRESSED   0x00000001   PAD
    0x20000dc4        -       0x0000021a   Zero   RW         4053    .bss                chassis.o
    0x20000fde   COMPRESSED   0x00000002   PAD
    0x20000fe0        -       0x0000001c   Zero   RW         4138    .bss                gimbal_connection.o
    0x20000ffc        -       0x00000168   Zero   RW         4555    .bss                graphicssendtask.o
    0x20001164        -       0x00000058   Zero   RW         4776    .bss                drv_can.o
    0x200011bc   COMPRESSED   0x00000004   PAD
    0x200011c0        -       0x00000400   Zero   RW            1    STACK               startup_stm32f407xx.o


    Execution Region RW_IRAM2 (Exec base: 0x2001c000, Load base: 0x080085bc, Size: 0x00000000, Max: 0x00004000, ABSOLUTE)

    **** No section assigned to this execution region ****


==============================================================================

Image component sizes


      Code (inc. data)   RO Data    RW Data    ZI Data      Debug   Object Name

      1250         62          0          4        175       5768   agv_control.o
       282         20        770          2          0       5130   algorithmofcrc.o
       560         44          0          4         80       2498   can.o
       220         30          0          0          0       1712   can_connection.o
      1182        114          0         80        538       7455   chassis.o
       276         18          0          8          0       2849   chassis_task.o
        72          4          0          0          0        778   dma.o
       658         64          0        220         88       8712   drv_can.o
       258          0          0          0          0       9303   fifo.o
       154          8          0          0         28       4209   gimbal_connection.o
       160          4          0          0          0        935   gpio.o
      4176        520          0        204        360      20487   graphicssendtask.o
      3200         92          0         12          0       7782   kinematic.o
       254         16          0          0          0     719890   main.o
       422         36          0          0          0       5263   motor.o
      1588         46          0          0          0       8767   pid.o
      1124         98          0          8       2264       9878   referee.o
       112         18          0          0         32       1551   rtc.o
        36          8        392          0       1024        840   startup_stm32f407xx.o
       172         32          0          9          0       8781   stm32f4xx_hal.o
      2146          6          0          0          0      13851   stm32f4xx_hal_can.o
       312         22          0          0          0      34367   stm32f4xx_hal_cortex.o
      1224         16          8          0          0       5575   stm32f4xx_hal_dma.o
       500         46          0          0          0       1460   stm32f4xx_hal_gpio.o
        72          4          0          0          0        862   stm32f4xx_hal_msp.o
      1820         84          0          0          0       5648   stm32f4xx_hal_rcc.o
       416         20          0          0          0       1416   stm32f4xx_hal_rcc_ex.o
       356          8          0          0          0       3307   stm32f4xx_hal_rtc.o
      1260         76          0          0          0       9887   stm32f4xx_hal_tim.o
       184         30          0          0          0       2541   stm32f4xx_hal_tim_ex.o
      1148         22          0          0          0       7805   stm32f4xx_hal_uart.o
       178         54          0          0          0       8774   stm32f4xx_it.o
        20          6         24          4          0       1139   system_stm32f4xx.o
       316         32          0          0        144       2335   tim.o
       340         36          0          0        264       1892   usart.o

    ----------------------------------------------------------------------
     26494       1696       1232        560       5004     933447   Object Totals
         0          0         32          0          0          0   (incl. Generated)
        46          0          6          5          7          0   (incl. Padding)

    ----------------------------------------------------------------------

      Code (inc. data)   RO Data    RW Data    ZI Data      Debug   Library Member Name

       744        106        152          0          0        352   atan.o
       496         64          0          0          0        192   atan2.o
       200         20          0          0          0        164   cos.o
       368         46         48          0          0        200   cos_i.o
       104         16          0          0          0        496   dunder.o
        24          0          0          0          0        124   fabs.o
        48          0          0          0          0        124   fpclassify.o
       248          0          0          0          0        152   poly.o
         0          0          8          0          0          0   qnan.o
      1080        142        200          0          0        188   rred.o
       200         20          0          0          0        164   sin.o
       304         24         40          0          0        208   sin_i.o
       122          0          0          0          0        148   sqrt.o
        86          0          0          0          0          0   __dczerorl2.o
         0          0          0          0          0          0   entry.o
         0          0          0          0          0          0   entry10a.o
         0          0          0          0          0          0   entry11a.o
         8          4          0          0          0          0   entry2.o
         4          0          0          0          0          0   entry5.o
         0          0          0          0          0          0   entry7b.o
         0          0          0          0          0          0   entry8b.o
         8          4          0          0          0          0   entry9a.o
        12          6          0          4          0         68   errno.o
        30          0          0          0          0          0   handlers.o
        36          8          0          0          0         68   init.o
         0          0          0          0          0          0   iusefp.o
        30          0          0          0          0         68   llshl.o
        36          0          0          0          0         68   llsshr.o
        32          0          0          0          0         68   llushr.o
        36          0          0          0          0         68   memcpya.o
        36          0          0          0          0        108   memseta.o
        98          0          0          0          0         92   uldiv.o
        56          0          0          0          0         88   d2f.o
       334          0          0          0          0        148   dadd.o
       222          0          0          0          0        100   ddiv.o
       186          0          0          0          0        176   depilogue.o
        62          0          0          0          0         80   dfixi.o
        50          0          0          0          0         76   dfixui.o
        34          0          0          0          0         76   dflti.o
        26          0          0          0          0         76   dfltui.o
       228          0          0          0          0         96   dmul.o
       162          0          0          0          0        100   dsqrt.o
        38          0          0          0          0         68   f2d.o
       110          0          0          0          0        168   fepilogue.o

    ----------------------------------------------------------------------
      5906        460        448          4          0       4372   Library Totals
         8          0          0          0          0          0   (incl. Padding)

    ----------------------------------------------------------------------

      Code (inc. data)   RO Data    RW Data    ZI Data      Debug   Library Name

      3938        438        448          0          0       2512   m_wm.l
       452         22          0          4          0        608   mc_w.l
      1508          0          0          0          0       1252   mf_w.l

    ----------------------------------------------------------------------
      5906        460        448          4          0       4372   Library Totals

    ----------------------------------------------------------------------

==============================================================================


      Code (inc. data)   RO Data    RW Data    ZI Data      Debug   

     32400       2156       1680        564       5004     917919   Grand Totals
     32400       2156       1680        156       5004     917919   ELF Image Totals (compressed)
     32400       2156       1680        156          0          0   ROM Totals

==============================================================================

    Total RO  Size (Code + RO Data)                34080 (  33.28kB)
    Total RW  Size (RW Data + ZI Data)              5568 (   5.44kB)
    Total ROM Size (Code + RO Data + RW Data)      34236 (  33.43kB)

==============================================================================

