Component: ARM Compiler 5.06 update 5 (build 528) Tool: armlink [4d35e2]

==============================================================================

Section Cross References

    startup_stm32f407xx.o(STACK) refers (Special) to heapauxi.o(.text) for __use_two_region_memory
    startup_stm32f407xx.o(HEAP) refers (Special) to heapauxi.o(.text) for __use_two_region_memory
    startup_stm32f407xx.o(RESET) refers (Special) to heapauxi.o(.text) for __use_two_region_memory
    startup_stm32f407xx.o(RESET) refers to startup_stm32f407xx.o(STACK) for __initial_sp
    startup_stm32f407xx.o(RESET) refers to startup_stm32f407xx.o(.text) for Reset_Handler
    startup_stm32f407xx.o(RESET) refers to stm32f4xx_it.o(i.NMI_Handler) for NMI_Handler
    startup_stm32f407xx.o(RESET) refers to stm32f4xx_it.o(i.HardFault_Handler) for HardFault_Handler
    startup_stm32f407xx.o(RESET) refers to stm32f4xx_it.o(i.MemManage_Handler) for MemManage_Handler
    startup_stm32f407xx.o(RESET) refers to stm32f4xx_it.o(i.BusFault_Handler) for BusFault_Handler
    startup_stm32f407xx.o(RESET) refers to stm32f4xx_it.o(i.UsageFault_Handler) for UsageFault_Handler
    startup_stm32f407xx.o(RESET) refers to stm32f4xx_it.o(i.SVC_Handler) for SVC_Handler
    startup_stm32f407xx.o(RESET) refers to stm32f4xx_it.o(i.DebugMon_Handler) for DebugMon_Handler
    startup_stm32f407xx.o(RESET) refers to stm32f4xx_it.o(i.PendSV_Handler) for PendSV_Handler
    startup_stm32f407xx.o(RESET) refers to stm32f4xx_it.o(i.SysTick_Handler) for SysTick_Handler
    startup_stm32f407xx.o(RESET) refers to stm32f4xx_it.o(i.CAN1_TX_IRQHandler) for CAN1_TX_IRQHandler
    startup_stm32f407xx.o(RESET) refers to stm32f4xx_it.o(i.CAN1_RX0_IRQHandler) for CAN1_RX0_IRQHandler
    startup_stm32f407xx.o(RESET) refers to stm32f4xx_it.o(i.CAN1_RX1_IRQHandler) for CAN1_RX1_IRQHandler
    startup_stm32f407xx.o(RESET) refers to stm32f4xx_it.o(i.TIM3_IRQHandler) for TIM3_IRQHandler
    startup_stm32f407xx.o(RESET) refers to stm32f4xx_it.o(i.DMA2_Stream1_IRQHandler) for DMA2_Stream1_IRQHandler
    startup_stm32f407xx.o(RESET) refers to stm32f4xx_it.o(i.CAN2_TX_IRQHandler) for CAN2_TX_IRQHandler
    startup_stm32f407xx.o(RESET) refers to stm32f4xx_it.o(i.CAN2_RX0_IRQHandler) for CAN2_RX0_IRQHandler
    startup_stm32f407xx.o(RESET) refers to stm32f4xx_it.o(i.CAN2_RX1_IRQHandler) for CAN2_RX1_IRQHandler
    startup_stm32f407xx.o(RESET) refers to stm32f4xx_it.o(i.DMA2_Stream6_IRQHandler) for DMA2_Stream6_IRQHandler
    startup_stm32f407xx.o(RESET) refers to referee.o(i.USART6_IRQHandler) for USART6_IRQHandler
    startup_stm32f407xx.o(.text) refers (Special) to heapauxi.o(.text) for __use_two_region_memory
    startup_stm32f407xx.o(.text) refers to system_stm32f4xx.o(i.SystemInit) for SystemInit
    startup_stm32f407xx.o(.text) refers to __main.o(!!!main) for __main
    startup_stm32f407xx.o(.text) refers to startup_stm32f407xx.o(HEAP) for Heap_Mem
    startup_stm32f407xx.o(.text) refers to startup_stm32f407xx.o(STACK) for Stack_Mem
    main.o(i.SystemClock_Config) refers to rt_memclr_w.o(.text) for __aeabi_memclr4
    main.o(i.SystemClock_Config) refers to stm32f4xx_hal_rcc.o(i.HAL_RCC_OscConfig) for HAL_RCC_OscConfig
    main.o(i.SystemClock_Config) refers to main.o(i.Error_Handler) for Error_Handler
    main.o(i.SystemClock_Config) refers to stm32f4xx_hal_rcc.o(i.HAL_RCC_ClockConfig) for HAL_RCC_ClockConfig
    main.o(i.main) refers to stm32f4xx_hal.o(i.HAL_Init) for HAL_Init
    main.o(i.main) refers to main.o(i.SystemClock_Config) for SystemClock_Config
    main.o(i.main) refers to gpio.o(i.MX_GPIO_Init) for MX_GPIO_Init
    main.o(i.main) refers to dma.o(i.MX_DMA_Init) for MX_DMA_Init
    main.o(i.main) refers to can.o(i.MX_CAN1_Init) for MX_CAN1_Init
    main.o(i.main) refers to can.o(i.MX_CAN2_Init) for MX_CAN2_Init
    main.o(i.main) refers to rtc.o(i.MX_RTC_Init) for MX_RTC_Init
    main.o(i.main) refers to tim.o(i.MX_TIM3_Init) for MX_TIM3_Init
    main.o(i.main) refers to tim.o(i.MX_TIM9_Init) for MX_TIM9_Init
    main.o(i.main) refers to usart.o(i.MX_USART6_UART_Init) for MX_USART6_UART_Init
    main.o(i.main) refers to chassis_task.o(i.Task_Init) for Task_Init
    main.o(i.main) refers to stm32f4xx_hal_tim.o(i.HAL_TIM_Base_Start_IT) for HAL_TIM_Base_Start_IT
    main.o(i.main) refers to tim.o(.bss) for htim3
    can.o(i.HAL_CAN_MspDeInit) refers to stm32f4xx_hal_gpio.o(i.HAL_GPIO_DeInit) for HAL_GPIO_DeInit
    can.o(i.HAL_CAN_MspDeInit) refers to stm32f4xx_hal_cortex.o(i.HAL_NVIC_DisableIRQ) for HAL_NVIC_DisableIRQ
    can.o(i.HAL_CAN_MspDeInit) refers to can.o(.data) for HAL_RCC_CAN1_CLK_ENABLED
    can.o(i.HAL_CAN_MspInit) refers to rt_memclr_w.o(.text) for __aeabi_memclr4
    can.o(i.HAL_CAN_MspInit) refers to stm32f4xx_hal_gpio.o(i.HAL_GPIO_Init) for HAL_GPIO_Init
    can.o(i.HAL_CAN_MspInit) refers to stm32f4xx_hal_cortex.o(i.HAL_NVIC_SetPriority) for HAL_NVIC_SetPriority
[...]
    $v0                                      0x08006d50   Number         0  dretinf.o(x$fpl$dretinf)
    x$fpl$drsb                               0x08006d5c   Section       22  daddsub_clz.o(x$fpl$drsb)
    $v0                                      0x08006d5c   Number         0  daddsub_clz.o(x$fpl$drsb)
    x$fpl$dsqrt                              0x08006d74   Section      408  dsqrt_umaal.o(x$fpl$dsqrt)
    $v0                                      0x08006d74   Number         0  dsqrt_umaal.o(x$fpl$dsqrt)
    x$fpl$dsub                               0x08006f0c   Section      468  daddsub_clz.o(x$fpl$dsub)
    $v0                                      0x08006f0c   Number         0  daddsub_clz.o(x$fpl$dsub)
    _dsub1                                   0x08006f1d   Thumb Code     0  daddsub_clz.o(x$fpl$dsub)
    x$fpl$f2d                                0x080070e0   Section       86  f2d.o(x$fpl$f2d)
    $v0                                      0x080070e0   Number         0  f2d.o(x$fpl$f2d)
    x$fpl$fnaninf                            0x08007136   Section      140  fnaninf.o(x$fpl$fnaninf)
    $v0                                      0x08007136   Number         0  fnaninf.o(x$fpl$fnaninf)
    x$fpl$fpinit                             0x080071c2   Section       10  fpinit.o(x$fpl$fpinit)
    $v0                                      0x080071c2   Number         0  fpinit.o(x$fpl$fpinit)
    x$fpl$fretinf                            0x080071cc   Section       10  fretinf.o(x$fpl$fretinf)
    $v0                                      0x080071cc   Number         0  fretinf.o(x$fpl$fretinf)
    .constdata                               0x080071d6   Section        8  stm32f4xx_hal_dma.o(.constdata)
    x$fpl$usenofp                            0x080071d6   Section        0  usenofp.o(x$fpl$usenofp)
    flagBitshiftOffset                       0x080071d6   Data           8  stm32f4xx_hal_dma.o(.constdata)
    .constdata                               0x080071de   Section       24  system_stm32f4xx.o(.constdata)
    .constdata                               0x080071f6   Section      770  algorithmofcrc.o(.constdata)
    .constdata                               0x080074f8   Section      152  atan.o(.constdata)
    atanhi                                   0x080074f8   Data          32  atan.o(.constdata)
    atanlo                                   0x08007518   Data          32  atan.o(.constdata)
    aTodd                                    0x08007538   Data          40  atan.o(.constdata)
    aTeven                                   0x08007560   Data          48  atan.o(.constdata)
    .constdata                               0x08007590   Section       48  cos_i.o(.constdata)
    C                                        0x08007590   Data          48  cos_i.o(.constdata)
    .constdata                               0x080075c0   Section        8  qnan.o(.constdata)
    .constdata                               0x080075c8   Section      200  rred.o(.constdata)
    pio2s                                    0x080075c8   Data          48  rred.o(.constdata)
    twooverpi                                0x080075f8   Data         152  rred.o(.constdata)
    .constdata                               0x08007690   Section       40  sin_i.o(.constdata)
    S                                        0x08007690   Data          40  sin_i.o(.constdata)
    .data                                    0x20000000   Section        4  can.o(.data)
    HAL_RCC_CAN1_CLK_ENABLED                 0x20000000   Data           4  can.o(.data)
    .data                                    0x20000004   Section        9  stm32f4xx_hal.o(.data)
    .data                                    0x20000010   Section        4  system_stm32f4xx.o(.data)
    .data                                    0x20000014   Section        2  algorithmofcrc.o(.data)
    .data                                    0x20000016   Section        2  referee.o(.data)
    this_time_rx_len                         0x20000016   Data           2  referee.o(.data)
    .data                                    0x20000018   Section       40  chassis.o(.data)
    .data                                    0x20000040   Section       12  kinematic.o(.data)
    .data                                    0x2000004c   Section      220  drv_can.o(.data)
    mod10                                    0x20000124   Data           4  drv_can.o(.data)
    .data                                    0x20000128   Section        8  chassis_task.o(.data)
    .bss                                     0x20000130   Section       80  can.o(.bss)
    .bss                                     0x20000180   Section       32  rtc.o(.bss)
    .bss                                     0x200001a0   Section      144  tim.o(.bss)
    .bss                                     0x20000230   Section      264  usart.o(.bss)
    .bss                                     0x20000338   Section     1209  referee.o(.bss)
    .bss                                     0x200007f4   Section       48  agv_control.o(.bss)
    .bss                                     0x20000824   Section      538  chassis.o(.bss)
    .bss                                     0x20000a40   Section       28  gimbal_connection.o(.bss)
    .bss                                     0x20000a5c   Section       88  drv_can.o(.bss)
    .bss                                     0x20000ab4   Section       96  libspace.o(.bss)
    HEAP                                     0x20000b18   Section      512  startup_stm32f407xx.o(HEAP)
    Heap_Mem                                 0x20000b18   Data         512  startup_stm32f407xx.o(HEAP)
    STACK                                    0x20000d18   Section     1024  startup_stm32f407xx.o(STACK)
    Stack_Mem                                0x20000d18   Data        1024  startup_stm32f407xx.o(STACK)
    __initial_sp                             0x20001118   Data           0  startup_stm32f407xx.o(STACK)

    Global Symbols

    Symbol Name                              Value     Ov Type        Size  Object(Section)

    BuildAttributes$$THM_ISAv4$E$P$D$K$B$S$7EM$VFPi3$EXTD16$VFPS$VFMA$PE$A:L22UL41UL21$X:L11$S22US41US21$IEEE1$IW$USESV6$~STKCKD$USESV7$~SHL$OTIME$ROPI$IEEEX$EBA8$UX$STANDARDLIB$REQ8$PRES8$EABIv2 0x00000000   Number         0  anon$$obj.o ABSOLUTE
    __ARM_use_no_argv                        0x00000000   Number         0  main.o ABSOLUTE
    __ARM_exceptions_init                     - Undefined Weak Reference
    __alloca_initialize                       - Undefined Weak Reference
    __arm_preinit_                            - Undefined Weak Reference
    __cpp_initialize__aeabi_                  - Undefined Weak Reference
    __cxa_finalize                            - Undefined Weak Reference
    __rt_locale                               - Undefined Weak Reference
    __sigvec_lookup                           - Undefined Weak Reference
    _atexit_init                              - Undefined Weak Reference
    _call_atexit_fns                          - Undefined Weak Reference
    _clock_init                               - Undefined Weak Reference
    _fp_trap_init                             - Undefined Weak Reference
    _fp_trap_shutdown                         - Undefined Weak Reference
    _get_lc_collate                           - Undefined Weak Reference
    _get_lc_ctype                             - Undefined Weak Reference
    _get_lc_monetary                          - Undefined Weak Reference
    _get_lc_numeric                           - Undefined Weak Reference
    _get_lc_time                              - Undefined Weak Reference
    _getenv_init                              - Undefined Weak Reference
    _handle_redirection                       - Undefined Weak Reference
    _init_alloc                               - Undefined Weak Reference
    _init_user_alloc                          - Undefined Weak Reference
    _initio                                   - Undefined Weak Reference
    _rand_init                                - Undefined Weak Reference
    _signal_finish                            - Undefined Weak Reference
    _signal_init                              - Undefined Weak Reference
    _terminate_alloc                          - Undefined Weak Reference
    _terminate_user_alloc                     - Undefined Weak Reference
    _terminateio                              - Undefined Weak Reference
    __Vectors_Size                           0x00000188   Number         0  startup_stm32f407xx.o ABSOLUTE
    __Vectors                                0x08000000   Data           4  startup_stm32f407xx.o(RESET)
    __Vectors_End                            0x08000188   Data           0  startup_stm32f407xx.o(RESET)
    __main                                   0x08000189   Thumb Code     8  __main.o(!!!main)
    __scatterload                            0x08000191   Thumb Code     0  __scatter.o(!!!scatter)
    __scatterload_rt2                        0x08000191   Thumb Code    44  __scatter.o(!!!scatter)
    __scatterload_rt2_thumb_only             0x08000191   Thumb Code     0  __scatter.o(!!!scatter)
    __scatterload_null                       0x0800019f   Thumb Code     0  __scatter.o(!!!scatter)
    __decompress                             0x080001c5   Thumb Code    58  __dczerorl.o(!!dczerorl)
    __decompress0                            0x080001c5   Thumb Code     0  __dczerorl.o(!!dczerorl)
    __scatterload_zeroinit                   0x08000201   Thumb Code    28  __scatter_zi.o(!!handler_zi)
    __rt_lib_init                            0x0800021d   Thumb Code     0  libinit.o(.ARM.Collect$$libinit$$00000000)
    __rt_lib_init_fp_1                       0x0800021f   Thumb Code     0  libinit2.o(.ARM.Collect$$libinit$$00000001)
    __rt_lib_init_alloca_1                   0x08000223   Thumb Code     0  libinit2.o(.ARM.Collect$$libinit$$0000002E)
    __rt_lib_init_argv_1                     0x08000223   Thumb Code     0  libinit2.o(.ARM.Collect$$libinit$$0000002C)
    __rt_lib_init_atexit_1                   0x08000223   Thumb Code     0  libinit2.o(.ARM.Collect$$libinit$$0000001B)
    __rt_lib_init_clock_1                    0x08000223   Thumb Code     0  libinit2.o(.ARM.Collect$$libinit$$00000021)
    __rt_lib_init_cpp_1                      0x08000223   Thumb Code     0  libinit2.o(.ARM.Collect$$libinit$$00000032)
    __rt_lib_init_exceptions_1               0x08000223   Thumb Code     0  libinit2.o(.ARM.Collect$$libinit$$00000030)
    __rt_lib_init_fp_trap_1                  0x08000223   Thumb Code     0  libinit2.o(.ARM.Collect$$libinit$$0000001F)
    __rt_lib_init_getenv_1                   0x08000223   Thumb Code     0  libinit2.o(.ARM.Collect$$libinit$$00000023)
    __rt_lib_init_heap_1                     0x08000223   Thumb Code     0  libinit2.o(.ARM.Collect$$libinit$$0000000A)
    __rt_lib_init_lc_collate_1               0x08000223   Thumb Code     0  libinit2.o(.ARM.Collect$$libinit$$00000011)
    __rt_lib_init_lc_ctype_1                 0x08000223   Thumb Code     0  libinit2.o(.ARM.Collect$$libinit$$00000013)
    __rt_lib_init_lc_monetary_1              0x08000223   Thumb Code     0  libinit2.o(.ARM.Collect$$libinit$$00000015)
    __rt_lib_init_lc_numeric_1               0x08000223   Thumb Code     0  libinit2.o(.ARM.Collect$$libinit$$00000017)
    __rt_lib_init_lc_time_1                  0x08000223   Thumb Code     0  libinit2.o(.ARM.Collect$$libinit$$00000019)
    __rt_lib_init_preinit_1                  0x08000223   Thumb Code     0  libinit2.o(.ARM.Collect$$libinit$$00000004)
    __rt_lib_init_rand_1                     0x08000223   Thumb Code     0  libinit2.o(.ARM.Collect$$libinit$$0000000E)
    __rt_lib_init_return                     0x08000223   Thumb Code     0  libinit2.o(.ARM.Collect$$libinit$$00000033)
    __rt_lib_init_signal_1                   0x08000223   Thumb Code     0  libinit2.o(.ARM.Collect$$libinit$$0000001D)
    __rt_lib_init_stdio_1                    0x08000223   Thumb Code     0  libinit2.o(.ARM.Collect$$libinit$$00000025)
    __rt_lib_init_user_alloc_1               0x08000223   Thumb Code     0  libinit2.o(.ARM.Collect$$libinit$$0000000C)
    __rt_lib_shutdown                        0x08000225   Thumb Code     0  libshutdown.o(.ARM.Collect$$libshutdown$$00000000)
    __rt_lib_shutdown_cpp_1                  0x08000227   Thumb Code     0  libshutdown2.o(.ARM.Collect$$libshutdown$$00000002)
    __rt_lib_shutdown_fp_trap_1              0x08000227   Thumb Code     0  libshutdown2.o(.ARM.Collect$$libshutdown$$00000007)
    __rt_lib_shutdown_heap_1                 0x08000227   Thumb Code     0  libshutdown2.o(.ARM.Collect$$libshutdown$$0000000F)
    __rt_lib_shutdown_return                 0x08000227   Thumb Code     0  libshutdown2.o(.ARM.Collect$$libshutdown$$00000010)
    __rt_lib_shutdown_signal_1               0x08000227   Thumb Code     0  libshutdown2.o(.ARM.Collect$$libshutdown$$0000000A)
    __rt_lib_shutdown_stdio_1                0x08000227   Thumb Code     0  libshutdown2.o(.ARM.Collect$$libshutdown$$00000004)
    __rt_lib_shutdown_user_alloc_1           0x08000227   Thumb Code     0  libshutdown2.o(.ARM.Collect$$libshutdown$$0000000C)
    __rt_entry                               0x08000229   Thumb Code     0  __rtentry.o(.ARM.Collect$$rtentry$$00000000)
    __rt_entry_presh_1                       0x08000229   Thumb Code     0  __rtentry2.o(.ARM.Collect$$rtentry$$00000002)
    __rt_entry_sh                            0x08000229   Thumb Code     0  __rtentry4.o(.ARM.Collect$$rtentry$$00000004)
    __rt_entry_li                            0x0800022f   Thumb Code     0  __rtentry2.o(.ARM.Collect$$rtentry$$0000000A)
    __rt_entry_postsh_1                      0x0800022f   Thumb Code     0  __rtentry2.o(.ARM.Collect$$rtentry$$00000009)
    __rt_entry_main                          0x08000233   Thumb Code     0  __rtentry2.o(.ARM.Collect$$rtentry$$0000000D)
    __rt_entry_postli_1                      0x08000233   Thumb Code     0  __rtentry2.o(.ARM.Collect$$rtentry$$0000000C)
    __rt_exit                                0x0800023b   Thumb Code     0  rtexit.o(.ARM.Collect$$rtexit$$00000000)
    __rt_exit_ls                             0x0800023d   Thumb Code     0  rtexit2.o(.ARM.Collect$$rtexit$$00000003)
    __rt_exit_prels_1                        0x0800023d   Thumb Code     0  rtexit2.o(.ARM.Collect$$rtexit$$00000002)
    __rt_exit_exit                           0x08000241   Thumb Code     0  rtexit2.o(.ARM.Collect$$rtexit$$00000004)
    Reset_Handler                            0x08000249   Thumb Code     8  startup_stm32f407xx.o(.text)
    ADC_IRQHandler                           0x08000263   Thumb Code     0  startup_stm32f407xx.o(.text)
    CAN1_SCE_IRQHandler                      0x08000263   Thumb Code     0  startup_stm32f407xx.o(.text)
    CAN2_SCE_IRQHandler                      0x08000263   Thumb Code     0  startup_stm32f407xx.o(.text)
    DCMI_IRQHandler                          0x08000263   Thumb Code     0  startup_stm32f407xx.o(.text)
    DMA1_Stream0_IRQHandler                  0x08000263   Thumb Code     0  startup_stm32f407xx.o(.text)
    DMA1_Stream1_IRQHandler                  0x08000263   Thumb Code     0  startup_stm32f407xx.o(.text)
    DMA1_Stream2_IRQHandler                  0x08000263   Thumb Code     0  startup_stm32f407xx.o(.text)
    DMA1_Stream3_IRQHandler                  0x08000263   Thumb Code     0  startup_stm32f407xx.o(.text)
    DMA1_Stream4_IRQHandler                  0x08000263   Thumb Code     0  startup_stm32f407xx.o(.text)
    DMA1_Stream5_IRQHandler                  0x08000263   Thumb Code     0  startup_stm32f407xx.o(.text)
    DMA1_Stream6_IRQHandler                  0x08000263   Thumb Code     0  startup_stm32f407xx.o(.text)
    DMA1_Stream7_IRQHandler                  0x08000263   Thumb Code     0  startup_stm32f407xx.o(.text)
    DMA2_Stream0_IRQHandler                  0x08000263   Thumb Code     0  startup_stm32f407xx.o(.text)
    DMA2_Stream2_IRQHandler                  0x08000263   Thumb Code     0  startup_stm32f407xx.o(.text)
    DMA2_Stream3_IRQHandler                  0x08000263   Thumb Code     0  startup_stm32f407xx.o(.text)
    DMA2_Stream4_IRQHandler                  0x08000263   Thumb Code     0  startup_stm32f407xx.o(.text)
    DMA2_Stream5_IRQHandler                  0x08000263   Thumb Code     0  startup_stm32f407xx.o(.text)
    DMA2_Stream7_IRQHandler                  0x08000263   Thumb Code     0  startup_stm32f407xx.o(.text)
    ETH_IRQHandler                           0x08000263   Thumb Code     0  startup_stm32f407xx.o(.text)
    ETH_WKUP_IRQHandler                      0x08000263   Thumb Code     0  startup_stm32f407xx.o(.text)
    EXTI0_IRQHandler                         0x08000263   Thumb Code     0  startup_stm32f407xx.o(.text)
    EXTI15_10_IRQHandler                     0x08000263   Thumb Code     0  startup_stm32f407xx.o(.text)
    EXTI1_IRQHandler                         0x08000263   Thumb Code     0  startup_stm32f407xx.o(.text)
    EXTI2_IRQHandler                         0x08000263   Thumb Code     0  startup_stm32f407xx.o(.text)
    EXTI3_IRQHandler                         0x08000263   Thumb Code     0  startup_stm32f407xx.o(.text)
    EXTI4_IRQHandler                         0x08000263   Thumb Code     0  startup_stm32f407xx.o(.text)
    EXTI9_5_IRQHandler                       0x08000263   Thumb Code     0  startup_stm32f407xx.o(.text)
    FLASH_IRQHandler                         0x08000263   Thumb Code     0  startup_stm32f407xx.o(.text)
    FMC_IRQHandler                           0x08000263   Thumb Code     0  startup_stm32f407xx.o(.text)
    FPU_IRQHandler                           0x08000263   Thumb Code     0  startup_stm32f407xx.o(.text)
    HASH_RNG_IRQHandler                      0x08000263   Thumb Code     0  startup_stm32f407xx.o(.text)
    I2C1_ER_IRQHandler                       0x08000263   Thumb Code     0  startup_stm32f407xx.o(.text)
    I2C1_EV_IRQHandler                       0x08000263   Thumb Code     0  startup_stm32f407xx.o(.text)
    I2C2_ER_IRQHandler                       0x08000263   Thumb Code     0  startup_stm32f407xx.o(.text)
    I2C2_EV_IRQHandler                       0x08000263   Thumb Code     0  startup_stm32f407xx.o(.text)
    I2C3_ER_IRQHandler                       0x08000263   Thumb Code     0  startup_stm32f407xx.o(.text)
    I2C3_EV_IRQHandler                       0x08000263   Thumb Code     0  startup_stm32f407xx.o(.text)
    OTG_FS_IRQHandler                        0x08000263   Thumb Code     0  startup_stm32f407xx.o(.text)
    OTG_FS_WKUP_IRQHandler                   0x08000263   Thumb Code     0  startup_stm32f407xx.o(.text)
    OTG_HS_EP1_IN_IRQHandler                 0x08000263   Thumb Code     0  startup_stm32f407xx.o(.text)
    OTG_HS_EP1_OUT_IRQHandler                0x08000263   Thumb Code     0  startup_stm32f407xx.o(.text)
    OTG_HS_IRQHandler                        0x08000263   Thumb Code     0  startup_stm32f407xx.o(.text)
    OTG_HS_WKUP_IRQHandler                   0x08000263   Thumb Code     0  startup_stm32f407xx.o(.text)
    PVD_IRQHandler                           0x08000263   Thumb Code     0  startup_stm32f407xx.o(.text)
    RCC_IRQHandler                           0x08000263   Thumb Code     0  startup_stm32f407xx.o(.text)
    RTC_Alarm_IRQHandler                     0x08000263   Thumb Code     0  startup_stm32f407xx.o(.text)
    RTC_WKUP_IRQHandler                      0x08000263   Thumb Code     0  startup_stm32f407xx.o(.text)
    SDIO_IRQHandler                          0x08000263   Thumb Code     0  startup_stm32f407xx.o(.text)
    SPI1_IRQHandler                          0x08000263   Thumb Code     0  startup_stm32f407xx.o(.text)
    SPI2_IRQHandler                          0x08000263   Thumb Code     0  startup_stm32f407xx.o(.text)
    SPI3_IRQHandler                          0x08000263   Thumb Code     0  startup_stm32f407xx.o(.text)
    TAMP_STAMP_IRQHandler                    0x08000263   Thumb Code     0  startup_stm32f407xx.o(.text)
    TIM1_BRK_TIM9_IRQHandler                 0x08000263   Thumb Code     0  startup_stm32f407xx.o(.text)
    TIM1_CC_IRQHandler                       0x08000263   Thumb Code     0  startup_stm32f407xx.o(.text)
    TIM1_TRG_COM_TIM11_IRQHandler            0x08000263   Thumb Code     0  startup_stm32f407xx.o(.text)
    TIM1_UP_TIM10_IRQHandler                 0x08000263   Thumb Code     0  startup_stm32f407xx.o(.text)
    TIM2_IRQHandler                          0x08000263   Thumb Code     0  startup_stm32f407xx.o(.text)
    TIM4_IRQHandler                          0x08000263   Thumb Code     0  startup_stm32f407xx.o(.text)
    TIM5_IRQHandler                          0x08000263   Thumb Code     0  startup_stm32f407xx.o(.text)
    TIM6_DAC_IRQHandler                      0x08000263   Thumb Code     0  startup_stm32f407xx.o(.text)
    TIM7_IRQHandler                          0x08000263   Thumb Code     0  startup_stm32f407xx.o(.text)
    TIM8_BRK_TIM12_IRQHandler                0x08000263   Thumb Code     0  startup_stm32f407xx.o(.text)
    TIM8_CC_IRQHandler                       0x08000263   Thumb Code     0  startup_stm32f407xx.o(.text)
    TIM8_TRG_COM_TIM14_IRQHandler            0x08000263   Thumb Code     0  startup_stm32f407xx.o(.text)
    TIM8_UP_TIM13_IRQHandler                 0x08000263   Thumb Code     0  startup_stm32f407xx.o(.text)
    UART4_IRQHandler                         0x08000263   Thumb Code     0  startup_stm32f407xx.o(.text)
    UART5_IRQHandler                         0x08000263   Thumb Code     0  startup_stm32f407xx.o(.text)
    USART1_IRQHandler                        0x08000263   Thumb Code     0  startup_stm32f407xx.o(.text)
    USART2_IRQHandler                        0x08000263   Thumb Code     0  startup_stm32f407xx.o(.text)
    USART3_IRQHandler                        0x08000263   Thumb Code     0  startup_stm32f407xx.o(.text)
    WWDG_IRQHandler                          0x08000263   Thumb Code     0  startup_stm32f407xx.o(.text)
    __user_initial_stackheap                 0x08000265   Thumb Code     0  startup_stm32f407xx.o(.text)
    __aeabi_uldivmod                         0x08000289   Thumb Code     0  lludivv7m.o(.text)
    _ll_udiv                                 0x08000289   Thumb Code   238  lludivv7m.o(.text)
    __aeabi_memcpy                           0x08000377   Thumb Code     0  rt_memcpy_v6.o(.text)
    __rt_memcpy                              0x08000377   Thumb Code   138  rt_memcpy_v6.o(.text)
    _memcpy_lastbytes                        0x080003dd   Thumb Code     0  rt_memcpy_v6.o(.text)
    __aeabi_memcpy4                          0x08000401   Thumb Code     0  rt_memcpy_w.o(.text)
    __aeabi_memcpy8                          0x08000401   Thumb Code     0  rt_memcpy_w.o(.text)
    __rt_memcpy_w                            0x08000401   Thumb Code   100  rt_memcpy_w.o(.text)
    _memcpy_lastbytes_aligned                0x08000449   Thumb Code     0  rt_memcpy_w.o(.text)
    __aeabi_memclr4                          0x08000465   Thumb Code     0  rt_memclr_w.o(.text)
    __aeabi_memclr8                          0x08000465   Thumb Code     0  rt_memclr_w.o(.text)
    __rt_memclr_w                            0x08000465   Thumb Code    78  rt_memclr_w.o(.text)
    _memset_w                                0x08000469   Thumb Code     0  rt_memclr_w.o(.text)
    __use_two_region_memory                  0x080004b3   Thumb Code     2  heapauxi.o(.text)
    __rt_heap_escrow$2region                 0x080004b5   Thumb Code     2  heapauxi.o(.text)
    __rt_heap_expand$2region                 0x080004b7   Thumb Code     2  heapauxi.o(.text)
    __read_errno                             0x080004b9   Thumb Code    10  _rserrno.o(.text)
    __set_errno                              0x080004c3   Thumb Code    12  _rserrno.o(.text)
    __aeabi_errno_addr                       0x080004d1   Thumb Code     8  rt_errno_addr_intlibspace.o(.text)
    __errno$intlibspace                      0x080004d1   Thumb Code     0  rt_errno_addr_intlibspace.o(.text)
    __rt_errno_addr$intlibspace              0x080004d1   Thumb Code     0  rt_errno_addr_intlibspace.o(.text)
    __user_libspace                          0x080004d9   Thumb Code     8  libspace.o(.text)
    __user_perproc_libspace                  0x080004d9   Thumb Code     0  libspace.o(.text)
    __user_perthread_libspace                0x080004d9   Thumb Code     0  libspace.o(.text)
    __user_setup_stackheap                   0x080004e1   Thumb Code    74  sys_stackheap_outer.o(.text)
    exit                                     0x0800052b   Thumb Code    18  exit.o(.text)
    _sys_exit                                0x0800053d   Thumb Code     8  sys_exit.o(.text)
    __I$use$semihosting                      0x08000549   Thumb Code     0  use_no_semi.o(.text)
    __use_no_semihosting_swi                 0x08000549   Thumb Code     2  use_no_semi.o(.text)
    __semihosting_library_function           0x0800054b   Thumb Code     0  indicate_semi.o(.text)
    AGV_DirectiveMotor_RobotMotion_To_TargetStatus 0x0800054d   Thumb Code   118  kinematic.o(i.AGV_DirectiveMotor_RobotMotion_To_TargetStatus)
    AGV_DirectiveMotor_TargetStatus_To_MotorAngle_In_ChassisCoordinate 0x080005d1   Thumb Code   564  kinematic.o(i.AGV_DirectiveMotor_TargetStatus_To_MotorAngle_In_ChassisCoordinate)
    AGV_Vector_Composition_In_ChassisCoordinate 0x08000809   Thumb Code  1864  kinematic.o(i.AGV_Vector_Composition_In_ChassisCoordinate)
    AGV_connoection                          0x08000f55   Thumb Code   862  agv_control.o(i.AGV_connoection)
    BusFault_Handler                         0x080012d1   Thumb Code     4  stm32f4xx_it.o(i.BusFault_Handler)
    CAN1_Call_Back                           0x080012d5   Thumb Code   100  can_connection.o(i.CAN1_Call_Back)
    CAN1_RX0_IRQHandler                      0x0800133d   Thumb Code    10  stm32f4xx_it.o(i.CAN1_RX0_IRQHandler)
    CAN1_RX1_IRQHandler                      0x0800134d   Thumb Code    10  stm32f4xx_it.o(i.CAN1_RX1_IRQHandler)
    CAN1_TX_IRQHandler                       0x0800135d   Thumb Code    10  stm32f4xx_it.o(i.CAN1_TX_IRQHandler)
    CAN2_Call_Back                           0x0800136d   Thumb Code    70  can_connection.o(i.CAN2_Call_Back)
    CAN2_RX0_IRQHandler                      0x080013bd   Thumb Code    10  stm32f4xx_it.o(i.CAN2_RX0_IRQHandler)
    CAN2_RX1_IRQHandler                      0x080013cd   Thumb Code    10  stm32f4xx_it.o(i.CAN2_RX1_IRQHandler)
    CAN2_TX_IRQHandler                       0x080013dd   Thumb Code    10  stm32f4xx_it.o(i.CAN2_TX_IRQHandler)
    CAN_Init                                 0x080013ed   Thumb Code   202  drv_can.o(i.CAN_Init)
    CAN_Send_EXT_Data                        0x080014c9   Thumb Code    44  drv_can.o(i.CAN_Send_EXT_Data)
    Can_Connection_Init                      0x080014f5   Thumb Code    20  can_connection.o(i.Can_Connection_Init)
    Chassis_Control_Mode_Update              0x08001519   Thumb Code    58  gimbal_connection.o(i.Chassis_Control_Mode_Update)
    Chassis_Flag_Update                      0x08001553   Thumb Code    22  gimbal_connection.o(i.Chassis_Flag_Update)
    Chassis_Init                             0x08001569   Thumb Code    74  chassis.o(i.Chassis_Init)
    Chassis_Inveter_Judge                    0x080015bd   Thumb Code   176  chassis.o(i.Chassis_Inveter_Judge)
    Chassis_Mode_Command_Update              0x08001675   Thumb Code   160  chassis.o(i.Chassis_Mode_Command_Update)
    Chassis_Move                             0x08001721   Thumb Code    22  chassis.o(i.Chassis_Move)
    Chassis_Power_Control_Init               0x0800173d   Thumb Code    26  agv_control.o(i.Chassis_Power_Control_Init)
    Chassis_Speed_Command_Update             0x0800175d   Thumb Code    14  gimbal_connection.o(i.Chassis_Speed_Command_Update)
    Chassis_Speed_Control                    0x0800176d   Thumb Code   110  kinematic.o(i.Chassis_Speed_Control)
    Chassis_Speed_Slow_Motion                0x080017e1   Thumb Code   234  chassis.o(i.Chassis_Speed_Slow_Motion)
    DMA2_Stream1_IRQHandler                  0x080018cd   Thumb Code    10  stm32f4xx_it.o(i.DMA2_Stream1_IRQHandler)
    DMA2_Stream6_IRQHandler                  0x080018dd   Thumb Code    10  stm32f4xx_it.o(i.DMA2_Stream6_IRQHandler)
    DebugMon_Handler                         0x080019cb   Thumb Code     2  stm32f4xx_it.o(i.DebugMon_Handler)
    EXT_ID_Set                               0x080019cd   Thumb Code    16  drv_can.o(i.EXT_ID_Set)
    Error_Handler                            0x080019dd   Thumb Code     6  main.o(i.Error_Handler)
    Float_Abs                                0x080019e3   Thumb Code    26  kinematic.o(i.Float_Abs)
    GM6020_Current_From_Lsb_To_Ampere        0x080019fd   Thumb Code    26  motor.o(i.GM6020_Current_From_Lsb_To_Ampere)
    GM6020_Feedback_Update                   0x08001a1d   Thumb Code    42  motor.o(i.GM6020_Feedback_Update)
    GM6020_Position_From_Lsb_To_Degree       0x08001a49   Thumb Code    26  motor.o(i.GM6020_Position_From_Lsb_To_Degree)
    GM6020_Position_From_Lsb_To_Rad          0x08001a6d   Thumb Code    34  motor.o(i.GM6020_Position_From_Lsb_To_Rad)
    GM6020_Status_Update                     0x08001a99   Thumb Code   258  motor.o(i.GM6020_Status_Update)
    Get_CRC16_Check_Sum                      0x08001ba5   Thumb Code    46  algorithmofcrc.o(i.Get_CRC16_Check_Sum)
    Get_CRC8_Check_Sum                       0x08001bd9   Thumb Code    30  algorithmofcrc.o(i.Get_CRC8_Check_Sum)
    Gimbal_To_Chassis_Relative_Angle_Update  0x08001bfd   Thumb Code   136  chassis.o(i.Gimbal_To_Chassis_Relative_Angle_Update)
    HAL_CAN_ActivateNotification             0x08001ca1   Thumb Code    42  stm32f4xx_hal_can.o(i.HAL_CAN_ActivateNotification)
    HAL_CAN_AddTxMessage                     0x08001ccb   Thumb Code   330  stm32f4xx_hal_can.o(i.HAL_CAN_AddTxMessage)
    HAL_CAN_ConfigFilter                     0x08001e15   Thumb Code   286  stm32f4xx_hal_can.o(i.HAL_CAN_ConfigFilter)
    HAL_CAN_ErrorCallback                    0x08001f39   Thumb Code     2  stm32f4xx_hal_can.o(i.HAL_CAN_ErrorCallback)
    HAL_CAN_GetRxMessage                     0x08001f3b   Thumb Code   404  stm32f4xx_hal_can.o(i.HAL_CAN_GetRxMessage)
    HAL_CAN_IRQHandler                       0x080020cf   Thumb Code   590  stm32f4xx_hal_can.o(i.HAL_CAN_IRQHandler)
    HAL_CAN_Init                             0x0800231d   Thumb Code   372  stm32f4xx_hal_can.o(i.HAL_CAN_Init)
    HAL_CAN_MspInit                          0x08002491   Thumb Code   392  can.o(i.HAL_CAN_MspInit)
    HAL_CAN_RxFifo0FullCallback              0x08002631   Thumb Code     2  stm32f4xx_hal_can.o(i.HAL_CAN_RxFifo0FullCallback)
    HAL_CAN_RxFifo0MsgPendingCallback        0x08002635   Thumb Code    72  drv_can.o(i.HAL_CAN_RxFifo0MsgPendingCallback)
    HAL_CAN_RxFifo1FullCallback              0x0800268d   Thumb Code     2  stm32f4xx_hal_can.o(i.HAL_CAN_RxFifo1FullCallback)
    HAL_CAN_RxFifo1MsgPendingCallback        0x08002691   Thumb Code    72  drv_can.o(i.HAL_CAN_RxFifo1MsgPendingCallback)
    HAL_CAN_SleepCallback                    0x080026e9   Thumb Code     2  stm32f4xx_hal_can.o(i.HAL_CAN_SleepCallback)
    HAL_CAN_Start                            0x080026eb   Thumb Code    94  stm32f4xx_hal_can.o(i.HAL_CAN_Start)
    HAL_CAN_TxMailbox0AbortCallback          0x08002749   Thumb Code     2  stm32f4xx_hal_can.o(i.HAL_CAN_TxMailbox0AbortCallback)
    HAL_CAN_TxMailbox0CompleteCallback       0x0800274b   Thumb Code     2  stm32f4xx_hal_can.o(i.HAL_CAN_TxMailbox0CompleteCallback)
    HAL_CAN_TxMailbox1AbortCallback          0x0800274d   Thumb Code     2  stm32f4xx_hal_can.o(i.HAL_CAN_TxMailbox1AbortCallback)
    HAL_CAN_TxMailbox1CompleteCallback       0x0800274f   Thumb Code     2  stm32f4xx_hal_can.o(i.HAL_CAN_TxMailbox1CompleteCallback)
    HAL_CAN_TxMailbox2AbortCallback          0x08002751   Thumb Code     2  stm32f4xx_hal_can.o(i.HAL_CAN_TxMailbox2AbortCallback)
    HAL_CAN_TxMailbox2CompleteCallback       0x08002753   Thumb Code     2  stm32f4xx_hal_can.o(i.HAL_CAN_TxMailbox2CompleteCallback)
    HAL_CAN_WakeUpFromRxMsgCallback          0x08002755   Thumb Code     2  stm32f4xx_hal_can.o(i.HAL_CAN_WakeUpFromRxMsgCallback)
    HAL_DMA_IRQHandler                       0x08002759   Thumb Code   570  stm32f4xx_hal_dma.o(i.HAL_DMA_IRQHandler)
    HAL_DMA_Init                             0x08002999   Thumb Code   232  stm32f4xx_hal_dma.o(i.HAL_DMA_Init)
    HAL_GPIO_Init                            0x08002a85   Thumb Code   454  stm32f4xx_hal_gpio.o(i.HAL_GPIO_Init)
    HAL_GetTick                              0x08002c79   Thumb Code     6  stm32f4xx_hal.o(i.HAL_GetTick)
    HAL_IncTick                              0x08002c85   Thumb Code    16  stm32f4xx_hal.o(i.HAL_IncTick)
    HAL_Init                                 0x08002c9d   Thumb Code    54  stm32f4xx_hal.o(i.HAL_Init)
    HAL_InitTick                             0x08002cd9   Thumb Code    64  stm32f4xx_hal.o(i.HAL_InitTick)
    HAL_MspInit                              0x08002d25   Thumb Code    68  stm32f4xx_hal_msp.o(i.HAL_MspInit)
    HAL_NVIC_EnableIRQ                       0x08002d6d   Thumb Code    40  stm32f4xx_hal_cortex.o(i.HAL_NVIC_EnableIRQ)
    HAL_NVIC_SetPriority                     0x08002d95   Thumb Code   124  stm32f4xx_hal_cortex.o(i.HAL_NVIC_SetPriority)
    HAL_NVIC_SetPriorityGrouping             0x08002e11   Thumb Code    32  stm32f4xx_hal_cortex.o(i.HAL_NVIC_SetPriorityGrouping)
    HAL_RCCEx_PeriphCLKConfig                0x08002e39   Thumb Code   396  stm32f4xx_hal_rcc_ex.o(i.HAL_RCCEx_PeriphCLKConfig)
    HAL_RCC_ClockConfig                      0x08002fd9   Thumb Code   368  stm32f4xx_hal_rcc.o(i.HAL_RCC_ClockConfig)
    HAL_RCC_GetHCLKFreq                      0x0800315d   Thumb Code     6  stm32f4xx_hal_rcc.o(i.HAL_RCC_GetHCLKFreq)
    HAL_RCC_GetPCLK1Freq                     0x08003169   Thumb Code    22  stm32f4xx_hal_rcc.o(i.HAL_RCC_GetPCLK1Freq)
    HAL_RCC_GetPCLK2Freq                     0x08003189   Thumb Code    22  stm32f4xx_hal_rcc.o(i.HAL_RCC_GetPCLK2Freq)
    HAL_RCC_GetSysClockFreq                  0x080031a9   Thumb Code   162  stm32f4xx_hal_rcc.o(i.HAL_RCC_GetSysClockFreq)
    HAL_RCC_OscConfig                        0x08003259   Thumb Code  1172  stm32f4xx_hal_rcc.o(i.HAL_RCC_OscConfig)
    HAL_RTC_Init                             0x080036f5   Thumb Code   176  stm32f4xx_hal_rtc.o(i.HAL_RTC_Init)
    HAL_RTC_MspInit                          0x080037a9   Thumb Code    50  rtc.o(i.HAL_RTC_MspInit)
    HAL_RTC_WaitForSynchro                   0x080037e5   Thumb Code    52  stm32f4xx_hal_rtc.o(i.HAL_RTC_WaitForSynchro)
    HAL_SYSTICK_Config                       0x0800381d   Thumb Code    52  stm32f4xx_hal_cortex.o(i.HAL_SYSTICK_Config)
    HAL_TIMEx_BreakCallback                  0x08003851   Thumb Code     2  stm32f4xx_hal_tim_ex.o(i.HAL_TIMEx_BreakCallback)
    HAL_TIMEx_CommutCallback                 0x08003853   Thumb Code     2  stm32f4xx_hal_tim_ex.o(i.HAL_TIMEx_CommutCallback)
    HAL_TIMEx_MasterConfigSynchronization    0x08003855   Thumb Code   150  stm32f4xx_hal_tim_ex.o(i.HAL_TIMEx_MasterConfigSynchronization)
    HAL_TIM_Base_Init                        0x08003909   Thumb Code   102  stm32f4xx_hal_tim.o(i.HAL_TIM_Base_Init)
    HAL_TIM_Base_MspInit                     0x08003971   Thumb Code   108  tim.o(i.HAL_TIM_Base_MspInit)
    HAL_TIM_Base_Start_IT                    0x080039e9   Thumb Code   138  stm32f4xx_hal_tim.o(i.HAL_TIM_Base_Start_IT)
    HAL_TIM_ConfigClockSource                0x08003a91   Thumb Code   268  stm32f4xx_hal_tim.o(i.HAL_TIM_ConfigClockSource)
    HAL_TIM_IC_CaptureCallback               0x08003b9d   Thumb Code     2  stm32f4xx_hal_tim.o(i.HAL_TIM_IC_CaptureCallback)
    HAL_TIM_IRQHandler                       0x08003b9f   Thumb Code   364  stm32f4xx_hal_tim.o(i.HAL_TIM_IRQHandler)
    HAL_TIM_OC_DelayElapsedCallback          0x08003d0b   Thumb Code     2  stm32f4xx_hal_tim.o(i.HAL_TIM_OC_DelayElapsedCallback)
    HAL_TIM_PWM_PulseFinishedCallback        0x08003d0d   Thumb Code     2  stm32f4xx_hal_tim.o(i.HAL_TIM_PWM_PulseFinishedCallback)
    HAL_TIM_PeriodElapsedCallback            0x08003d11   Thumb Code   150  chassis_task.o(i.HAL_TIM_PeriodElapsedCallback)
    HAL_TIM_TriggerCallback                  0x08003dbd   Thumb Code     2  stm32f4xx_hal_tim.o(i.HAL_TIM_TriggerCallback)
    HAL_UART_Init                            0x08003dbf   Thumb Code   118  stm32f4xx_hal_uart.o(i.HAL_UART_Init)
    HAL_UART_MspInit                         0x08003e35   Thumb Code   258  usart.o(i.HAL_UART_MspInit)
    HardFault_Handler                        0x08003f51   Thumb Code     4  stm32f4xx_it.o(i.HardFault_Handler)
    Judge_Buffer_Receive_Task                0x08003f55   Thumb Code   408  referee.o(i.Judge_Buffer_Receive_Task)
    MX_CAN1_Init                             0x080040f5   Thumb Code    62  can.o(i.MX_CAN1_Init)
    MX_CAN2_Init                             0x0800413d   Thumb Code    62  can.o(i.MX_CAN2_Init)
    MX_DMA_Init                              0x08004185   Thumb Code    68  dma.o(i.MX_DMA_Init)
    MX_GPIO_Init                             0x080041cd   Thumb Code   156  gpio.o(i.MX_GPIO_Init)
    MX_RTC_Init                              0x0800426d   Thumb Code    44  rtc.o(i.MX_RTC_Init)
    MX_TIM3_Init                             0x080042a1   Thumb Code   102  tim.o(i.MX_TIM3_Init)
    MX_TIM9_Init                             0x08004311   Thumb Code    74  tim.o(i.MX_TIM9_Init)
    MX_USART6_UART_Init                      0x08004365   Thumb Code    46  usart.o(i.MX_USART6_UART_Init)
    MemManage_Handler                        0x0800439d   Thumb Code     4  stm32f4xx_it.o(i.MemManage_Handler)
    NMI_Handler                              0x080043a1   Thumb Code     4  stm32f4xx_it.o(i.NMI_Handler)
    PID_Calculate                            0x080043a5   Thumb Code   426  pid.o(i.PID_Calculate)
    PID_Init                                 0x08004555   Thumb Code    32  pid.o(i.PID_Init)
    PendSV_Handler                           0x0800457d   Thumb Code     2  stm32f4xx_it.o(i.PendSV_Handler)
    RTC_EnterInitMode                        0x0800457f   Thumb Code    74  stm32f4xx_hal_rtc.o(i.RTC_EnterInitMode)
    RTC_ExitInitMode                         0x080045c9   Thumb Code    46  stm32f4xx_hal_rtc.o(i.RTC_ExitInitMode)
    ReFeree_Usart_Init                       0x080045f9   Thumb Code   294  referee.o(i.ReFeree_Usart_Init)
    Referee_Init                             0x0800473d   Thumb Code    18  referee.o(i.Referee_Init)
    SVC_Handler                              0x08004755   Thumb Code     2  stm32f4xx_it.o(i.SVC_Handler)
    Set_AGV_Velocity_Vector_Data_Update      0x08004757   Thumb Code    26  agv_control.o(i.Set_AGV_Velocity_Vector_Data_Update)
    Speed_Limitation                         0x08004771   Thumb Code   440  kinematic.o(i.Speed_Limitation)
    Square                                   0x08004931   Thumb Code    14  kinematic.o(i.Square)
    SysTick_Handler                          0x0800493f   Thumb Code     8  stm32f4xx_it.o(i.SysTick_Handler)
    SystemClock_Config                       0x08004949   Thumb Code   178  main.o(i.SystemClock_Config)
    SystemInit                               0x08004a05   Thumb Code    14  system_stm32f4xx.o(i.SystemInit)
    TIM3_IRQHandler                          0x08004a19   Thumb Code    10  stm32f4xx_it.o(i.TIM3_IRQHandler)
    TIM_Base_SetConfig                       0x08004a29   Thumb Code   186  stm32f4xx_hal_tim.o(i.TIM_Base_SetConfig)
    TIM_ETR_SetConfig                        0x08004b11   Thumb Code    22  stm32f4xx_hal_tim.o(i.TIM_ETR_SetConfig)
    Task_Init                                0x08004b87   Thumb Code    24  chassis_task.o(i.Task_Init)
    Time_Count_Task                          0x08004b9f   Thumb Code    40  chassis_task.o(i.Time_Count_Task)
    USART6_IRQHandler                        0x08004df5   Thumb Code   272  referee.o(i.USART6_IRQHandler)
    UsageFault_Handler                       0x08004f21   Thumb Code     4  stm32f4xx_it.o(i.UsageFault_Handler)
    Verify_CRC16_Check_Sum                   0x08004f25   Thumb Code    60  algorithmofcrc.o(i.Verify_CRC16_Check_Sum)
    Verify_CRC8_Check_Sum                    0x08004f65   Thumb Code    46  algorithmofcrc.o(i.Verify_CRC8_Check_Sum)
    Yaw_Angle_Process                        0x08004f95   Thumb Code   150  chassis.o(i.Yaw_Angle_Process)
    Yaw_Init                                 0x08005035   Thumb Code    28  chassis.o(i.Yaw_Init)
    __ARM_fpclassify                         0x0800505d   Thumb Code    48  fpclassify.o(i.__ARM_fpclassify)
    __hardfp_atan                            0x080050c9   Thumb Code   622  atan.o(i.__hardfp_atan)
    __hardfp_atan2                           0x080053a1   Thumb Code   432  atan2.o(i.__hardfp_atan2)
    __hardfp_cos                             0x08005591   Thumb Code   180  cos.o(i.__hardfp_cos)
    __hardfp_sin                             0x08005659   Thumb Code   180  sin.o(i.__hardfp_sin)
    __hardfp_sqrt                            0x08005721   Thumb Code   122  sqrt.o(i.__hardfp_sqrt)
    __ieee754_rem_pio2                       0x080057a1   Thumb Code   938  rred.o(i.__ieee754_rem_pio2)
    __kernel_cos                             0x08005bd9   Thumb Code   322  cos_i.o(i.__kernel_cos)
    __kernel_poly                            0x08005d49   Thumb Code   248  poly.o(i.__kernel_poly)
    __kernel_sin                             0x08005e41   Thumb Code   280  sin_i.o(i.__kernel_sin)
    __mathlib_dbl_infnan                     0x08005f71   Thumb Code    20  dunder.o(i.__mathlib_dbl_infnan)
    __mathlib_dbl_infnan2                    0x08005f85   Thumb Code    20  dunder.o(i.__mathlib_dbl_infnan2)
    __mathlib_dbl_invalid                    0x08005f99   Thumb Code    24  dunder.o(i.__mathlib_dbl_invalid)
    __mathlib_dbl_underflow                  0x08005fb9   Thumb Code    24  dunder.o(i.__mathlib_dbl_underflow)
    atan                                     0x08005fd9   Thumb Code    16  atan.o(i.atan)
    calculate_true_power                     0x08005fe9   Thumb Code   188  agv_control.o(i.calculate_true_power)
    can_filter_mask_config                   0x080060ad   Thumb Code   110  drv_can.o(i.can_filter_mask_config)
    fabs                                     0x080065dd   Thumb Code    24  fabs.o(i.fabs)
    main                                     0x080065f5   Thumb Code    54  main.o(i.main)
    __aeabi_dneg                             0x08006631   Thumb Code     0  basic.o(x$fpl$basic)
    _dneg                                    0x08006631   Thumb Code     6  basic.o(x$fpl$basic)
    __aeabi_fneg                             0x08006637   Thumb Code     0  basic.o(x$fpl$basic)
    _fneg                                    0x08006637   Thumb Code     6  basic.o(x$fpl$basic)
    _dabs                                    0x0800663d   Thumb Code     6  basic.o(x$fpl$basic)
    _fabs                                    0x08006643   Thumb Code     6  basic.o(x$fpl$basic)
    __aeabi_d2f                              0x08006649   Thumb Code     0  d2f.o(x$fpl$d2f)
    _d2f                                     0x08006649   Thumb Code    98  d2f.o(x$fpl$d2f)
    __aeabi_dadd                             0x080066ad   Thumb Code     0  daddsub_clz.o(x$fpl$dadd)
    _dadd                                    0x080066ad   Thumb Code   332  daddsub_clz.o(x$fpl$dadd)
    __aeabi_ddiv                             0x080067fd   Thumb Code     0  ddiv.o(x$fpl$ddiv)
    _ddiv                                    0x080067fd   Thumb Code   552  ddiv.o(x$fpl$ddiv)
    __aeabi_d2iz                             0x08006aad   Thumb Code     0  dfix.o(x$fpl$dfix)
    _dfix                                    0x08006aad   Thumb Code    94  dfix.o(x$fpl$dfix)
    __aeabi_i2d                              0x08006b0b   Thumb Code     0  dflt_clz.o(x$fpl$dflt)
    _dflt                                    0x08006b0b   Thumb Code    46  dflt_clz.o(x$fpl$dflt)
    __aeabi_ui2d                             0x08006b39   Thumb Code     0  dflt_clz.o(x$fpl$dfltu)
    _dfltu                                   0x08006b39   Thumb Code    38  dflt_clz.o(x$fpl$dfltu)
    __aeabi_dmul                             0x08006b61   Thumb Code     0  dmul.o(x$fpl$dmul)
    _dmul                                    0x08006b61   Thumb Code   332  dmul.o(x$fpl$dmul)
    __fpl_dnaninf                            0x08006cb5   Thumb Code   156  dnaninf.o(x$fpl$dnaninf)
    __fpl_dretinf                            0x08006d51   Thumb Code    12  dretinf.o(x$fpl$dretinf)
    __aeabi_drsub                            0x08006d5d   Thumb Code     0  daddsub_clz.o(x$fpl$drsb)
    _drsb                                    0x08006d5d   Thumb Code    22  daddsub_clz.o(x$fpl$drsb)
    _dsqrt                                   0x08006d75   Thumb Code   404  dsqrt_umaal.o(x$fpl$dsqrt)
    __aeabi_dsub                             0x08006f0d   Thumb Code     0  daddsub_clz.o(x$fpl$dsub)
    _dsub                                    0x08006f0d   Thumb Code   464  daddsub_clz.o(x$fpl$dsub)
    __aeabi_f2d                              0x080070e1   Thumb Code     0  f2d.o(x$fpl$f2d)
    _f2d                                     0x080070e1   Thumb Code    86  f2d.o(x$fpl$f2d)
    __fpl_fnaninf                            0x08007137   Thumb Code   140  fnaninf.o(x$fpl$fnaninf)
    _fp_init                                 0x080071c3   Thumb Code    10  fpinit.o(x$fpl$fpinit)
    __fplib_config_fpu_vfp                   0x080071cb   Thumb Code     0  fpinit.o(x$fpl$fpinit)
    __fplib_config_pureend_doubles           0x080071cb   Thumb Code     0  fpinit.o(x$fpl$fpinit)
    __fpl_fretinf                            0x080071cd   Thumb Code    10  fretinf.o(x$fpl$fretinf)
    __I$use$fp                               0x080071d6   Number         0  usenofp.o(x$fpl$usenofp)
    AHBPrescTable                            0x080071de   Data          16  system_stm32f4xx.o(.constdata)
    APBPrescTable                            0x080071ee   Data           8  system_stm32f4xx.o(.constdata)
    CRC8_INIT                                0x080071f6   Data           1  algorithmofcrc.o(.constdata)
    CRC8_TAB                                 0x080071f7   Data         256  algorithmofcrc.o(.constdata)
    wCRC_Table                               0x080072f8   Data         512  algorithmofcrc.o(.constdata)
    __mathlib_zero                           0x080075c0   Data           8  qnan.o(.constdata)
    Region$$Table$$Base                      0x080076b8   Number         0  anon$$obj.o(Region$$Table)
    Region$$Table$$Limit                     0x080076d8   Number         0  anon$$obj.o(Region$$Table)
    uwTick                                   0x20000004   Data           4  stm32f4xx_hal.o(.data)
    uwTickPrio                               0x20000008   Data           4  stm32f4xx_hal.o(.data)
    uwTickFreq                               0x2000000c   Data           1  stm32f4xx_hal.o(.data)
    SystemCoreClock                          0x20000010   Data           4  system_stm32f4xx.o(.data)
    CRC_INIT                                 0x20000014   Data           2  algorithmofcrc.o(.data)
    yaw_position_loop_data                   0x20000018   Data          40  chassis.o(.data)
    AGV_tan                                  0x20000040   Data           4  kinematic.o(.data)
    AGV_ang                                  0x20000044   Data           4  kinematic.o(.data)
    chassis_angle                            0x20000048   Data           4  kinematic.o(.data)
    CAN1_0x1ff_Tx_Data                       0x2000004c   Data           8  drv_can.o(.data)
    CAN1_0x200_Tx_Data                       0x20000054   Data           8  drv_can.o(.data)
    CAN1_0x2ff_Tx_Data                       0x2000005c   Data           8  drv_can.o(.data)
    CAN1_0xxf1_Tx_Data                       0x20000064   Data           8  drv_can.o(.data)
    CAN1_0xxf2_Tx_Data                       0x2000006c   Data           8  drv_can.o(.data)
    CAN1_0xxf3_Tx_Data                       0x20000074   Data           8  drv_can.o(.data)
    CAN1_0xxf4_Tx_Data                       0x2000007c   Data           8  drv_can.o(.data)
    CAN1_0xxf5_Tx_Data                       0x20000084   Data           8  drv_can.o(.data)
    CAN1_0xxf6_Tx_Data                       0x2000008c   Data           8  drv_can.o(.data)
    CAN1_0xxf7_Tx_Data                       0x20000094   Data           8  drv_can.o(.data)
    CAN1_0xxf8_Tx_Data                       0x2000009c   Data           8  drv_can.o(.data)
    CAN2_0x1ff_Tx_Data                       0x200000a4   Data           8  drv_can.o(.data)
    CAN2_0x200_Tx_Data                       0x200000ac   Data           8  drv_can.o(.data)
    CAN2_0x2ff_Tx_Data                       0x200000b4   Data           8  drv_can.o(.data)
    CAN2_0xxf1_Tx_Data                       0x200000bc   Data           8  drv_can.o(.data)
    CAN2_0xxf2_Tx_Data                       0x200000c4   Data           8  drv_can.o(.data)
    CAN2_0xxf3_Tx_Data                       0x200000cc   Data           8  drv_can.o(.data)
    CAN2_0xxf4_Tx_Data                       0x200000d4   Data           8  drv_can.o(.data)
    CAN2_0xxf5_Tx_Data                       0x200000dc   Data           8  drv_can.o(.data)
    CAN2_0xxf6_Tx_Data                       0x200000e4   Data           8  drv_can.o(.data)
    CAN2_0xxf7_Tx_Data                       0x200000ec   Data           8  drv_can.o(.data)
    CAN2_0xxf8_Tx_Data                       0x200000f4   Data           8  drv_can.o(.data)
    AGV_A_Tx_Data                            0x200000fc   Data           8  drv_can.o(.data)
    AGV_B_Tx_Data                            0x20000104   Data           8  drv_can.o(.data)
    AGV_C_Tx_Data                            0x2000010c   Data           8  drv_can.o(.data)
    AGV_D_Tx_Data                            0x20000114   Data           8  drv_can.o(.data)
    CAN_Supercap_Tx_Data                     0x2000011c   Data           8  drv_can.o(.data)
    time                                     0x20000128   Data           8  chassis_task.o(.data)
    hcan1                                    0x20000130   Data          40  can.o(.bss)
    hcan2                                    0x20000158   Data          40  can.o(.bss)
    hrtc                                     0x20000180   Data          32  rtc.o(.bss)
    htim3                                    0x200001a0   Data          72  tim.o(.bss)
    htim9                                    0x200001e8   Data          72  tim.o(.bss)
    huart6                                   0x20000230   Data          72  usart.o(.bss)
    hdma_usart6_rx                           0x20000278   Data          96  usart.o(.bss)
    hdma_usart6_tx                           0x200002d8   Data          96  usart.o(.bss)
    usart6_buf                               0x20000338   Data        1024  referee.o(.bss)
    SaveBuffer                               0x20000738   Data          90  referee.o(.bss)
    JudgeReceive                             0x20000794   Data          48  referee.o(.bss)
    JudgeReceiveBuffer                       0x200007c4   Data          45  referee.o(.bss)
    chassis_power_control                    0x200007f4   Data          48  agv_control.o(.bss)
    chassis                                  0x20000824   Data         180  chassis.o(.bss)
    yaw                                      0x200008d8   Data         104  chassis.o(.bss)
    yaw_pid                                  0x20000940   Data         254  chassis.o(.bss)
    connection                               0x20000a40   Data          28  gimbal_connection.o(.bss)
    CAN1_Manage_Object                       0x20000a5c   Data          44  drv_can.o(.bss)
    CAN2_Manage_Object                       0x20000a88   Data          44  drv_can.o(.bss)
    __libspace_start                         0x20000ab4   Data          96  libspace.o(.bss)
    __temporary_stack_top$libspace           0x20000b14   Data           0  libspace.o(.bss)



==============================================================================

Memory Map of the image

  Image Entry point : 0x08000189

  Load Region LR_IROM1 (Base: 0x08000000, Size: 0x00007808, Max: 0x00100000, ABSOLUTE, COMPRESSED[0x000076f0])

    Execution Region ER_IROM1 (Exec base: 0x08000000, Load base: 0x08000000, Size: 0x000076d8, Max: 0x00100000, ABSOLUTE)

    Exec Addr    Load Addr    Size         Type   Attr      Idx    E Section Name        Object

    0x08000000   0x08000000   0x00000188   Data   RO            3    RESET               startup_stm32f407xx.o
    0x08000188   0x08000188   0x00000008   Code   RO         4623  * !!!main             c_w.l(__main.o)
    0x08000190   0x08000190   0x00000034   Code   RO         4945    !!!scatter          c_w.l(__scatter.o)
    0x080001c4   0x080001c4   0x0000003a   Code   RO         4943    !!dczerorl          c_w.l(__dczerorl.o)
    0x080001fe   0x080001fe   0x00000002   PAD
    0x08000200   0x08000200   0x0000001c   Code   RO         4947    !!handler_zi        c_w.l(__scatter_zi.o)
    0x0800021c   0x0800021c   0x00000002   Code   RO         4816    .ARM.Collect$$libinit$$00000000  c_w.l(libinit.o)
    0x0800021e   0x0800021e   0x00000004   Code   RO         4825    .ARM.Collect$$libinit$$00000001  c_w.l(libinit2.o)
    0x08000222   0x08000222   0x00000000   Code   RO         4828    .ARM.Collect$$libinit$$00000004  c_w.l(libinit2.o)
    0x08000222   0x08000222   0x00000000   Code   RO         4831    .ARM.Collect$$libinit$$0000000A  c_w.l(libinit2.o)
    0x08000222   0x08000222   0x00000000   Code   RO         4833    .ARM.Collect$$libinit$$0000000C  c_w.l(libinit2.o)
    0x08000222   0x08000222   0x00000000   Code   RO         4835    .ARM.Collect$$libinit$$0000000E  c_w.l(libinit2.o)
    0x08000222   0x08000222   0x00000000   Code   RO         4838    .ARM.Collect$$libinit$$00000011  c_w.l(libinit2.o)
    0x08000222   0x08000222   0x00000000   Code   RO         4840    .ARM.Collect$$libinit$$00000013  c_w.l(libinit2.o)
    0x08000222   0x08000222   0x00000000   Code   RO         4842    .ARM.Collect$$libinit$$00000015  c_w.l(libinit2.o)
    0x08000222   0x08000222   0x00000000   Code   RO         4844    .ARM.Collect$$libinit$$00000017  c_w.l(libinit2.o)
    0x08000222   0x08000222   0x00000000   Code   RO         4846    .ARM.Collect$$libinit$$00000019  c_w.l(libinit2.o)
    0x08000222   0x08000222   0x00000000   Code   RO         4848    .ARM.Collect$$libinit$$0000001B  c_w.l(libinit2.o)
    0x08000222   0x08000222   0x00000000   Code   RO         4850    .ARM.Collect$$libinit$$0000001D  c_w.l(libinit2.o)
    0x08000222   0x08000222   0x00000000   Code   RO         4852    .ARM.Collect$$libinit$$0000001F  c_w.l(libinit2.o)
    0x08000222   0x08000222   0x00000000   Code   RO         4854    .ARM.Collect$$libinit$$00000021  c_w.l(libinit2.o)
    0x08000222   0x08000222   0x00000000   Code   RO         4856    .ARM.Collect$$libinit$$00000023  c_w.l(libinit2.o)
    0x08000222   0x08000222   0x00000000   Code   RO         4858    .ARM.Collect$$libinit$$00000025  c_w.l(libinit2.o)
    0x08000222   0x08000222   0x00000000   Code   RO         4862    .ARM.Collect$$libinit$$0000002C  c_w.l(libinit2.o)
    0x08000222   0x08000222   0x00000000   Code   RO         4864    .ARM.Collect$$libinit$$0000002E  c_w.l(libinit2.o)
    0x08000222   0x08000222   0x00000000   Code   RO         4866    .ARM.Collect$$libinit$$00000030  c_w.l(libinit2.o)
    0x08000222   0x08000222   0x00000000   Code   RO         4868    .ARM.Collect$$libinit$$00000032  c_w.l(libinit2.o)
    0x08000222   0x08000222   0x00000002   Code   RO         4869    .ARM.Collect$$libinit$$00000033  c_w.l(libinit2.o)
    0x08000224   0x08000224   0x00000002   Code   RO         4900    .ARM.Collect$$libshutdown$$00000000  c_w.l(libshutdown.o)
    0x08000226   0x08000226   0x00000000   Code   RO         4926    .ARM.Collect$$libshutdown$$00000002  c_w.l(libshutdown2.o)
    0x08000226   0x08000226   0x00000000   Code   RO         4928    .ARM.Collect$$libshutdown$$00000004  c_w.l(libshutdown2.o)
    0x08000226   0x08000226   0x00000000   Code   RO         4931    .ARM.Collect$$libshutdown$$00000007  c_w.l(libshutdown2.o)
    0x08000226   0x08000226   0x00000000   Code   RO         4934    .ARM.Collect$$libshutdown$$0000000A  c_w.l(libshutdown2.o)
    0x08000226   0x08000226   0x00000000   Code   RO         4936    .ARM.Collect$$libshutdown$$0000000C  c_w.l(libshutdown2.o)
    0x08000226   0x08000226   0x00000000   Code   RO         4939    .ARM.Collect$$libshutdown$$0000000F  c_w.l(libshutdown2.o)
    0x08000226   0x08000226   0x00000002   Code   RO         4940    .ARM.Collect$$libshutdown$$00000010  c_w.l(libshutdown2.o)
    0x08000228   0x08000228   0x00000000   Code   RO         4703    .ARM.Collect$$rtentry$$00000000  c_w.l(__rtentry.o)
    0x08000228   0x08000228   0x00000000   Code   RO         4773    .ARM.Collect$$rtentry$$00000002  c_w.l(__rtentry2.o)
    0x08000228   0x08000228   0x00000006   Code   RO         4785    .ARM.Collect$$rtentry$$00000004  c_w.l(__rtentry4.o)
    0x0800022e   0x0800022e   0x00000000   Code   RO         4775    .ARM.Collect$$rtentry$$00000009  c_w.l(__rtentry2.o)
    0x0800022e   0x0800022e   0x00000004   Code   RO         4776    .ARM.Collect$$rtentry$$0000000A  c_w.l(__rtentry2.o)
    0x08000232   0x08000232   0x00000000   Code   RO         4778    .ARM.Collect$$rtentry$$0000000C  c_w.l(__rtentry2.o)
    0x08000232   0x08000232   0x00000008   Code   RO         4779    .ARM.Collect$$rtentry$$0000000D  c_w.l(__rtentry2.o)
    0x0800023a   0x0800023a   0x00000002   Code   RO         4817    .ARM.Collect$$rtexit$$00000000  c_w.l(rtexit.o)
    0x0800023c   0x0800023c   0x00000000   Code   RO         4873    .ARM.Collect$$rtexit$$00000002  c_w.l(rtexit2.o)
    0x0800023c   0x0800023c   0x00000004   Code   RO         4874    .ARM.Collect$$rtexit$$00000003  c_w.l(rtexit2.o)
    0x08000240   0x08000240   0x00000006   Code   RO         4875    .ARM.Collect$$rtexit$$00000004  c_w.l(rtexit2.o)
    0x08000246   0x08000246   0x00000002   PAD
    0x08000248   0x08000248   0x00000040   Code   RO            4    .text               startup_stm32f407xx.o
    0x08000288   0x08000288   0x000000ee   Code   RO         4609    .text               c_w.l(lludivv7m.o)
    0x08000376   0x08000376   0x0000008a   Code   RO         4613    .text               c_w.l(rt_memcpy_v6.o)
    0x08000400   0x08000400   0x00000064   Code   RO         4615    .text               c_w.l(rt_memcpy_w.o)
    0x08000464   0x08000464   0x0000004e   Code   RO         4619    .text               c_w.l(rt_memclr_w.o)
    0x080004b2   0x080004b2   0x00000006   Code   RO         4621    .text               c_w.l(heapauxi.o)
    0x080004b8   0x080004b8   0x00000016   Code   RO         4708    .text               c_w.l(_rserrno.o)
    0x080004ce   0x080004ce   0x00000002   PAD
    0x080004d0   0x080004d0   0x00000008   Code   RO         4792    .text               c_w.l(rt_errno_addr_intlibspace.o)
    0x080004d8   0x080004d8   0x00000008   Code   RO         4800    .text               c_w.l(libspace.o)
    0x080004e0   0x080004e0   0x0000004a   Code   RO         4803    .text               c_w.l(sys_stackheap_outer.o)
    0x0800052a   0x0800052a   0x00000012   Code   RO         4805    .text               c_w.l(exit.o)
    0x0800053c   0x0800053c   0x0000000c   Code   RO         4870    .text               c_w.l(sys_exit.o)
    0x08000548   0x08000548   0x00000002   Code   RO         4889    .text               c_w.l(use_no_semi.o)
    0x0800054a   0x0800054a   0x00000000   Code   RO         4891    .text               c_w.l(indicate_semi.o)
    0x0800054a   0x0800054a   0x00000002   PAD
    0x0800054c   0x0800054c   0x00000084   Code   RO         4230    i.AGV_DirectiveMotor_RobotMotion_To_TargetStatus  kinematic.o
    0x080005d0   0x080005d0   0x00000238   Code   RO         4231    i.AGV_DirectiveMotor_TargetStatus_To_MotorAngle_In_ChassisCoordinate  kinematic.o
    0x08000808   0x08000808   0x0000074c   Code   RO         4232    i.AGV_Vector_Composition_In_ChassisCoordinate  kinematic.o
    0x08000f54   0x08000f54   0x0000037c   Code   RO         3940    i.AGV_connoection   agv_control.o
    0x080012d0   0x080012d0   0x00000004   Code   RO          454    i.BusFault_Handler  stm32f4xx_it.o
    0x080012d4   0x080012d4   0x00000068   Code   RO         4289    i.CAN1_Call_Back    can_connection.o
    0x0800133c   0x0800133c   0x00000010   Code   RO          455    i.CAN1_RX0_IRQHandler  stm32f4xx_it.o
    0x0800134c   0x0800134c   0x00000010   Code   RO          456    i.CAN1_RX1_IRQHandler  stm32f4xx_it.o
    0x0800135c   0x0800135c   0x00000010   Code   RO          457    i.CAN1_TX_IRQHandler  stm32f4xx_it.o
    0x0800136c   0x0800136c   0x00000050   Code   RO         4290    i.CAN2_Call_Back    can_connection.o
    0x080013bc   0x080013bc   0x00000010   Code   RO          458    i.CAN2_RX0_IRQHandler  stm32f4xx_it.o
    0x080013cc   0x080013cc   0x00000010   Code   RO          459    i.CAN2_RX1_IRQHandler  stm32f4xx_it.o
    0x080013dc   0x080013dc   0x00000010   Code   RO          460    i.CAN2_TX_IRQHandler  stm32f4xx_it.o
    0x080013ec   0x080013ec   0x000000dc   Code   RO         4418    i.CAN_Init          drv_can.o
    0x080014c8   0x080014c8   0x0000002c   Code   RO         4420    i.CAN_Send_EXT_Data  drv_can.o
    0x080014f4   0x080014f4   0x00000024   Code   RO         4291    i.Can_Connection_Init  can_connection.o
    0x08001518   0x08001518   0x0000003a   Code   RO         4086    i.Chassis_Control_Mode_Update  gimbal_connection.o
    0x08001552   0x08001552   0x00000016   Code   RO         4087    i.Chassis_Flag_Update  gimbal_connection.o
    0x08001568   0x08001568   0x00000054   Code   RO         4001    i.Chassis_Init      chassis.o
    0x080015bc   0x080015bc   0x000000b8   Code   RO         4002    i.Chassis_Inveter_Judge  chassis.o
    0x08001674   0x08001674   0x000000ac   Code   RO         4003    i.Chassis_Mode_Command_Update  chassis.o
    0x08001720   0x08001720   0x0000001c   Code   RO         4004    i.Chassis_Move      chassis.o
    0x0800173c   0x0800173c   0x00000020   Code   RO         3941    i.Chassis_Power_Control_Init  agv_control.o
    0x0800175c   0x0800175c   0x0000000e   Code   RO         4088    i.Chassis_Speed_Command_Update  gimbal_connection.o
    0x0800176a   0x0800176a   0x00000002   PAD
    0x0800176c   0x0800176c   0x00000074   Code   RO         4233    i.Chassis_Speed_Control  kinematic.o
    0x080017e0   0x080017e0   0x000000ea   Code   RO         4005    i.Chassis_Speed_Slow_Motion  chassis.o
    0x080018ca   0x080018ca   0x00000002   PAD
    0x080018cc   0x080018cc   0x00000010   Code   RO          461    i.DMA2_Stream1_IRQHandler  stm32f4xx_it.o
    0x080018dc   0x080018dc   0x00000010   Code   RO          462    i.DMA2_Stream6_IRQHandler  stm32f4xx_it.o
    0x080018ec   0x080018ec   0x00000034   Code   RO         1346    i.DMA_CalcBaseAndBitshift  stm32f4xx_hal_dma.o
    0x08001920   0x08001920   0x000000aa   Code   RO         1347    i.DMA_CheckFifoParam  stm32f4xx_hal_dma.o
    0x080019ca   0x080019ca   0x00000002   Code   RO          463    i.DebugMon_Handler  stm32f4xx_it.o
    0x080019cc   0x080019cc   0x00000010   Code   RO         4421    i.EXT_ID_Set        drv_can.o
    0x080019dc   0x080019dc   0x00000006   Code   RO           13    i.Error_Handler     main.o
    0x080019e2   0x080019e2   0x0000001a   Code   RO         4234    i.Float_Abs         kinematic.o
    0x080019fc   0x080019fc   0x00000020   Code   RO         4132    i.GM6020_Current_From_Lsb_To_Ampere  motor.o
    0x08001a1c   0x08001a1c   0x0000002a   Code   RO         4133    i.GM6020_Feedback_Update  motor.o
    0x08001a46   0x08001a46   0x00000002   PAD
    0x08001a48   0x08001a48   0x00000024   Code   RO         4135    i.GM6020_Position_From_Lsb_To_Degree  motor.o
    0x08001a6c   0x08001a6c   0x0000002c   Code   RO         4136    i.GM6020_Position_From_Lsb_To_Rad  motor.o
    0x08001a98   0x08001a98   0x0000010c   Code   RO         4137    i.GM6020_Status_Update  motor.o
    0x08001ba4   0x08001ba4   0x00000034   Code   RO         3828    i.Get_CRC16_Check_Sum  algorithmofcrc.o
    0x08001bd8   0x08001bd8   0x00000024   Code   RO         3829    i.Get_CRC8_Check_Sum  algorithmofcrc.o
    0x08001bfc   0x08001bfc   0x000000a4   Code   RO         4006    i.Gimbal_To_Chassis_Relative_Angle_Update  chassis.o
    0x08001ca0   0x08001ca0   0x0000002a   Code   RO          609    i.HAL_CAN_ActivateNotification  stm32f4xx_hal_can.o
    0x08001cca   0x08001cca   0x0000014a   Code   RO          610    i.HAL_CAN_AddTxMessage  stm32f4xx_hal_can.o
    0x08001e14   0x08001e14   0x00000124   Code   RO          611    i.HAL_CAN_ConfigFilter  stm32f4xx_hal_can.o
    0x08001f38   0x08001f38   0x00000002   Code   RO          614    i.HAL_CAN_ErrorCallback  stm32f4xx_hal_can.o
    0x08001f3a   0x08001f3a   0x00000194   Code   RO          617    i.HAL_CAN_GetRxMessage  stm32f4xx_hal_can.o
    0x080020ce   0x080020ce   0x0000024e   Code   RO          621    i.HAL_CAN_IRQHandler  stm32f4xx_hal_can.o
    0x0800231c   0x0800231c   0x00000174   Code   RO          622    i.HAL_CAN_Init      stm32f4xx_hal_can.o
    0x08002490   0x08002490   0x000001a0   Code   RO          250    i.HAL_CAN_MspInit   can.o
    0x08002630   0x08002630   0x00000002   Code   RO          629    i.HAL_CAN_RxFifo0FullCallback  stm32f4xx_hal_can.o
    0x08002632   0x08002632   0x00000002   PAD
    0x08002634   0x08002634   0x00000058   Code   RO         4422    i.HAL_CAN_RxFifo0MsgPendingCallback  drv_can.o
    0x0800268c   0x0800268c   0x00000002   Code   RO          631    i.HAL_CAN_RxFifo1FullCallback  stm32f4xx_hal_can.o
    0x0800268e   0x0800268e   0x00000002   PAD
    0x08002690   0x08002690   0x00000058   Code   RO         4423    i.HAL_CAN_RxFifo1MsgPendingCallback  drv_can.o
    0x080026e8   0x080026e8   0x00000002   Code   RO          633    i.HAL_CAN_SleepCallback  stm32f4xx_hal_can.o
    0x080026ea   0x080026ea   0x0000005e   Code   RO          634    i.HAL_CAN_Start     stm32f4xx_hal_can.o
    0x08002748   0x08002748   0x00000002   Code   RO          636    i.HAL_CAN_TxMailbox0AbortCallback  stm32f4xx_hal_can.o
    0x0800274a   0x0800274a   0x00000002   Code   RO          637    i.HAL_CAN_TxMailbox0CompleteCallback  stm32f4xx_hal_can.o
    0x0800274c   0x0800274c   0x00000002   Code   RO          638    i.HAL_CAN_TxMailbox1AbortCallback  stm32f4xx_hal_can.o
    0x0800274e   0x0800274e   0x00000002   Code   RO          639    i.HAL_CAN_TxMailbox1CompleteCallback  stm32f4xx_hal_can.o
    0x08002750   0x08002750   0x00000002   Code   RO          640    i.HAL_CAN_TxMailbox2AbortCallback  stm32f4xx_hal_can.o
    0x08002752   0x08002752   0x00000002   Code   RO          641    i.HAL_CAN_TxMailbox2CompleteCallback  stm32f4xx_hal_can.o
    0x08002754   0x08002754   0x00000002   Code   RO          643    i.HAL_CAN_WakeUpFromRxMsgCallback  stm32f4xx_hal_can.o
    0x08002756   0x08002756   0x00000002   PAD
    0x08002758   0x08002758   0x00000240   Code   RO         1354    i.HAL_DMA_IRQHandler  stm32f4xx_hal_dma.o
    0x08002998   0x08002998   0x000000ec   Code   RO         1355    i.HAL_DMA_Init      stm32f4xx_hal_dma.o
    0x08002a84   0x08002a84   0x000001f4   Code   RO         1242    i.HAL_GPIO_Init     stm32f4xx_hal_gpio.o
    0x08002c78   0x08002c78   0x0000000c   Code   RO         1785    i.HAL_GetTick       stm32f4xx_hal.o
    0x08002c84   0x08002c84   0x00000018   Code   RO         1791    i.HAL_IncTick       stm32f4xx_hal.o
    0x08002c9c   0x08002c9c   0x0000003c   Code   RO         1792    i.HAL_Init          stm32f4xx_hal.o
    0x08002cd8   0x08002cd8   0x0000004c   Code   RO         1793    i.HAL_InitTick      stm32f4xx_hal.o
    0x08002d24   0x08002d24   0x00000048   Code   RO          584    i.HAL_MspInit       stm32f4xx_hal_msp.o
    0x08002d6c   0x08002d6c   0x00000028   Code   RO         1632    i.HAL_NVIC_EnableIRQ  stm32f4xx_hal_cortex.o
    0x08002d94   0x08002d94   0x0000007c   Code   RO         1638    i.HAL_NVIC_SetPriority  stm32f4xx_hal_cortex.o
    0x08002e10   0x08002e10   0x00000028   Code   RO         1639    i.HAL_NVIC_SetPriorityGrouping  stm32f4xx_hal_cortex.o
    0x08002e38   0x08002e38   0x000001a0   Code   RO          948    i.HAL_RCCEx_PeriphCLKConfig  stm32f4xx_hal_rcc_ex.o
    0x08002fd8   0x08002fd8   0x00000184   Code   RO          843    i.HAL_RCC_ClockConfig  stm32f4xx_hal_rcc.o
    0x0800315c   0x0800315c   0x0000000c   Code   RO          848    i.HAL_RCC_GetHCLKFreq  stm32f4xx_hal_rcc.o
    0x08003168   0x08003168   0x00000020   Code   RO          850    i.HAL_RCC_GetPCLK1Freq  stm32f4xx_hal_rcc.o
    0x08003188   0x08003188   0x00000020   Code   RO          851    i.HAL_RCC_GetPCLK2Freq  stm32f4xx_hal_rcc.o
    0x080031a8   0x080031a8   0x000000b0   Code   RO          852    i.HAL_RCC_GetSysClockFreq  stm32f4xx_hal_rcc.o
    0x08003258   0x08003258   0x0000049c   Code   RO          855    i.HAL_RCC_OscConfig  stm32f4xx_hal_rcc.o
    0x080036f4   0x080036f4   0x000000b4   Code   RO         2043    i.HAL_RTC_Init      stm32f4xx_hal_rtc.o
    0x080037a8   0x080037a8   0x0000003c   Code   RO          323    i.HAL_RTC_MspInit   rtc.o
    0x080037e4   0x080037e4   0x00000038   Code   RO         2051    i.HAL_RTC_WaitForSynchro  stm32f4xx_hal_rtc.o
    0x0800381c   0x0800381c   0x00000034   Code   RO         1643    i.HAL_SYSTICK_Config  stm32f4xx_hal_cortex.o
    0x08003850   0x08003850   0x00000002   Code   RO         3149    i.HAL_TIMEx_BreakCallback  stm32f4xx_hal_tim_ex.o
    0x08003852   0x08003852   0x00000002   Code   RO         3150    i.HAL_TIMEx_CommutCallback  stm32f4xx_hal_tim_ex.o
    0x08003854   0x08003854   0x000000b4   Code   RO         3168    i.HAL_TIMEx_MasterConfigSynchronization  stm32f4xx_hal_tim_ex.o
    0x08003908   0x08003908   0x00000066   Code   RO         2434    i.HAL_TIM_Base_Init  stm32f4xx_hal_tim.o
    0x0800396e   0x0800396e   0x00000002   PAD
    0x08003970   0x08003970   0x00000078   Code   RO          365    i.HAL_TIM_Base_MspInit  tim.o
    0x080039e8   0x080039e8   0x000000a8   Code   RO         2439    i.HAL_TIM_Base_Start_IT  stm32f4xx_hal_tim.o
    0x08003a90   0x08003a90   0x0000010c   Code   RO         2443    i.HAL_TIM_ConfigClockSource  stm32f4xx_hal_tim.o
    0x08003b9c   0x08003b9c   0x00000002   Code   RO         2468    i.HAL_TIM_IC_CaptureCallback  stm32f4xx_hal_tim.o
    0x08003b9e   0x08003b9e   0x0000016c   Code   RO         2482    i.HAL_TIM_IRQHandler  stm32f4xx_hal_tim.o
    0x08003d0a   0x08003d0a   0x00000002   Code   RO         2485    i.HAL_TIM_OC_DelayElapsedCallback  stm32f4xx_hal_tim.o
    0x08003d0c   0x08003d0c   0x00000002   Code   RO         2512    i.HAL_TIM_PWM_PulseFinishedCallback  stm32f4xx_hal_tim.o
    0x08003d0e   0x08003d0e   0x00000002   PAD
    0x08003d10   0x08003d10   0x000000ac   Code   RO         4568    i.HAL_TIM_PeriodElapsedCallback  chassis_task.o
    0x08003dbc   0x08003dbc   0x00000002   Code   RO         2525    i.HAL_TIM_TriggerCallback  stm32f4xx_hal_tim.o
    0x08003dbe   0x08003dbe   0x00000076   Code   RO         3446    i.HAL_UART_Init     stm32f4xx_hal_uart.o
    0x08003e34   0x08003e34   0x0000011c   Code   RO          413    i.HAL_UART_MspInit  usart.o
    0x08003f50   0x08003f50   0x00000004   Code   RO          464    i.HardFault_Handler  stm32f4xx_it.o
    0x08003f54   0x08003f54   0x000001a0   Code   RO         3884    i.Judge_Buffer_Receive_Task  referee.o
    0x080040f4   0x080040f4   0x00000048   Code   RO          251    i.MX_CAN1_Init      can.o
    0x0800413c   0x0800413c   0x00000048   Code   RO          252    i.MX_CAN2_Init      can.o
    0x08004184   0x08004184   0x00000048   Code   RO          298    i.MX_DMA_Init       dma.o
    0x080041cc   0x080041cc   0x000000a0   Code   RO          225    i.MX_GPIO_Init      gpio.o
    0x0800426c   0x0800426c   0x00000034   Code   RO          324    i.MX_RTC_Init       rtc.o
    0x080042a0   0x080042a0   0x00000070   Code   RO          366    i.MX_TIM3_Init      tim.o
    0x08004310   0x08004310   0x00000054   Code   RO          367    i.MX_TIM9_Init      tim.o
    0x08004364   0x08004364   0x00000038   Code   RO          414    i.MX_USART6_UART_Init  usart.o
    0x0800439c   0x0800439c   0x00000004   Code   RO          465    i.MemManage_Handler  stm32f4xx_it.o
    0x080043a0   0x080043a0   0x00000004   Code   RO          466    i.NMI_Handler       stm32f4xx_it.o
    0x080043a4   0x080043a4   0x000001b0   Code   RO         4489    i.PID_Calculate     pid.o
    0x08004554   0x08004554   0x00000028   Code   RO         4490    i.PID_Init          pid.o
    0x0800457c   0x0800457c   0x00000002   Code   RO          467    i.PendSV_Handler    stm32f4xx_it.o
    0x0800457e   0x0800457e   0x0000004a   Code   RO         2054    i.RTC_EnterInitMode  stm32f4xx_hal_rtc.o
    0x080045c8   0x080045c8   0x0000002e   Code   RO         2055    i.RTC_ExitInitMode  stm32f4xx_hal_rtc.o
    0x080045f6   0x080045f6   0x00000002   PAD
    0x080045f8   0x080045f8   0x00000144   Code   RO         3885    i.ReFeree_Usart_Init  referee.o
    0x0800473c   0x0800473c   0x00000018   Code   RO         3886    i.Referee_Init      referee.o
    0x08004754   0x08004754   0x00000002   Code   RO          468    i.SVC_Handler       stm32f4xx_it.o
    0x08004756   0x08004756   0x0000001a   Code   RO         3942    i.Set_AGV_Velocity_Vector_Data_Update  agv_control.o
    0x08004770   0x08004770   0x000001c0   Code   RO         4235    i.Speed_Limitation  kinematic.o
    0x08004930   0x08004930   0x0000000e   Code   RO         4236    i.Square            kinematic.o
    0x0800493e   0x0800493e   0x00000008   Code   RO          469    i.SysTick_Handler   stm32f4xx_it.o
    0x08004946   0x08004946   0x00000002   PAD
    0x08004948   0x08004948   0x000000bc   Code   RO           14    i.SystemClock_Config  main.o
    0x08004a04   0x08004a04   0x00000014   Code   RO         3790    i.SystemInit        system_stm32f4xx.o
    0x08004a18   0x08004a18   0x00000010   Code   RO          470    i.TIM3_IRQHandler   stm32f4xx_it.o
    0x08004a28   0x08004a28   0x000000e8   Code   RO         2527    i.TIM_Base_SetConfig  stm32f4xx_hal_tim.o
    0x08004b10   0x08004b10   0x00000016   Code   RO         2538    i.TIM_ETR_SetConfig  stm32f4xx_hal_tim.o
    0x08004b26   0x08004b26   0x00000012   Code   RO         2539    i.TIM_ITRx_SetConfig  stm32f4xx_hal_tim.o
    0x08004b38   0x08004b38   0x00000026   Code   RO         2545    i.TIM_TI1_ConfigInputStage  stm32f4xx_hal_tim.o
    0x08004b5e   0x08004b5e   0x00000028   Code   RO         2547    i.TIM_TI2_ConfigInputStage  stm32f4xx_hal_tim.o
    0x08004b86   0x08004b86   0x00000018   Code   RO         4569    i.Task_Init         chassis_task.o
    0x08004b9e   0x08004b9e   0x00000028   Code   RO         4570    i.Time_Count_Task   chassis_task.o
    0x08004bc6   0x08004bc6   0x00000002   PAD
    0x08004bc8   0x08004bc8   0x0000022c   Code   RO         3473    i.UART_SetConfig    stm32f4xx_hal_uart.o
    0x08004df4   0x08004df4   0x0000012c   Code   RO         3887    i.USART6_IRQHandler  referee.o
    0x08004f20   0x08004f20   0x00000004   Code   RO          471    i.UsageFault_Handler  stm32f4xx_it.o
    0x08004f24   0x08004f24   0x00000040   Code   RO         3830    i.Verify_CRC16_Check_Sum  algorithmofcrc.o
    0x08004f64   0x08004f64   0x0000002e   Code   RO         3831    i.Verify_CRC8_Check_Sum  algorithmofcrc.o
    0x08004f92   0x08004f92   0x00000002   PAD
    0x08004f94   0x08004f94   0x000000a0   Code   RO         4007    i.Yaw_Angle_Process  chassis.o
    0x08005034   0x08005034   0x00000028   Code   RO         4008    i.Yaw_Init          chassis.o
    0x0800505c   0x0800505c   0x00000030   Code   RO         4796    i.__ARM_fpclassify  m_wm.l(fpclassify.o)
    0x0800508c   0x0800508c   0x00000010   Code   RO         1645    i.__NVIC_GetPriorityGrouping  stm32f4xx_hal_cortex.o
    0x0800509c   0x0800509c   0x00000028   Code   RO         1646    i.__NVIC_SetPriority  stm32f4xx_hal_cortex.o
    0x080050c4   0x080050c4   0x00000004   PAD
    0x080050c8   0x080050c8   0x000002d8   Code   RO         4723    i.__hardfp_atan     m_wm.l(atan.o)
    0x080053a0   0x080053a0   0x000001f0   Code   RO         4655    i.__hardfp_atan2    m_wm.l(atan2.o)
    0x08005590   0x08005590   0x000000c8   Code   RO         4667    i.__hardfp_cos      m_wm.l(cos.o)
    0x08005658   0x08005658   0x000000c8   Code   RO         4679    i.__hardfp_sin      m_wm.l(sin.o)
    0x08005720   0x08005720   0x0000007a   Code   RO         4691    i.__hardfp_sqrt     m_wm.l(sqrt.o)
    0x0800579a   0x0800579a   0x00000006   PAD
    0x080057a0   0x080057a0   0x00000438   Code   RO         4761    i.__ieee754_rem_pio2  m_wm.l(rred.o)
    0x08005bd8   0x08005bd8   0x00000170   Code   RO         4737    i.__kernel_cos      m_wm.l(cos_i.o)
    0x08005d48   0x08005d48   0x000000f8   Code   RO         4798    i.__kernel_poly     m_wm.l(poly.o)
    0x08005e40   0x08005e40   0x00000130   Code   RO         4766    i.__kernel_sin      m_wm.l(sin_i.o)
    0x08005f70   0x08005f70   0x00000014   Code   RO         4741    i.__mathlib_dbl_infnan  m_wm.l(dunder.o)
    0x08005f84   0x08005f84   0x00000014   Code   RO         4742    i.__mathlib_dbl_infnan2  m_wm.l(dunder.o)
    0x08005f98   0x08005f98   0x00000020   Code   RO         4743    i.__mathlib_dbl_invalid  m_wm.l(dunder.o)
    0x08005fb8   0x08005fb8   0x00000020   Code   RO         4746    i.__mathlib_dbl_underflow  m_wm.l(dunder.o)
    0x08005fd8   0x08005fd8   0x00000010   Code   RO         4725    i.atan              m_wm.l(atan.o)
    0x08005fe8   0x08005fe8   0x000000c4   Code   RO         3943    i.calculate_true_power  agv_control.o
    0x080060ac   0x080060ac   0x0000006e   Code   RO         4425    i.can_filter_mask_config  drv_can.o
    0x0800611a   0x0800611a   0x00000002   PAD
    0x0800611c   0x0800611c   0x00000060   Code   RO         4009    i.chassis_fllow     chassis.o
    0x0800617c   0x0800617c   0x000000f0   Code   RO         4491    i.f_Changing_Integral_Rate  pid.o
    0x0800626c   0x0800626c   0x00000030   Code   RO         4492    i.f_Derivative_Filter  pid.o
    0x0800629c   0x0800629c   0x00000022   Code   RO         4493    i.f_Derivative_On_Measurement  pid.o
    0x080062be   0x080062be   0x00000002   PAD
    0x080062c0   0x080062c0   0x000000cc   Code   RO         4494    i.f_Integral_Limit  pid.o
    0x0800638c   0x0800638c   0x00000030   Code   RO         4495    i.f_Output_Filter   pid.o
    0x080063bc   0x080063bc   0x00000046   Code   RO         4496    i.f_Output_Limit    pid.o
    0x08006402   0x08006402   0x00000002   PAD
    0x08006404   0x08006404   0x000000c0   Code   RO         4497    i.f_PID_ErrorHandle  pid.o
    0x080064c4   0x080064c4   0x00000074   Code   RO         4498    i.f_PID_param_init  pid.o
    0x08006538   0x08006538   0x00000034   Code   RO         4499    i.f_PID_reset       pid.o
    0x0800656c   0x0800656c   0x00000046   Code   RO         4500    i.f_Proportion_Limit  pid.o
    0x080065b2   0x080065b2   0x0000002a   Code   RO         4501    i.f_Trapezoid_Intergral  pid.o
    0x080065dc   0x080065dc   0x00000018   Code   RO         4756    i.fabs              m_wm.l(fabs.o)
    0x080065f4   0x080065f4   0x0000003c   Code   RO           15    i.main              main.o
    0x08006630   0x08006630   0x00000018   Code   RO         4625    x$fpl$basic         fz_wm.l(basic.o)
    0x08006648   0x08006648   0x00000062   Code   RO         4627    x$fpl$d2f           fz_wm.l(d2f.o)
    0x080066aa   0x080066aa   0x00000002   PAD
    0x080066ac   0x080066ac   0x00000150   Code   RO         4629    x$fpl$dadd          fz_wm.l(daddsub_clz.o)
    0x080067fc   0x080067fc   0x000002b0   Code   RO         4636    x$fpl$ddiv          fz_wm.l(ddiv.o)
    0x08006aac   0x08006aac   0x0000005e   Code   RO         4639    x$fpl$dfix          fz_wm.l(dfix.o)
    0x08006b0a   0x08006b0a   0x0000002e   Code   RO         4644    x$fpl$dflt          fz_wm.l(dflt_clz.o)
    0x08006b38   0x08006b38   0x00000026   Code   RO         4643    x$fpl$dfltu         fz_wm.l(dflt_clz.o)
    0x08006b5e   0x08006b5e   0x00000002   PAD
    0x08006b60   0x08006b60   0x00000154   Code   RO         4649    x$fpl$dmul          fz_wm.l(dmul.o)
    0x08006cb4   0x08006cb4   0x0000009c   Code   RO         4712    x$fpl$dnaninf       fz_wm.l(dnaninf.o)
    0x08006d50   0x08006d50   0x0000000c   Code   RO         4714    x$fpl$dretinf       fz_wm.l(dretinf.o)
    0x08006d5c   0x08006d5c   0x00000016   Code   RO         4630    x$fpl$drsb          fz_wm.l(daddsub_clz.o)
    0x08006d72   0x08006d72   0x00000002   PAD
    0x08006d74   0x08006d74   0x00000198   Code   RO         4716    x$fpl$dsqrt         fz_wm.l(dsqrt_umaal.o)
    0x08006f0c   0x08006f0c   0x000001d4   Code   RO         4631    x$fpl$dsub          fz_wm.l(daddsub_clz.o)
    0x080070e0   0x080070e0   0x00000056   Code   RO         4653    x$fpl$f2d           fz_wm.l(f2d.o)
    0x08007136   0x08007136   0x0000008c   Code   RO         4718    x$fpl$fnaninf       fz_wm.l(fnaninf.o)
    0x080071c2   0x080071c2   0x0000000a   Code   RO         4885    x$fpl$fpinit        fz_wm.l(fpinit.o)
    0x080071cc   0x080071cc   0x0000000a   Code   RO         4720    x$fpl$fretinf       fz_wm.l(fretinf.o)
    0x080071d6   0x080071d6   0x00000000   Code   RO         4722    x$fpl$usenofp       fz_wm.l(usenofp.o)
    0x080071d6   0x080071d6   0x00000008   Data   RO         1361    .constdata          stm32f4xx_hal_dma.o
    0x080071de   0x080071de   0x00000018   Data   RO         3791    .constdata          system_stm32f4xx.o
    0x080071f6   0x080071f6   0x00000302   Data   RO         3832    .constdata          algorithmofcrc.o
    0x080074f8   0x080074f8   0x00000098   Data   RO         4726    .constdata          m_wm.l(atan.o)
    0x08007590   0x08007590   0x00000030   Data   RO         4738    .constdata          m_wm.l(cos_i.o)
    0x080075c0   0x080075c0   0x00000008   Data   RO         4760    .constdata          m_wm.l(qnan.o)
    0x080075c8   0x080075c8   0x000000c8   Data   RO         4763    .constdata          m_wm.l(rred.o)
    0x08007690   0x08007690   0x00000028   Data   RO         4767    .constdata          m_wm.l(sin_i.o)
    0x080076b8   0x080076b8   0x00000020   Data   RO         4941    Region$$Table       anon$$obj.o


    Execution Region RW_IRAM1 (Exec base: 0x20000000, Load base: 0x080076d8, Size: 0x00001118, Max: 0x0001c000, ABSOLUTE, COMPRESSED[0x00000018])

    Exec Addr    Load Addr    Size         Type   Attr      Idx    E Section Name        Object

    0x20000000   COMPRESSED   0x00000004   Data   RW          254    .data               can.o
    0x20000004   COMPRESSED   0x00000009   Data   RW         1799    .data               stm32f4xx_hal.o
    0x2000000d   COMPRESSED   0x00000003   PAD
    0x20000010   COMPRESSED   0x00000004   Data   RW         3792    .data               system_stm32f4xx.o
    0x20000014   COMPRESSED   0x00000002   Data   RW         3833    .data               algorithmofcrc.o
    0x20000016   COMPRESSED   0x00000002   Data   RW         3889    .data               referee.o
    0x20000018   COMPRESSED   0x00000028   Data   RW         4011    .data               chassis.o
    0x20000040   COMPRESSED   0x0000000c   Data   RW         4237    .data               kinematic.o
    0x2000004c   COMPRESSED   0x000000dc   Data   RW         4427    .data               drv_can.o
    0x20000128   COMPRESSED   0x00000008   Data   RW         4571    .data               chassis_task.o
    0x20000130        -       0x00000050   Zero   RW          253    .bss                can.o
    0x20000180        -       0x00000020   Zero   RW          325    .bss                rtc.o
    0x200001a0        -       0x00000090   Zero   RW          368    .bss                tim.o
    0x20000230        -       0x00000108   Zero   RW          415    .bss                usart.o
    0x20000338        -       0x000004b9   Zero   RW         3888    .bss                referee.o
    0x200007f1   COMPRESSED   0x00000003   PAD
    0x200007f4        -       0x00000030   Zero   RW         3944    .bss                agv_control.o
    0x20000824        -       0x0000021a   Zero   RW         4010    .bss                chassis.o
    0x20000a3e   COMPRESSED   0x00000002   PAD
    0x20000a40        -       0x0000001c   Zero   RW         4090    .bss                gimbal_connection.o
    0x20000a5c        -       0x00000058   Zero   RW         4426    .bss                drv_can.o
    0x20000ab4        -       0x00000060   Zero   RW         4801    .bss                c_w.l(libspace.o)
    0x20000b14   COMPRESSED   0x00000004   PAD
    0x20000b18        -       0x00000200   Zero   RW            2    HEAP                startup_stm32f407xx.o
    0x20000d18        -       0x00000400   Zero   RW            1    STACK               startup_stm32f407xx.o


    Execution Region RW_IRAM2 (Exec base: 0x2001c000, Load base: 0x080076f0, Size: 0x00000000, Max: 0x00004000, ABSOLUTE)

    **** No section assigned to this execution region ****


==============================================================================

Image component sizes


      Code (inc. data)   RO Data    RW Data    ZI Data      Debug   Object Name

      1146         44          0          0         48       5838   agv_control.o
       198         16        770          2          0       3685   algorithmofcrc.o
       560         44          0          4         80       2498   can.o
       220         30          0          0          0       1740   can_connection.o
      1162        106          0         40        538       7346   chassis.o
       236         22          0          8          0       2761   chassis_task.o
        72          4          0          0          0        778   dma.o
       566         50          0        220         88       7792   drv_can.o
        94          0          0          0         28       3380   gimbal_connection.o
       160          4          0          0          0        935   gpio.o
      3172         90          0         12          0       6180   kinematic.o
       254         16          0          0          0     719890   main.o
       422         36          0          0          0       5263   motor.o
      1588         46          0          0          0       8767   pid.o
      1064         72          0          2       1209       6961   referee.o
       112         18          0          0         32       1551   rtc.o
        64         26        392          0       1536        848   startup_stm32f407xx.o
       172         32          0          9          0       8781   stm32f4xx_hal.o
      2146          6          0          0          0      13851   stm32f4xx_hal_can.o
       312         22          0          0          0      34367   stm32f4xx_hal_cortex.o
      1034         16          8          0          0       3908   stm32f4xx_hal_dma.o
       500         46          0          0          0       1460   stm32f4xx_hal_gpio.o
        72          4          0          0          0        862   stm32f4xx_hal_msp.o
      1820         84          0          0          0       5648   stm32f4xx_hal_rcc.o
       416         20          0          0          0       1416   stm32f4xx_hal_rcc_ex.o
       356          8          0          0          0       3307   stm32f4xx_hal_rtc.o
      1260         76          0          0          0       9887   stm32f4xx_hal_tim.o
       184         30          0          0          0       2541   stm32f4xx_hal_tim_ex.o
       674         10          0          0          0       1888   stm32f4xx_hal_uart.o
       178         54          0          0          0       8774   stm32f4xx_it.o
        20          6         24          4          0       1139   system_stm32f4xx.o
       316         32          0          0        144       2335   tim.o
       340         36          0          0        264       1892   usart.o

    ----------------------------------------------------------------------
     20924       1110       1226        304       3972     888269   Object Totals
         0          0         32          0          0          0   (incl. Generated)
        34          4          0          3          5          0   (incl. Padding)

    ----------------------------------------------------------------------

      Code (inc. data)   RO Data    RW Data    ZI Data      Debug   Library Member Name

        58          0          0          0          0          0   __dczerorl.o
         8          0          0          0          0         68   __main.o
         0          0          0          0          0          0   __rtentry.o
        12          0          0          0          0          0   __rtentry2.o
         6          0          0          0          0          0   __rtentry4.o
        52          8          0          0          0          0   __scatter.o
        28          0          0          0          0          0   __scatter_zi.o
        22          0          0          0          0        100   _rserrno.o
        18          0          0          0          0         80   exit.o
         6          0          0          0          0        152   heapauxi.o
         0          0          0          0          0          0   indicate_semi.o
         2          0          0          0          0          0   libinit.o
         6          0          0          0          0          0   libinit2.o
         2          0          0          0          0          0   libshutdown.o
         2          0          0          0          0          0   libshutdown2.o
         8          4          0          0         96         68   libspace.o
       238          0          0          0          0        100   lludivv7m.o
         8          4          0          0          0         68   rt_errno_addr_intlibspace.o
        78          0          0          0          0         80   rt_memclr_w.o
       138          0          0          0          0         68   rt_memcpy_v6.o
       100          0          0          0          0         80   rt_memcpy_w.o
         2          0          0          0          0          0   rtexit.o
        10          0          0          0          0          0   rtexit2.o
        12          4          0          0          0         68   sys_exit.o
        74          0          0          0          0         80   sys_stackheap_outer.o
         2          0          0          0          0         68   use_no_semi.o
        24          0          0          0          0        164   basic.o
        98          4          0          0          0        140   d2f.o
       826         16          0          0          0        492   daddsub_clz.o
       688        140          0          0          0        256   ddiv.o
        94          4          0          0          0        140   dfix.o
        84          0          0          0          0        232   dflt_clz.o
       340         12          0          0          0        152   dmul.o
       156          4          0          0          0        140   dnaninf.o
        12          0          0          0          0        116   dretinf.o
       408         56          0          0          0        168   dsqrt_umaal.o
        86          4          0          0          0        132   f2d.o
       140          4          0          0          0        132   fnaninf.o
        10          0          0          0          0        116   fpinit.o
        10          0          0          0          0        116   fretinf.o
         0          0          0          0          0          0   usenofp.o
       744        106        152          0          0        352   atan.o
       496         64          0          0          0        192   atan2.o
       200         20          0          0          0        164   cos.o
       368         46         48          0          0        200   cos_i.o
       104         16          0          0          0        496   dunder.o
        24          0          0          0          0        124   fabs.o
        48          0          0          0          0        124   fpclassify.o
       248          0          0          0          0        152   poly.o
         0          0          8          0          0          0   qnan.o
      1080        142        200          0          0        188   rred.o
       200         20          0          0          0        164   sin.o
       304         24         40          0          0        208   sin_i.o
       122          0          0          0          0        148   sqrt.o

    ----------------------------------------------------------------------
      7826        702        448          0        100       6088   Library Totals
        20          0          0          0          4          0   (incl. Padding)

    ----------------------------------------------------------------------

      Code (inc. data)   RO Data    RW Data    ZI Data      Debug   Library Name

       892         20          0          0         96       1080   c_w.l
      2976        244          0          0          0       2496   fz_wm.l
      3938        438        448          0          0       2512   m_wm.l

    ----------------------------------------------------------------------
      7826        702        448          0        100       6088   Library Totals

    ----------------------------------------------------------------------

==============================================================================


      Code (inc. data)   RO Data    RW Data    ZI Data      Debug   

     28750       1812       1674        304       4072     876389   Grand Totals
     28750       1812       1674         24       4072     876389   ELF Image Totals (compressed)
     28750       1812       1674         24          0          0   ROM Totals

==============================================================================

    Total RO  Size (Code + RO Data)                30424 (  29.71kB)
    Total RW  Size (RW Data + ZI Data)              4376 (   4.27kB)
    Total ROM Size (Code + RO Data + RW Data)      30448 (  29.73kB)

==============================================================================

