Component: ARM Compiler 5.06 update 5 (build 528) Tool: armlink [4d35e2]

==============================================================================

Section Cross References

    startup_stm32f407xx.o(RESET) refers to startup_stm32f407xx.o(STACK) for __initial_sp
    startup_stm32f407xx.o(RESET) refers to startup_stm32f407xx.o(.text) for Reset_Handler
    startup_stm32f407xx.o(RESET) refers to stm32f4xx_it.o(i.NMI_Handler) for NMI_Handler
    startup_stm32f407xx.o(RESET) refers to stm32f4xx_it.o(i.HardFault_Handler) for HardFault_Handler
    startup_stm32f407xx.o(RESET) refers to stm32f4xx_it.o(i.MemManage_Handler) for MemManage_Handler
    startup_stm32f407xx.o(RESET) refers to stm32f4xx_it.o(i.BusFault_Handler) for BusFault_Handler
    startup_stm32f407xx.o(RESET) refers to stm32f4xx_it.o(i.UsageFault_Handler) for UsageFault_Handler
    startup_stm32f407xx.o(RESET) refers to stm32f4xx_it.o(i.SVC_Handler) for SVC_Handler
    startup_stm32f407xx.o(RESET) refers to stm32f4xx_it.o(i.DebugMon_Handler) for DebugMon_Handler
    startup_stm32f407xx.o(RESET) refers to stm32f4xx_it.o(i.PendSV_Handler) for PendSV_Handler
    startup_stm32f407xx.o(RESET) refers to stm32f4xx_it.o(i.SysTick_Handler) for SysTick_Handler
    startup_stm32f407xx.o(RESET) refers to stm32f4xx_it.o(i.CAN1_TX_IRQHandler) for CAN1_TX_IRQHandler
    startup_stm32f407xx.o(RESET) refers to stm32f4xx_it.o(i.CAN1_RX0_IRQHandler) for CAN1_RX0_IRQHandler
    startup_stm32f407xx.o(RESET) refers to stm32f4xx_it.o(i.CAN1_RX1_IRQHandler) for CAN1_RX1_IRQHandler
    startup_stm32f407xx.o(RESET) refers to stm32f4xx_it.o(i.TIM2_IRQHandler) for TIM2_IRQHandler
    startup_stm32f407xx.o(RESET) refers to stm32f4xx_it.o(i.TIM3_IRQHandler) for TIM3_IRQHandler
    startup_stm32f407xx.o(RESET) refers to stm32f4xx_it.o(i.TIM4_IRQHandler) for TIM4_IRQHandler
    startup_stm32f407xx.o(RESET) refers to stm32f4xx_it.o(i.USART1_IRQHandler) for USART1_IRQHandler
    startup_stm32f407xx.o(RESET) refers to stm32f4xx_it.o(i.DMA2_Stream1_IRQHandler) for DMA2_Stream1_IRQHandler
    startup_stm32f407xx.o(RESET) refers to stm32f4xx_it.o(i.CAN2_TX_IRQHandler) for CAN2_TX_IRQHandler
    startup_stm32f407xx.o(RESET) refers to stm32f4xx_it.o(i.CAN2_RX0_IRQHandler) for CAN2_RX0_IRQHandler
    startup_stm32f407xx.o(RESET) refers to stm32f4xx_it.o(i.CAN2_RX1_IRQHandler) for CAN2_RX1_IRQHandler
    startup_stm32f407xx.o(RESET) refers to stm32f4xx_it.o(i.DMA2_Stream5_IRQHandler) for DMA2_Stream5_IRQHandler
    startup_stm32f407xx.o(RESET) refers to stm32f4xx_it.o(i.DMA2_Stream6_IRQHandler) for DMA2_Stream6_IRQHandler
    startup_stm32f407xx.o(RESET) refers to stm32f4xx_it.o(i.DMA2_Stream7_IRQHandler) for DMA2_Stream7_IRQHandler
    startup_stm32f407xx.o(RESET) refers to referee.o(i.USART6_IRQHandler) for USART6_IRQHandler
    startup_stm32f407xx.o(.text) refers to system_stm32f4xx.o(i.SystemInit) for SystemInit
    startup_stm32f407xx.o(.text) refers to entry.o(.ARM.Collect$$$$00000000) for __main
    main.o(i.SystemClock_Config) refers to memseta.o(.text) for __aeabi_memclr4
    main.o(i.SystemClock_Config) refers to stm32f4xx_hal_rcc.o(i.HAL_RCC_OscConfig) for HAL_RCC_OscConfig
    main.o(i.SystemClock_Config) refers to main.o(i.Error_Handler) for Error_Handler
    main.o(i.SystemClock_Config) refers to stm32f4xx_hal_rcc.o(i.HAL_RCC_ClockConfig) for HAL_RCC_ClockConfig
    main.o(i.main) refers to stm32f4xx_hal.o(i.HAL_Init) for HAL_Init
    main.o(i.main) refers to main.o(i.SystemClock_Config) for SystemClock_Config
    main.o(i.main) refers to gpio.o(i.MX_GPIO_Init) for MX_GPIO_Init
    main.o(i.main) refers to dma.o(i.MX_DMA_Init) for MX_DMA_Init
    main.o(i.main) refers to can.o(i.MX_CAN1_Init) for MX_CAN1_Init
    main.o(i.main) refers to can.o(i.MX_CAN2_Init) for MX_CAN2_Init
    main.o(i.main) refers to rtc.o(i.MX_RTC_Init) for MX_RTC_Init
    main.o(i.main) refers to tim.o(i.MX_TIM3_Init) for MX_TIM3_Init
    main.o(i.main) refers to tim.o(i.MX_TIM9_Init) for MX_TIM9_Init
    main.o(i.main) refers to usart.o(i.MX_USART6_UART_Init) for MX_USART6_UART_Init
    main.o(i.main) refers to tim.o(i.MX_TIM2_Init) for MX_TIM2_Init
    main.o(i.main) refers to tim.o(i.MX_TIM4_Init) for MX_TIM4_Init
    main.o(i.main) refers to usart.o(i.MX_USART1_UART_Init) for MX_USART1_UART_Init
    main.o(i.main) refers to chassis_task.o(i.Task_Init) for Task_Init
    main.o(i.main) refers to buzzer.o(i.buzzer_init_example) for buzzer_init_example
    main.o(i.main) refers to stm32f4xx_hal_tim.o(i.HAL_TIM_Base_Start_IT) for HAL_TIM_Base_Start_IT
    main.o(i.main) refers to tim.o(.bss) for htim2
    gpio.o(i.MX_GPIO_Init) refers to memseta.o(.text) for __aeabi_memclr4
    gpio.o(i.MX_GPIO_Init) refers to stm32f4xx_hal_gpio.o(i.HAL_GPIO_WritePin) for HAL_GPIO_WritePin
    gpio.o(i.MX_GPIO_Init) refers to stm32f4xx_hal_gpio.o(i.HAL_GPIO_Init) for HAL_GPIO_Init
    can.o(i.HAL_CAN_MspDeInit) refers to stm32f4xx_hal_gpio.o(i.HAL_GPIO_DeInit) for HAL_GPIO_DeInit
[...]
    __rt_final_exit                          0x08000199   Thumb Code     0  entry11a.o(.ARM.Collect$$$$0000000F)
    Reset_Handler                            0x0800019d   Thumb Code     8  startup_stm32f407xx.o(.text)
    ADC_IRQHandler                           0x080001b7   Thumb Code     0  startup_stm32f407xx.o(.text)
    CAN1_SCE_IRQHandler                      0x080001b7   Thumb Code     0  startup_stm32f407xx.o(.text)
    CAN2_SCE_IRQHandler                      0x080001b7   Thumb Code     0  startup_stm32f407xx.o(.text)
    DCMI_IRQHandler                          0x080001b7   Thumb Code     0  startup_stm32f407xx.o(.text)
    DMA1_Stream0_IRQHandler                  0x080001b7   Thumb Code     0  startup_stm32f407xx.o(.text)
    DMA1_Stream1_IRQHandler                  0x080001b7   Thumb Code     0  startup_stm32f407xx.o(.text)
    DMA1_Stream2_IRQHandler                  0x080001b7   Thumb Code     0  startup_stm32f407xx.o(.text)
    DMA1_Stream3_IRQHandler                  0x080001b7   Thumb Code     0  startup_stm32f407xx.o(.text)
    DMA1_Stream4_IRQHandler                  0x080001b7   Thumb Code     0  startup_stm32f407xx.o(.text)
    DMA1_Stream5_IRQHandler                  0x080001b7   Thumb Code     0  startup_stm32f407xx.o(.text)
    DMA1_Stream6_IRQHandler                  0x080001b7   Thumb Code     0  startup_stm32f407xx.o(.text)
    DMA1_Stream7_IRQHandler                  0x080001b7   Thumb Code     0  startup_stm32f407xx.o(.text)
    DMA2_Stream0_IRQHandler                  0x080001b7   Thumb Code     0  startup_stm32f407xx.o(.text)
    DMA2_Stream2_IRQHandler                  0x080001b7   Thumb Code     0  startup_stm32f407xx.o(.text)
    DMA2_Stream3_IRQHandler                  0x080001b7   Thumb Code     0  startup_stm32f407xx.o(.text)
    DMA2_Stream4_IRQHandler                  0x080001b7   Thumb Code     0  startup_stm32f407xx.o(.text)
    ETH_IRQHandler                           0x080001b7   Thumb Code     0  startup_stm32f407xx.o(.text)
    ETH_WKUP_IRQHandler                      0x080001b7   Thumb Code     0  startup_stm32f407xx.o(.text)
    EXTI0_IRQHandler                         0x080001b7   Thumb Code     0  startup_stm32f407xx.o(.text)
    EXTI15_10_IRQHandler                     0x080001b7   Thumb Code     0  startup_stm32f407xx.o(.text)
    EXTI1_IRQHandler                         0x080001b7   Thumb Code     0  startup_stm32f407xx.o(.text)
    EXTI2_IRQHandler                         0x080001b7   Thumb Code     0  startup_stm32f407xx.o(.text)
    EXTI3_IRQHandler                         0x080001b7   Thumb Code     0  startup_stm32f407xx.o(.text)
    EXTI4_IRQHandler                         0x080001b7   Thumb Code     0  startup_stm32f407xx.o(.text)
    EXTI9_5_IRQHandler                       0x080001b7   Thumb Code     0  startup_stm32f407xx.o(.text)
    FLASH_IRQHandler                         0x080001b7   Thumb Code     0  startup_stm32f407xx.o(.text)
    FMC_IRQHandler                           0x080001b7   Thumb Code     0  startup_stm32f407xx.o(.text)
    FPU_IRQHandler                           0x080001b7   Thumb Code     0  startup_stm32f407xx.o(.text)
    HASH_RNG_IRQHandler                      0x080001b7   Thumb Code     0  startup_stm32f407xx.o(.text)
    I2C1_ER_IRQHandler                       0x080001b7   Thumb Code     0  startup_stm32f407xx.o(.text)
    I2C1_EV_IRQHandler                       0x080001b7   Thumb Code     0  startup_stm32f407xx.o(.text)
    I2C2_ER_IRQHandler                       0x080001b7   Thumb Code     0  startup_stm32f407xx.o(.text)
    I2C2_EV_IRQHandler                       0x080001b7   Thumb Code     0  startup_stm32f407xx.o(.text)
    I2C3_ER_IRQHandler                       0x080001b7   Thumb Code     0  startup_stm32f407xx.o(.text)
    I2C3_EV_IRQHandler                       0x080001b7   Thumb Code     0  startup_stm32f407xx.o(.text)
    OTG_FS_IRQHandler                        0x080001b7   Thumb Code     0  startup_stm32f407xx.o(.text)
    OTG_FS_WKUP_IRQHandler                   0x080001b7   Thumb Code     0  startup_stm32f407xx.o(.text)
    OTG_HS_EP1_IN_IRQHandler                 0x080001b7   Thumb Code     0  startup_stm32f407xx.o(.text)
    OTG_HS_EP1_OUT_IRQHandler                0x080001b7   Thumb Code     0  startup_stm32f407xx.o(.text)
    OTG_HS_IRQHandler                        0x080001b7   Thumb Code     0  startup_stm32f407xx.o(.text)
    OTG_HS_WKUP_IRQHandler                   0x080001b7   Thumb Code     0  startup_stm32f407xx.o(.text)
    PVD_IRQHandler                           0x080001b7   Thumb Code     0  startup_stm32f407xx.o(.text)
    RCC_IRQHandler                           0x080001b7   Thumb Code     0  startup_stm32f407xx.o(.text)
    RTC_Alarm_IRQHandler                     0x080001b7   Thumb Code     0  startup_stm32f407xx.o(.text)
    RTC_WKUP_IRQHandler                      0x080001b7   Thumb Code     0  startup_stm32f407xx.o(.text)
    SDIO_IRQHandler                          0x080001b7   Thumb Code     0  startup_stm32f407xx.o(.text)
    SPI1_IRQHandler                          0x080001b7   Thumb Code     0  startup_stm32f407xx.o(.text)
    SPI2_IRQHandler                          0x080001b7   Thumb Code     0  startup_stm32f407xx.o(.text)
    SPI3_IRQHandler                          0x080001b7   Thumb Code     0  startup_stm32f407xx.o(.text)
    TAMP_STAMP_IRQHandler                    0x080001b7   Thumb Code     0  startup_stm32f407xx.o(.text)
    TIM1_BRK_TIM9_IRQHandler                 0x080001b7   Thumb Code     0  startup_stm32f407xx.o(.text)
    TIM1_CC_IRQHandler                       0x080001b7   Thumb Code     0  startup_stm32f407xx.o(.text)
    TIM1_TRG_COM_TIM11_IRQHandler            0x080001b7   Thumb Code     0  startup_stm32f407xx.o(.text)
    TIM1_UP_TIM10_IRQHandler                 0x080001b7   Thumb Code     0  startup_stm32f407xx.o(.text)
    TIM5_IRQHandler                          0x080001b7   Thumb Code     0  startup_stm32f407xx.o(.text)
    TIM6_DAC_IRQHandler                      0x080001b7   Thumb Code     0  startup_stm32f407xx.o(.text)
    TIM7_IRQHandler                          0x080001b7   Thumb Code     0  startup_stm32f407xx.o(.text)
    TIM8_BRK_TIM12_IRQHandler                0x080001b7   Thumb Code     0  startup_stm32f407xx.o(.text)
    TIM8_CC_IRQHandler                       0x080001b7   Thumb Code     0  startup_stm32f407xx.o(.text)
    TIM8_TRG_COM_TIM14_IRQHandler            0x080001b7   Thumb Code     0  startup_stm32f407xx.o(.text)
    TIM8_UP_TIM13_IRQHandler                 0x080001b7   Thumb Code     0  startup_stm32f407xx.o(.text)
    UART4_IRQHandler                         0x080001b7   Thumb Code     0  startup_stm32f407xx.o(.text)
    UART5_IRQHandler                         0x080001b7   Thumb Code     0  startup_stm32f407xx.o(.text)
    USART2_IRQHandler                        0x080001b7   Thumb Code     0  startup_stm32f407xx.o(.text)
    USART3_IRQHandler                        0x080001b7   Thumb Code     0  startup_stm32f407xx.o(.text)
    WWDG_IRQHandler                          0x080001b7   Thumb Code     0  startup_stm32f407xx.o(.text)
    __aeabi_uldivmod                         0x080001c1   Thumb Code    98  uldiv.o(.text)
    __aeabi_memcpy                           0x08000223   Thumb Code    36  memcpya.o(.text)
    __aeabi_memcpy4                          0x08000223   Thumb Code     0  memcpya.o(.text)
    __aeabi_memcpy8                          0x08000223   Thumb Code     0  memcpya.o(.text)
    __aeabi_memset                           0x08000247   Thumb Code    14  memseta.o(.text)
    __aeabi_memset4                          0x08000247   Thumb Code     0  memseta.o(.text)
    __aeabi_memset8                          0x08000247   Thumb Code     0  memseta.o(.text)
    __aeabi_memclr                           0x08000255   Thumb Code     4  memseta.o(.text)
    __aeabi_memclr4                          0x08000255   Thumb Code     0  memseta.o(.text)
    __aeabi_memclr8                          0x08000255   Thumb Code     0  memseta.o(.text)
    _memset$wrapper                          0x08000259   Thumb Code    18  memseta.o(.text)
    __aeabi_dadd                             0x0800026b   Thumb Code   322  dadd.o(.text)
    __aeabi_dsub                             0x080003ad   Thumb Code     6  dadd.o(.text)
    __aeabi_drsub                            0x080003b3   Thumb Code     6  dadd.o(.text)
    __aeabi_dmul                             0x080003b9   Thumb Code   228  dmul.o(.text)
    __aeabi_ddiv                             0x0800049d   Thumb Code   222  ddiv.o(.text)
    __aeabi_i2d                              0x0800057b   Thumb Code    34  dflti.o(.text)
    __aeabi_ui2d                             0x0800059d   Thumb Code    26  dfltui.o(.text)
    __aeabi_d2iz                             0x080005b7   Thumb Code    62  dfixi.o(.text)
    __aeabi_d2uiz                            0x080005f5   Thumb Code    50  dfixui.o(.text)
    __aeabi_f2d                              0x08000627   Thumb Code    38  f2d.o(.text)
    __aeabi_cdcmpeq                          0x0800064d   Thumb Code     0  cdcmple.o(.text)
    __aeabi_cdcmple                          0x0800064d   Thumb Code    48  cdcmple.o(.text)
    __aeabi_cdrcmple                         0x0800067d   Thumb Code    48  cdrcmple.o(.text)
    __aeabi_d2f                              0x080006ad   Thumb Code    56  d2f.o(.text)
    __aeabi_llsl                             0x080006e5   Thumb Code    30  llshl.o(.text)
    _ll_shift_l                              0x080006e5   Thumb Code     0  llshl.o(.text)
    __aeabi_llsr                             0x08000703   Thumb Code    32  llushr.o(.text)
    _ll_ushift_r                             0x08000703   Thumb Code     0  llushr.o(.text)
    __aeabi_lasr                             0x08000723   Thumb Code    36  llsshr.o(.text)
    _ll_sshift_r                             0x08000723   Thumb Code     0  llsshr.o(.text)
    __I$use$fp                               0x08000747   Thumb Code     0  iusefp.o(.text)
    _float_round                             0x08000747   Thumb Code    18  fepilogue.o(.text)
    _float_epilogue                          0x08000759   Thumb Code    92  fepilogue.o(.text)
    _double_round                            0x080007b5   Thumb Code    30  depilogue.o(.text)
    _double_epilogue                         0x080007d3   Thumb Code   156  depilogue.o(.text)
    __ARM_scalbn                             0x0800086f   Thumb Code    46  dscalb.o(.text)
    scalbn                                   0x0800086f   Thumb Code     0  dscalb.o(.text)
    _dsqrt                                   0x0800089d   Thumb Code   162  dsqrt.o(.text)
    __scatterload                            0x08000941   Thumb Code    28  init.o(.text)
    __scatterload_rt2                        0x08000941   Thumb Code     0  init.o(.text)
    __decompress                             0x08000965   Thumb Code     0  __dczerorl2.o(.text)
    __decompress1                            0x08000965   Thumb Code    86  __dczerorl2.o(.text)
    AGV_Calc_Angle_Speed                     0x080009bd   Thumb Code  2134  kinematic.o(i.AGV_Calc_Angle_Speed)
    AGV_DirectiveMotor_RobotMotion_To_TargetStatus 0x08001231   Thumb Code   118  kinematic.o(i.AGV_DirectiveMotor_RobotMotion_To_TargetStatus)
    AGV_DirectiveMotor_TargetStatus_To_MotorAngle_In_ChassisCoordinate 0x080012b5   Thumb Code   502  kinematic.o(i.AGV_DirectiveMotor_TargetStatus_To_MotorAngle_In_ChassisCoordinate)
    AGV_connoection                          0x080014c5   Thumb Code   862  agv_control.o(i.AGV_connoection)
    Append_CRC16_Check_Sum                   0x08001841   Thumb Code    44  algorithmofcrc.o(i.Append_CRC16_Check_Sum)
    Append_CRC8_Check_Sum                    0x08001871   Thumb Code    36  algorithmofcrc.o(i.Append_CRC8_Check_Sum)
    BusFault_Handler                         0x08001895   Thumb Code     4  stm32f4xx_it.o(i.BusFault_Handler)
    CAN1_Call_Back                           0x08001899   Thumb Code   110  can_connection.o(i.CAN1_Call_Back)
    CAN1_RX0_IRQHandler                      0x08001911   Thumb Code    10  stm32f4xx_it.o(i.CAN1_RX0_IRQHandler)
    CAN1_RX1_IRQHandler                      0x08001921   Thumb Code    10  stm32f4xx_it.o(i.CAN1_RX1_IRQHandler)
    CAN1_TX_IRQHandler                       0x08001931   Thumb Code    10  stm32f4xx_it.o(i.CAN1_TX_IRQHandler)
    CAN2_Call_Back                           0x08001941   Thumb Code   126  can_connection.o(i.CAN2_Call_Back)
    CAN2_RX0_IRQHandler                      0x080019d1   Thumb Code    10  stm32f4xx_it.o(i.CAN2_RX0_IRQHandler)
    CAN2_RX1_IRQHandler                      0x080019e1   Thumb Code    10  stm32f4xx_it.o(i.CAN2_RX1_IRQHandler)
    CAN2_TX_IRQHandler                       0x080019f1   Thumb Code    10  stm32f4xx_it.o(i.CAN2_TX_IRQHandler)
    CAN_Chassis_TxCpltCallback               0x08001a01   Thumb Code    62  gimbal_connection.o(i.CAN_Chassis_TxCpltCallback)
    CAN_Init                                 0x08001a4d   Thumb Code   214  drv_can.o(i.CAN_Init)
    CAN_Send_Data                            0x08001b35   Thumb Code    40  drv_can.o(i.CAN_Send_Data)
    CAN_Send_EXT_Data                        0x08001b5d   Thumb Code    44  drv_can.o(i.CAN_Send_EXT_Data)
    Can_Connection_Init                      0x08001b89   Thumb Code    20  can_connection.o(i.Can_Connection_Init)
    CapDraw                                  0x08001bad   Thumb Code   292  graphicssendtask.o(i.CapDraw)
    CapUI_Change                             0x08001cf9   Thumb Code   112  graphicssendtask.o(i.CapUI_Change)
    CharChange                               0x08001d79   Thumb Code  1490  graphicssendtask.o(i.CharChange)
    CharGraphic_Draw                         0x08002359   Thumb Code   188  graphicssendtask.o(i.CharGraphic_Draw)
    Char_Draw                                0x0800241d   Thumb Code   112  graphicssendtask.o(i.Char_Draw)
    Char_Init                                0x08002495   Thumb Code   266  graphicssendtask.o(i.Char_Init)
    Chassis_Control_Mode_Update              0x080025f1   Thumb Code    42  gimbal_connection.o(i.Chassis_Control_Mode_Update)
    Chassis_Flag_Update                      0x0800261b   Thumb Code    22  gimbal_connection.o(i.Chassis_Flag_Update)
    Chassis_Init                             0x08002631   Thumb Code    98  chassis.o(i.Chassis_Init)
    Chassis_Inveter_Judge                    0x080026ad   Thumb Code   194  chassis.o(i.Chassis_Inveter_Judge)
    Chassis_Mode_Command_Update              0x08002779   Thumb Code   210  chassis.o(i.Chassis_Mode_Command_Update)
    Chassis_Move                             0x08002859   Thumb Code    22  chassis.o(i.Chassis_Move)
    Chassis_Power_Control_Init               0x08002875   Thumb Code    26  agv_control.o(i.Chassis_Power_Control_Init)
    Chassis_Speed_Command_Update             0x08002899   Thumb Code    14  gimbal_connection.o(i.Chassis_Speed_Command_Update)
    Chassis_Speed_Control                    0x080028a9   Thumb Code   110  kinematic.o(i.Chassis_Speed_Control)
    Chassis_Speed_Slow_Motion                0x0800291d   Thumb Code   234  chassis.o(i.Chassis_Speed_Slow_Motion)
    DMA2_Stream1_IRQHandler                  0x08002a11   Thumb Code    10  stm32f4xx_it.o(i.DMA2_Stream1_IRQHandler)
    DMA2_Stream5_IRQHandler                  0x08002a21   Thumb Code    10  stm32f4xx_it.o(i.DMA2_Stream5_IRQHandler)
    DMA2_Stream6_IRQHandler                  0x08002a31   Thumb Code    10  stm32f4xx_it.o(i.DMA2_Stream6_IRQHandler)
    DMA2_Stream7_IRQHandler                  0x08002a41   Thumb Code    10  stm32f4xx_it.o(i.DMA2_Stream7_IRQHandler)
    DebugMon_Handler                         0x08002b2f   Thumb Code     2  stm32f4xx_it.o(i.DebugMon_Handler)
    EXT_ID_Set                               0x08002b31   Thumb Code    16  drv_can.o(i.EXT_ID_Set)
    Error_Handler                            0x08002b41   Thumb Code     6  main.o(i.Error_Handler)
    FloatData_Draw                           0x08002b49   Thumb Code   250  graphicssendtask.o(i.FloatData_Draw)
    Float_Abs                                0x08002c51   Thumb Code    26  kinematic.o(i.Float_Abs)
    GM6020_Current_From_Lsb_To_Ampere        0x08002c6d   Thumb Code    26  motor.o(i.GM6020_Current_From_Lsb_To_Ampere)
    GM6020_Feedback_Update                   0x08002c8d   Thumb Code    42  motor.o(i.GM6020_Feedback_Update)
    GM6020_Position_From_Lsb_To_Degree       0x08002cb9   Thumb Code    26  motor.o(i.GM6020_Position_From_Lsb_To_Degree)
    GM6020_Position_From_Lsb_To_Rad          0x08002cdd   Thumb Code    34  motor.o(i.GM6020_Position_From_Lsb_To_Rad)
    GM6020_Status_Update                     0x08002d09   Thumb Code   258  motor.o(i.GM6020_Status_Update)
    Get_CRC16_Check_Sum                      0x08002e15   Thumb Code    46  algorithmofcrc.o(i.Get_CRC16_Check_Sum)
    Get_CRC8_Check_Sum                       0x08002e49   Thumb Code    30  algorithmofcrc.o(i.Get_CRC8_Check_Sum)
    Gimbal_To_Chassis_Relative_Angle_Update  0x08002e6d   Thumb Code   136  chassis.o(i.Gimbal_To_Chassis_Relative_Angle_Update)
    GraphicSendtask                          0x08002f11   Thumb Code   108  graphicssendtask.o(i.GraphicSendtask)
    HAL_CAN_ActivateNotification             0x08002f8d   Thumb Code    42  stm32f4xx_hal_can.o(i.HAL_CAN_ActivateNotification)
    HAL_CAN_AddTxMessage                     0x08002fb7   Thumb Code   330  stm32f4xx_hal_can.o(i.HAL_CAN_AddTxMessage)
    HAL_CAN_ConfigFilter                     0x08003101   Thumb Code   286  stm32f4xx_hal_can.o(i.HAL_CAN_ConfigFilter)
    HAL_CAN_ErrorCallback                    0x08003225   Thumb Code     2  stm32f4xx_hal_can.o(i.HAL_CAN_ErrorCallback)
    HAL_CAN_GetRxMessage                     0x08003227   Thumb Code   404  stm32f4xx_hal_can.o(i.HAL_CAN_GetRxMessage)
    HAL_CAN_IRQHandler                       0x080033bb   Thumb Code   590  stm32f4xx_hal_can.o(i.HAL_CAN_IRQHandler)
    HAL_CAN_Init                             0x08003609   Thumb Code   372  stm32f4xx_hal_can.o(i.HAL_CAN_Init)
    HAL_CAN_MspInit                          0x0800377d   Thumb Code   392  can.o(i.HAL_CAN_MspInit)
    HAL_CAN_RxFifo0FullCallback              0x0800391d   Thumb Code     2  stm32f4xx_hal_can.o(i.HAL_CAN_RxFifo0FullCallback)
    HAL_CAN_RxFifo0MsgPendingCallback        0x08003921   Thumb Code    72  drv_can.o(i.HAL_CAN_RxFifo0MsgPendingCallback)
    HAL_CAN_RxFifo1FullCallback              0x08003979   Thumb Code     2  stm32f4xx_hal_can.o(i.HAL_CAN_RxFifo1FullCallback)
    HAL_CAN_RxFifo1MsgPendingCallback        0x0800397d   Thumb Code    72  drv_can.o(i.HAL_CAN_RxFifo1MsgPendingCallback)
    HAL_CAN_SleepCallback                    0x080039d5   Thumb Code     2  stm32f4xx_hal_can.o(i.HAL_CAN_SleepCallback)
    HAL_CAN_Start                            0x080039d7   Thumb Code    94  stm32f4xx_hal_can.o(i.HAL_CAN_Start)
    HAL_CAN_TxMailbox0AbortCallback          0x08003a35   Thumb Code     2  stm32f4xx_hal_can.o(i.HAL_CAN_TxMailbox0AbortCallback)
    HAL_CAN_TxMailbox0CompleteCallback       0x08003a37   Thumb Code     2  stm32f4xx_hal_can.o(i.HAL_CAN_TxMailbox0CompleteCallback)
    HAL_CAN_TxMailbox1AbortCallback          0x08003a39   Thumb Code     2  stm32f4xx_hal_can.o(i.HAL_CAN_TxMailbox1AbortCallback)
    HAL_CAN_TxMailbox1CompleteCallback       0x08003a3b   Thumb Code     2  stm32f4xx_hal_can.o(i.HAL_CAN_TxMailbox1CompleteCallback)
    HAL_CAN_TxMailbox2AbortCallback          0x08003a3d   Thumb Code     2  stm32f4xx_hal_can.o(i.HAL_CAN_TxMailbox2AbortCallback)
    HAL_CAN_TxMailbox2CompleteCallback       0x08003a3f   Thumb Code     2  stm32f4xx_hal_can.o(i.HAL_CAN_TxMailbox2CompleteCallback)
    HAL_CAN_WakeUpFromRxMsgCallback          0x08003a41   Thumb Code     2  stm32f4xx_hal_can.o(i.HAL_CAN_WakeUpFromRxMsgCallback)
    HAL_DMA_Abort                            0x08003a43   Thumb Code   172  stm32f4xx_hal_dma.o(i.HAL_DMA_Abort)
    HAL_DMA_Abort_IT                         0x08003aef   Thumb Code    40  stm32f4xx_hal_dma.o(i.HAL_DMA_Abort_IT)
    HAL_DMA_IRQHandler                       0x08003b19   Thumb Code   570  stm32f4xx_hal_dma.o(i.HAL_DMA_IRQHandler)
    HAL_DMA_Init                             0x08003d59   Thumb Code   232  stm32f4xx_hal_dma.o(i.HAL_DMA_Init)
    HAL_GPIO_Init                            0x08003e45   Thumb Code   454  stm32f4xx_hal_gpio.o(i.HAL_GPIO_Init)
    HAL_GPIO_WritePin                        0x08004039   Thumb Code    12  stm32f4xx_hal_gpio.o(i.HAL_GPIO_WritePin)
    HAL_GetTick                              0x08004045   Thumb Code     6  stm32f4xx_hal.o(i.HAL_GetTick)
    HAL_IncTick                              0x08004051   Thumb Code    16  stm32f4xx_hal.o(i.HAL_IncTick)
    HAL_Init                                 0x08004069   Thumb Code    54  stm32f4xx_hal.o(i.HAL_Init)
    HAL_InitTick                             0x080040a5   Thumb Code    64  stm32f4xx_hal.o(i.HAL_InitTick)
    HAL_MspInit                              0x080040f1   Thumb Code    68  stm32f4xx_hal_msp.o(i.HAL_MspInit)
    HAL_NVIC_EnableIRQ                       0x08004139   Thumb Code    40  stm32f4xx_hal_cortex.o(i.HAL_NVIC_EnableIRQ)
    HAL_NVIC_SetPriority                     0x08004161   Thumb Code   124  stm32f4xx_hal_cortex.o(i.HAL_NVIC_SetPriority)
    HAL_NVIC_SetPriorityGrouping             0x080041dd   Thumb Code    32  stm32f4xx_hal_cortex.o(i.HAL_NVIC_SetPriorityGrouping)
    HAL_RCCEx_PeriphCLKConfig                0x08004205   Thumb Code   396  stm32f4xx_hal_rcc_ex.o(i.HAL_RCCEx_PeriphCLKConfig)
    HAL_RCC_ClockConfig                      0x080043a5   Thumb Code   368  stm32f4xx_hal_rcc.o(i.HAL_RCC_ClockConfig)
    HAL_RCC_GetHCLKFreq                      0x08004529   Thumb Code     6  stm32f4xx_hal_rcc.o(i.HAL_RCC_GetHCLKFreq)
    HAL_RCC_GetPCLK1Freq                     0x08004535   Thumb Code    22  stm32f4xx_hal_rcc.o(i.HAL_RCC_GetPCLK1Freq)
    HAL_RCC_GetPCLK2Freq                     0x08004555   Thumb Code    22  stm32f4xx_hal_rcc.o(i.HAL_RCC_GetPCLK2Freq)
    HAL_RCC_GetSysClockFreq                  0x08004575   Thumb Code   162  stm32f4xx_hal_rcc.o(i.HAL_RCC_GetSysClockFreq)
    HAL_RCC_OscConfig                        0x08004625   Thumb Code  1172  stm32f4xx_hal_rcc.o(i.HAL_RCC_OscConfig)
    HAL_RTC_Init                             0x08004ac1   Thumb Code   176  stm32f4xx_hal_rtc.o(i.HAL_RTC_Init)
    HAL_RTC_MspInit                          0x08004b75   Thumb Code    50  rtc.o(i.HAL_RTC_MspInit)
    HAL_RTC_WaitForSynchro                   0x08004bb1   Thumb Code    52  stm32f4xx_hal_rtc.o(i.HAL_RTC_WaitForSynchro)
    HAL_SYSTICK_Config                       0x08004be9   Thumb Code    52  stm32f4xx_hal_cortex.o(i.HAL_SYSTICK_Config)
    HAL_TIMEx_BreakCallback                  0x08004c1d   Thumb Code     2  stm32f4xx_hal_tim_ex.o(i.HAL_TIMEx_BreakCallback)
    HAL_TIMEx_CommutCallback                 0x08004c1f   Thumb Code     2  stm32f4xx_hal_tim_ex.o(i.HAL_TIMEx_CommutCallback)
    HAL_TIMEx_MasterConfigSynchronization    0x08004c21   Thumb Code   150  stm32f4xx_hal_tim_ex.o(i.HAL_TIMEx_MasterConfigSynchronization)
    HAL_TIM_Base_Init                        0x08004cd5   Thumb Code   102  stm32f4xx_hal_tim.o(i.HAL_TIM_Base_Init)
    HAL_TIM_Base_MspInit                     0x08004d3d   Thumb Code   224  tim.o(i.HAL_TIM_Base_MspInit)
    HAL_TIM_Base_Start_IT                    0x08004e2d   Thumb Code   138  stm32f4xx_hal_tim.o(i.HAL_TIM_Base_Start_IT)
    HAL_TIM_ConfigClockSource                0x08004ed5   Thumb Code   268  stm32f4xx_hal_tim.o(i.HAL_TIM_ConfigClockSource)
    HAL_TIM_IC_CaptureCallback               0x08004fe1   Thumb Code     2  stm32f4xx_hal_tim.o(i.HAL_TIM_IC_CaptureCallback)
    HAL_TIM_IRQHandler                       0x08004fe3   Thumb Code   364  stm32f4xx_hal_tim.o(i.HAL_TIM_IRQHandler)
    HAL_TIM_MspPostInit                      0x08005151   Thumb Code    84  tim.o(i.HAL_TIM_MspPostInit)
    HAL_TIM_OC_DelayElapsedCallback          0x080051b1   Thumb Code     2  stm32f4xx_hal_tim.o(i.HAL_TIM_OC_DelayElapsedCallback)
    HAL_TIM_PWM_ConfigChannel                0x080051b3   Thumb Code   260  stm32f4xx_hal_tim.o(i.HAL_TIM_PWM_ConfigChannel)
    HAL_TIM_PWM_Init                         0x080052b7   Thumb Code   102  stm32f4xx_hal_tim.o(i.HAL_TIM_PWM_Init)
    HAL_TIM_PWM_MspInit                      0x0800531d   Thumb Code     2  stm32f4xx_hal_tim.o(i.HAL_TIM_PWM_MspInit)
    HAL_TIM_PWM_PulseFinishedCallback        0x0800531f   Thumb Code     2  stm32f4xx_hal_tim.o(i.HAL_TIM_PWM_PulseFinishedCallback)
    HAL_TIM_PWM_Start                        0x08005321   Thumb Code   238  stm32f4xx_hal_tim.o(i.HAL_TIM_PWM_Start)
    HAL_TIM_PWM_Stop                         0x0800542d   Thumb Code   160  stm32f4xx_hal_tim.o(i.HAL_TIM_PWM_Stop)
    HAL_TIM_PeriodElapsedCallback            0x080054d5   Thumb Code   252  chassis_task.o(i.HAL_TIM_PeriodElapsedCallback)
    HAL_TIM_TriggerCallback                  0x080055e5   Thumb Code     2  stm32f4xx_hal_tim.o(i.HAL_TIM_TriggerCallback)
    HAL_UARTEx_RxEventCallback               0x080055e7   Thumb Code     2  stm32f4xx_hal_uart.o(i.HAL_UARTEx_RxEventCallback)
    HAL_UART_ErrorCallback                   0x080055e9   Thumb Code     2  stm32f4xx_hal_uart.o(i.HAL_UART_ErrorCallback)
    HAL_UART_IRQHandler                      0x080055ed   Thumb Code   740  stm32f4xx_hal_uart.o(i.HAL_UART_IRQHandler)
    HAL_UART_Init                            0x080058d5   Thumb Code   118  stm32f4xx_hal_uart.o(i.HAL_UART_Init)
    HAL_UART_MspInit                         0x0800594d   Thumb Code   588  usart.o(i.HAL_UART_MspInit)
    HAL_UART_RxCpltCallback                  0x08005bc5   Thumb Code     2  stm32f4xx_hal_uart.o(i.HAL_UART_RxCpltCallback)
    HAL_UART_Transmit                        0x08005bc7   Thumb Code   190  stm32f4xx_hal_uart.o(i.HAL_UART_Transmit)
    HAL_UART_TxCpltCallback                  0x08005c85   Thumb Code     2  stm32f4xx_hal_uart.o(i.HAL_UART_TxCpltCallback)
    HardFault_Handler                        0x08005c87   Thumb Code     4  stm32f4xx_it.o(i.HardFault_Handler)
    Judge_Buffer_Receive_Task                0x08005c8d   Thumb Code   122  referee.o(i.Judge_Buffer_Receive_Task)
    Lanelines_Init                           0x08005d11   Thumb Code   136  graphicssendtask.o(i.Lanelines_Init)
    Line_Draw                                0x08005da9   Thumb Code   158  graphicssendtask.o(i.Line_Draw)
    MX_CAN1_Init                             0x08005e4d   Thumb Code    62  can.o(i.MX_CAN1_Init)
    MX_CAN2_Init                             0x08005e95   Thumb Code    62  can.o(i.MX_CAN2_Init)
    MX_DMA_Init                              0x08005edd   Thumb Code   100  dma.o(i.MX_DMA_Init)
    MX_GPIO_Init                             0x08005f45   Thumb Code   288  gpio.o(i.MX_GPIO_Init)
    MX_RTC_Init                              0x08006071   Thumb Code    44  rtc.o(i.MX_RTC_Init)
    MX_TIM2_Init                             0x080060a5   Thumb Code   102  tim.o(i.MX_TIM2_Init)
    MX_TIM3_Init                             0x08006111   Thumb Code   102  tim.o(i.MX_TIM3_Init)
    MX_TIM4_Init                             0x08006181   Thumb Code   154  tim.o(i.MX_TIM4_Init)
    MX_TIM9_Init                             0x08006225   Thumb Code    74  tim.o(i.MX_TIM9_Init)
    MX_USART1_UART_Init                      0x08006279   Thumb Code    46  usart.o(i.MX_USART1_UART_Init)
    MX_USART6_UART_Init                      0x080062b1   Thumb Code    46  usart.o(i.MX_USART6_UART_Init)
    MemManage_Handler                        0x080062e9   Thumb Code     4  stm32f4xx_it.o(i.MemManage_Handler)
    My_atan                                  0x080062ed   Thumb Code   224  kinematic.o(i.My_atan)
    NMI_Handler                              0x080063ed   Thumb Code     4  stm32f4xx_it.o(i.NMI_Handler)
    PID_Calculate                            0x080063f1   Thumb Code   426  pid.o(i.PID_Calculate)
    PID_Init                                 0x080065a1   Thumb Code    32  pid.o(i.PID_Init)
    PendSV_Handler                           0x080065c9   Thumb Code     2  stm32f4xx_it.o(i.PendSV_Handler)
    RTC_EnterInitMode                        0x080065cb   Thumb Code    74  stm32f4xx_hal_rtc.o(i.RTC_EnterInitMode)
    RTC_ExitInitMode                         0x08006615   Thumb Code    46  stm32f4xx_hal_rtc.o(i.RTC_ExitInitMode)
    ReFeree_Usart_Init                       0x08006645   Thumb Code   294  referee.o(i.ReFeree_Usart_Init)
    Rectangle_Draw                           0x08006789   Thumb Code   160  graphicssendtask.o(i.Rectangle_Draw)
    Referee_Init                             0x0800682d   Thumb Code    30  referee.o(i.Referee_Init)
    SVC_Handler                              0x08006859   Thumb Code     2  stm32f4xx_it.o(i.SVC_Handler)
    Send_UIPack                              0x0800685d   Thumb Code    70  graphicssendtask.o(i.Send_UIPack)
    Send_toReferee                           0x080068a9   Thumb Code   108  graphicssendtask.o(i.Send_toReferee)
    Set_AGV_Velocity_Vector_Data_Update      0x08006929   Thumb Code    26  agv_control.o(i.Set_AGV_Velocity_Vector_Data_Update)
    ShootLines_Init                          0x08006945   Thumb Code   756  graphicssendtask.o(i.ShootLines_Init)
    Speed_Limitation                         0x08006cad   Thumb Code   466  kinematic.o(i.Speed_Limitation)
    Square                                   0x08006e89   Thumb Code    14  kinematic.o(i.Square)
    Supercap_Task                            0x08006e99   Thumb Code   116  supercap.o(i.Supercap_Task)
    SysTick_Handler                          0x08006f25   Thumb Code     8  stm32f4xx_it.o(i.SysTick_Handler)
    SystemClock_Config                       0x08006f2d   Thumb Code   178  main.o(i.SystemClock_Config)
    SystemInit                               0x08006fe9   Thumb Code    14  system_stm32f4xx.o(i.SystemInit)
    TIM1msMod50_Alive_PeriodElapsedCallback  0x08006ffd   Thumb Code     8  chassis_task.o(i.TIM1msMod50_Alive_PeriodElapsedCallback)
    TIM2_IRQHandler                          0x08007005   Thumb Code    10  stm32f4xx_it.o(i.TIM2_IRQHandler)
    TIM3_IRQHandler                          0x08007015   Thumb Code    10  stm32f4xx_it.o(i.TIM3_IRQHandler)
    TIM4_IRQHandler                          0x08007025   Thumb Code    10  stm32f4xx_it.o(i.TIM4_IRQHandler)
    TIM_Base_SetConfig                       0x0800705d   Thumb Code   186  stm32f4xx_hal_tim.o(i.TIM_Base_SetConfig)
    TIM_CAN_PeriodElapsedCallback            0x08007145   Thumb Code    52  drv_can.o(i.TIM_CAN_PeriodElapsedCallback)
    TIM_CCxChannelCmd                        0x08007189   Thumb Code    34  stm32f4xx_hal_tim.o(i.TIM_CCxChannelCmd)
    TIM_ETR_SetConfig                        0x080071ab   Thumb Code    22  stm32f4xx_hal_tim.o(i.TIM_ETR_SetConfig)
    TIM_OC2_SetConfig                        0x08007245   Thumb Code   114  stm32f4xx_hal_tim.o(i.TIM_OC2_SetConfig)
    Task_Init                                0x080073dd   Thumb Code    34  chassis_task.o(i.Task_Init)
    Time_Count_Task                          0x08007409   Thumb Code    40  chassis_task.o(i.Time_Count_Task)
    Tx_Super_Capacitor                       0x08007431   Thumb Code   138  supercap.o(i.Tx_Super_Capacitor)
    USART1_IRQHandler                        0x08007991   Thumb Code    10  stm32f4xx_it.o(i.USART1_IRQHandler)
    USART6_IRQHandler                        0x080079a1   Thumb Code   282  referee.o(i.USART6_IRQHandler)
    UsageFault_Handler                       0x08007ad9   Thumb Code     4  stm32f4xx_it.o(i.UsageFault_Handler)
    Verify_CRC16_Check_Sum                   0x08007add   Thumb Code    60  algorithmofcrc.o(i.Verify_CRC16_Check_Sum)
    Verify_CRC8_Check_Sum                    0x08007b1d   Thumb Code    46  algorithmofcrc.o(i.Verify_CRC8_Check_Sum)
    Yaw_Angle_Process                        0x08007b4d   Thumb Code   150  chassis.o(i.Yaw_Angle_Process)
    Yaw_Init                                 0x08007bed   Thumb Code    28  chassis.o(i.Yaw_Init)
    __ARM_fpclassify                         0x08007c15   Thumb Code    48  fpclassify.o(i.__ARM_fpclassify)
    __hardfp_atan                            0x08007c89   Thumb Code   622  atan.o(i.__hardfp_atan)
    __hardfp_atan2                           0x08007f61   Thumb Code   432  atan2.o(i.__hardfp_atan2)
    __hardfp_cos                             0x08008151   Thumb Code   180  cos.o(i.__hardfp_cos)
    __hardfp_pow                             0x08008219   Thumb Code  3072  pow.o(i.__hardfp_pow)
    __hardfp_sin                             0x08008e69   Thumb Code   180  sin.o(i.__hardfp_sin)
    __hardfp_sqrt                            0x08008f31   Thumb Code   122  sqrt.o(i.__hardfp_sqrt)
    __ieee754_rem_pio2                       0x08008fb1   Thumb Code   938  rred.o(i.__ieee754_rem_pio2)
    __kernel_cos                             0x080093e9   Thumb Code   322  cos_i.o(i.__kernel_cos)
    __kernel_poly                            0x08009559   Thumb Code   248  poly.o(i.__kernel_poly)
    __kernel_sin                             0x08009651   Thumb Code   280  sin_i.o(i.__kernel_sin)
    __mathlib_dbl_divzero                    0x08009781   Thumb Code    28  dunder.o(i.__mathlib_dbl_divzero)
    __mathlib_dbl_infnan                     0x080097b1   Thumb Code    20  dunder.o(i.__mathlib_dbl_infnan)
    __mathlib_dbl_infnan2                    0x080097c5   Thumb Code    20  dunder.o(i.__mathlib_dbl_infnan2)
    __mathlib_dbl_invalid                    0x080097d9   Thumb Code    24  dunder.o(i.__mathlib_dbl_invalid)
    __mathlib_dbl_overflow                   0x080097f9   Thumb Code    24  dunder.o(i.__mathlib_dbl_overflow)
    __mathlib_dbl_underflow                  0x08009819   Thumb Code    24  dunder.o(i.__mathlib_dbl_underflow)
    __scatterload_copy                       0x08009839   Thumb Code    14  handlers.o(i.__scatterload_copy)
    __scatterload_null                       0x08009847   Thumb Code     2  handlers.o(i.__scatterload_null)
    __scatterload_zeroinit                   0x08009849   Thumb Code    14  handlers.o(i.__scatterload_zeroinit)
    __set_errno                              0x0800985d   Thumb Code     6  errno.o(i.__set_errno)
    atan                                     0x08009869   Thumb Code    16  atan.o(i.atan)
    buzzerBsp_checkTickTolerance             0x08009879   Thumb Code    18  buzzer_bsp.o(i.buzzerBsp_checkTickTolerance)
    buzzerBsp_setSwitch                      0x0800988b   Thumb Code    20  buzzer_bsp.o(i.buzzerBsp_setSwitch)
    buzzerBsp_setTimer                       0x0800989f   Thumb Code    20  buzzer_bsp.o(i.buzzerBsp_setTimer)
    buzzer_getTick                           0x080098b3   Thumb Code    20  buzzer.o(i.buzzer_getTick)
    buzzer_handleInit                        0x080098c9   Thumb Code    38  buzzer.o(i.buzzer_handleInit)
    buzzer_init_example                      0x080098fd   Thumb Code   158  buzzer.o(i.buzzer_init_example)
    buzzer_playCalibrated                    0x080099bd   Thumb Code   112  buzzer.o(i.buzzer_playCalibrated)
    buzzer_playCalibrating                   0x08009a2d   Thumb Code   112  buzzer.o(i.buzzer_playCalibrating)
    buzzer_playDeviceOffline                 0x08009a9d   Thumb Code   112  buzzer.o(i.buzzer_playDeviceOffline)
    buzzer_playDjiStartUp                    0x08009b0d   Thumb Code   136  buzzer.o(i.buzzer_playDjiStartUp)
    buzzer_playTone                          0x08009b95   Thumb Code   134  buzzer.o(i.buzzer_playTone)
    buzzer_setState                          0x08009c2d   Thumb Code    32  buzzer.o(i.buzzer_setState)
    buzzer_setTask                           0x08009c4d   Thumb Code    18  buzzer.o(i.buzzer_setTask)
    buzzer_taskScheduler                     0x08009c5f   Thumb Code   140  buzzer.o(i.buzzer_taskScheduler)
    buzzzerBsp_getTick                       0x08009ceb   Thumb Code    16  buzzer_bsp.o(i.buzzzerBsp_getTick)
    calculate_true_power                     0x08009cfd   Thumb Code   412  agv_control.o(i.calculate_true_power)
    can_filter_mask_config                   0x08009ec1   Thumb Code   110  drv_can.o(i.can_filter_mask_config)
    fabs                                     0x0800a435   Thumb Code    24  fabs.o(i.fabs)
    fifo_s_get                               0x0800a44d   Thumb Code    58  fifo.o(i.fifo_s_get)
    fifo_s_init                              0x0800a487   Thumb Code    22  fifo.o(i.fifo_s_init)
    fifo_s_puts                              0x0800a49d   Thumb Code   160  fifo.o(i.fifo_s_puts)
    fifo_s_used                              0x0800a53d   Thumb Code     6  fifo.o(i.fifo_s_used)
    main                                     0x0800a545   Thumb Code    82  main.o(i.main)
    referee_unpack_fifo_data                 0x0800a649   Thumb Code   322  referee.o(i.referee_unpack_fifo_data)
    sqrt                                     0x0800a795   Thumb Code   110  sqrt.o(i.sqrt)
    AHBPrescTable                            0x0800a80a   Data          16  system_stm32f4xx.o(.constdata)
    APBPrescTable                            0x0800a81a   Data           8  system_stm32f4xx.o(.constdata)
    CRC8_INIT                                0x0800a822   Data           1  algorithmofcrc.o(.constdata)
    CRC8_TAB                                 0x0800a823   Data         256  algorithmofcrc.o(.constdata)
    wCRC_Table                               0x0800a924   Data         512  algorithmofcrc.o(.constdata)
    __mathlib_zero                           0x0800ac78   Data           8  qnan.o(.constdata)
    Region$$Table$$Base                      0x0800ad70   Number         0  anon$$obj.o(Region$$Table)
    Region$$Table$$Limit                     0x0800ad90   Number         0  anon$$obj.o(Region$$Table)
    uwTick                                   0x20000004   Data           4  stm32f4xx_hal.o(.data)
    uwTickPrio                               0x20000008   Data           4  stm32f4xx_hal.o(.data)
    uwTickFreq                               0x2000000c   Data           1  stm32f4xx_hal.o(.data)
    SystemCoreClock                          0x20000010   Data           4  system_stm32f4xx.o(.data)
    CRC_INIT                                 0x20000014   Data           2  algorithmofcrc.o(.data)
    referee_receive_header                   0x20000016   Data           5  referee.o(.data)
    test_sum                                 0x20000020   Data           4  agv_control.o(.data)
    yaw_position_loop_data                   0x20000024   Data          40  chassis.o(.data)
    buffer_loop_data                         0x2000004c   Data          40  chassis.o(.data)
    supercap_loop_data                       0x20000074   Data          40  chassis.o(.data)
    AGV_tan                                  0x2000009c   Data           4  kinematic.o(.data)
    AGV_ang                                  0x200000a0   Data           4  kinematic.o(.data)
    chassis_angle                            0x200000a4   Data           4  kinematic.o(.data)
    pitch_change_flag                        0x200000a8   Data           4  graphicssendtask.o(.data)
    cap_percent_change_flag                  0x200000ac   Data           4  graphicssendtask.o(.data)
    BigFrictSpeed_change_flag                0x200000b0   Data           4  graphicssendtask.o(.data)
    Pitch_change_flag                        0x200000b4   Data           4  graphicssendtask.o(.data)
    last_cap_vol                             0x200000b8   Data           4  graphicssendtask.o(.data)
    lastBigFrictSpeed                        0x200000bc   Data           2  graphicssendtask.o(.data)
    DMAsendflag                              0x200000be   Data           1  graphicssendtask.o(.data)
    RectCenterX                              0x200000c0   Data           2  graphicssendtask.o(.data)
    RectCenterY                              0x200000c2   Data           2  graphicssendtask.o(.data)
    startX                                   0x200000c4   Data           2  graphicssendtask.o(.data)
    startY                                   0x200000c6   Data           2  graphicssendtask.o(.data)
    endX                                     0x200000c8   Data           2  graphicssendtask.o(.data)
    endY                                     0x200000ca   Data           2  graphicssendtask.o(.data)
    angle                                    0x200000cc   Data           4  graphicssendtask.o(.data)
    angle1                                   0x200000d0   Data           4  graphicssendtask.o(.data)
    Length                                   0x200000d4   Data           4  graphicssendtask.o(.data)
    UITask_RunTime                           0x200000d8   Data           4  graphicssendtask.o(.data)
    UISendTask_high_water                    0x200000dc   Data           4  graphicssendtask.o(.data)
    InitFlag                                 0x200000e0   Data           2  graphicssendtask.o(.data)
    Pitch                                    0x200000e4   Data           4  graphicssendtask.o(.data)
    CAN2_0x66_Tx_Data                        0x20000178   Data           8  supercap.o(.data)
    Max_Power                                0x20000180   Data           4  supercap.o(.data)
    Add_Power                                0x20000184   Data           4  supercap.o(.data)
    CAN1_0x1ff_Tx_Data                       0x20000188   Data           8  drv_can.o(.data)
    CAN1_0x200_Tx_Data                       0x20000190   Data           8  drv_can.o(.data)
    CAN1_0x2ff_Tx_Data                       0x20000198   Data           8  drv_can.o(.data)
    CAN1_0xxf1_Tx_Data                       0x200001a0   Data           8  drv_can.o(.data)
    CAN1_0xxf2_Tx_Data                       0x200001a8   Data           8  drv_can.o(.data)
    CAN1_0xxf3_Tx_Data                       0x200001b0   Data           8  drv_can.o(.data)
    CAN1_0xxf4_Tx_Data                       0x200001b8   Data           8  drv_can.o(.data)
    CAN1_0xxf5_Tx_Data                       0x200001c0   Data           8  drv_can.o(.data)
    CAN1_0xxf6_Tx_Data                       0x200001c8   Data           8  drv_can.o(.data)
    CAN1_0xxf7_Tx_Data                       0x200001d0   Data           8  drv_can.o(.data)
    CAN1_0xxf8_Tx_Data                       0x200001d8   Data           8  drv_can.o(.data)
    CAN2_0x1fe_Tx_Data                       0x200001e0   Data           8  drv_can.o(.data)
    CAN2_0x1ff_Tx_Data                       0x200001e8   Data           8  drv_can.o(.data)
    CAN2_0x200_Tx_Data                       0x200001f0   Data           8  drv_can.o(.data)
    CAN2_0x2ff_Tx_Data                       0x200001f8   Data           8  drv_can.o(.data)
    CAN2_0xxf1_Tx_Data                       0x20000200   Data           8  drv_can.o(.data)
    CAN2_0xxf2_Tx_Data                       0x20000208   Data           8  drv_can.o(.data)
    CAN2_0xxf3_Tx_Data                       0x20000210   Data           8  drv_can.o(.data)
    CAN2_0xxf4_Tx_Data                       0x20000218   Data           8  drv_can.o(.data)
    CAN2_0xxf5_Tx_Data                       0x20000220   Data           8  drv_can.o(.data)
    CAN2_0xxf6_Tx_Data                       0x20000228   Data           8  drv_can.o(.data)
    CAN2_0xxf7_Tx_Data                       0x20000230   Data           8  drv_can.o(.data)
    CAN2_0xxf8_Tx_Data                       0x20000238   Data           8  drv_can.o(.data)
    AGV_A_Tx_Data                            0x20000240   Data           8  drv_can.o(.data)
    AGV_B_Tx_Data                            0x20000248   Data           8  drv_can.o(.data)
    AGV_C_Tx_Data                            0x20000250   Data           8  drv_can.o(.data)
    AGV_D_Tx_Data                            0x20000258   Data           8  drv_can.o(.data)
    CAN_Supercap_Tx_Data                     0x20000260   Data           8  drv_can.o(.data)
    time                                     0x2000026c   Data           8  chassis_task.o(.data)
    hcan1                                    0x20000278   Data          40  can.o(.bss)
    hcan2                                    0x200002a0   Data          40  can.o(.bss)
    hrtc                                     0x200002c8   Data          32  rtc.o(.bss)
    htim2                                    0x200002e8   Data          72  tim.o(.bss)
    htim3                                    0x20000330   Data          72  tim.o(.bss)
    htim4                                    0x20000378   Data          72  tim.o(.bss)
    htim9                                    0x200003c0   Data          72  tim.o(.bss)
    huart1                                   0x20000408   Data          72  usart.o(.bss)
    huart6                                   0x20000450   Data          72  usart.o(.bss)
    hdma_usart1_rx                           0x20000498   Data          96  usart.o(.bss)
    hdma_usart1_tx                           0x200004f8   Data          96  usart.o(.bss)
    hdma_usart6_tx                           0x20000558   Data          96  usart.o(.bss)
    hdma_usart6_rx                           0x200005b8   Data          96  usart.o(.bss)
    usart6_buf                               0x20000618   Data        1024  referee.o(.bss)
    referee_fifo                             0x20000a18   Data          24  referee.o(.bss)
    referee_fifo_buf                         0x20000a30   Data        1024  referee.o(.bss)
    JudgeReceive                             0x20000e30   Data          56  referee.o(.bss)
    referee_unpack_obj                       0x20000e68   Data         140  referee.o(.bss)
    chassis_power_control                    0x20000ef4   Data          48  agv_control.o(.bss)
    buffer_pid                               0x20000f24   Data         127  agv_control.o(.bss)
    supercap_pid                             0x20000fa3   Data         127  agv_control.o(.bss)
    chassis                                  0x20001024   Data         248  chassis.o(.bss)
    yaw                                      0x2000111c   Data         104  chassis.o(.bss)
    yaw_pid                                  0x20001184   Data         254  chassis.o(.bss)
    connection                               0x20001284   Data          36  gimbal_connection.o(.bss)
    F405                                     0x200012a8   Data          14  graphicssendtask.o(.bss)
    vol_change_array                         0x200012b8   Data          36  graphicssendtask.o(.bss)
    Transmit_Pack                            0x200012dc   Data         128  graphicssendtask.o(.bss)
    data_pack                                0x2000135c   Data         105  graphicssendtask.o(.bss)
    buzzer                                   0x20001410   Data          36  buzzer.o(.bss)
    CAN1_Manage_Object                       0x20001434   Data          44  drv_can.o(.bss)
    CAN2_Manage_Object                       0x20001460   Data          44  drv_can.o(.bss)
    __initial_sp                             0x20001890   Data           0  startup_stm32f407xx.o(STACK)



==============================================================================

Memory Map of the image

  Image Entry point : 0x08000189

  Load Region LR_IROM1 (Base: 0x08000000, Size: 0x0000b008, Max: 0x00100000, ABSOLUTE, COMPRESSED[0x0000ae38])

    Execution Region ER_IROM1 (Exec base: 0x08000000, Load base: 0x08000000, Size: 0x0000ad90, Max: 0x00100000, ABSOLUTE)

    Exec Addr    Load Addr    Size         Type   Attr      Idx    E Section Name        Object

    0x08000000   0x08000000   0x00000188   Data   RO            3    RESET               startup_stm32f407xx.o
    0x08000188   0x08000188   0x00000000   Code   RO         5470  * .ARM.Collect$$$$00000000  mc_w.l(entry.o)
    0x08000188   0x08000188   0x00000004   Code   RO         5835    .ARM.Collect$$$$00000001  mc_w.l(entry2.o)
    0x0800018c   0x0800018c   0x00000004   Code   RO         5838    .ARM.Collect$$$$00000004  mc_w.l(entry5.o)
    0x08000190   0x08000190   0x00000000   Code   RO         5840    .ARM.Collect$$$$00000008  mc_w.l(entry7b.o)
    0x08000190   0x08000190   0x00000000   Code   RO         5842    .ARM.Collect$$$$0000000A  mc_w.l(entry8b.o)
    0x08000190   0x08000190   0x00000008   Code   RO         5843    .ARM.Collect$$$$0000000B  mc_w.l(entry9a.o)
    0x08000198   0x08000198   0x00000000   Code   RO         5845    .ARM.Collect$$$$0000000D  mc_w.l(entry10a.o)
    0x08000198   0x08000198   0x00000000   Code   RO         5847    .ARM.Collect$$$$0000000F  mc_w.l(entry11a.o)
    0x08000198   0x08000198   0x00000004   Code   RO         5836    .ARM.Collect$$$$00002712  mc_w.l(entry2.o)
    0x0800019c   0x0800019c   0x00000024   Code   RO            4    .text               startup_stm32f407xx.o
    0x080001c0   0x080001c0   0x00000062   Code   RO         5473    .text               mc_w.l(uldiv.o)
    0x08000222   0x08000222   0x00000024   Code   RO         5475    .text               mc_w.l(memcpya.o)
    0x08000246   0x08000246   0x00000024   Code   RO         5477    .text               mc_w.l(memseta.o)
    0x0800026a   0x0800026a   0x0000014e   Code   RO         5772    .text               mf_w.l(dadd.o)
    0x080003b8   0x080003b8   0x000000e4   Code   RO         5774    .text               mf_w.l(dmul.o)
    0x0800049c   0x0800049c   0x000000de   Code   RO         5776    .text               mf_w.l(ddiv.o)
    0x0800057a   0x0800057a   0x00000022   Code   RO         5780    .text               mf_w.l(dflti.o)
    0x0800059c   0x0800059c   0x0000001a   Code   RO         5782    .text               mf_w.l(dfltui.o)
    0x080005b6   0x080005b6   0x0000003e   Code   RO         5784    .text               mf_w.l(dfixi.o)
    0x080005f4   0x080005f4   0x00000032   Code   RO         5786    .text               mf_w.l(dfixui.o)
    0x08000626   0x08000626   0x00000026   Code   RO         5788    .text               mf_w.l(f2d.o)
    0x0800064c   0x0800064c   0x00000030   Code   RO         5790    .text               mf_w.l(cdcmple.o)
    0x0800067c   0x0800067c   0x00000030   Code   RO         5792    .text               mf_w.l(cdrcmple.o)
    0x080006ac   0x080006ac   0x00000038   Code   RO         5794    .text               mf_w.l(d2f.o)
    0x080006e4   0x080006e4   0x0000001e   Code   RO         5854    .text               mc_w.l(llshl.o)
    0x08000702   0x08000702   0x00000020   Code   RO         5856    .text               mc_w.l(llushr.o)
    0x08000722   0x08000722   0x00000024   Code   RO         5858    .text               mc_w.l(llsshr.o)
    0x08000746   0x08000746   0x00000000   Code   RO         5869    .text               mc_w.l(iusefp.o)
    0x08000746   0x08000746   0x0000006e   Code   RO         5870    .text               mf_w.l(fepilogue.o)
    0x080007b4   0x080007b4   0x000000ba   Code   RO         5872    .text               mf_w.l(depilogue.o)
    0x0800086e   0x0800086e   0x0000002e   Code   RO         5874    .text               mf_w.l(dscalb.o)
    0x0800089c   0x0800089c   0x000000a2   Code   RO         5876    .text               mf_w.l(dsqrt.o)
    0x0800093e   0x0800093e   0x00000002   PAD
    0x08000940   0x08000940   0x00000024   Code   RO         5880    .text               mc_w.l(init.o)
    0x08000964   0x08000964   0x00000056   Code   RO         5892    .text               mc_w.l(__dczerorl2.o)
    0x080009ba   0x080009ba   0x00000002   PAD
    0x080009bc   0x080009bc   0x00000874   Code   RO         4351    i.AGV_Calc_Angle_Speed  kinematic.o
    0x08001230   0x08001230   0x00000084   Code   RO         4353    i.AGV_DirectiveMotor_RobotMotion_To_TargetStatus  kinematic.o
    0x080012b4   0x080012b4   0x00000210   Code   RO         4354    i.AGV_DirectiveMotor_TargetStatus_To_MotorAngle_In_ChassisCoordinate  kinematic.o
    0x080014c4   0x080014c4   0x0000037c   Code   RO         4036    i.AGV_connoection   agv_control.o
    0x08001840   0x08001840   0x00000030   Code   RO         3913    i.Append_CRC16_Check_Sum  algorithmofcrc.o
    0x08001870   0x08001870   0x00000024   Code   RO         3914    i.Append_CRC8_Check_Sum  algorithmofcrc.o
    0x08001894   0x08001894   0x00000004   Code   RO          511    i.BusFault_Handler  stm32f4xx_it.o
    0x08001898   0x08001898   0x00000078   Code   RO         4428    i.CAN1_Call_Back    can_connection.o
    0x08001910   0x08001910   0x00000010   Code   RO          512    i.CAN1_RX0_IRQHandler  stm32f4xx_it.o
    0x08001920   0x08001920   0x00000010   Code   RO          513    i.CAN1_RX1_IRQHandler  stm32f4xx_it.o
    0x08001930   0x08001930   0x00000010   Code   RO          514    i.CAN1_TX_IRQHandler  stm32f4xx_it.o
    0x08001940   0x08001940   0x00000090   Code   RO         4429    i.CAN2_Call_Back    can_connection.o
    0x080019d0   0x080019d0   0x00000010   Code   RO          515    i.CAN2_RX0_IRQHandler  stm32f4xx_it.o
    0x080019e0   0x080019e0   0x00000010   Code   RO          516    i.CAN2_RX1_IRQHandler  stm32f4xx_it.o
    0x080019f0   0x080019f0   0x00000010   Code   RO          517    i.CAN2_TX_IRQHandler  stm32f4xx_it.o
    0x08001a00   0x08001a00   0x0000004c   Code   RO         4197    i.CAN_Chassis_TxCpltCallback  gimbal_connection.o
    0x08001a4c   0x08001a4c   0x000000e8   Code   RO         4937    i.CAN_Init          drv_can.o
    0x08001b34   0x08001b34   0x00000028   Code   RO         4938    i.CAN_Send_Data     drv_can.o
    0x08001b5c   0x08001b5c   0x0000002c   Code   RO         4939    i.CAN_Send_EXT_Data  drv_can.o
    0x08001b88   0x08001b88   0x00000024   Code   RO         4430    i.Can_Connection_Init  can_connection.o
    0x08001bac   0x08001bac   0x0000014c   Code   RO         4627    i.CapDraw           graphicssendtask.o
    0x08001cf8   0x08001cf8   0x00000080   Code   RO         4628    i.CapUI_Change      graphicssendtask.o
    0x08001d78   0x08001d78   0x000005e0   Code   RO         4630    i.CharChange        graphicssendtask.o
    0x08002358   0x08002358   0x000000c4   Code   RO         4631    i.CharGraphic_Draw  graphicssendtask.o
    0x0800241c   0x0800241c   0x00000078   Code   RO         4632    i.Char_Draw         graphicssendtask.o
    0x08002494   0x08002494   0x0000015c   Code   RO         4633    i.Char_Init         graphicssendtask.o
    0x080025f0   0x080025f0   0x0000002a   Code   RO         4198    i.Chassis_Control_Mode_Update  gimbal_connection.o
    0x0800261a   0x0800261a   0x00000016   Code   RO         4199    i.Chassis_Flag_Update  gimbal_connection.o
    0x08002630   0x08002630   0x0000007c   Code   RO         4105    i.Chassis_Init      chassis.o
    0x080026ac   0x080026ac   0x000000cc   Code   RO         4106    i.Chassis_Inveter_Judge  chassis.o
    0x08002778   0x08002778   0x000000e0   Code   RO         4107    i.Chassis_Mode_Command_Update  chassis.o
    0x08002858   0x08002858   0x0000001c   Code   RO         4108    i.Chassis_Move      chassis.o
    0x08002874   0x08002874   0x00000024   Code   RO         4037    i.Chassis_Power_Control_Init  agv_control.o
    0x08002898   0x08002898   0x0000000e   Code   RO         4200    i.Chassis_Speed_Command_Update  gimbal_connection.o
    0x080028a6   0x080028a6   0x00000002   PAD
    0x080028a8   0x080028a8   0x00000074   Code   RO         4356    i.Chassis_Speed_Control  kinematic.o
    0x0800291c   0x0800291c   0x000000f4   Code   RO         4109    i.Chassis_Speed_Slow_Motion  chassis.o
    0x08002a10   0x08002a10   0x00000010   Code   RO          518    i.DMA2_Stream1_IRQHandler  stm32f4xx_it.o
    0x08002a20   0x08002a20   0x00000010   Code   RO          519    i.DMA2_Stream5_IRQHandler  stm32f4xx_it.o
    0x08002a30   0x08002a30   0x00000010   Code   RO          520    i.DMA2_Stream6_IRQHandler  stm32f4xx_it.o
    0x08002a40   0x08002a40   0x00000010   Code   RO          521    i.DMA2_Stream7_IRQHandler  stm32f4xx_it.o
    0x08002a50   0x08002a50   0x00000034   Code   RO         1433    i.DMA_CalcBaseAndBitshift  stm32f4xx_hal_dma.o
    0x08002a84   0x08002a84   0x000000aa   Code   RO         1434    i.DMA_CheckFifoParam  stm32f4xx_hal_dma.o
    0x08002b2e   0x08002b2e   0x00000002   Code   RO          522    i.DebugMon_Handler  stm32f4xx_it.o
    0x08002b30   0x08002b30   0x00000010   Code   RO         4940    i.EXT_ID_Set        drv_can.o
    0x08002b40   0x08002b40   0x00000006   Code   RO           13    i.Error_Handler     main.o
    0x08002b46   0x08002b46   0x00000002   PAD
    0x08002b48   0x08002b48   0x00000108   Code   RO         4636    i.FloatData_Draw    graphicssendtask.o
    0x08002c50   0x08002c50   0x0000001a   Code   RO         4357    i.Float_Abs         kinematic.o
    0x08002c6a   0x08002c6a   0x00000002   PAD
    0x08002c6c   0x08002c6c   0x00000020   Code   RO         4253    i.GM6020_Current_From_Lsb_To_Ampere  motor.o
    0x08002c8c   0x08002c8c   0x0000002a   Code   RO         4254    i.GM6020_Feedback_Update  motor.o
    0x08002cb6   0x08002cb6   0x00000002   PAD
    0x08002cb8   0x08002cb8   0x00000024   Code   RO         4256    i.GM6020_Position_From_Lsb_To_Degree  motor.o
    0x08002cdc   0x08002cdc   0x0000002c   Code   RO         4257    i.GM6020_Position_From_Lsb_To_Rad  motor.o
    0x08002d08   0x08002d08   0x0000010c   Code   RO         4258    i.GM6020_Status_Update  motor.o
    0x08002e14   0x08002e14   0x00000034   Code   RO         3915    i.Get_CRC16_Check_Sum  algorithmofcrc.o
    0x08002e48   0x08002e48   0x00000024   Code   RO         3916    i.Get_CRC8_Check_Sum  algorithmofcrc.o
    0x08002e6c   0x08002e6c   0x000000a4   Code   RO         4110    i.Gimbal_To_Chassis_Relative_Angle_Update  chassis.o
    0x08002f10   0x08002f10   0x0000007c   Code   RO         4637    i.GraphicSendtask   graphicssendtask.o
    0x08002f8c   0x08002f8c   0x0000002a   Code   RO          696    i.HAL_CAN_ActivateNotification  stm32f4xx_hal_can.o
    0x08002fb6   0x08002fb6   0x0000014a   Code   RO          697    i.HAL_CAN_AddTxMessage  stm32f4xx_hal_can.o
    0x08003100   0x08003100   0x00000124   Code   RO          698    i.HAL_CAN_ConfigFilter  stm32f4xx_hal_can.o
    0x08003224   0x08003224   0x00000002   Code   RO          701    i.HAL_CAN_ErrorCallback  stm32f4xx_hal_can.o
    0x08003226   0x08003226   0x00000194   Code   RO          704    i.HAL_CAN_GetRxMessage  stm32f4xx_hal_can.o
    0x080033ba   0x080033ba   0x0000024e   Code   RO          708    i.HAL_CAN_IRQHandler  stm32f4xx_hal_can.o
    0x08003608   0x08003608   0x00000174   Code   RO          709    i.HAL_CAN_Init      stm32f4xx_hal_can.o
    0x0800377c   0x0800377c   0x000001a0   Code   RO          283    i.HAL_CAN_MspInit   can.o
    0x0800391c   0x0800391c   0x00000002   Code   RO          716    i.HAL_CAN_RxFifo0FullCallback  stm32f4xx_hal_can.o
    0x0800391e   0x0800391e   0x00000002   PAD
    0x08003920   0x08003920   0x00000058   Code   RO         4941    i.HAL_CAN_RxFifo0MsgPendingCallback  drv_can.o
    0x08003978   0x08003978   0x00000002   Code   RO          718    i.HAL_CAN_RxFifo1FullCallback  stm32f4xx_hal_can.o
    0x0800397a   0x0800397a   0x00000002   PAD
    0x0800397c   0x0800397c   0x00000058   Code   RO         4942    i.HAL_CAN_RxFifo1MsgPendingCallback  drv_can.o
    0x080039d4   0x080039d4   0x00000002   Code   RO          720    i.HAL_CAN_SleepCallback  stm32f4xx_hal_can.o
    0x080039d6   0x080039d6   0x0000005e   Code   RO          721    i.HAL_CAN_Start     stm32f4xx_hal_can.o
    0x08003a34   0x08003a34   0x00000002   Code   RO          723    i.HAL_CAN_TxMailbox0AbortCallback  stm32f4xx_hal_can.o
    0x08003a36   0x08003a36   0x00000002   Code   RO          724    i.HAL_CAN_TxMailbox0CompleteCallback  stm32f4xx_hal_can.o
    0x08003a38   0x08003a38   0x00000002   Code   RO          725    i.HAL_CAN_TxMailbox1AbortCallback  stm32f4xx_hal_can.o
    0x08003a3a   0x08003a3a   0x00000002   Code   RO          726    i.HAL_CAN_TxMailbox1CompleteCallback  stm32f4xx_hal_can.o
    0x08003a3c   0x08003a3c   0x00000002   Code   RO          727    i.HAL_CAN_TxMailbox2AbortCallback  stm32f4xx_hal_can.o
    0x08003a3e   0x08003a3e   0x00000002   Code   RO          728    i.HAL_CAN_TxMailbox2CompleteCallback  stm32f4xx_hal_can.o
    0x08003a40   0x08003a40   0x00000002   Code   RO          730    i.HAL_CAN_WakeUpFromRxMsgCallback  stm32f4xx_hal_can.o
    0x08003a42   0x08003a42   0x000000ac   Code   RO         1436    i.HAL_DMA_Abort     stm32f4xx_hal_dma.o
    0x08003aee   0x08003aee   0x00000028   Code   RO         1437    i.HAL_DMA_Abort_IT  stm32f4xx_hal_dma.o
    0x08003b16   0x08003b16   0x00000002   PAD
    0x08003b18   0x08003b18   0x00000240   Code   RO         1441    i.HAL_DMA_IRQHandler  stm32f4xx_hal_dma.o
    0x08003d58   0x08003d58   0x000000ec   Code   RO         1442    i.HAL_DMA_Init      stm32f4xx_hal_dma.o
    0x08003e44   0x08003e44   0x000001f4   Code   RO         1329    i.HAL_GPIO_Init     stm32f4xx_hal_gpio.o
    0x08004038   0x08004038   0x0000000c   Code   RO         1333    i.HAL_GPIO_WritePin  stm32f4xx_hal_gpio.o
    0x08004044   0x08004044   0x0000000c   Code   RO         1872    i.HAL_GetTick       stm32f4xx_hal.o
    0x08004050   0x08004050   0x00000018   Code   RO         1878    i.HAL_IncTick       stm32f4xx_hal.o
    0x08004068   0x08004068   0x0000003c   Code   RO         1879    i.HAL_Init          stm32f4xx_hal.o
    0x080040a4   0x080040a4   0x0000004c   Code   RO         1880    i.HAL_InitTick      stm32f4xx_hal.o
    0x080040f0   0x080040f0   0x00000048   Code   RO          671    i.HAL_MspInit       stm32f4xx_hal_msp.o
    0x08004138   0x08004138   0x00000028   Code   RO         1719    i.HAL_NVIC_EnableIRQ  stm32f4xx_hal_cortex.o
    0x08004160   0x08004160   0x0000007c   Code   RO         1725    i.HAL_NVIC_SetPriority  stm32f4xx_hal_cortex.o
    0x080041dc   0x080041dc   0x00000028   Code   RO         1726    i.HAL_NVIC_SetPriorityGrouping  stm32f4xx_hal_cortex.o
    0x08004204   0x08004204   0x000001a0   Code   RO         1035    i.HAL_RCCEx_PeriphCLKConfig  stm32f4xx_hal_rcc_ex.o
    0x080043a4   0x080043a4   0x00000184   Code   RO          930    i.HAL_RCC_ClockConfig  stm32f4xx_hal_rcc.o
    0x08004528   0x08004528   0x0000000c   Code   RO          935    i.HAL_RCC_GetHCLKFreq  stm32f4xx_hal_rcc.o
    0x08004534   0x08004534   0x00000020   Code   RO          937    i.HAL_RCC_GetPCLK1Freq  stm32f4xx_hal_rcc.o
    0x08004554   0x08004554   0x00000020   Code   RO          938    i.HAL_RCC_GetPCLK2Freq  stm32f4xx_hal_rcc.o
    0x08004574   0x08004574   0x000000b0   Code   RO          939    i.HAL_RCC_GetSysClockFreq  stm32f4xx_hal_rcc.o
    0x08004624   0x08004624   0x0000049c   Code   RO          942    i.HAL_RCC_OscConfig  stm32f4xx_hal_rcc.o
    0x08004ac0   0x08004ac0   0x000000b4   Code   RO         2130    i.HAL_RTC_Init      stm32f4xx_hal_rtc.o
    0x08004b74   0x08004b74   0x0000003c   Code   RO          356    i.HAL_RTC_MspInit   rtc.o
    0x08004bb0   0x08004bb0   0x00000038   Code   RO         2138    i.HAL_RTC_WaitForSynchro  stm32f4xx_hal_rtc.o
    0x08004be8   0x08004be8   0x00000034   Code   RO         1730    i.HAL_SYSTICK_Config  stm32f4xx_hal_cortex.o
    0x08004c1c   0x08004c1c   0x00000002   Code   RO         3236    i.HAL_TIMEx_BreakCallback  stm32f4xx_hal_tim_ex.o
    0x08004c1e   0x08004c1e   0x00000002   Code   RO         3237    i.HAL_TIMEx_CommutCallback  stm32f4xx_hal_tim_ex.o
    0x08004c20   0x08004c20   0x000000b4   Code   RO         3255    i.HAL_TIMEx_MasterConfigSynchronization  stm32f4xx_hal_tim_ex.o
    0x08004cd4   0x08004cd4   0x00000066   Code   RO         2521    i.HAL_TIM_Base_Init  stm32f4xx_hal_tim.o
    0x08004d3a   0x08004d3a   0x00000002   PAD
    0x08004d3c   0x08004d3c   0x000000f0   Code   RO          398    i.HAL_TIM_Base_MspInit  tim.o
    0x08004e2c   0x08004e2c   0x000000a8   Code   RO         2526    i.HAL_TIM_Base_Start_IT  stm32f4xx_hal_tim.o
    0x08004ed4   0x08004ed4   0x0000010c   Code   RO         2530    i.HAL_TIM_ConfigClockSource  stm32f4xx_hal_tim.o
    0x08004fe0   0x08004fe0   0x00000002   Code   RO         2555    i.HAL_TIM_IC_CaptureCallback  stm32f4xx_hal_tim.o
    0x08004fe2   0x08004fe2   0x0000016c   Code   RO         2569    i.HAL_TIM_IRQHandler  stm32f4xx_hal_tim.o
    0x0800514e   0x0800514e   0x00000002   PAD
    0x08005150   0x08005150   0x00000060   Code   RO          399    i.HAL_TIM_MspPostInit  tim.o
    0x080051b0   0x080051b0   0x00000002   Code   RO         2572    i.HAL_TIM_OC_DelayElapsedCallback  stm32f4xx_hal_tim.o
    0x080051b2   0x080051b2   0x00000104   Code   RO         2593    i.HAL_TIM_PWM_ConfigChannel  stm32f4xx_hal_tim.o
    0x080052b6   0x080052b6   0x00000066   Code   RO         2596    i.HAL_TIM_PWM_Init  stm32f4xx_hal_tim.o
    0x0800531c   0x0800531c   0x00000002   Code   RO         2598    i.HAL_TIM_PWM_MspInit  stm32f4xx_hal_tim.o
    0x0800531e   0x0800531e   0x00000002   Code   RO         2599    i.HAL_TIM_PWM_PulseFinishedCallback  stm32f4xx_hal_tim.o
    0x08005320   0x08005320   0x0000010c   Code   RO         2601    i.HAL_TIM_PWM_Start  stm32f4xx_hal_tim.o
    0x0800542c   0x0800542c   0x000000a8   Code   RO         2604    i.HAL_TIM_PWM_Stop  stm32f4xx_hal_tim.o
    0x080054d4   0x080054d4   0x00000110   Code   RO         5340    i.HAL_TIM_PeriodElapsedCallback  chassis_task.o
    0x080055e4   0x080055e4   0x00000002   Code   RO         2612    i.HAL_TIM_TriggerCallback  stm32f4xx_hal_tim.o
    0x080055e6   0x080055e6   0x00000002   Code   RO         3515    i.HAL_UARTEx_RxEventCallback  stm32f4xx_hal_uart.o
    0x080055e8   0x080055e8   0x00000002   Code   RO         3529    i.HAL_UART_ErrorCallback  stm32f4xx_hal_uart.o
    0x080055ea   0x080055ea   0x00000002   PAD
    0x080055ec   0x080055ec   0x000002e8   Code   RO         3532    i.HAL_UART_IRQHandler  stm32f4xx_hal_uart.o
    0x080058d4   0x080058d4   0x00000076   Code   RO         3533    i.HAL_UART_Init     stm32f4xx_hal_uart.o
    0x0800594a   0x0800594a   0x00000002   PAD
    0x0800594c   0x0800594c   0x00000278   Code   RO          464    i.HAL_UART_MspInit  usart.o
    0x08005bc4   0x08005bc4   0x00000002   Code   RO         3539    i.HAL_UART_RxCpltCallback  stm32f4xx_hal_uart.o
    0x08005bc6   0x08005bc6   0x000000be   Code   RO         3541    i.HAL_UART_Transmit  stm32f4xx_hal_uart.o
    0x08005c84   0x08005c84   0x00000002   Code   RO         3544    i.HAL_UART_TxCpltCallback  stm32f4xx_hal_uart.o
    0x08005c86   0x08005c86   0x00000004   Code   RO          523    i.HardFault_Handler  stm32f4xx_it.o
    0x08005c8a   0x08005c8a   0x00000002   PAD
    0x08005c8c   0x08005c8c   0x00000084   Code   RO         3974    i.Judge_Buffer_Receive_Task  referee.o
    0x08005d10   0x08005d10   0x00000098   Code   RO         4638    i.Lanelines_Init    graphicssendtask.o
    0x08005da8   0x08005da8   0x000000a4   Code   RO         4639    i.Line_Draw         graphicssendtask.o
    0x08005e4c   0x08005e4c   0x00000048   Code   RO          284    i.MX_CAN1_Init      can.o
    0x08005e94   0x08005e94   0x00000048   Code   RO          285    i.MX_CAN2_Init      can.o
    0x08005edc   0x08005edc   0x00000068   Code   RO          331    i.MX_DMA_Init       dma.o
    0x08005f44   0x08005f44   0x0000012c   Code   RO          258    i.MX_GPIO_Init      gpio.o
    0x08006070   0x08006070   0x00000034   Code   RO          357    i.MX_RTC_Init       rtc.o
    0x080060a4   0x080060a4   0x0000006c   Code   RO          400    i.MX_TIM2_Init      tim.o
    0x08006110   0x08006110   0x00000070   Code   RO          401    i.MX_TIM3_Init      tim.o
    0x08006180   0x08006180   0x000000a4   Code   RO          402    i.MX_TIM4_Init      tim.o
    0x08006224   0x08006224   0x00000054   Code   RO          403    i.MX_TIM9_Init      tim.o
    0x08006278   0x08006278   0x00000038   Code   RO          465    i.MX_USART1_UART_Init  usart.o
    0x080062b0   0x080062b0   0x00000038   Code   RO          466    i.MX_USART6_UART_Init  usart.o
    0x080062e8   0x080062e8   0x00000004   Code   RO          524    i.MemManage_Handler  stm32f4xx_it.o
    0x080062ec   0x080062ec   0x00000100   Code   RO         4358    i.My_atan           kinematic.o
    0x080063ec   0x080063ec   0x00000004   Code   RO          525    i.NMI_Handler       stm32f4xx_it.o
    0x080063f0   0x080063f0   0x000001b0   Code   RO         5008    i.PID_Calculate     pid.o
    0x080065a0   0x080065a0   0x00000028   Code   RO         5009    i.PID_Init          pid.o
    0x080065c8   0x080065c8   0x00000002   Code   RO          526    i.PendSV_Handler    stm32f4xx_it.o
    0x080065ca   0x080065ca   0x0000004a   Code   RO         2141    i.RTC_EnterInitMode  stm32f4xx_hal_rtc.o
    0x08006614   0x08006614   0x0000002e   Code   RO         2142    i.RTC_ExitInitMode  stm32f4xx_hal_rtc.o
    0x08006642   0x08006642   0x00000002   PAD
    0x08006644   0x08006644   0x00000144   Code   RO         3975    i.ReFeree_Usart_Init  referee.o
    0x08006788   0x08006788   0x000000a4   Code   RO         4641    i.Rectangle_Draw    graphicssendtask.o
    0x0800682c   0x0800682c   0x0000002c   Code   RO         3976    i.Referee_Init      referee.o
    0x08006858   0x08006858   0x00000002   Code   RO          527    i.SVC_Handler       stm32f4xx_it.o
    0x0800685a   0x0800685a   0x00000002   PAD
    0x0800685c   0x0800685c   0x0000004c   Code   RO         4642    i.Send_UIPack       graphicssendtask.o
    0x080068a8   0x080068a8   0x00000080   Code   RO         4643    i.Send_toReferee    graphicssendtask.o
    0x08006928   0x08006928   0x0000001a   Code   RO         4038    i.Set_AGV_Velocity_Vector_Data_Update  agv_control.o
    0x08006942   0x08006942   0x00000002   PAD
    0x08006944   0x08006944   0x00000368   Code   RO         4644    i.ShootLines_Init   graphicssendtask.o
    0x08006cac   0x08006cac   0x000001dc   Code   RO         4359    i.Speed_Limitation  kinematic.o
    0x08006e88   0x08006e88   0x0000000e   Code   RO         4360    i.Square            kinematic.o
    0x08006e96   0x08006e96   0x00000002   PAD
    0x08006e98   0x08006e98   0x0000008c   Code   RO         4771    i.Supercap_Task     supercap.o
    0x08006f24   0x08006f24   0x00000008   Code   RO          528    i.SysTick_Handler   stm32f4xx_it.o
    0x08006f2c   0x08006f2c   0x000000bc   Code   RO           14    i.SystemClock_Config  main.o
    0x08006fe8   0x08006fe8   0x00000014   Code   RO         3877    i.SystemInit        system_stm32f4xx.o
    0x08006ffc   0x08006ffc   0x00000008   Code   RO         5341    i.TIM1msMod50_Alive_PeriodElapsedCallback  chassis_task.o
    0x08007004   0x08007004   0x00000010   Code   RO          529    i.TIM2_IRQHandler   stm32f4xx_it.o
    0x08007014   0x08007014   0x00000010   Code   RO          530    i.TIM3_IRQHandler   stm32f4xx_it.o
    0x08007024   0x08007024   0x00000010   Code   RO          531    i.TIM4_IRQHandler   stm32f4xx_it.o
    0x08007034   0x08007034   0x00000028   Code   RO         5342    i.TIM_Alive_PeriodElapsedCallback_A  chassis_task.o
    0x0800705c   0x0800705c   0x000000e8   Code   RO         2614    i.TIM_Base_SetConfig  stm32f4xx_hal_tim.o
    0x08007144   0x08007144   0x00000044   Code   RO         4943    i.TIM_CAN_PeriodElapsedCallback  drv_can.o
    0x08007188   0x08007188   0x00000022   Code   RO         2615    i.TIM_CCxChannelCmd  stm32f4xx_hal_tim.o
    0x080071aa   0x080071aa   0x00000016   Code   RO         2625    i.TIM_ETR_SetConfig  stm32f4xx_hal_tim.o
    0x080071c0   0x080071c0   0x00000012   Code   RO         2626    i.TIM_ITRx_SetConfig  stm32f4xx_hal_tim.o
    0x080071d2   0x080071d2   0x00000002   PAD
    0x080071d4   0x080071d4   0x00000070   Code   RO         2627    i.TIM_OC1_SetConfig  stm32f4xx_hal_tim.o
    0x08007244   0x08007244   0x0000007c   Code   RO         2628    i.TIM_OC2_SetConfig  stm32f4xx_hal_tim.o
    0x080072c0   0x080072c0   0x00000078   Code   RO         2629    i.TIM_OC3_SetConfig  stm32f4xx_hal_tim.o
    0x08007338   0x08007338   0x00000054   Code   RO         2630    i.TIM_OC4_SetConfig  stm32f4xx_hal_tim.o
    0x0800738c   0x0800738c   0x00000026   Code   RO         2632    i.TIM_TI1_ConfigInputStage  stm32f4xx_hal_tim.o
    0x080073b2   0x080073b2   0x00000028   Code   RO         2634    i.TIM_TI2_ConfigInputStage  stm32f4xx_hal_tim.o
    0x080073da   0x080073da   0x00000002   PAD
    0x080073dc   0x080073dc   0x0000002c   Code   RO         5343    i.Task_Init         chassis_task.o
    0x08007408   0x08007408   0x00000028   Code   RO         5344    i.Time_Count_Task   chassis_task.o
    0x08007430   0x08007430   0x000000ac   Code   RO         4772    i.Tx_Super_Capacitor  supercap.o
    0x080074dc   0x080074dc   0x00000014   Code   RO         3546    i.UART_DMAAbortOnError  stm32f4xx_hal_uart.o
    0x080074f0   0x080074f0   0x0000006c   Code   RO         3556    i.UART_EndRxTransfer  stm32f4xx_hal_uart.o
    0x0800755c   0x0800755c   0x00000020   Code   RO         3557    i.UART_EndTransmit_IT  stm32f4xx_hal_uart.o
    0x0800757c   0x0800757c   0x000000fc   Code   RO         3559    i.UART_Receive_IT   stm32f4xx_hal_uart.o
    0x08007678   0x08007678   0x0000022c   Code   RO         3560    i.UART_SetConfig    stm32f4xx_hal_uart.o
    0x080078a4   0x080078a4   0x00000060   Code   RO         3563    i.UART_Transmit_IT  stm32f4xx_hal_uart.o
    0x08007904   0x08007904   0x0000008c   Code   RO         3564    i.UART_WaitOnFlagUntilTimeout  stm32f4xx_hal_uart.o
    0x08007990   0x08007990   0x00000010   Code   RO          532    i.USART1_IRQHandler  stm32f4xx_it.o
    0x080079a0   0x080079a0   0x00000138   Code   RO         3977    i.USART6_IRQHandler  referee.o
    0x08007ad8   0x08007ad8   0x00000004   Code   RO          533    i.UsageFault_Handler  stm32f4xx_it.o
    0x08007adc   0x08007adc   0x00000040   Code   RO         3917    i.Verify_CRC16_Check_Sum  algorithmofcrc.o
    0x08007b1c   0x08007b1c   0x0000002e   Code   RO         3918    i.Verify_CRC8_Check_Sum  algorithmofcrc.o
    0x08007b4a   0x08007b4a   0x00000002   PAD
    0x08007b4c   0x08007b4c   0x000000a0   Code   RO         4111    i.Yaw_Angle_Process  chassis.o
    0x08007bec   0x08007bec   0x00000028   Code   RO         4112    i.Yaw_Init          chassis.o
    0x08007c14   0x08007c14   0x00000030   Code   RO         5819    i.__ARM_fpclassify  m_wm.l(fpclassify.o)
    0x08007c44   0x08007c44   0x00000010   Code   RO         1732    i.__NVIC_GetPriorityGrouping  stm32f4xx_hal_cortex.o
    0x08007c54   0x08007c54   0x00000028   Code   RO         1733    i.__NVIC_SetPriority  stm32f4xx_hal_cortex.o
    0x08007c7c   0x08007c7c   0x00000006   Code   RO         5087    i.__get_PRIMASK     fifo.o
    0x08007c82   0x08007c82   0x00000006   PAD
    0x08007c88   0x08007c88   0x000002d8   Code   RO         5394    i.__hardfp_atan     m_wm.l(atan.o)
    0x08007f60   0x08007f60   0x000001f0   Code   RO         5408    i.__hardfp_atan2    m_wm.l(atan2.o)
    0x08008150   0x08008150   0x000000c8   Code   RO         5420    i.__hardfp_cos      m_wm.l(cos.o)
    0x08008218   0x08008218   0x00000c50   Code   RO         5432    i.__hardfp_pow      m_wm.l(pow.o)
    0x08008e68   0x08008e68   0x000000c8   Code   RO         5446    i.__hardfp_sin      m_wm.l(sin.o)
    0x08008f30   0x08008f30   0x0000007a   Code   RO         5458    i.__hardfp_sqrt     m_wm.l(sqrt.o)
    0x08008faa   0x08008faa   0x00000006   PAD
    0x08008fb0   0x08008fb0   0x00000438   Code   RO         5824    i.__ieee754_rem_pio2  m_wm.l(rred.o)
    0x080093e8   0x080093e8   0x00000170   Code   RO         5796    i.__kernel_cos      m_wm.l(cos_i.o)
    0x08009558   0x08009558   0x000000f8   Code   RO         5821    i.__kernel_poly     m_wm.l(poly.o)
    0x08009650   0x08009650   0x00000130   Code   RO         5829    i.__kernel_sin      m_wm.l(sin_i.o)
    0x08009780   0x08009780   0x00000030   Code   RO         5799    i.__mathlib_dbl_divzero  m_wm.l(dunder.o)
    0x080097b0   0x080097b0   0x00000014   Code   RO         5800    i.__mathlib_dbl_infnan  m_wm.l(dunder.o)
    0x080097c4   0x080097c4   0x00000014   Code   RO         5801    i.__mathlib_dbl_infnan2  m_wm.l(dunder.o)
    0x080097d8   0x080097d8   0x00000020   Code   RO         5802    i.__mathlib_dbl_invalid  m_wm.l(dunder.o)
    0x080097f8   0x080097f8   0x00000020   Code   RO         5803    i.__mathlib_dbl_overflow  m_wm.l(dunder.o)
    0x08009818   0x08009818   0x00000020   Code   RO         5805    i.__mathlib_dbl_underflow  m_wm.l(dunder.o)
    0x08009838   0x08009838   0x0000000e   Code   RO         5886    i.__scatterload_copy  mc_w.l(handlers.o)
    0x08009846   0x08009846   0x00000002   Code   RO         5887    i.__scatterload_null  mc_w.l(handlers.o)
    0x08009848   0x08009848   0x0000000e   Code   RO         5888    i.__scatterload_zeroinit  mc_w.l(handlers.o)
    0x08009856   0x08009856   0x00000006   Code   RO         5088    i.__set_PRIMASK     fifo.o
    0x0800985c   0x0800985c   0x0000000c   Code   RO         5864    i.__set_errno       mc_w.l(errno.o)
    0x08009868   0x08009868   0x00000010   Code   RO         5396    i.atan              m_wm.l(atan.o)
    0x08009878   0x08009878   0x00000012   Code   RO         5304    i.buzzerBsp_checkTickTolerance  buzzer_bsp.o
    0x0800988a   0x0800988a   0x00000014   Code   RO         5305    i.buzzerBsp_setSwitch  buzzer_bsp.o
    0x0800989e   0x0800989e   0x00000014   Code   RO         5306    i.buzzerBsp_setTimer  buzzer_bsp.o
    0x080098b2   0x080098b2   0x00000014   Code   RO         4832    i.buzzer_getTick    buzzer.o
    0x080098c6   0x080098c6   0x00000002   PAD
    0x080098c8   0x080098c8   0x00000034   Code   RO         4833    i.buzzer_handleInit  buzzer.o
    0x080098fc   0x080098fc   0x000000c0   Code   RO         4834    i.buzzer_init_example  buzzer.o
    0x080099bc   0x080099bc   0x00000070   Code   RO         4835    i.buzzer_playCalibrated  buzzer.o
    0x08009a2c   0x08009a2c   0x00000070   Code   RO         4836    i.buzzer_playCalibrating  buzzer.o
    0x08009a9c   0x08009a9c   0x00000070   Code   RO         4837    i.buzzer_playDeviceOffline  buzzer.o
    0x08009b0c   0x08009b0c   0x00000088   Code   RO         4838    i.buzzer_playDjiStartUp  buzzer.o
    0x08009b94   0x08009b94   0x00000098   Code   RO         4839    i.buzzer_playTone   buzzer.o
    0x08009c2c   0x08009c2c   0x00000020   Code   RO         4840    i.buzzer_setState   buzzer.o
    0x08009c4c   0x08009c4c   0x00000012   Code   RO         4841    i.buzzer_setTask    buzzer.o
    0x08009c5e   0x08009c5e   0x0000008c   Code   RO         4842    i.buzzer_taskScheduler  buzzer.o
    0x08009cea   0x08009cea   0x00000010   Code   RO         5307    i.buzzzerBsp_getTick  buzzer_bsp.o
    0x08009cfa   0x08009cfa   0x00000002   PAD
    0x08009cfc   0x08009cfc   0x000001c4   Code   RO         4039    i.calculate_true_power  agv_control.o
    0x08009ec0   0x08009ec0   0x0000006e   Code   RO         4944    i.can_filter_mask_config  drv_can.o
    0x08009f2e   0x08009f2e   0x00000002   PAD
    0x08009f30   0x08009f30   0x000000a4   Code   RO         4113    i.chassis_fllow     chassis.o
    0x08009fd4   0x08009fd4   0x000000f0   Code   RO         5010    i.f_Changing_Integral_Rate  pid.o
    0x0800a0c4   0x0800a0c4   0x00000030   Code   RO         5011    i.f_Derivative_Filter  pid.o
    0x0800a0f4   0x0800a0f4   0x00000022   Code   RO         5012    i.f_Derivative_On_Measurement  pid.o
    0x0800a116   0x0800a116   0x00000002   PAD
    0x0800a118   0x0800a118   0x000000cc   Code   RO         5013    i.f_Integral_Limit  pid.o
    0x0800a1e4   0x0800a1e4   0x00000030   Code   RO         5014    i.f_Output_Filter   pid.o
    0x0800a214   0x0800a214   0x00000046   Code   RO         5015    i.f_Output_Limit    pid.o
    0x0800a25a   0x0800a25a   0x00000002   PAD
    0x0800a25c   0x0800a25c   0x000000c0   Code   RO         5016    i.f_PID_ErrorHandle  pid.o
    0x0800a31c   0x0800a31c   0x00000074   Code   RO         5017    i.f_PID_param_init  pid.o
    0x0800a390   0x0800a390   0x00000034   Code   RO         5018    i.f_PID_reset       pid.o
    0x0800a3c4   0x0800a3c4   0x00000046   Code   RO         5019    i.f_Proportion_Limit  pid.o
    0x0800a40a   0x0800a40a   0x0000002a   Code   RO         5020    i.f_Trapezoid_Intergral  pid.o
    0x0800a434   0x0800a434   0x00000018   Code   RO         5815    i.fabs              m_wm.l(fabs.o)
    0x0800a44c   0x0800a44c   0x0000003a   Code   RO         5106    i.fifo_s_get        fifo.o
    0x0800a486   0x0800a486   0x00000016   Code   RO         5109    i.fifo_s_init       fifo.o
    0x0800a49c   0x0800a49c   0x000000a0   Code   RO         5115    i.fifo_s_puts       fifo.o
    0x0800a53c   0x0800a53c   0x00000006   Code   RO         5117    i.fifo_s_used       fifo.o
    0x0800a542   0x0800a542   0x00000002   PAD
    0x0800a544   0x0800a544   0x00000060   Code   RO           15    i.main              main.o
    0x0800a5a4   0x0800a5a4   0x0000000c   Code   RO         4843    i.platform_getMsTick  buzzer.o
    0x0800a5b0   0x0800a5b0   0x00000060   Code   RO         4844    i.platform_setFreq  buzzer.o
    0x0800a610   0x0800a610   0x00000038   Code   RO         4845    i.platform_setSwitch  buzzer.o
    0x0800a648   0x0800a648   0x0000014c   Code   RO         3978    i.referee_unpack_fifo_data  referee.o
    0x0800a794   0x0800a794   0x0000006e   Code   RO         5460    i.sqrt              m_wm.l(sqrt.o)
    0x0800a802   0x0800a802   0x00000008   Data   RO         1448    .constdata          stm32f4xx_hal_dma.o
    0x0800a80a   0x0800a80a   0x00000018   Data   RO         3878    .constdata          system_stm32f4xx.o
    0x0800a822   0x0800a822   0x00000302   Data   RO         3919    .constdata          algorithmofcrc.o
    0x0800ab24   0x0800ab24   0x00000004   PAD
    0x0800ab28   0x0800ab28   0x00000098   Data   RO         5397    .constdata          m_wm.l(atan.o)
    0x0800abc0   0x0800abc0   0x00000088   Data   RO         5435    .constdata          m_wm.l(pow.o)
    0x0800ac48   0x0800ac48   0x00000030   Data   RO         5797    .constdata          m_wm.l(cos_i.o)
    0x0800ac78   0x0800ac78   0x00000008   Data   RO         5823    .constdata          m_wm.l(qnan.o)
    0x0800ac80   0x0800ac80   0x000000c8   Data   RO         5826    .constdata          m_wm.l(rred.o)
    0x0800ad48   0x0800ad48   0x00000028   Data   RO         5830    .constdata          m_wm.l(sin_i.o)
    0x0800ad70   0x0800ad70   0x00000020   Data   RO         5884    Region$$Table       anon$$obj.o


    Execution Region RW_IRAM1 (Exec base: 0x20000000, Load base: 0x0800ad90, Size: 0x00001890, Max: 0x0001c000, ABSOLUTE, COMPRESSED[0x000000a8])

    Exec Addr    Load Addr    Size         Type   Attr      Idx    E Section Name        Object

    0x20000000   COMPRESSED   0x00000004   Data   RW          287    .data               can.o
    0x20000004   COMPRESSED   0x00000009   Data   RW         1886    .data               stm32f4xx_hal.o
    0x2000000d   COMPRESSED   0x00000003   PAD
    0x20000010   COMPRESSED   0x00000004   Data   RW         3879    .data               system_stm32f4xx.o
    0x20000014   COMPRESSED   0x00000002   Data   RW         3920    .data               algorithmofcrc.o
    0x20000016   COMPRESSED   0x00000008   Data   RW         3980    .data               referee.o
    0x2000001e   COMPRESSED   0x00000002   PAD
    0x20000020   COMPRESSED   0x00000004   Data   RW         4041    .data               agv_control.o
    0x20000024   COMPRESSED   0x00000078   Data   RW         4115    .data               chassis.o
    0x2000009c   COMPRESSED   0x0000000c   Data   RW         4361    .data               kinematic.o
    0x200000a8   COMPRESSED   0x000000d0   Data   RW         4646    .data               graphicssendtask.o
    0x20000178   COMPRESSED   0x00000010   Data   RW         4775    .data               supercap.o
    0x20000188   COMPRESSED   0x000000e4   Data   RW         4946    .data               drv_can.o
    0x2000026c   COMPRESSED   0x00000008   Data   RW         5345    .data               chassis_task.o
    0x20000274   COMPRESSED   0x00000004   Data   RW         5865    .data               mc_w.l(errno.o)
    0x20000278        -       0x00000050   Zero   RW          286    .bss                can.o
    0x200002c8        -       0x00000020   Zero   RW          358    .bss                rtc.o
    0x200002e8        -       0x00000120   Zero   RW          404    .bss                tim.o
    0x20000408        -       0x00000210   Zero   RW          467    .bss                usart.o
    0x20000618        -       0x000008dc   Zero   RW         3979    .bss                referee.o
    0x20000ef4        -       0x0000012e   Zero   RW         4040    .bss                agv_control.o
    0x20001022   COMPRESSED   0x00000002   PAD
    0x20001024        -       0x0000025e   Zero   RW         4114    .bss                chassis.o
    0x20001282   COMPRESSED   0x00000002   PAD
    0x20001284        -       0x00000024   Zero   RW         4202    .bss                gimbal_connection.o
    0x200012a8        -       0x00000168   Zero   RW         4645    .bss                graphicssendtask.o
    0x20001410        -       0x00000024   Zero   RW         4846    .bss                buzzer.o
    0x20001434        -       0x00000058   Zero   RW         4945    .bss                drv_can.o
    0x2000148c   COMPRESSED   0x00000004   PAD
    0x20001490        -       0x00000400   Zero   RW            1    STACK               startup_stm32f407xx.o


    Execution Region RW_IRAM2 (Exec base: 0x2001c000, Load base: 0x0800ae38, Size: 0x00000000, Max: 0x00004000, ABSOLUTE)

    **** No section assigned to this execution region ****


==============================================================================

Image component sizes


      Code (inc. data)   RO Data    RW Data    ZI Data      Debug   Object Name

      1406         80          0          4        302       5917   agv_control.o
       282         20        770          2          0       5130   algorithmofcrc.o
      1242         66          0          0         36      11936   buzzer.o
        74          0          0          0          0       4107   buzzer_bsp.o
       560         44          0          4         80       2498   can.o
       300         44          0          0          0       1744   can_connection.o
      1352        150          0        120        606       9370   chassis.o
       404         40          0          8          0       3927   chassis_task.o
       104          4          0          0          0        794   dma.o
       686         66          0        228         88       8787   drv_can.o
       258          0          0          0          0      10235   fifo.o
       154         14          0          0         36       6367   gimbal_connection.o
       300         12          0          0          0       1123   gpio.o
      4572        570          0        208        360      20943   graphicssendtask.o
      3712        130          0         12          0       8657   kinematic.o
       290         24          0          0          0     718240   main.o
       422         36          0          0          0       5263   motor.o
      1588         46          0          0          0       8767   pid.o
      1144        100          0          8       2268      10013   referee.o
       112         18          0          0         32       1551   rtc.o
        36          8        392          0       1024        840   startup_stm32f407xx.o
       172         32          0          9          0       8781   stm32f4xx_hal.o
      2146          6          0          0          0      13851   stm32f4xx_hal_can.o
       312         22          0          0          0      34367   stm32f4xx_hal_cortex.o
      1246         16          8          0          0       5395   stm32f4xx_hal_dma.o
       512         46          0          0          0       2120   stm32f4xx_hal_gpio.o
        72          4          0          0          0        862   stm32f4xx_hal_msp.o
      1820         84          0          0          0       5648   stm32f4xx_hal_rcc.o
       416         20          0          0          0       1416   stm32f4xx_hal_rcc_ex.o
       356          8          0          0          0       3307   stm32f4xx_hal_rtc.o
      2534        150          0          0          0      17395   stm32f4xx_hal_tim.o
       184         30          0          0          0       2541   stm32f4xx_hal_tim_ex.o
      2264         14          0          0          0      11636   stm32f4xx_hal_uart.o
       258         84          0          0          0      11282   stm32f4xx_it.o
       312         58          0         16          0       2156   supercap.o
        20          6         24          4          0       1139   system_stm32f4xx.o
       804         64          0          0        288       4507   tim.o
       744         64          0          0        528       2835   usart.o

    ----------------------------------------------------------------------
     33226       2180       1230        628       5656     975447   Object Totals
         0          0         32          0          0          0   (incl. Generated)
        56          0          4          5          8          0   (incl. Padding)

    ----------------------------------------------------------------------

      Code (inc. data)   RO Data    RW Data    ZI Data      Debug   Library Member Name

       744        106        152          0          0        352   atan.o
       496         64          0          0          0        192   atan2.o
       200         20          0          0          0        164   cos.o
       368         46         48          0          0        200   cos_i.o
       184         44          0          0          0        744   dunder.o
        24          0          0          0          0        124   fabs.o
        48          0          0          0          0        124   fpclassify.o
       248          0          0          0          0        152   poly.o
      3152        296        136          0          0        352   pow.o
         0          0          8          0          0          0   qnan.o
      1080        142        200          0          0        188   rred.o
       200         20          0          0          0        164   sin.o
       304         24         40          0          0        208   sin_i.o
       232          0          0          0          0        296   sqrt.o
        86          0          0          0          0          0   __dczerorl2.o
         0          0          0          0          0          0   entry.o
         0          0          0          0          0          0   entry10a.o
         0          0          0          0          0          0   entry11a.o
         8          4          0          0          0          0   entry2.o
         4          0          0          0          0          0   entry5.o
         0          0          0          0          0          0   entry7b.o
         0          0          0          0          0          0   entry8b.o
         8          4          0          0          0          0   entry9a.o
        12          6          0          4          0         68   errno.o
        30          0          0          0          0          0   handlers.o
        36          8          0          0          0         68   init.o
         0          0          0          0          0          0   iusefp.o
        30          0          0          0          0         68   llshl.o
        36          0          0          0          0         68   llsshr.o
        32          0          0          0          0         68   llushr.o
        36          0          0          0          0         68   memcpya.o
        36          0          0          0          0        108   memseta.o
        98          0          0          0          0         92   uldiv.o
        48          0          0          0          0         68   cdcmple.o
        48          0          0          0          0         68   cdrcmple.o
        56          0          0          0          0         88   d2f.o
       334          0          0          0          0        148   dadd.o
       222          0          0          0          0        100   ddiv.o
       186          0          0          0          0        176   depilogue.o
        62          0          0          0          0         80   dfixi.o
        50          0          0          0          0         76   dfixui.o
        34          0          0          0          0         76   dflti.o
        26          0          0          0          0         76   dfltui.o
       228          0          0          0          0         96   dmul.o
        46          0          0          0          0         80   dscalb.o
       162          0          0          0          0        100   dsqrt.o
        38          0          0          0          0         68   f2d.o
       110          0          0          0          0        168   fepilogue.o

    ----------------------------------------------------------------------
      9392        784        584          4          0       5336   Library Totals
        10          0          0          0          0          0   (incl. Padding)

    ----------------------------------------------------------------------

      Code (inc. data)   RO Data    RW Data    ZI Data      Debug   Library Name

      7280        762        584          0          0       3260   m_wm.l
       452         22          0          4          0        608   mc_w.l
      1650          0          0          0          0       1468   mf_w.l

    ----------------------------------------------------------------------
      9392        784        584          4          0       5336   Library Totals

    ----------------------------------------------------------------------

==============================================================================


      Code (inc. data)   RO Data    RW Data    ZI Data      Debug   

     42618       2964       1814        632       5656     955627   Grand Totals
     42618       2964       1814        168       5656     955627   ELF Image Totals (compressed)
     42618       2964       1814        168          0          0   ROM Totals

==============================================================================

    Total RO  Size (Code + RO Data)                44432 (  43.39kB)
    Total RW  Size (RW Data + ZI Data)              6288 (   6.14kB)
    Total ROM Size (Code + RO Data + RW Data)      44600 (  43.55kB)

==============================================================================

