Component: ARM Compiler 5.06 update 5 (build 528) Tool: armlink [4d35e2]

==============================================================================

Section Cross References

    startup_stm32f407xx.o(RESET) refers to startup_stm32f407xx.o(STACK) for __initial_sp
    startup_stm32f407xx.o(RESET) refers to startup_stm32f407xx.o(.text) for Reset_Handler
    startup_stm32f407xx.o(RESET) refers to stm32f4xx_it.o(i.NMI_Handler) for NMI_Handler
    startup_stm32f407xx.o(RESET) refers to stm32f4xx_it.o(i.HardFault_Handler) for HardFault_Handler
    startup_stm32f407xx.o(RESET) refers to stm32f4xx_it.o(i.MemManage_Handler) for MemManage_Handler
    startup_stm32f407xx.o(RESET) refers to stm32f4xx_it.o(i.BusFault_Handler) for BusFault_Handler
    startup_stm32f407xx.o(RESET) refers to stm32f4xx_it.o(i.UsageFault_Handler) for UsageFault_Handler
    startup_stm32f407xx.o(RESET) refers to stm32f4xx_it.o(i.SVC_Handler) for SVC_Handler
    startup_stm32f407xx.o(RESET) refers to stm32f4xx_it.o(i.DebugMon_Handler) for DebugMon_Handler
    startup_stm32f407xx.o(RESET) refers to stm32f4xx_it.o(i.PendSV_Handler) for PendSV_Handler
    startup_stm32f407xx.o(RESET) refers to stm32f4xx_it.o(i.SysTick_Handler) for SysTick_Handler
    startup_stm32f407xx.o(RESET) refers to stm32f4xx_it.o(i.CAN1_TX_IRQHandler) for CAN1_TX_IRQHandler
    startup_stm32f407xx.o(RESET) refers to stm32f4xx_it.o(i.CAN1_RX0_IRQHandler) for CAN1_RX0_IRQHandler
    startup_stm32f407xx.o(RESET) refers to stm32f4xx_it.o(i.CAN1_RX1_IRQHandler) for CAN1_RX1_IRQHandler
    startup_stm32f407xx.o(RESET) refers to stm32f4xx_it.o(i.TIM3_IRQHandler) for TIM3_IRQHandler
    startup_stm32f407xx.o(RESET) refers to stm32f4xx_it.o(i.DMA2_Stream1_IRQHandler) for DMA2_Stream1_IRQHandler
    startup_stm32f407xx.o(RESET) refers to stm32f4xx_it.o(i.CAN2_TX_IRQHandler) for CAN2_TX_IRQHandler
    startup_stm32f407xx.o(RESET) refers to stm32f4xx_it.o(i.CAN2_RX0_IRQHandler) for CAN2_RX0_IRQHandler
    startup_stm32f407xx.o(RESET) refers to stm32f4xx_it.o(i.CAN2_RX1_IRQHandler) for CAN2_RX1_IRQHandler
    startup_stm32f407xx.o(RESET) refers to stm32f4xx_it.o(i.DMA2_Stream6_IRQHandler) for DMA2_Stream6_IRQHandler
    startup_stm32f407xx.o(RESET) refers to referee.o(i.USART6_IRQHandler) for USART6_IRQHandler
    startup_stm32f407xx.o(.text) refers to system_stm32f4xx.o(i.SystemInit) for SystemInit
    startup_stm32f407xx.o(.text) refers to entry.o(.ARM.Collect$$$$00000000) for __main
    main.o(i.SystemClock_Config) refers to memseta.o(.text) for __aeabi_memclr4
    main.o(i.SystemClock_Config) refers to stm32f4xx_hal_rcc.o(i.HAL_RCC_OscConfig) for HAL_RCC_OscConfig
    main.o(i.SystemClock_Config) refers to main.o(i.Error_Handler) for Error_Handler
    main.o(i.SystemClock_Config) refers to stm32f4xx_hal_rcc.o(i.HAL_RCC_ClockConfig) for HAL_RCC_ClockConfig
    main.o(i.main) refers to stm32f4xx_hal.o(i.HAL_Init) for HAL_Init
    main.o(i.main) refers to main.o(i.SystemClock_Config) for SystemClock_Config
    main.o(i.main) refers to gpio.o(i.MX_GPIO_Init) for MX_GPIO_Init
    main.o(i.main) refers to dma.o(i.MX_DMA_Init) for MX_DMA_Init
    main.o(i.main) refers to can.o(i.MX_CAN1_Init) for MX_CAN1_Init
    main.o(i.main) refers to can.o(i.MX_CAN2_Init) for MX_CAN2_Init
    main.o(i.main) refers to rtc.o(i.MX_RTC_Init) for MX_RTC_Init
    main.o(i.main) refers to tim.o(i.MX_TIM3_Init) for MX_TIM3_Init
    main.o(i.main) refers to tim.o(i.MX_TIM9_Init) for MX_TIM9_Init
    main.o(i.main) refers to usart.o(i.MX_USART6_UART_Init) for MX_USART6_UART_Init
    main.o(i.main) refers to chassis_task.o(i.Task_Init) for Task_Init
    main.o(i.main) refers to stm32f4xx_hal_tim.o(i.HAL_TIM_Base_Start_IT) for HAL_TIM_Base_Start_IT
    main.o(i.main) refers to tim.o(.bss) for htim3
    can.o(i.HAL_CAN_MspDeInit) refers to stm32f4xx_hal_gpio.o(i.HAL_GPIO_DeInit) for HAL_GPIO_DeInit
    can.o(i.HAL_CAN_MspDeInit) refers to stm32f4xx_hal_cortex.o(i.HAL_NVIC_DisableIRQ) for HAL_NVIC_DisableIRQ
    can.o(i.HAL_CAN_MspDeInit) refers to can.o(.data) for HAL_RCC_CAN1_CLK_ENABLED
    can.o(i.HAL_CAN_MspInit) refers to memseta.o(.text) for __aeabi_memclr4
    can.o(i.HAL_CAN_MspInit) refers to stm32f4xx_hal_gpio.o(i.HAL_GPIO_Init) for HAL_GPIO_Init
    can.o(i.HAL_CAN_MspInit) refers to stm32f4xx_hal_cortex.o(i.HAL_NVIC_SetPriority) for HAL_NVIC_SetPriority
    can.o(i.HAL_CAN_MspInit) refers to stm32f4xx_hal_cortex.o(i.HAL_NVIC_EnableIRQ) for HAL_NVIC_EnableIRQ
    can.o(i.HAL_CAN_MspInit) refers to can.o(.data) for HAL_RCC_CAN1_CLK_ENABLED
    can.o(i.MX_CAN1_Init) refers to stm32f4xx_hal_can.o(i.HAL_CAN_Init) for HAL_CAN_Init
    can.o(i.MX_CAN1_Init) refers to main.o(i.Error_Handler) for Error_Handler
    can.o(i.MX_CAN1_Init) refers to can.o(.bss) for hcan1
    can.o(i.MX_CAN2_Init) refers to stm32f4xx_hal_can.o(i.HAL_CAN_Init) for HAL_CAN_Init
    can.o(i.MX_CAN2_Init) refers to main.o(i.Error_Handler) for Error_Handler
    can.o(i.MX_CAN2_Init) refers to can.o(.bss) for hcan2
[...]
    i.HAL_TIM_PWM_PulseFinishedCallback      0x080040f8   Section        0  stm32f4xx_hal_tim.o(i.HAL_TIM_PWM_PulseFinishedCallback)
    i.HAL_TIM_PeriodElapsedCallback          0x080040fc   Section        0  chassis_task.o(i.HAL_TIM_PeriodElapsedCallback)
    i.HAL_TIM_TriggerCallback                0x080041b4   Section        0  stm32f4xx_hal_tim.o(i.HAL_TIM_TriggerCallback)
    i.HAL_UART_Init                          0x080041b6   Section        0  stm32f4xx_hal_uart.o(i.HAL_UART_Init)
    i.HAL_UART_MspInit                       0x0800422c   Section        0  usart.o(i.HAL_UART_MspInit)
    i.HardFault_Handler                      0x08004348   Section        0  stm32f4xx_it.o(i.HardFault_Handler)
    i.Judge_Buffer_Receive_Task              0x0800434c   Section        0  referee.o(i.Judge_Buffer_Receive_Task)
    i.MX_CAN1_Init                           0x080043bc   Section        0  can.o(i.MX_CAN1_Init)
    i.MX_CAN2_Init                           0x08004404   Section        0  can.o(i.MX_CAN2_Init)
    i.MX_DMA_Init                            0x0800444c   Section        0  dma.o(i.MX_DMA_Init)
    i.MX_GPIO_Init                           0x08004494   Section        0  gpio.o(i.MX_GPIO_Init)
    i.MX_RTC_Init                            0x08004534   Section        0  rtc.o(i.MX_RTC_Init)
    i.MX_TIM3_Init                           0x08004568   Section        0  tim.o(i.MX_TIM3_Init)
    i.MX_TIM9_Init                           0x080045d8   Section        0  tim.o(i.MX_TIM9_Init)
    i.MX_USART6_UART_Init                    0x0800462c   Section        0  usart.o(i.MX_USART6_UART_Init)
    i.MemManage_Handler                      0x08004664   Section        0  stm32f4xx_it.o(i.MemManage_Handler)
    i.NMI_Handler                            0x08004668   Section        0  stm32f4xx_it.o(i.NMI_Handler)
    i.PID_Calculate                          0x0800466c   Section        0  pid.o(i.PID_Calculate)
    i.PID_Init                               0x0800481c   Section        0  pid.o(i.PID_Init)
    i.PendSV_Handler                         0x08004844   Section        0  stm32f4xx_it.o(i.PendSV_Handler)
    i.RTC_EnterInitMode                      0x08004846   Section        0  stm32f4xx_hal_rtc.o(i.RTC_EnterInitMode)
    i.RTC_ExitInitMode                       0x08004890   Section        0  stm32f4xx_hal_rtc.o(i.RTC_ExitInitMode)
    i.ReFeree_Usart_Init                     0x080048c0   Section        0  referee.o(i.ReFeree_Usart_Init)
    i.Referee_Init                           0x08004a04   Section        0  referee.o(i.Referee_Init)
    i.SVC_Handler                            0x08004a30   Section        0  stm32f4xx_it.o(i.SVC_Handler)
    i.Set_AGV_Velocity_Vector_Data_Update    0x08004a32   Section        0  agv_control.o(i.Set_AGV_Velocity_Vector_Data_Update)
    i.Speed_Limitation                       0x08004a4c   Section        0  kinematic.o(i.Speed_Limitation)
    i.Square                                 0x08004c28   Section        0  kinematic.o(i.Square)
    i.SysTick_Handler                        0x08004c36   Section        0  stm32f4xx_it.o(i.SysTick_Handler)
    i.SystemClock_Config                     0x08004c40   Section        0  main.o(i.SystemClock_Config)
    i.SystemInit                             0x08004cfc   Section        0  system_stm32f4xx.o(i.SystemInit)
    i.TIM3_IRQHandler                        0x08004d10   Section        0  stm32f4xx_it.o(i.TIM3_IRQHandler)
    i.TIM_Base_SetConfig                     0x08004d20   Section        0  stm32f4xx_hal_tim.o(i.TIM_Base_SetConfig)
    i.TIM_ETR_SetConfig                      0x08004e08   Section        0  stm32f4xx_hal_tim.o(i.TIM_ETR_SetConfig)
    i.TIM_ITRx_SetConfig                     0x08004e1e   Section        0  stm32f4xx_hal_tim.o(i.TIM_ITRx_SetConfig)
    TIM_ITRx_SetConfig                       0x08004e1f   Thumb Code    18  stm32f4xx_hal_tim.o(i.TIM_ITRx_SetConfig)
    i.TIM_TI1_ConfigInputStage               0x08004e30   Section        0  stm32f4xx_hal_tim.o(i.TIM_TI1_ConfigInputStage)
    TIM_TI1_ConfigInputStage                 0x08004e31   Thumb Code    38  stm32f4xx_hal_tim.o(i.TIM_TI1_ConfigInputStage)
    i.TIM_TI2_ConfigInputStage               0x08004e56   Section        0  stm32f4xx_hal_tim.o(i.TIM_TI2_ConfigInputStage)
    TIM_TI2_ConfigInputStage                 0x08004e57   Thumb Code    40  stm32f4xx_hal_tim.o(i.TIM_TI2_ConfigInputStage)
    i.Task_Init                              0x08004e7e   Section        0  chassis_task.o(i.Task_Init)
    i.Time_Count_Task                        0x08004e96   Section        0  chassis_task.o(i.Time_Count_Task)
    i.UART_SetConfig                         0x08004ec0   Section        0  stm32f4xx_hal_uart.o(i.UART_SetConfig)
    UART_SetConfig                           0x08004ec1   Thumb Code   546  stm32f4xx_hal_uart.o(i.UART_SetConfig)
    i.USART6_IRQHandler                      0x080050ec   Section        0  referee.o(i.USART6_IRQHandler)
    i.UsageFault_Handler                     0x0800521c   Section        0  stm32f4xx_it.o(i.UsageFault_Handler)
    i.Verify_CRC16_Check_Sum                 0x08005220   Section        0  algorithmofcrc.o(i.Verify_CRC16_Check_Sum)
    i.Verify_CRC8_Check_Sum                  0x08005260   Section        0  algorithmofcrc.o(i.Verify_CRC8_Check_Sum)
    i.Yaw_Angle_Process                      0x08005290   Section        0  chassis.o(i.Yaw_Angle_Process)
    i.Yaw_Init                               0x08005330   Section        0  chassis.o(i.Yaw_Init)
    i.__ARM_fpclassify                       0x08005358   Section        0  fpclassify.o(i.__ARM_fpclassify)
    i.__NVIC_GetPriorityGrouping             0x08005388   Section        0  stm32f4xx_hal_cortex.o(i.__NVIC_GetPriorityGrouping)
    __NVIC_GetPriorityGrouping               0x08005389   Thumb Code    10  stm32f4xx_hal_cortex.o(i.__NVIC_GetPriorityGrouping)
    i.__NVIC_SetPriority                     0x08005398   Section        0  stm32f4xx_hal_cortex.o(i.__NVIC_SetPriority)
    __NVIC_SetPriority                       0x08005399   Thumb Code    32  stm32f4xx_hal_cortex.o(i.__NVIC_SetPriority)
    i.__get_PRIMASK                          0x080053c0   Section        0  fifo.o(i.__get_PRIMASK)
    __get_PRIMASK                            0x080053c1   Thumb Code     6  fifo.o(i.__get_PRIMASK)
    i.__hardfp_atan                          0x080053c8   Section        0  atan.o(i.__hardfp_atan)
    i.__hardfp_atan2                         0x080056a0   Section        0  atan2.o(i.__hardfp_atan2)
    i.__hardfp_cos                           0x08005890   Section        0  cos.o(i.__hardfp_cos)
    i.__hardfp_sin                           0x08005958   Section        0  sin.o(i.__hardfp_sin)
    i.__hardfp_sqrt                          0x08005a20   Section        0  sqrt.o(i.__hardfp_sqrt)
    i.__ieee754_rem_pio2                     0x08005aa0   Section        0  rred.o(i.__ieee754_rem_pio2)
    i.__kernel_cos                           0x08005ed8   Section        0  cos_i.o(i.__kernel_cos)
    i.__kernel_poly                          0x08006048   Section        0  poly.o(i.__kernel_poly)
    i.__kernel_sin                           0x08006140   Section        0  sin_i.o(i.__kernel_sin)
    i.__mathlib_dbl_infnan                   0x08006270   Section        0  dunder.o(i.__mathlib_dbl_infnan)
    i.__mathlib_dbl_infnan2                  0x08006284   Section        0  dunder.o(i.__mathlib_dbl_infnan2)
    i.__mathlib_dbl_invalid                  0x08006298   Section        0  dunder.o(i.__mathlib_dbl_invalid)
    i.__mathlib_dbl_underflow                0x080062b8   Section        0  dunder.o(i.__mathlib_dbl_underflow)
    i.__scatterload_copy                     0x080062d8   Section       14  handlers.o(i.__scatterload_copy)
    i.__scatterload_null                     0x080062e6   Section        2  handlers.o(i.__scatterload_null)
    i.__scatterload_zeroinit                 0x080062e8   Section       14  handlers.o(i.__scatterload_zeroinit)
    i.__set_PRIMASK                          0x080062f6   Section        0  fifo.o(i.__set_PRIMASK)
    __set_PRIMASK                            0x080062f7   Thumb Code     6  fifo.o(i.__set_PRIMASK)
    i.__set_errno                            0x080062fc   Section        0  errno.o(i.__set_errno)
    i.atan                                   0x08006308   Section        0  atan.o(i.atan)
    i.calculate_true_power                   0x08006318   Section        0  agv_control.o(i.calculate_true_power)
    i.can_filter_mask_config                 0x08006440   Section        0  drv_can.o(i.can_filter_mask_config)
    i.chassis_fllow                          0x080064b0   Section        0  chassis.o(i.chassis_fllow)
    chassis_fllow                            0x080064b1   Thumb Code    76  chassis.o(i.chassis_fllow)
    i.f_Changing_Integral_Rate               0x08006510   Section        0  pid.o(i.f_Changing_Integral_Rate)
    f_Changing_Integral_Rate                 0x08006511   Thumb Code   234  pid.o(i.f_Changing_Integral_Rate)
    i.f_Derivative_Filter                    0x08006600   Section        0  pid.o(i.f_Derivative_Filter)
    f_Derivative_Filter                      0x08006601   Thumb Code    48  pid.o(i.f_Derivative_Filter)
    i.f_Derivative_On_Measurement            0x08006630   Section        0  pid.o(i.f_Derivative_On_Measurement)
    f_Derivative_On_Measurement              0x08006631   Thumb Code    34  pid.o(i.f_Derivative_On_Measurement)
    i.f_Integral_Limit                       0x08006654   Section        0  pid.o(i.f_Integral_Limit)
    f_Integral_Limit                         0x08006655   Thumb Code   200  pid.o(i.f_Integral_Limit)
    i.f_Output_Filter                        0x08006720   Section        0  pid.o(i.f_Output_Filter)
    f_Output_Filter                          0x08006721   Thumb Code    48  pid.o(i.f_Output_Filter)
    i.f_Output_Limit                         0x08006750   Section        0  pid.o(i.f_Output_Limit)
    f_Output_Limit                           0x08006751   Thumb Code    70  pid.o(i.f_Output_Limit)
    i.f_PID_ErrorHandle                      0x08006798   Section        0  pid.o(i.f_PID_ErrorHandle)
    f_PID_ErrorHandle                        0x08006799   Thumb Code   182  pid.o(i.f_PID_ErrorHandle)
    i.f_PID_param_init                       0x08006858   Section        0  pid.o(i.f_PID_param_init)
    f_PID_param_init                         0x08006859   Thumb Code   110  pid.o(i.f_PID_param_init)
    i.f_PID_reset                            0x080068cc   Section        0  pid.o(i.f_PID_reset)
    f_PID_reset                              0x080068cd   Thumb Code    46  pid.o(i.f_PID_reset)
    i.f_Proportion_Limit                     0x08006900   Section        0  pid.o(i.f_Proportion_Limit)
    f_Proportion_Limit                       0x08006901   Thumb Code    70  pid.o(i.f_Proportion_Limit)
    i.f_Trapezoid_Intergral                  0x08006946   Section        0  pid.o(i.f_Trapezoid_Intergral)
    f_Trapezoid_Intergral                    0x08006947   Thumb Code    42  pid.o(i.f_Trapezoid_Intergral)
    i.fabs                                   0x08006970   Section        0  fabs.o(i.fabs)
    i.fifo_s_get                             0x08006988   Section        0  fifo.o(i.fifo_s_get)
    i.fifo_s_init                            0x080069c2   Section        0  fifo.o(i.fifo_s_init)
    i.fifo_s_puts                            0x080069d8   Section        0  fifo.o(i.fifo_s_puts)
    i.fifo_s_used                            0x08006a78   Section        0  fifo.o(i.fifo_s_used)
    i.main                                   0x08006a80   Section        0  main.o(i.main)
    i.referee_unpack_fifo_data               0x08006abc   Section        0  referee.o(i.referee_unpack_fifo_data)
    .constdata                               0x08006c08   Section        8  stm32f4xx_hal_dma.o(.constdata)
    flagBitshiftOffset                       0x08006c08   Data           8  stm32f4xx_hal_dma.o(.constdata)
    .constdata                               0x08006c10   Section       24  system_stm32f4xx.o(.constdata)
    .constdata                               0x08006c28   Section      770  algorithmofcrc.o(.constdata)
    .constdata                               0x08006f30   Section      152  atan.o(.constdata)
    atanhi                                   0x08006f30   Data          32  atan.o(.constdata)
    atanlo                                   0x08006f50   Data          32  atan.o(.constdata)
    aTodd                                    0x08006f70   Data          40  atan.o(.constdata)
    aTeven                                   0x08006f98   Data          48  atan.o(.constdata)
    .constdata                               0x08006fc8   Section       48  cos_i.o(.constdata)
    C                                        0x08006fc8   Data          48  cos_i.o(.constdata)
    .constdata                               0x08006ff8   Section        8  qnan.o(.constdata)
    .constdata                               0x08007000   Section      200  rred.o(.constdata)
    pio2s                                    0x08007000   Data          48  rred.o(.constdata)
    twooverpi                                0x08007030   Data         152  rred.o(.constdata)
    .constdata                               0x080070c8   Section       40  sin_i.o(.constdata)
    S                                        0x080070c8   Data          40  sin_i.o(.constdata)
    .data                                    0x20000000   Section        4  can.o(.data)
    HAL_RCC_CAN1_CLK_ENABLED                 0x20000000   Data           4  can.o(.data)
    .data                                    0x20000004   Section        9  stm32f4xx_hal.o(.data)
    .data                                    0x20000010   Section        4  system_stm32f4xx.o(.data)
    .data                                    0x20000014   Section        2  algorithmofcrc.o(.data)
    .data                                    0x20000016   Section        8  referee.o(.data)
    this_time_rx_len                         0x2000001c   Data           2  referee.o(.data)
    .data                                    0x20000020   Section        4  agv_control.o(.data)
    .data                                    0x20000024   Section       80  chassis.o(.data)
    .data                                    0x20000074   Section       12  kinematic.o(.data)
    .data                                    0x20000080   Section      220  drv_can.o(.data)
    mod10                                    0x20000158   Data           4  drv_can.o(.data)
    .data                                    0x2000015c   Section        8  chassis_task.o(.data)
    .data                                    0x20000164   Section        4  errno.o(.data)
    _errno                                   0x20000164   Data           4  errno.o(.data)
    .bss                                     0x20000168   Section       80  can.o(.bss)
    .bss                                     0x200001b8   Section       32  rtc.o(.bss)
    .bss                                     0x200001d8   Section      144  tim.o(.bss)
    .bss                                     0x20000268   Section      264  usart.o(.bss)
    .bss                                     0x20000370   Section     2264  referee.o(.bss)
    .bss                                     0x20000c48   Section      175  agv_control.o(.bss)
    .bss                                     0x20000cf8   Section      538  chassis.o(.bss)
    .bss                                     0x20000f14   Section       28  gimbal_connection.o(.bss)
    .bss                                     0x20000f30   Section       88  drv_can.o(.bss)
    STACK                                    0x20000f88   Section     1024  startup_stm32f407xx.o(STACK)

    Global Symbols

    Symbol Name                              Value     Ov Type        Size  Object(Section)

    BuildAttributes$$THM_ISAv4$E$P$D$K$B$S$7EM$VFPi3$EXTD16$VFPS$VFMA$PE$A:L22UL41UL21$X:L11$S22US41US21$IEEE1$IW$USESV6$~STKCKD$USESV7$~SHL$OTIME$ROPI$IEEEX$EBA8$MICROLIB$REQ8$PRES8$EABIv2 0x00000000   Number         0  anon$$obj.o ABSOLUTE
    __ARM_use_no_argv                        0x00000000   Number         0  main.o ABSOLUTE
    _printf_a                                0x00000000   Number         0  stubs.o ABSOLUTE
    _printf_c                                0x00000000   Number         0  stubs.o ABSOLUTE
    _printf_charcount                        0x00000000   Number         0  stubs.o ABSOLUTE
    _printf_d                                0x00000000   Number         0  stubs.o ABSOLUTE
    _printf_e                                0x00000000   Number         0  stubs.o ABSOLUTE
    _printf_f                                0x00000000   Number         0  stubs.o ABSOLUTE
    _printf_flags                            0x00000000   Number         0  stubs.o ABSOLUTE
    _printf_fp_dec                           0x00000000   Number         0  stubs.o ABSOLUTE
    _printf_fp_hex                           0x00000000   Number         0  stubs.o ABSOLUTE
    _printf_g                                0x00000000   Number         0  stubs.o ABSOLUTE
    _printf_i                                0x00000000   Number         0  stubs.o ABSOLUTE
    _printf_int_dec                          0x00000000   Number         0  stubs.o ABSOLUTE
    _printf_l                                0x00000000   Number         0  stubs.o ABSOLUTE
    _printf_lc                               0x00000000   Number         0  stubs.o ABSOLUTE
    _printf_ll                               0x00000000   Number         0  stubs.o ABSOLUTE
    _printf_lld                              0x00000000   Number         0  stubs.o ABSOLUTE
    _printf_lli                              0x00000000   Number         0  stubs.o ABSOLUTE
    _printf_llo                              0x00000000   Number         0  stubs.o ABSOLUTE
    _printf_llu                              0x00000000   Number         0  stubs.o ABSOLUTE
    _printf_llx                              0x00000000   Number         0  stubs.o ABSOLUTE
    _printf_longlong_dec                     0x00000000   Number         0  stubs.o ABSOLUTE
    _printf_longlong_hex                     0x00000000   Number         0  stubs.o ABSOLUTE
    _printf_longlong_oct                     0x00000000   Number         0  stubs.o ABSOLUTE
    _printf_ls                               0x00000000   Number         0  stubs.o ABSOLUTE
    _printf_mbtowc                           0x00000000   Number         0  stubs.o ABSOLUTE
    _printf_n                                0x00000000   Number         0  stubs.o ABSOLUTE
    _printf_o                                0x00000000   Number         0  stubs.o ABSOLUTE
    _printf_p                                0x00000000   Number         0  stubs.o ABSOLUTE
    _printf_percent                          0x00000000   Number         0  stubs.o ABSOLUTE
    _printf_pre_padding                      0x00000000   Number         0  stubs.o ABSOLUTE
    _printf_return_value                     0x00000000   Number         0  stubs.o ABSOLUTE
    _printf_s                                0x00000000   Number         0  stubs.o ABSOLUTE
    _printf_sizespec                         0x00000000   Number         0  stubs.o ABSOLUTE
    _printf_str                              0x00000000   Number         0  stubs.o ABSOLUTE
    _printf_truncate_signed                  0x00000000   Number         0  stubs.o ABSOLUTE
    _printf_truncate_unsigned                0x00000000   Number         0  stubs.o ABSOLUTE
    _printf_u                                0x00000000   Number         0  stubs.o ABSOLUTE
    _printf_wc                               0x00000000   Number         0  stubs.o ABSOLUTE
    _printf_wctomb                           0x00000000   Number         0  stubs.o ABSOLUTE
    _printf_widthprec                        0x00000000   Number         0  stubs.o ABSOLUTE
    _printf_x                                0x00000000   Number         0  stubs.o ABSOLUTE
    __cpp_initialize__aeabi_                  - Undefined Weak Reference
    __cxa_finalize                            - Undefined Weak Reference
    _clock_init                               - Undefined Weak Reference
    _microlib_exit                            - Undefined Weak Reference
    __Vectors_Size                           0x00000188   Number         0  startup_stm32f407xx.o ABSOLUTE
    __Vectors                                0x08000000   Data           4  startup_stm32f407xx.o(RESET)
    __Vectors_End                            0x08000188   Data           0  startup_stm32f407xx.o(RESET)
    __main                                   0x08000189   Thumb Code     0  entry.o(.ARM.Collect$$$$00000000)
    _main_stk                                0x08000189   Thumb Code     0  entry2.o(.ARM.Collect$$$$00000001)
    _main_scatterload                        0x0800018d   Thumb Code     0  entry5.o(.ARM.Collect$$$$00000004)
    __main_after_scatterload                 0x08000191   Thumb Code     0  entry5.o(.ARM.Collect$$$$00000004)
    _main_clock                              0x08000191   Thumb Code     0  entry7b.o(.ARM.Collect$$$$00000008)
    _main_cpp_init                           0x08000191   Thumb Code     0  entry8b.o(.ARM.Collect$$$$0000000A)
    _main_init                               0x08000191   Thumb Code     0  entry9a.o(.ARM.Collect$$$$0000000B)
    __rt_final_cpp                           0x08000199   Thumb Code     0  entry10a.o(.ARM.Collect$$$$0000000D)
    __rt_final_exit                          0x08000199   Thumb Code     0  entry11a.o(.ARM.Collect$$$$0000000F)
    Reset_Handler                            0x0800019d   Thumb Code     8  startup_stm32f407xx.o(.text)
    ADC_IRQHandler                           0x080001b7   Thumb Code     0  startup_stm32f407xx.o(.text)
    CAN1_SCE_IRQHandler                      0x080001b7   Thumb Code     0  startup_stm32f407xx.o(.text)
    CAN2_SCE_IRQHandler                      0x080001b7   Thumb Code     0  startup_stm32f407xx.o(.text)
    DCMI_IRQHandler                          0x080001b7   Thumb Code     0  startup_stm32f407xx.o(.text)
    DMA1_Stream0_IRQHandler                  0x080001b7   Thumb Code     0  startup_stm32f407xx.o(.text)
    DMA1_Stream1_IRQHandler                  0x080001b7   Thumb Code     0  startup_stm32f407xx.o(.text)
    DMA1_Stream2_IRQHandler                  0x080001b7   Thumb Code     0  startup_stm32f407xx.o(.text)
    DMA1_Stream3_IRQHandler                  0x080001b7   Thumb Code     0  startup_stm32f407xx.o(.text)
    DMA1_Stream4_IRQHandler                  0x080001b7   Thumb Code     0  startup_stm32f407xx.o(.text)
    DMA1_Stream5_IRQHandler                  0x080001b7   Thumb Code     0  startup_stm32f407xx.o(.text)
    DMA1_Stream6_IRQHandler                  0x080001b7   Thumb Code     0  startup_stm32f407xx.o(.text)
    DMA1_Stream7_IRQHandler                  0x080001b7   Thumb Code     0  startup_stm32f407xx.o(.text)
    DMA2_Stream0_IRQHandler                  0x080001b7   Thumb Code     0  startup_stm32f407xx.o(.text)
    DMA2_Stream2_IRQHandler                  0x080001b7   Thumb Code     0  startup_stm32f407xx.o(.text)
    DMA2_Stream3_IRQHandler                  0x080001b7   Thumb Code     0  startup_stm32f407xx.o(.text)
    DMA2_Stream4_IRQHandler                  0x080001b7   Thumb Code     0  startup_stm32f407xx.o(.text)
    DMA2_Stream5_IRQHandler                  0x080001b7   Thumb Code     0  startup_stm32f407xx.o(.text)
    DMA2_Stream7_IRQHandler                  0x080001b7   Thumb Code     0  startup_stm32f407xx.o(.text)
    ETH_IRQHandler                           0x080001b7   Thumb Code     0  startup_stm32f407xx.o(.text)
    ETH_WKUP_IRQHandler                      0x080001b7   Thumb Code     0  startup_stm32f407xx.o(.text)
    EXTI0_IRQHandler                         0x080001b7   Thumb Code     0  startup_stm32f407xx.o(.text)
    EXTI15_10_IRQHandler                     0x080001b7   Thumb Code     0  startup_stm32f407xx.o(.text)
    EXTI1_IRQHandler                         0x080001b7   Thumb Code     0  startup_stm32f407xx.o(.text)
    EXTI2_IRQHandler                         0x080001b7   Thumb Code     0  startup_stm32f407xx.o(.text)
    EXTI3_IRQHandler                         0x080001b7   Thumb Code     0  startup_stm32f407xx.o(.text)
    EXTI4_IRQHandler                         0x080001b7   Thumb Code     0  startup_stm32f407xx.o(.text)
    EXTI9_5_IRQHandler                       0x080001b7   Thumb Code     0  startup_stm32f407xx.o(.text)
    FLASH_IRQHandler                         0x080001b7   Thumb Code     0  startup_stm32f407xx.o(.text)
    FMC_IRQHandler                           0x080001b7   Thumb Code     0  startup_stm32f407xx.o(.text)
    FPU_IRQHandler                           0x080001b7   Thumb Code     0  startup_stm32f407xx.o(.text)
    HASH_RNG_IRQHandler                      0x080001b7   Thumb Code     0  startup_stm32f407xx.o(.text)
    I2C1_ER_IRQHandler                       0x080001b7   Thumb Code     0  startup_stm32f407xx.o(.text)
    I2C1_EV_IRQHandler                       0x080001b7   Thumb Code     0  startup_stm32f407xx.o(.text)
    I2C2_ER_IRQHandler                       0x080001b7   Thumb Code     0  startup_stm32f407xx.o(.text)
    I2C2_EV_IRQHandler                       0x080001b7   Thumb Code     0  startup_stm32f407xx.o(.text)
    I2C3_ER_IRQHandler                       0x080001b7   Thumb Code     0  startup_stm32f407xx.o(.text)
    I2C3_EV_IRQHandler                       0x080001b7   Thumb Code     0  startup_stm32f407xx.o(.text)
    OTG_FS_IRQHandler                        0x080001b7   Thumb Code     0  startup_stm32f407xx.o(.text)
    OTG_FS_WKUP_IRQHandler                   0x080001b7   Thumb Code     0  startup_stm32f407xx.o(.text)
    OTG_HS_EP1_IN_IRQHandler                 0x080001b7   Thumb Code     0  startup_stm32f407xx.o(.text)
    OTG_HS_EP1_OUT_IRQHandler                0x080001b7   Thumb Code     0  startup_stm32f407xx.o(.text)
    OTG_HS_IRQHandler                        0x080001b7   Thumb Code     0  startup_stm32f407xx.o(.text)
    OTG_HS_WKUP_IRQHandler                   0x080001b7   Thumb Code     0  startup_stm32f407xx.o(.text)
    PVD_IRQHandler                           0x080001b7   Thumb Code     0  startup_stm32f407xx.o(.text)
    RCC_IRQHandler                           0x080001b7   Thumb Code     0  startup_stm32f407xx.o(.text)
    RTC_Alarm_IRQHandler                     0x080001b7   Thumb Code     0  startup_stm32f407xx.o(.text)
    RTC_WKUP_IRQHandler                      0x080001b7   Thumb Code     0  startup_stm32f407xx.o(.text)
    SDIO_IRQHandler                          0x080001b7   Thumb Code     0  startup_stm32f407xx.o(.text)
    SPI1_IRQHandler                          0x080001b7   Thumb Code     0  startup_stm32f407xx.o(.text)
    SPI2_IRQHandler                          0x080001b7   Thumb Code     0  startup_stm32f407xx.o(.text)
    SPI3_IRQHandler                          0x080001b7   Thumb Code     0  startup_stm32f407xx.o(.text)
    TAMP_STAMP_IRQHandler                    0x080001b7   Thumb Code     0  startup_stm32f407xx.o(.text)
    TIM1_BRK_TIM9_IRQHandler                 0x080001b7   Thumb Code     0  startup_stm32f407xx.o(.text)
    TIM1_CC_IRQHandler                       0x080001b7   Thumb Code     0  startup_stm32f407xx.o(.text)
    TIM1_TRG_COM_TIM11_IRQHandler            0x080001b7   Thumb Code     0  startup_stm32f407xx.o(.text)
    TIM1_UP_TIM10_IRQHandler                 0x080001b7   Thumb Code     0  startup_stm32f407xx.o(.text)
    TIM2_IRQHandler                          0x080001b7   Thumb Code     0  startup_stm32f407xx.o(.text)
    TIM4_IRQHandler                          0x080001b7   Thumb Code     0  startup_stm32f407xx.o(.text)
    TIM5_IRQHandler                          0x080001b7   Thumb Code     0  startup_stm32f407xx.o(.text)
    TIM6_DAC_IRQHandler                      0x080001b7   Thumb Code     0  startup_stm32f407xx.o(.text)
    TIM7_IRQHandler                          0x080001b7   Thumb Code     0  startup_stm32f407xx.o(.text)
    TIM8_BRK_TIM12_IRQHandler                0x080001b7   Thumb Code     0  startup_stm32f407xx.o(.text)
    TIM8_CC_IRQHandler                       0x080001b7   Thumb Code     0  startup_stm32f407xx.o(.text)
    TIM8_TRG_COM_TIM14_IRQHandler            0x080001b7   Thumb Code     0  startup_stm32f407xx.o(.text)
    TIM8_UP_TIM13_IRQHandler                 0x080001b7   Thumb Code     0  startup_stm32f407xx.o(.text)
    UART4_IRQHandler                         0x080001b7   Thumb Code     0  startup_stm32f407xx.o(.text)
    UART5_IRQHandler                         0x080001b7   Thumb Code     0  startup_stm32f407xx.o(.text)
    USART1_IRQHandler                        0x080001b7   Thumb Code     0  startup_stm32f407xx.o(.text)
    USART2_IRQHandler                        0x080001b7   Thumb Code     0  startup_stm32f407xx.o(.text)
    USART3_IRQHandler                        0x080001b7   Thumb Code     0  startup_stm32f407xx.o(.text)
    WWDG_IRQHandler                          0x080001b7   Thumb Code     0  startup_stm32f407xx.o(.text)
    __aeabi_uldivmod                         0x080001c1   Thumb Code    98  uldiv.o(.text)
    __aeabi_memcpy                           0x08000223   Thumb Code    36  memcpya.o(.text)
    __aeabi_memcpy4                          0x08000223   Thumb Code     0  memcpya.o(.text)
    __aeabi_memcpy8                          0x08000223   Thumb Code     0  memcpya.o(.text)
    __aeabi_memset                           0x08000247   Thumb Code    14  memseta.o(.text)
    __aeabi_memset4                          0x08000247   Thumb Code     0  memseta.o(.text)
    __aeabi_memset8                          0x08000247   Thumb Code     0  memseta.o(.text)
    __aeabi_memclr                           0x08000255   Thumb Code     4  memseta.o(.text)
    __aeabi_memclr4                          0x08000255   Thumb Code     0  memseta.o(.text)
    __aeabi_memclr8                          0x08000255   Thumb Code     0  memseta.o(.text)
    _memset$wrapper                          0x08000259   Thumb Code    18  memseta.o(.text)
    __aeabi_dadd                             0x0800026b   Thumb Code   322  dadd.o(.text)
    __aeabi_dsub                             0x080003ad   Thumb Code     6  dadd.o(.text)
    __aeabi_drsub                            0x080003b3   Thumb Code     6  dadd.o(.text)
    __aeabi_dmul                             0x080003b9   Thumb Code   228  dmul.o(.text)
    __aeabi_ddiv                             0x0800049d   Thumb Code   222  ddiv.o(.text)
    __aeabi_i2d                              0x0800057b   Thumb Code    34  dflti.o(.text)
    __aeabi_d2iz                             0x0800059d   Thumb Code    62  dfixi.o(.text)
    __aeabi_f2d                              0x080005db   Thumb Code    38  f2d.o(.text)
    __aeabi_d2f                              0x08000601   Thumb Code    56  d2f.o(.text)
    __aeabi_llsl                             0x08000639   Thumb Code    30  llshl.o(.text)
    _ll_shift_l                              0x08000639   Thumb Code     0  llshl.o(.text)
    __aeabi_llsr                             0x08000657   Thumb Code    32  llushr.o(.text)
    _ll_ushift_r                             0x08000657   Thumb Code     0  llushr.o(.text)
    __aeabi_lasr                             0x08000677   Thumb Code    36  llsshr.o(.text)
    _ll_sshift_r                             0x08000677   Thumb Code     0  llsshr.o(.text)
    __I$use$fp                               0x0800069b   Thumb Code     0  iusefp.o(.text)
    _float_round                             0x0800069b   Thumb Code    18  fepilogue.o(.text)
    _float_epilogue                          0x080006ad   Thumb Code    92  fepilogue.o(.text)
    _double_round                            0x08000709   Thumb Code    30  depilogue.o(.text)
    _double_epilogue                         0x08000727   Thumb Code   156  depilogue.o(.text)
    _dsqrt                                   0x080007c3   Thumb Code   162  dsqrt.o(.text)
    __scatterload                            0x08000865   Thumb Code    28  init.o(.text)
    __scatterload_rt2                        0x08000865   Thumb Code     0  init.o(.text)
    __aeabi_ui2d                             0x08000889   Thumb Code    26  dfltui.o(.text)
    __decompress                             0x080008a3   Thumb Code     0  __dczerorl.o(.text)
    __decompress0                            0x080008a3   Thumb Code    58  __dczerorl.o(.text)
    AGV_DirectiveMotor_RobotMotion_To_TargetStatus 0x080008dd   Thumb Code   118  kinematic.o(i.AGV_DirectiveMotor_RobotMotion_To_TargetStatus)
    AGV_DirectiveMotor_TargetStatus_To_MotorAngle_In_ChassisCoordinate 0x08000961   Thumb Code   564  kinematic.o(i.AGV_DirectiveMotor_TargetStatus_To_MotorAngle_In_ChassisCoordinate)
    AGV_Vector_Composition_In_ChassisCoordinate 0x08000b99   Thumb Code  1864  kinematic.o(i.AGV_Vector_Composition_In_ChassisCoordinate)
    AGV_connoection                          0x080012e5   Thumb Code   862  agv_control.o(i.AGV_connoection)
    BusFault_Handler                         0x08001661   Thumb Code     4  stm32f4xx_it.o(i.BusFault_Handler)
    CAN1_Call_Back                           0x08001665   Thumb Code   100  can_connection.o(i.CAN1_Call_Back)
    CAN1_RX0_IRQHandler                      0x080016cd   Thumb Code    10  stm32f4xx_it.o(i.CAN1_RX0_IRQHandler)
    CAN1_RX1_IRQHandler                      0x080016dd   Thumb Code    10  stm32f4xx_it.o(i.CAN1_RX1_IRQHandler)
    CAN1_TX_IRQHandler                       0x080016ed   Thumb Code    10  stm32f4xx_it.o(i.CAN1_TX_IRQHandler)
    CAN2_Call_Back                           0x080016fd   Thumb Code    70  can_connection.o(i.CAN2_Call_Back)
    CAN2_RX0_IRQHandler                      0x0800174d   Thumb Code    10  stm32f4xx_it.o(i.CAN2_RX0_IRQHandler)
    CAN2_RX1_IRQHandler                      0x0800175d   Thumb Code    10  stm32f4xx_it.o(i.CAN2_RX1_IRQHandler)
    CAN2_TX_IRQHandler                       0x0800176d   Thumb Code    10  stm32f4xx_it.o(i.CAN2_TX_IRQHandler)
    CAN_Chassis_TxCpltCallback               0x0800177d   Thumb Code    58  gimbal_connection.o(i.CAN_Chassis_TxCpltCallback)
    CAN_Init                                 0x080017c1   Thumb Code   202  drv_can.o(i.CAN_Init)
    CAN_Send_EXT_Data                        0x0800189d   Thumb Code    44  drv_can.o(i.CAN_Send_EXT_Data)
    Can_Connection_Init                      0x080018c9   Thumb Code    20  can_connection.o(i.Can_Connection_Init)
    Chassis_Control_Mode_Update              0x080018ed   Thumb Code    58  gimbal_connection.o(i.Chassis_Control_Mode_Update)
    Chassis_Flag_Update                      0x08001927   Thumb Code    22  gimbal_connection.o(i.Chassis_Flag_Update)
    Chassis_Init                             0x0800193d   Thumb Code    86  chassis.o(i.Chassis_Init)
    Chassis_Inveter_Judge                    0x080019a5   Thumb Code   176  chassis.o(i.Chassis_Inveter_Judge)
    Chassis_Mode_Command_Update              0x08001a5d   Thumb Code   160  chassis.o(i.Chassis_Mode_Command_Update)
    Chassis_Move                             0x08001b09   Thumb Code    22  chassis.o(i.Chassis_Move)
    Chassis_Power_Control_Init               0x08001b25   Thumb Code    26  agv_control.o(i.Chassis_Power_Control_Init)
    Chassis_Speed_Command_Update             0x08001b49   Thumb Code    14  gimbal_connection.o(i.Chassis_Speed_Command_Update)
    Chassis_Speed_Control                    0x08001b59   Thumb Code   110  kinematic.o(i.Chassis_Speed_Control)
    Chassis_Speed_Slow_Motion                0x08001bcd   Thumb Code   234  chassis.o(i.Chassis_Speed_Slow_Motion)
    DMA2_Stream1_IRQHandler                  0x08001cb9   Thumb Code    10  stm32f4xx_it.o(i.DMA2_Stream1_IRQHandler)
    DMA2_Stream6_IRQHandler                  0x08001cc9   Thumb Code    10  stm32f4xx_it.o(i.DMA2_Stream6_IRQHandler)
    DebugMon_Handler                         0x08001db7   Thumb Code     2  stm32f4xx_it.o(i.DebugMon_Handler)
    EXT_ID_Set                               0x08001db9   Thumb Code    16  drv_can.o(i.EXT_ID_Set)
    Error_Handler                            0x08001dc9   Thumb Code     6  main.o(i.Error_Handler)
    Float_Abs                                0x08001dcf   Thumb Code    26  kinematic.o(i.Float_Abs)
    GM6020_Current_From_Lsb_To_Ampere        0x08001de9   Thumb Code    26  motor.o(i.GM6020_Current_From_Lsb_To_Ampere)
    GM6020_Feedback_Update                   0x08001e09   Thumb Code    42  motor.o(i.GM6020_Feedback_Update)
    GM6020_Position_From_Lsb_To_Degree       0x08001e35   Thumb Code    26  motor.o(i.GM6020_Position_From_Lsb_To_Degree)
    GM6020_Position_From_Lsb_To_Rad          0x08001e59   Thumb Code    34  motor.o(i.GM6020_Position_From_Lsb_To_Rad)
    GM6020_Status_Update                     0x08001e85   Thumb Code   258  motor.o(i.GM6020_Status_Update)
    Get_CRC16_Check_Sum                      0x08001f91   Thumb Code    46  algorithmofcrc.o(i.Get_CRC16_Check_Sum)
    Get_CRC8_Check_Sum                       0x08001fc5   Thumb Code    30  algorithmofcrc.o(i.Get_CRC8_Check_Sum)
    Gimbal_To_Chassis_Relative_Angle_Update  0x08001fe9   Thumb Code   136  chassis.o(i.Gimbal_To_Chassis_Relative_Angle_Update)
    HAL_CAN_ActivateNotification             0x0800208d   Thumb Code    42  stm32f4xx_hal_can.o(i.HAL_CAN_ActivateNotification)
    HAL_CAN_AddTxMessage                     0x080020b7   Thumb Code   330  stm32f4xx_hal_can.o(i.HAL_CAN_AddTxMessage)
    HAL_CAN_ConfigFilter                     0x08002201   Thumb Code   286  stm32f4xx_hal_can.o(i.HAL_CAN_ConfigFilter)
    HAL_CAN_ErrorCallback                    0x08002325   Thumb Code     2  stm32f4xx_hal_can.o(i.HAL_CAN_ErrorCallback)
    HAL_CAN_GetRxMessage                     0x08002327   Thumb Code   404  stm32f4xx_hal_can.o(i.HAL_CAN_GetRxMessage)
    HAL_CAN_IRQHandler                       0x080024bb   Thumb Code   590  stm32f4xx_hal_can.o(i.HAL_CAN_IRQHandler)
    HAL_CAN_Init                             0x08002709   Thumb Code   372  stm32f4xx_hal_can.o(i.HAL_CAN_Init)
    HAL_CAN_MspInit                          0x0800287d   Thumb Code   392  can.o(i.HAL_CAN_MspInit)
    HAL_CAN_RxFifo0FullCallback              0x08002a1d   Thumb Code     2  stm32f4xx_hal_can.o(i.HAL_CAN_RxFifo0FullCallback)
    HAL_CAN_RxFifo0MsgPendingCallback        0x08002a21   Thumb Code    72  drv_can.o(i.HAL_CAN_RxFifo0MsgPendingCallback)
    HAL_CAN_RxFifo1FullCallback              0x08002a79   Thumb Code     2  stm32f4xx_hal_can.o(i.HAL_CAN_RxFifo1FullCallback)
    HAL_CAN_RxFifo1MsgPendingCallback        0x08002a7d   Thumb Code    72  drv_can.o(i.HAL_CAN_RxFifo1MsgPendingCallback)
    HAL_CAN_SleepCallback                    0x08002ad5   Thumb Code     2  stm32f4xx_hal_can.o(i.HAL_CAN_SleepCallback)
    HAL_CAN_Start                            0x08002ad7   Thumb Code    94  stm32f4xx_hal_can.o(i.HAL_CAN_Start)
    HAL_CAN_TxMailbox0AbortCallback          0x08002b35   Thumb Code     2  stm32f4xx_hal_can.o(i.HAL_CAN_TxMailbox0AbortCallback)
    HAL_CAN_TxMailbox0CompleteCallback       0x08002b37   Thumb Code     2  stm32f4xx_hal_can.o(i.HAL_CAN_TxMailbox0CompleteCallback)
    HAL_CAN_TxMailbox1AbortCallback          0x08002b39   Thumb Code     2  stm32f4xx_hal_can.o(i.HAL_CAN_TxMailbox1AbortCallback)
    HAL_CAN_TxMailbox1CompleteCallback       0x08002b3b   Thumb Code     2  stm32f4xx_hal_can.o(i.HAL_CAN_TxMailbox1CompleteCallback)
    HAL_CAN_TxMailbox2AbortCallback          0x08002b3d   Thumb Code     2  stm32f4xx_hal_can.o(i.HAL_CAN_TxMailbox2AbortCallback)
    HAL_CAN_TxMailbox2CompleteCallback       0x08002b3f   Thumb Code     2  stm32f4xx_hal_can.o(i.HAL_CAN_TxMailbox2CompleteCallback)
    HAL_CAN_WakeUpFromRxMsgCallback          0x08002b41   Thumb Code     2  stm32f4xx_hal_can.o(i.HAL_CAN_WakeUpFromRxMsgCallback)
    HAL_DMA_IRQHandler                       0x08002b45   Thumb Code   570  stm32f4xx_hal_dma.o(i.HAL_DMA_IRQHandler)
    HAL_DMA_Init                             0x08002d85   Thumb Code   232  stm32f4xx_hal_dma.o(i.HAL_DMA_Init)
    HAL_GPIO_Init                            0x08002e71   Thumb Code   454  stm32f4xx_hal_gpio.o(i.HAL_GPIO_Init)
    HAL_GetTick                              0x08003065   Thumb Code     6  stm32f4xx_hal.o(i.HAL_GetTick)
    HAL_IncTick                              0x08003071   Thumb Code    16  stm32f4xx_hal.o(i.HAL_IncTick)
    HAL_Init                                 0x08003089   Thumb Code    54  stm32f4xx_hal.o(i.HAL_Init)
    HAL_InitTick                             0x080030c5   Thumb Code    64  stm32f4xx_hal.o(i.HAL_InitTick)
    HAL_MspInit                              0x08003111   Thumb Code    68  stm32f4xx_hal_msp.o(i.HAL_MspInit)
    HAL_NVIC_EnableIRQ                       0x08003159   Thumb Code    40  stm32f4xx_hal_cortex.o(i.HAL_NVIC_EnableIRQ)
    HAL_NVIC_SetPriority                     0x08003181   Thumb Code   124  stm32f4xx_hal_cortex.o(i.HAL_NVIC_SetPriority)
    HAL_NVIC_SetPriorityGrouping             0x080031fd   Thumb Code    32  stm32f4xx_hal_cortex.o(i.HAL_NVIC_SetPriorityGrouping)
    HAL_RCCEx_PeriphCLKConfig                0x08003225   Thumb Code   396  stm32f4xx_hal_rcc_ex.o(i.HAL_RCCEx_PeriphCLKConfig)
    HAL_RCC_ClockConfig                      0x080033c5   Thumb Code   368  stm32f4xx_hal_rcc.o(i.HAL_RCC_ClockConfig)
    HAL_RCC_GetHCLKFreq                      0x08003549   Thumb Code     6  stm32f4xx_hal_rcc.o(i.HAL_RCC_GetHCLKFreq)
    HAL_RCC_GetPCLK1Freq                     0x08003555   Thumb Code    22  stm32f4xx_hal_rcc.o(i.HAL_RCC_GetPCLK1Freq)
    HAL_RCC_GetPCLK2Freq                     0x08003575   Thumb Code    22  stm32f4xx_hal_rcc.o(i.HAL_RCC_GetPCLK2Freq)
    HAL_RCC_GetSysClockFreq                  0x08003595   Thumb Code   162  stm32f4xx_hal_rcc.o(i.HAL_RCC_GetSysClockFreq)
    HAL_RCC_OscConfig                        0x08003645   Thumb Code  1172  stm32f4xx_hal_rcc.o(i.HAL_RCC_OscConfig)
    HAL_RTC_Init                             0x08003ae1   Thumb Code   176  stm32f4xx_hal_rtc.o(i.HAL_RTC_Init)
    HAL_RTC_MspInit                          0x08003b95   Thumb Code    50  rtc.o(i.HAL_RTC_MspInit)
    HAL_RTC_WaitForSynchro                   0x08003bd1   Thumb Code    52  stm32f4xx_hal_rtc.o(i.HAL_RTC_WaitForSynchro)
    HAL_SYSTICK_Config                       0x08003c09   Thumb Code    52  stm32f4xx_hal_cortex.o(i.HAL_SYSTICK_Config)
    HAL_TIMEx_BreakCallback                  0x08003c3d   Thumb Code     2  stm32f4xx_hal_tim_ex.o(i.HAL_TIMEx_BreakCallback)
    HAL_TIMEx_CommutCallback                 0x08003c3f   Thumb Code     2  stm32f4xx_hal_tim_ex.o(i.HAL_TIMEx_CommutCallback)
    HAL_TIMEx_MasterConfigSynchronization    0x08003c41   Thumb Code   150  stm32f4xx_hal_tim_ex.o(i.HAL_TIMEx_MasterConfigSynchronization)
    HAL_TIM_Base_Init                        0x08003cf5   Thumb Code   102  stm32f4xx_hal_tim.o(i.HAL_TIM_Base_Init)
    HAL_TIM_Base_MspInit                     0x08003d5d   Thumb Code   108  tim.o(i.HAL_TIM_Base_MspInit)
    HAL_TIM_Base_Start_IT                    0x08003dd5   Thumb Code   138  stm32f4xx_hal_tim.o(i.HAL_TIM_Base_Start_IT)
    HAL_TIM_ConfigClockSource                0x08003e7d   Thumb Code   268  stm32f4xx_hal_tim.o(i.HAL_TIM_ConfigClockSource)
    HAL_TIM_IC_CaptureCallback               0x08003f89   Thumb Code     2  stm32f4xx_hal_tim.o(i.HAL_TIM_IC_CaptureCallback)
    HAL_TIM_IRQHandler                       0x08003f8b   Thumb Code   364  stm32f4xx_hal_tim.o(i.HAL_TIM_IRQHandler)
    HAL_TIM_OC_DelayElapsedCallback          0x080040f7   Thumb Code     2  stm32f4xx_hal_tim.o(i.HAL_TIM_OC_DelayElapsedCallback)
    HAL_TIM_PWM_PulseFinishedCallback        0x080040f9   Thumb Code     2  stm32f4xx_hal_tim.o(i.HAL_TIM_PWM_PulseFinishedCallback)
    HAL_TIM_PeriodElapsedCallback            0x080040fd   Thumb Code   168  chassis_task.o(i.HAL_TIM_PeriodElapsedCallback)
    HAL_TIM_TriggerCallback                  0x080041b5   Thumb Code     2  stm32f4xx_hal_tim.o(i.HAL_TIM_TriggerCallback)
    HAL_UART_Init                            0x080041b7   Thumb Code   118  stm32f4xx_hal_uart.o(i.HAL_UART_Init)
    HAL_UART_MspInit                         0x0800422d   Thumb Code   258  usart.o(i.HAL_UART_MspInit)
    HardFault_Handler                        0x08004349   Thumb Code     4  stm32f4xx_it.o(i.HardFault_Handler)
    Judge_Buffer_Receive_Task                0x0800434d   Thumb Code   104  referee.o(i.Judge_Buffer_Receive_Task)
    MX_CAN1_Init                             0x080043bd   Thumb Code    62  can.o(i.MX_CAN1_Init)
    MX_CAN2_Init                             0x08004405   Thumb Code    62  can.o(i.MX_CAN2_Init)
    MX_DMA_Init                              0x0800444d   Thumb Code    68  dma.o(i.MX_DMA_Init)
    MX_GPIO_Init                             0x08004495   Thumb Code   156  gpio.o(i.MX_GPIO_Init)
    MX_RTC_Init                              0x08004535   Thumb Code    44  rtc.o(i.MX_RTC_Init)
    MX_TIM3_Init                             0x08004569   Thumb Code   102  tim.o(i.MX_TIM3_Init)
    MX_TIM9_Init                             0x080045d9   Thumb Code    74  tim.o(i.MX_TIM9_Init)
    MX_USART6_UART_Init                      0x0800462d   Thumb Code    46  usart.o(i.MX_USART6_UART_Init)
    MemManage_Handler                        0x08004665   Thumb Code     4  stm32f4xx_it.o(i.MemManage_Handler)
    NMI_Handler                              0x08004669   Thumb Code     4  stm32f4xx_it.o(i.NMI_Handler)
    PID_Calculate                            0x0800466d   Thumb Code   426  pid.o(i.PID_Calculate)
    PID_Init                                 0x0800481d   Thumb Code    32  pid.o(i.PID_Init)
    PendSV_Handler                           0x08004845   Thumb Code     2  stm32f4xx_it.o(i.PendSV_Handler)
    RTC_EnterInitMode                        0x08004847   Thumb Code    74  stm32f4xx_hal_rtc.o(i.RTC_EnterInitMode)
    RTC_ExitInitMode                         0x08004891   Thumb Code    46  stm32f4xx_hal_rtc.o(i.RTC_ExitInitMode)
    ReFeree_Usart_Init                       0x080048c1   Thumb Code   294  referee.o(i.ReFeree_Usart_Init)
    Referee_Init                             0x08004a05   Thumb Code    30  referee.o(i.Referee_Init)
    SVC_Handler                              0x08004a31   Thumb Code     2  stm32f4xx_it.o(i.SVC_Handler)
    Set_AGV_Velocity_Vector_Data_Update      0x08004a33   Thumb Code    26  agv_control.o(i.Set_AGV_Velocity_Vector_Data_Update)
    Speed_Limitation                         0x08004a4d   Thumb Code   466  kinematic.o(i.Speed_Limitation)
    Square                                   0x08004c29   Thumb Code    14  kinematic.o(i.Square)
    SysTick_Handler                          0x08004c37   Thumb Code     8  stm32f4xx_it.o(i.SysTick_Handler)
    SystemClock_Config                       0x08004c41   Thumb Code   178  main.o(i.SystemClock_Config)
    SystemInit                               0x08004cfd   Thumb Code    14  system_stm32f4xx.o(i.SystemInit)
    TIM3_IRQHandler                          0x08004d11   Thumb Code    10  stm32f4xx_it.o(i.TIM3_IRQHandler)
    TIM_Base_SetConfig                       0x08004d21   Thumb Code   186  stm32f4xx_hal_tim.o(i.TIM_Base_SetConfig)
    TIM_ETR_SetConfig                        0x08004e09   Thumb Code    22  stm32f4xx_hal_tim.o(i.TIM_ETR_SetConfig)
    Task_Init                                0x08004e7f   Thumb Code    24  chassis_task.o(i.Task_Init)
    Time_Count_Task                          0x08004e97   Thumb Code    40  chassis_task.o(i.Time_Count_Task)
    USART6_IRQHandler                        0x080050ed   Thumb Code   276  referee.o(i.USART6_IRQHandler)
    UsageFault_Handler                       0x0800521d   Thumb Code     4  stm32f4xx_it.o(i.UsageFault_Handler)
    Verify_CRC16_Check_Sum                   0x08005221   Thumb Code    60  algorithmofcrc.o(i.Verify_CRC16_Check_Sum)
    Verify_CRC8_Check_Sum                    0x08005261   Thumb Code    46  algorithmofcrc.o(i.Verify_CRC8_Check_Sum)
    Yaw_Angle_Process                        0x08005291   Thumb Code   150  chassis.o(i.Yaw_Angle_Process)
    Yaw_Init                                 0x08005331   Thumb Code    28  chassis.o(i.Yaw_Init)
    __ARM_fpclassify                         0x08005359   Thumb Code    48  fpclassify.o(i.__ARM_fpclassify)
    __hardfp_atan                            0x080053c9   Thumb Code   622  atan.o(i.__hardfp_atan)
    __hardfp_atan2                           0x080056a1   Thumb Code   432  atan2.o(i.__hardfp_atan2)
    __hardfp_cos                             0x08005891   Thumb Code   180  cos.o(i.__hardfp_cos)
    __hardfp_sin                             0x08005959   Thumb Code   180  sin.o(i.__hardfp_sin)
    __hardfp_sqrt                            0x08005a21   Thumb Code   122  sqrt.o(i.__hardfp_sqrt)
    __ieee754_rem_pio2                       0x08005aa1   Thumb Code   938  rred.o(i.__ieee754_rem_pio2)
    __kernel_cos                             0x08005ed9   Thumb Code   322  cos_i.o(i.__kernel_cos)
    __kernel_poly                            0x08006049   Thumb Code   248  poly.o(i.__kernel_poly)
    __kernel_sin                             0x08006141   Thumb Code   280  sin_i.o(i.__kernel_sin)
    __mathlib_dbl_infnan                     0x08006271   Thumb Code    20  dunder.o(i.__mathlib_dbl_infnan)
    __mathlib_dbl_infnan2                    0x08006285   Thumb Code    20  dunder.o(i.__mathlib_dbl_infnan2)
    __mathlib_dbl_invalid                    0x08006299   Thumb Code    24  dunder.o(i.__mathlib_dbl_invalid)
    __mathlib_dbl_underflow                  0x080062b9   Thumb Code    24  dunder.o(i.__mathlib_dbl_underflow)
    __scatterload_copy                       0x080062d9   Thumb Code    14  handlers.o(i.__scatterload_copy)
    __scatterload_null                       0x080062e7   Thumb Code     2  handlers.o(i.__scatterload_null)
    __scatterload_zeroinit                   0x080062e9   Thumb Code    14  handlers.o(i.__scatterload_zeroinit)
    __set_errno                              0x080062fd   Thumb Code     6  errno.o(i.__set_errno)
    atan                                     0x08006309   Thumb Code    16  atan.o(i.atan)
    calculate_true_power                     0x08006319   Thumb Code   274  agv_control.o(i.calculate_true_power)
    can_filter_mask_config                   0x08006441   Thumb Code   110  drv_can.o(i.can_filter_mask_config)
    fabs                                     0x08006971   Thumb Code    24  fabs.o(i.fabs)
    fifo_s_get                               0x08006989   Thumb Code    58  fifo.o(i.fifo_s_get)
    fifo_s_init                              0x080069c3   Thumb Code    22  fifo.o(i.fifo_s_init)
    fifo_s_puts                              0x080069d9   Thumb Code   160  fifo.o(i.fifo_s_puts)
    fifo_s_used                              0x08006a79   Thumb Code     6  fifo.o(i.fifo_s_used)
    main                                     0x08006a81   Thumb Code    54  main.o(i.main)
    referee_unpack_fifo_data                 0x08006abd   Thumb Code   322  referee.o(i.referee_unpack_fifo_data)
    AHBPrescTable                            0x08006c10   Data          16  system_stm32f4xx.o(.constdata)
    APBPrescTable                            0x08006c20   Data           8  system_stm32f4xx.o(.constdata)
    CRC8_INIT                                0x08006c28   Data           1  algorithmofcrc.o(.constdata)
    CRC8_TAB                                 0x08006c29   Data         256  algorithmofcrc.o(.constdata)
    wCRC_Table                               0x08006d2a   Data         512  algorithmofcrc.o(.constdata)
    __mathlib_zero                           0x08006ff8   Data           8  qnan.o(.constdata)
    Region$$Table$$Base                      0x080070f0   Number         0  anon$$obj.o(Region$$Table)
    Region$$Table$$Limit                     0x08007110   Number         0  anon$$obj.o(Region$$Table)
    uwTick                                   0x20000004   Data           4  stm32f4xx_hal.o(.data)
    uwTickPrio                               0x20000008   Data           4  stm32f4xx_hal.o(.data)
    uwTickFreq                               0x2000000c   Data           1  stm32f4xx_hal.o(.data)
    SystemCoreClock                          0x20000010   Data           4  system_stm32f4xx.o(.data)
    CRC_INIT                                 0x20000014   Data           2  algorithmofcrc.o(.data)
    referee_receive_header                   0x20000016   Data           5  referee.o(.data)
    test_sum                                 0x20000020   Data           4  agv_control.o(.data)
    yaw_position_loop_data                   0x20000024   Data          40  chassis.o(.data)
    buffer_loop_data                         0x2000004c   Data          40  chassis.o(.data)
    AGV_tan                                  0x20000074   Data           4  kinematic.o(.data)
    AGV_ang                                  0x20000078   Data           4  kinematic.o(.data)
    chassis_angle                            0x2000007c   Data           4  kinematic.o(.data)
    CAN1_0x1ff_Tx_Data                       0x20000080   Data           8  drv_can.o(.data)
    CAN1_0x200_Tx_Data                       0x20000088   Data           8  drv_can.o(.data)
    CAN1_0x2ff_Tx_Data                       0x20000090   Data           8  drv_can.o(.data)
    CAN1_0xxf1_Tx_Data                       0x20000098   Data           8  drv_can.o(.data)
    CAN1_0xxf2_Tx_Data                       0x200000a0   Data           8  drv_can.o(.data)
    CAN1_0xxf3_Tx_Data                       0x200000a8   Data           8  drv_can.o(.data)
    CAN1_0xxf4_Tx_Data                       0x200000b0   Data           8  drv_can.o(.data)
    CAN1_0xxf5_Tx_Data                       0x200000b8   Data           8  drv_can.o(.data)
    CAN1_0xxf6_Tx_Data                       0x200000c0   Data           8  drv_can.o(.data)
    CAN1_0xxf7_Tx_Data                       0x200000c8   Data           8  drv_can.o(.data)
    CAN1_0xxf8_Tx_Data                       0x200000d0   Data           8  drv_can.o(.data)
    CAN2_0x1ff_Tx_Data                       0x200000d8   Data           8  drv_can.o(.data)
    CAN2_0x200_Tx_Data                       0x200000e0   Data           8  drv_can.o(.data)
    CAN2_0x2ff_Tx_Data                       0x200000e8   Data           8  drv_can.o(.data)
    CAN2_0xxf1_Tx_Data                       0x200000f0   Data           8  drv_can.o(.data)
    CAN2_0xxf2_Tx_Data                       0x200000f8   Data           8  drv_can.o(.data)
    CAN2_0xxf3_Tx_Data                       0x20000100   Data           8  drv_can.o(.data)
    CAN2_0xxf4_Tx_Data                       0x20000108   Data           8  drv_can.o(.data)
    CAN2_0xxf5_Tx_Data                       0x20000110   Data           8  drv_can.o(.data)
    CAN2_0xxf6_Tx_Data                       0x20000118   Data           8  drv_can.o(.data)
    CAN2_0xxf7_Tx_Data                       0x20000120   Data           8  drv_can.o(.data)
    CAN2_0xxf8_Tx_Data                       0x20000128   Data           8  drv_can.o(.data)
    AGV_A_Tx_Data                            0x20000130   Data           8  drv_can.o(.data)
    AGV_B_Tx_Data                            0x20000138   Data           8  drv_can.o(.data)
    AGV_C_Tx_Data                            0x20000140   Data           8  drv_can.o(.data)
    AGV_D_Tx_Data                            0x20000148   Data           8  drv_can.o(.data)
    CAN_Supercap_Tx_Data                     0x20000150   Data           8  drv_can.o(.data)
    time                                     0x2000015c   Data           8  chassis_task.o(.data)
    hcan1                                    0x20000168   Data          40  can.o(.bss)
    hcan2                                    0x20000190   Data          40  can.o(.bss)
    hrtc                                     0x200001b8   Data          32  rtc.o(.bss)
    htim3                                    0x200001d8   Data          72  tim.o(.bss)
    htim9                                    0x20000220   Data          72  tim.o(.bss)
    huart6                                   0x20000268   Data          72  usart.o(.bss)
    hdma_usart6_rx                           0x200002b0   Data          96  usart.o(.bss)
    hdma_usart6_tx                           0x20000310   Data          96  usart.o(.bss)
    usart6_buf                               0x20000370   Data        1024  referee.o(.bss)
    referee_fifo                             0x20000770   Data          24  referee.o(.bss)
    referee_fifo_buf                         0x20000788   Data        1024  referee.o(.bss)
    JudgeReceive                             0x20000b88   Data          52  referee.o(.bss)
    referee_unpack_obj                       0x20000bbc   Data         140  referee.o(.bss)
    chassis_power_control                    0x20000c48   Data          48  agv_control.o(.bss)
    buffer_pid                               0x20000c78   Data         127  agv_control.o(.bss)
    chassis                                  0x20000cf8   Data         180  chassis.o(.bss)
    yaw                                      0x20000dac   Data         104  chassis.o(.bss)
    yaw_pid                                  0x20000e14   Data         254  chassis.o(.bss)
    connection                               0x20000f14   Data          28  gimbal_connection.o(.bss)
    CAN1_Manage_Object                       0x20000f30   Data          44  drv_can.o(.bss)
    CAN2_Manage_Object                       0x20000f5c   Data          44  drv_can.o(.bss)
    __initial_sp                             0x20001388   Data           0  startup_stm32f407xx.o(STACK)



==============================================================================

Memory Map of the image

  Image Entry point : 0x08000189

  Load Region LR_IROM1 (Base: 0x08000000, Size: 0x00007278, Max: 0x00100000, ABSOLUTE, COMPRESSED[0x00007134])

    Execution Region ER_IROM1 (Exec base: 0x08000000, Load base: 0x08000000, Size: 0x00007110, Max: 0x00100000, ABSOLUTE)

    Exec Addr    Load Addr    Size         Type   Attr      Idx    E Section Name        Object

    0x08000000   0x08000000   0x00000188   Data   RO            3    RESET               startup_stm32f407xx.o
    0x08000188   0x08000188   0x00000000   Code   RO         4943  * .ARM.Collect$$$$00000000  mc_w.l(entry.o)
    0x08000188   0x08000188   0x00000004   Code   RO         5310    .ARM.Collect$$$$00000001  mc_w.l(entry2.o)
    0x0800018c   0x0800018c   0x00000004   Code   RO         5313    .ARM.Collect$$$$00000004  mc_w.l(entry5.o)
    0x08000190   0x08000190   0x00000000   Code   RO         5315    .ARM.Collect$$$$00000008  mc_w.l(entry7b.o)
    0x08000190   0x08000190   0x00000000   Code   RO         5317    .ARM.Collect$$$$0000000A  mc_w.l(entry8b.o)
    0x08000190   0x08000190   0x00000008   Code   RO         5318    .ARM.Collect$$$$0000000B  mc_w.l(entry9a.o)
    0x08000198   0x08000198   0x00000000   Code   RO         5320    .ARM.Collect$$$$0000000D  mc_w.l(entry10a.o)
    0x08000198   0x08000198   0x00000000   Code   RO         5322    .ARM.Collect$$$$0000000F  mc_w.l(entry11a.o)
    0x08000198   0x08000198   0x00000004   Code   RO         5311    .ARM.Collect$$$$00002712  mc_w.l(entry2.o)
    0x0800019c   0x0800019c   0x00000024   Code   RO            4    .text               startup_stm32f407xx.o
    0x080001c0   0x080001c0   0x00000062   Code   RO         4946    .text               mc_w.l(uldiv.o)
    0x08000222   0x08000222   0x00000024   Code   RO         4948    .text               mc_w.l(memcpya.o)
    0x08000246   0x08000246   0x00000024   Code   RO         4950    .text               mc_w.l(memseta.o)
    0x0800026a   0x0800026a   0x0000014e   Code   RO         5245    .text               mf_w.l(dadd.o)
    0x080003b8   0x080003b8   0x000000e4   Code   RO         5247    .text               mf_w.l(dmul.o)
    0x0800049c   0x0800049c   0x000000de   Code   RO         5249    .text               mf_w.l(ddiv.o)
    0x0800057a   0x0800057a   0x00000022   Code   RO         5253    .text               mf_w.l(dflti.o)
    0x0800059c   0x0800059c   0x0000003e   Code   RO         5255    .text               mf_w.l(dfixi.o)
    0x080005da   0x080005da   0x00000026   Code   RO         5257    .text               mf_w.l(f2d.o)
    0x08000600   0x08000600   0x00000038   Code   RO         5259    .text               mf_w.l(d2f.o)
    0x08000638   0x08000638   0x0000001e   Code   RO         5329    .text               mc_w.l(llshl.o)
    0x08000656   0x08000656   0x00000020   Code   RO         5331    .text               mc_w.l(llushr.o)
    0x08000676   0x08000676   0x00000024   Code   RO         5333    .text               mc_w.l(llsshr.o)
    0x0800069a   0x0800069a   0x00000000   Code   RO         5344    .text               mc_w.l(iusefp.o)
    0x0800069a   0x0800069a   0x0000006e   Code   RO         5345    .text               mf_w.l(fepilogue.o)
    0x08000708   0x08000708   0x000000ba   Code   RO         5347    .text               mf_w.l(depilogue.o)
    0x080007c2   0x080007c2   0x000000a2   Code   RO         5349    .text               mf_w.l(dsqrt.o)
    0x08000864   0x08000864   0x00000024   Code   RO         5361    .text               mc_w.l(init.o)
    0x08000888   0x08000888   0x0000001a   Code   RO         5365    .text               mf_w.l(dfltui.o)
    0x080008a2   0x080008a2   0x0000003a   Code   RO         5375    .text               mc_w.l(__dczerorl.o)
    0x080008dc   0x080008dc   0x00000084   Code   RO         4268    i.AGV_DirectiveMotor_RobotMotion_To_TargetStatus  kinematic.o
    0x08000960   0x08000960   0x00000238   Code   RO         4269    i.AGV_DirectiveMotor_TargetStatus_To_MotorAngle_In_ChassisCoordinate  kinematic.o
    0x08000b98   0x08000b98   0x0000074c   Code   RO         4270    i.AGV_Vector_Composition_In_ChassisCoordinate  kinematic.o
    0x080012e4   0x080012e4   0x0000037c   Code   RO         3964    i.AGV_connoection   agv_control.o
    0x08001660   0x08001660   0x00000004   Code   RO          465    i.BusFault_Handler  stm32f4xx_it.o
    0x08001664   0x08001664   0x00000068   Code   RO         4331    i.CAN1_Call_Back    can_connection.o
    0x080016cc   0x080016cc   0x00000010   Code   RO          466    i.CAN1_RX0_IRQHandler  stm32f4xx_it.o
    0x080016dc   0x080016dc   0x00000010   Code   RO          467    i.CAN1_RX1_IRQHandler  stm32f4xx_it.o
    0x080016ec   0x080016ec   0x00000010   Code   RO          468    i.CAN1_TX_IRQHandler  stm32f4xx_it.o
    0x080016fc   0x080016fc   0x00000050   Code   RO         4332    i.CAN2_Call_Back    can_connection.o
    0x0800174c   0x0800174c   0x00000010   Code   RO          469    i.CAN2_RX0_IRQHandler  stm32f4xx_it.o
    0x0800175c   0x0800175c   0x00000010   Code   RO          470    i.CAN2_RX1_IRQHandler  stm32f4xx_it.o
    0x0800176c   0x0800176c   0x00000010   Code   RO          471    i.CAN2_TX_IRQHandler  stm32f4xx_it.o
    0x0800177c   0x0800177c   0x00000044   Code   RO         4118    i.CAN_Chassis_TxCpltCallback  gimbal_connection.o
    0x080017c0   0x080017c0   0x000000dc   Code   RO         4482    i.CAN_Init          drv_can.o
    0x0800189c   0x0800189c   0x0000002c   Code   RO         4484    i.CAN_Send_EXT_Data  drv_can.o
    0x080018c8   0x080018c8   0x00000024   Code   RO         4333    i.Can_Connection_Init  can_connection.o
    0x080018ec   0x080018ec   0x0000003a   Code   RO         4119    i.Chassis_Control_Mode_Update  gimbal_connection.o
    0x08001926   0x08001926   0x00000016   Code   RO         4120    i.Chassis_Flag_Update  gimbal_connection.o
    0x0800193c   0x0800193c   0x00000068   Code   RO         4029    i.Chassis_Init      chassis.o
    0x080019a4   0x080019a4   0x000000b8   Code   RO         4030    i.Chassis_Inveter_Judge  chassis.o
    0x08001a5c   0x08001a5c   0x000000ac   Code   RO         4031    i.Chassis_Mode_Command_Update  chassis.o
    0x08001b08   0x08001b08   0x0000001c   Code   RO         4032    i.Chassis_Move      chassis.o
    0x08001b24   0x08001b24   0x00000024   Code   RO         3965    i.Chassis_Power_Control_Init  agv_control.o
    0x08001b48   0x08001b48   0x0000000e   Code   RO         4121    i.Chassis_Speed_Command_Update  gimbal_connection.o
    0x08001b56   0x08001b56   0x00000002   PAD
    0x08001b58   0x08001b58   0x00000074   Code   RO         4271    i.Chassis_Speed_Control  kinematic.o
    0x08001bcc   0x08001bcc   0x000000ea   Code   RO         4033    i.Chassis_Speed_Slow_Motion  chassis.o
    0x08001cb6   0x08001cb6   0x00000002   PAD
    0x08001cb8   0x08001cb8   0x00000010   Code   RO          472    i.DMA2_Stream1_IRQHandler  stm32f4xx_it.o
    0x08001cc8   0x08001cc8   0x00000010   Code   RO          473    i.DMA2_Stream6_IRQHandler  stm32f4xx_it.o
    0x08001cd8   0x08001cd8   0x00000034   Code   RO         1357    i.DMA_CalcBaseAndBitshift  stm32f4xx_hal_dma.o
    0x08001d0c   0x08001d0c   0x000000aa   Code   RO         1358    i.DMA_CheckFifoParam  stm32f4xx_hal_dma.o
    0x08001db6   0x08001db6   0x00000002   Code   RO          474    i.DebugMon_Handler  stm32f4xx_it.o
    0x08001db8   0x08001db8   0x00000010   Code   RO         4485    i.EXT_ID_Set        drv_can.o
    0x08001dc8   0x08001dc8   0x00000006   Code   RO           13    i.Error_Handler     main.o
    0x08001dce   0x08001dce   0x0000001a   Code   RO         4272    i.Float_Abs         kinematic.o
    0x08001de8   0x08001de8   0x00000020   Code   RO         4170    i.GM6020_Current_From_Lsb_To_Ampere  motor.o
    0x08001e08   0x08001e08   0x0000002a   Code   RO         4171    i.GM6020_Feedback_Update  motor.o
    0x08001e32   0x08001e32   0x00000002   PAD
    0x08001e34   0x08001e34   0x00000024   Code   RO         4173    i.GM6020_Position_From_Lsb_To_Degree  motor.o
    0x08001e58   0x08001e58   0x0000002c   Code   RO         4174    i.GM6020_Position_From_Lsb_To_Rad  motor.o
    0x08001e84   0x08001e84   0x0000010c   Code   RO         4175    i.GM6020_Status_Update  motor.o
    0x08001f90   0x08001f90   0x00000034   Code   RO         3839    i.Get_CRC16_Check_Sum  algorithmofcrc.o
    0x08001fc4   0x08001fc4   0x00000024   Code   RO         3840    i.Get_CRC8_Check_Sum  algorithmofcrc.o
    0x08001fe8   0x08001fe8   0x000000a4   Code   RO         4034    i.Gimbal_To_Chassis_Relative_Angle_Update  chassis.o
    0x0800208c   0x0800208c   0x0000002a   Code   RO          620    i.HAL_CAN_ActivateNotification  stm32f4xx_hal_can.o
    0x080020b6   0x080020b6   0x0000014a   Code   RO          621    i.HAL_CAN_AddTxMessage  stm32f4xx_hal_can.o
    0x08002200   0x08002200   0x00000124   Code   RO          622    i.HAL_CAN_ConfigFilter  stm32f4xx_hal_can.o
    0x08002324   0x08002324   0x00000002   Code   RO          625    i.HAL_CAN_ErrorCallback  stm32f4xx_hal_can.o
    0x08002326   0x08002326   0x00000194   Code   RO          628    i.HAL_CAN_GetRxMessage  stm32f4xx_hal_can.o
    0x080024ba   0x080024ba   0x0000024e   Code   RO          632    i.HAL_CAN_IRQHandler  stm32f4xx_hal_can.o
    0x08002708   0x08002708   0x00000174   Code   RO          633    i.HAL_CAN_Init      stm32f4xx_hal_can.o
    0x0800287c   0x0800287c   0x000001a0   Code   RO          261    i.HAL_CAN_MspInit   can.o
    0x08002a1c   0x08002a1c   0x00000002   Code   RO          640    i.HAL_CAN_RxFifo0FullCallback  stm32f4xx_hal_can.o
    0x08002a1e   0x08002a1e   0x00000002   PAD
    0x08002a20   0x08002a20   0x00000058   Code   RO         4486    i.HAL_CAN_RxFifo0MsgPendingCallback  drv_can.o
    0x08002a78   0x08002a78   0x00000002   Code   RO          642    i.HAL_CAN_RxFifo1FullCallback  stm32f4xx_hal_can.o
    0x08002a7a   0x08002a7a   0x00000002   PAD
    0x08002a7c   0x08002a7c   0x00000058   Code   RO         4487    i.HAL_CAN_RxFifo1MsgPendingCallback  drv_can.o
    0x08002ad4   0x08002ad4   0x00000002   Code   RO          644    i.HAL_CAN_SleepCallback  stm32f4xx_hal_can.o
    0x08002ad6   0x08002ad6   0x0000005e   Code   RO          645    i.HAL_CAN_Start     stm32f4xx_hal_can.o
    0x08002b34   0x08002b34   0x00000002   Code   RO          647    i.HAL_CAN_TxMailbox0AbortCallback  stm32f4xx_hal_can.o
    0x08002b36   0x08002b36   0x00000002   Code   RO          648    i.HAL_CAN_TxMailbox0CompleteCallback  stm32f4xx_hal_can.o
    0x08002b38   0x08002b38   0x00000002   Code   RO          649    i.HAL_CAN_TxMailbox1AbortCallback  stm32f4xx_hal_can.o
    0x08002b3a   0x08002b3a   0x00000002   Code   RO          650    i.HAL_CAN_TxMailbox1CompleteCallback  stm32f4xx_hal_can.o
    0x08002b3c   0x08002b3c   0x00000002   Code   RO          651    i.HAL_CAN_TxMailbox2AbortCallback  stm32f4xx_hal_can.o
    0x08002b3e   0x08002b3e   0x00000002   Code   RO          652    i.HAL_CAN_TxMailbox2CompleteCallback  stm32f4xx_hal_can.o
    0x08002b40   0x08002b40   0x00000002   Code   RO          654    i.HAL_CAN_WakeUpFromRxMsgCallback  stm32f4xx_hal_can.o
    0x08002b42   0x08002b42   0x00000002   PAD
    0x08002b44   0x08002b44   0x00000240   Code   RO         1365    i.HAL_DMA_IRQHandler  stm32f4xx_hal_dma.o
    0x08002d84   0x08002d84   0x000000ec   Code   RO         1366    i.HAL_DMA_Init      stm32f4xx_hal_dma.o
    0x08002e70   0x08002e70   0x000001f4   Code   RO         1253    i.HAL_GPIO_Init     stm32f4xx_hal_gpio.o
    0x08003064   0x08003064   0x0000000c   Code   RO         1796    i.HAL_GetTick       stm32f4xx_hal.o
    0x08003070   0x08003070   0x00000018   Code   RO         1802    i.HAL_IncTick       stm32f4xx_hal.o
    0x08003088   0x08003088   0x0000003c   Code   RO         1803    i.HAL_Init          stm32f4xx_hal.o
    0x080030c4   0x080030c4   0x0000004c   Code   RO         1804    i.HAL_InitTick      stm32f4xx_hal.o
    0x08003110   0x08003110   0x00000048   Code   RO          595    i.HAL_MspInit       stm32f4xx_hal_msp.o
    0x08003158   0x08003158   0x00000028   Code   RO         1643    i.HAL_NVIC_EnableIRQ  stm32f4xx_hal_cortex.o
    0x08003180   0x08003180   0x0000007c   Code   RO         1649    i.HAL_NVIC_SetPriority  stm32f4xx_hal_cortex.o
    0x080031fc   0x080031fc   0x00000028   Code   RO         1650    i.HAL_NVIC_SetPriorityGrouping  stm32f4xx_hal_cortex.o
    0x08003224   0x08003224   0x000001a0   Code   RO          959    i.HAL_RCCEx_PeriphCLKConfig  stm32f4xx_hal_rcc_ex.o
    0x080033c4   0x080033c4   0x00000184   Code   RO          854    i.HAL_RCC_ClockConfig  stm32f4xx_hal_rcc.o
    0x08003548   0x08003548   0x0000000c   Code   RO          859    i.HAL_RCC_GetHCLKFreq  stm32f4xx_hal_rcc.o
    0x08003554   0x08003554   0x00000020   Code   RO          861    i.HAL_RCC_GetPCLK1Freq  stm32f4xx_hal_rcc.o
    0x08003574   0x08003574   0x00000020   Code   RO          862    i.HAL_RCC_GetPCLK2Freq  stm32f4xx_hal_rcc.o
    0x08003594   0x08003594   0x000000b0   Code   RO          863    i.HAL_RCC_GetSysClockFreq  stm32f4xx_hal_rcc.o
    0x08003644   0x08003644   0x0000049c   Code   RO          866    i.HAL_RCC_OscConfig  stm32f4xx_hal_rcc.o
    0x08003ae0   0x08003ae0   0x000000b4   Code   RO         2054    i.HAL_RTC_Init      stm32f4xx_hal_rtc.o
    0x08003b94   0x08003b94   0x0000003c   Code   RO          334    i.HAL_RTC_MspInit   rtc.o
    0x08003bd0   0x08003bd0   0x00000038   Code   RO         2062    i.HAL_RTC_WaitForSynchro  stm32f4xx_hal_rtc.o
    0x08003c08   0x08003c08   0x00000034   Code   RO         1654    i.HAL_SYSTICK_Config  stm32f4xx_hal_cortex.o
    0x08003c3c   0x08003c3c   0x00000002   Code   RO         3160    i.HAL_TIMEx_BreakCallback  stm32f4xx_hal_tim_ex.o
    0x08003c3e   0x08003c3e   0x00000002   Code   RO         3161    i.HAL_TIMEx_CommutCallback  stm32f4xx_hal_tim_ex.o
    0x08003c40   0x08003c40   0x000000b4   Code   RO         3179    i.HAL_TIMEx_MasterConfigSynchronization  stm32f4xx_hal_tim_ex.o
    0x08003cf4   0x08003cf4   0x00000066   Code   RO         2445    i.HAL_TIM_Base_Init  stm32f4xx_hal_tim.o
    0x08003d5a   0x08003d5a   0x00000002   PAD
    0x08003d5c   0x08003d5c   0x00000078   Code   RO          376    i.HAL_TIM_Base_MspInit  tim.o
    0x08003dd4   0x08003dd4   0x000000a8   Code   RO         2450    i.HAL_TIM_Base_Start_IT  stm32f4xx_hal_tim.o
    0x08003e7c   0x08003e7c   0x0000010c   Code   RO         2454    i.HAL_TIM_ConfigClockSource  stm32f4xx_hal_tim.o
    0x08003f88   0x08003f88   0x00000002   Code   RO         2479    i.HAL_TIM_IC_CaptureCallback  stm32f4xx_hal_tim.o
    0x08003f8a   0x08003f8a   0x0000016c   Code   RO         2493    i.HAL_TIM_IRQHandler  stm32f4xx_hal_tim.o
    0x080040f6   0x080040f6   0x00000002   Code   RO         2496    i.HAL_TIM_OC_DelayElapsedCallback  stm32f4xx_hal_tim.o
    0x080040f8   0x080040f8   0x00000002   Code   RO         2523    i.HAL_TIM_PWM_PulseFinishedCallback  stm32f4xx_hal_tim.o
    0x080040fa   0x080040fa   0x00000002   PAD
    0x080040fc   0x080040fc   0x000000b8   Code   RO         4856    i.HAL_TIM_PeriodElapsedCallback  chassis_task.o
    0x080041b4   0x080041b4   0x00000002   Code   RO         2536    i.HAL_TIM_TriggerCallback  stm32f4xx_hal_tim.o
    0x080041b6   0x080041b6   0x00000076   Code   RO         3457    i.HAL_UART_Init     stm32f4xx_hal_uart.o
    0x0800422c   0x0800422c   0x0000011c   Code   RO          424    i.HAL_UART_MspInit  usart.o
    0x08004348   0x08004348   0x00000004   Code   RO          475    i.HardFault_Handler  stm32f4xx_it.o
    0x0800434c   0x0800434c   0x00000070   Code   RO         3898    i.Judge_Buffer_Receive_Task  referee.o
    0x080043bc   0x080043bc   0x00000048   Code   RO          262    i.MX_CAN1_Init      can.o
    0x08004404   0x08004404   0x00000048   Code   RO          263    i.MX_CAN2_Init      can.o
    0x0800444c   0x0800444c   0x00000048   Code   RO          309    i.MX_DMA_Init       dma.o
    0x08004494   0x08004494   0x000000a0   Code   RO          236    i.MX_GPIO_Init      gpio.o
    0x08004534   0x08004534   0x00000034   Code   RO          335    i.MX_RTC_Init       rtc.o
    0x08004568   0x08004568   0x00000070   Code   RO          377    i.MX_TIM3_Init      tim.o
    0x080045d8   0x080045d8   0x00000054   Code   RO          378    i.MX_TIM9_Init      tim.o
    0x0800462c   0x0800462c   0x00000038   Code   RO          425    i.MX_USART6_UART_Init  usart.o
    0x08004664   0x08004664   0x00000004   Code   RO          476    i.MemManage_Handler  stm32f4xx_it.o
    0x08004668   0x08004668   0x00000004   Code   RO          477    i.NMI_Handler       stm32f4xx_it.o
    0x0800466c   0x0800466c   0x000001b0   Code   RO         4553    i.PID_Calculate     pid.o
    0x0800481c   0x0800481c   0x00000028   Code   RO         4554    i.PID_Init          pid.o
    0x08004844   0x08004844   0x00000002   Code   RO          478    i.PendSV_Handler    stm32f4xx_it.o
    0x08004846   0x08004846   0x0000004a   Code   RO         2065    i.RTC_EnterInitMode  stm32f4xx_hal_rtc.o
    0x08004890   0x08004890   0x0000002e   Code   RO         2066    i.RTC_ExitInitMode  stm32f4xx_hal_rtc.o
    0x080048be   0x080048be   0x00000002   PAD
    0x080048c0   0x080048c0   0x00000144   Code   RO         3899    i.ReFeree_Usart_Init  referee.o
    0x08004a04   0x08004a04   0x0000002c   Code   RO         3900    i.Referee_Init      referee.o
    0x08004a30   0x08004a30   0x00000002   Code   RO          479    i.SVC_Handler       stm32f4xx_it.o
    0x08004a32   0x08004a32   0x0000001a   Code   RO         3966    i.Set_AGV_Velocity_Vector_Data_Update  agv_control.o
    0x08004a4c   0x08004a4c   0x000001dc   Code   RO         4273    i.Speed_Limitation  kinematic.o
    0x08004c28   0x08004c28   0x0000000e   Code   RO         4274    i.Square            kinematic.o
    0x08004c36   0x08004c36   0x00000008   Code   RO          480    i.SysTick_Handler   stm32f4xx_it.o
    0x08004c3e   0x08004c3e   0x00000002   PAD
    0x08004c40   0x08004c40   0x000000bc   Code   RO           14    i.SystemClock_Config  main.o
    0x08004cfc   0x08004cfc   0x00000014   Code   RO         3801    i.SystemInit        system_stm32f4xx.o
    0x08004d10   0x08004d10   0x00000010   Code   RO          481    i.TIM3_IRQHandler   stm32f4xx_it.o
    0x08004d20   0x08004d20   0x000000e8   Code   RO         2538    i.TIM_Base_SetConfig  stm32f4xx_hal_tim.o
    0x08004e08   0x08004e08   0x00000016   Code   RO         2549    i.TIM_ETR_SetConfig  stm32f4xx_hal_tim.o
    0x08004e1e   0x08004e1e   0x00000012   Code   RO         2550    i.TIM_ITRx_SetConfig  stm32f4xx_hal_tim.o
    0x08004e30   0x08004e30   0x00000026   Code   RO         2556    i.TIM_TI1_ConfigInputStage  stm32f4xx_hal_tim.o
    0x08004e56   0x08004e56   0x00000028   Code   RO         2558    i.TIM_TI2_ConfigInputStage  stm32f4xx_hal_tim.o
    0x08004e7e   0x08004e7e   0x00000018   Code   RO         4857    i.Task_Init         chassis_task.o
    0x08004e96   0x08004e96   0x00000028   Code   RO         4858    i.Time_Count_Task   chassis_task.o
    0x08004ebe   0x08004ebe   0x00000002   PAD
    0x08004ec0   0x08004ec0   0x0000022c   Code   RO         3484    i.UART_SetConfig    stm32f4xx_hal_uart.o
    0x080050ec   0x080050ec   0x00000130   Code   RO         3901    i.USART6_IRQHandler  referee.o
    0x0800521c   0x0800521c   0x00000004   Code   RO          482    i.UsageFault_Handler  stm32f4xx_it.o
    0x08005220   0x08005220   0x00000040   Code   RO         3841    i.Verify_CRC16_Check_Sum  algorithmofcrc.o
    0x08005260   0x08005260   0x0000002e   Code   RO         3842    i.Verify_CRC8_Check_Sum  algorithmofcrc.o
    0x0800528e   0x0800528e   0x00000002   PAD
    0x08005290   0x08005290   0x000000a0   Code   RO         4035    i.Yaw_Angle_Process  chassis.o
    0x08005330   0x08005330   0x00000028   Code   RO         4036    i.Yaw_Init          chassis.o
    0x08005358   0x08005358   0x00000030   Code   RO         5357    i.__ARM_fpclassify  m_wm.l(fpclassify.o)
    0x08005388   0x08005388   0x00000010   Code   RO         1656    i.__NVIC_GetPriorityGrouping  stm32f4xx_hal_cortex.o
    0x08005398   0x08005398   0x00000028   Code   RO         1657    i.__NVIC_SetPriority  stm32f4xx_hal_cortex.o
    0x080053c0   0x080053c0   0x00000006   Code   RO         4632    i.__get_PRIMASK     fifo.o
    0x080053c6   0x080053c6   0x00000002   PAD
    0x080053c8   0x080053c8   0x000002d8   Code   RO         5261    i.__hardfp_atan     m_wm.l(atan.o)
    0x080056a0   0x080056a0   0x000001f0   Code   RO         4895    i.__hardfp_atan2    m_wm.l(atan2.o)
    0x08005890   0x08005890   0x000000c8   Code   RO         4907    i.__hardfp_cos      m_wm.l(cos.o)
    0x08005958   0x08005958   0x000000c8   Code   RO         4919    i.__hardfp_sin      m_wm.l(sin.o)
    0x08005a20   0x08005a20   0x0000007a   Code   RO         4931    i.__hardfp_sqrt     m_wm.l(sqrt.o)
    0x08005a9a   0x08005a9a   0x00000006   PAD
    0x08005aa0   0x08005aa0   0x00000438   Code   RO         5299    i.__ieee754_rem_pio2  m_wm.l(rred.o)
    0x08005ed8   0x08005ed8   0x00000170   Code   RO         5275    i.__kernel_cos      m_wm.l(cos_i.o)
    0x08006048   0x08006048   0x000000f8   Code   RO         5359    i.__kernel_poly     m_wm.l(poly.o)
    0x08006140   0x08006140   0x00000130   Code   RO         5304    i.__kernel_sin      m_wm.l(sin_i.o)
    0x08006270   0x08006270   0x00000014   Code   RO         5279    i.__mathlib_dbl_infnan  m_wm.l(dunder.o)
    0x08006284   0x08006284   0x00000014   Code   RO         5280    i.__mathlib_dbl_infnan2  m_wm.l(dunder.o)
    0x08006298   0x08006298   0x00000020   Code   RO         5281    i.__mathlib_dbl_invalid  m_wm.l(dunder.o)
    0x080062b8   0x080062b8   0x00000020   Code   RO         5284    i.__mathlib_dbl_underflow  m_wm.l(dunder.o)
    0x080062d8   0x080062d8   0x0000000e   Code   RO         5369    i.__scatterload_copy  mc_w.l(handlers.o)
    0x080062e6   0x080062e6   0x00000002   Code   RO         5370    i.__scatterload_null  mc_w.l(handlers.o)
    0x080062e8   0x080062e8   0x0000000e   Code   RO         5371    i.__scatterload_zeroinit  mc_w.l(handlers.o)
    0x080062f6   0x080062f6   0x00000006   Code   RO         4633    i.__set_PRIMASK     fifo.o
    0x080062fc   0x080062fc   0x0000000c   Code   RO         5339    i.__set_errno       mc_w.l(errno.o)
    0x08006308   0x08006308   0x00000010   Code   RO         5263    i.atan              m_wm.l(atan.o)
    0x08006318   0x08006318   0x00000128   Code   RO         3967    i.calculate_true_power  agv_control.o
    0x08006440   0x08006440   0x0000006e   Code   RO         4489    i.can_filter_mask_config  drv_can.o
    0x080064ae   0x080064ae   0x00000002   PAD
    0x080064b0   0x080064b0   0x00000060   Code   RO         4037    i.chassis_fllow     chassis.o
    0x08006510   0x08006510   0x000000f0   Code   RO         4555    i.f_Changing_Integral_Rate  pid.o
    0x08006600   0x08006600   0x00000030   Code   RO         4556    i.f_Derivative_Filter  pid.o
    0x08006630   0x08006630   0x00000022   Code   RO         4557    i.f_Derivative_On_Measurement  pid.o
    0x08006652   0x08006652   0x00000002   PAD
    0x08006654   0x08006654   0x000000cc   Code   RO         4558    i.f_Integral_Limit  pid.o
    0x08006720   0x08006720   0x00000030   Code   RO         4559    i.f_Output_Filter   pid.o
    0x08006750   0x08006750   0x00000046   Code   RO         4560    i.f_Output_Limit    pid.o
    0x08006796   0x08006796   0x00000002   PAD
    0x08006798   0x08006798   0x000000c0   Code   RO         4561    i.f_PID_ErrorHandle  pid.o
    0x08006858   0x08006858   0x00000074   Code   RO         4562    i.f_PID_param_init  pid.o
    0x080068cc   0x080068cc   0x00000034   Code   RO         4563    i.f_PID_reset       pid.o
    0x08006900   0x08006900   0x00000046   Code   RO         4564    i.f_Proportion_Limit  pid.o
    0x08006946   0x08006946   0x0000002a   Code   RO         4565    i.f_Trapezoid_Intergral  pid.o
    0x08006970   0x08006970   0x00000018   Code   RO         5294    i.fabs              m_wm.l(fabs.o)
    0x08006988   0x08006988   0x0000003a   Code   RO         4651    i.fifo_s_get        fifo.o
    0x080069c2   0x080069c2   0x00000016   Code   RO         4654    i.fifo_s_init       fifo.o
    0x080069d8   0x080069d8   0x000000a0   Code   RO         4660    i.fifo_s_puts       fifo.o
    0x08006a78   0x08006a78   0x00000006   Code   RO         4662    i.fifo_s_used       fifo.o
    0x08006a7e   0x08006a7e   0x00000002   PAD
    0x08006a80   0x08006a80   0x0000003c   Code   RO           15    i.main              main.o
    0x08006abc   0x08006abc   0x0000014c   Code   RO         3902    i.referee_unpack_fifo_data  referee.o
    0x08006c08   0x08006c08   0x00000008   Data   RO         1372    .constdata          stm32f4xx_hal_dma.o
    0x08006c10   0x08006c10   0x00000018   Data   RO         3802    .constdata          system_stm32f4xx.o
    0x08006c28   0x08006c28   0x00000302   Data   RO         3843    .constdata          algorithmofcrc.o
    0x08006f2a   0x08006f2a   0x00000006   PAD
    0x08006f30   0x08006f30   0x00000098   Data   RO         5264    .constdata          m_wm.l(atan.o)
    0x08006fc8   0x08006fc8   0x00000030   Data   RO         5276    .constdata          m_wm.l(cos_i.o)
    0x08006ff8   0x08006ff8   0x00000008   Data   RO         5298    .constdata          m_wm.l(qnan.o)
    0x08007000   0x08007000   0x000000c8   Data   RO         5301    .constdata          m_wm.l(rred.o)
    0x080070c8   0x080070c8   0x00000028   Data   RO         5305    .constdata          m_wm.l(sin_i.o)
    0x080070f0   0x080070f0   0x00000020   Data   RO         5367    Region$$Table       anon$$obj.o


    Execution Region RW_IRAM1 (Exec base: 0x20000000, Load base: 0x08007110, Size: 0x00001388, Max: 0x0001c000, ABSOLUTE, COMPRESSED[0x00000024])

    Exec Addr    Load Addr    Size         Type   Attr      Idx    E Section Name        Object

    0x20000000   COMPRESSED   0x00000004   Data   RW          265    .data               can.o
    0x20000004   COMPRESSED   0x00000009   Data   RW         1810    .data               stm32f4xx_hal.o
    0x2000000d   COMPRESSED   0x00000003   PAD
    0x20000010   COMPRESSED   0x00000004   Data   RW         3803    .data               system_stm32f4xx.o
    0x20000014   COMPRESSED   0x00000002   Data   RW         3844    .data               algorithmofcrc.o
    0x20000016   COMPRESSED   0x00000008   Data   RW         3904    .data               referee.o
    0x2000001e   COMPRESSED   0x00000002   PAD
    0x20000020   COMPRESSED   0x00000004   Data   RW         3969    .data               agv_control.o
    0x20000024   COMPRESSED   0x00000050   Data   RW         4039    .data               chassis.o
    0x20000074   COMPRESSED   0x0000000c   Data   RW         4275    .data               kinematic.o
    0x20000080   COMPRESSED   0x000000dc   Data   RW         4491    .data               drv_can.o
    0x2000015c   COMPRESSED   0x00000008   Data   RW         4859    .data               chassis_task.o
    0x20000164   COMPRESSED   0x00000004   Data   RW         5340    .data               mc_w.l(errno.o)
    0x20000168        -       0x00000050   Zero   RW          264    .bss                can.o
    0x200001b8        -       0x00000020   Zero   RW          336    .bss                rtc.o
    0x200001d8        -       0x00000090   Zero   RW          379    .bss                tim.o
    0x20000268        -       0x00000108   Zero   RW          426    .bss                usart.o
    0x20000370        -       0x000008d8   Zero   RW         3903    .bss                referee.o
    0x20000c48        -       0x000000af   Zero   RW         3968    .bss                agv_control.o
    0x20000cf7   COMPRESSED   0x00000001   PAD
    0x20000cf8        -       0x0000021a   Zero   RW         4038    .bss                chassis.o
    0x20000f12   COMPRESSED   0x00000002   PAD
    0x20000f14        -       0x0000001c   Zero   RW         4123    .bss                gimbal_connection.o
    0x20000f30        -       0x00000058   Zero   RW         4490    .bss                drv_can.o
    0x20000f88        -       0x00000400   Zero   RW            1    STACK               startup_stm32f407xx.o


    Execution Region RW_IRAM2 (Exec base: 0x2001c000, Load base: 0x08007134, Size: 0x00000000, Max: 0x00004000, ABSOLUTE)

    **** No section assigned to this execution region ****


==============================================================================

Image component sizes


      Code (inc. data)   RO Data    RW Data    ZI Data      Debug   Object Name

      1250         62          0          4        175       5768   agv_control.o
       198         16        770          2          0       3729   algorithmofcrc.o
       560         44          0          4         80       2498   can.o
       220         30          0          0          0       1712   can_connection.o
      1182        114          0         80        538       7455   chassis.o
       248         16          0          8          0       2773   chassis_task.o
        72          4          0          0          0        778   dma.o
       566         50          0        220         88       7812   drv_can.o
       258          0          0          0          0       9303   fifo.o
       162         10          0          0         28       3961   gimbal_connection.o
       160          4          0          0          0        935   gpio.o
      3200         92          0         12          0       7798   kinematic.o
       254         16          0          0          0     719890   main.o
       422         36          0          0          0       5263   motor.o
      1588         46          0          0          0       8767   pid.o
      1116         96          0          8       2264       9878   referee.o
       112         18          0          0         32       1551   rtc.o
        36          8        392          0       1024        840   startup_stm32f407xx.o
       172         32          0          9          0       8781   stm32f4xx_hal.o
      2146          6          0          0          0      13851   stm32f4xx_hal_can.o
       312         22          0          0          0      34367   stm32f4xx_hal_cortex.o
      1034         16          8          0          0       3908   stm32f4xx_hal_dma.o
       500         46          0          0          0       1460   stm32f4xx_hal_gpio.o
        72          4          0          0          0        862   stm32f4xx_hal_msp.o
      1820         84          0          0          0       5648   stm32f4xx_hal_rcc.o
       416         20          0          0          0       1416   stm32f4xx_hal_rcc_ex.o
       356          8          0          0          0       3307   stm32f4xx_hal_rtc.o
      1260         76          0          0          0       9887   stm32f4xx_hal_tim.o
       184         30          0          0          0       2541   stm32f4xx_hal_tim_ex.o
       674         10          0          0          0       1888   stm32f4xx_hal_uart.o
       178         54          0          0          0       8774   stm32f4xx_it.o
        20          6         24          4          0       1139   system_stm32f4xx.o
       316         32          0          0        144       2335   tim.o
       340         36          0          0        264       1892   usart.o

    ----------------------------------------------------------------------
     21438       1144       1232        356       4640     902767   Object Totals
         0          0         32          0          0          0   (incl. Generated)
        34          0          6          5          3          0   (incl. Padding)

    ----------------------------------------------------------------------

      Code (inc. data)   RO Data    RW Data    ZI Data      Debug   Library Member Name

       744        106        152          0          0        352   atan.o
       496         64          0          0          0        192   atan2.o
       200         20          0          0          0        164   cos.o
       368         46         48          0          0        200   cos_i.o
       104         16          0          0          0        496   dunder.o
        24          0          0          0          0        124   fabs.o
        48          0          0          0          0        124   fpclassify.o
       248          0          0          0          0        152   poly.o
         0          0          8          0          0          0   qnan.o
      1080        142        200          0          0        188   rred.o
       200         20          0          0          0        164   sin.o
       304         24         40          0          0        208   sin_i.o
       122          0          0          0          0        148   sqrt.o
        58          0          0          0          0          0   __dczerorl.o
         0          0          0          0          0          0   entry.o
         0          0          0          0          0          0   entry10a.o
         0          0          0          0          0          0   entry11a.o
         8          4          0          0          0          0   entry2.o
         4          0          0          0          0          0   entry5.o
         0          0          0          0          0          0   entry7b.o
         0          0          0          0          0          0   entry8b.o
         8          4          0          0          0          0   entry9a.o
        12          6          0          4          0         68   errno.o
        30          0          0          0          0          0   handlers.o
        36          8          0          0          0         68   init.o
         0          0          0          0          0          0   iusefp.o
        30          0          0          0          0         68   llshl.o
        36          0          0          0          0         68   llsshr.o
        32          0          0          0          0         68   llushr.o
        36          0          0          0          0         68   memcpya.o
        36          0          0          0          0        108   memseta.o
        98          0          0          0          0         92   uldiv.o
        56          0          0          0          0         88   d2f.o
       334          0          0          0          0        148   dadd.o
       222          0          0          0          0        100   ddiv.o
       186          0          0          0          0        176   depilogue.o
        62          0          0          0          0         80   dfixi.o
        34          0          0          0          0         76   dflti.o
        26          0          0          0          0         76   dfltui.o
       228          0          0          0          0         96   dmul.o
       162          0          0          0          0        100   dsqrt.o
        38          0          0          0          0         68   f2d.o
       110          0          0          0          0        168   fepilogue.o

    ----------------------------------------------------------------------
      5826        460        448          4          0       4296   Library Totals
         6          0          0          0          0          0   (incl. Padding)

    ----------------------------------------------------------------------

      Code (inc. data)   RO Data    RW Data    ZI Data      Debug   Library Name

      3938        438        448          0          0       2512   m_wm.l
       424         22          0          4          0        608   mc_w.l
      1458          0          0          0          0       1176   mf_w.l

    ----------------------------------------------------------------------
      5826        460        448          4          0       4296   Library Totals

    ----------------------------------------------------------------------

==============================================================================


      Code (inc. data)   RO Data    RW Data    ZI Data      Debug   

     27264       1604       1680        360       4640     889815   Grand Totals
     27264       1604       1680         36       4640     889815   ELF Image Totals (compressed)
     27264       1604       1680         36          0          0   ROM Totals

==============================================================================

    Total RO  Size (Code + RO Data)                28944 (  28.27kB)
    Total RW  Size (RW Data + ZI Data)              5000 (   4.88kB)
    Total ROM Size (Code + RO Data + RW Data)      28980 (  28.30kB)

==============================================================================

