<html>
<body>
<pre>
<h1>礦ision Build Log</h1>
<h2>Tool Versions:</h2>
IDE-Version: μVision V5.23.0.0
Copyright (C) 2017 ARM Ltd and ARM Germany GmbH. All rights reserved.
License Information: tj ZuiShan, HP Inc., LIC=HN0AE-56DZT-IIW5V-P3YWP-CULX0-E64NS
 
Tool Versions:
Toolchain:       MDK-ARM Plus  Version: 5.23
Toolchain Path:  C:\Keil_v5\ARM\ARMCC\Bin
C Compiler:      Armcc.exe V5.06 update 4 (build 422)
Assembler:       Armasm.exe V5.06 update 4 (build 422)
Linker/Locator:  ArmLink.exe V5.06 update 4 (build 422)
Library Manager: ArmAr.exe V5.06 update 4 (build 422)
Hex Converter:   FromElf.exe V5.06 update 4 (build 422)
CPU DLL:         SARMCM3.DLL V5.23
Dialog DLL:      DCM.DLL V1.15.0.0
Target DLL:      Segger\JL2CM3.dll V2.99.23.0
Dialog DLL:      TCM.DLL V1.27.0.0
 
<h2>Project:</h2>
D:\EVENTS\can_connection\Hero\Hero-chassis\MDK-ARM\infantry.uvprojx
Project File Date:  03/06/2024

<h2>Output:</h2>
*** Using Compiler 'V5.06 update 4 (build 422)', folder: 'C:\Keil_v5\ARM\ARMCC\Bin'
Build target 'infantry'
compiling stm32f4xx_it.c...
../APP/referee/referee.h(567): warning:  #1295-D: Deprecated declaration referee_usart_task - give arg types
  extern void referee_usart_task();
..\APP\chassis_power_control\chassis_power_control.h(29): warning:  #1-D: last line of file ends without a newline
  #endif
../Core/Src/stm32f4xx_it.c: 2 warnings, 0 errors
compiling main.c...
../APP/referee/referee.h(567): warning:  #1295-D: Deprecated declaration referee_usart_task - give arg types
  extern void referee_usart_task();
..\APP\chassis_power_control\chassis_power_control.h(29): warning:  #1-D: last line of file ends without a newline
  #endif
../Core/Src/main.c: 2 warnings, 0 errors
compiling chassis_move.c...
..\APP\chassis_power_control\chassis_power_control.h(29): warning:  #1-D: last line of file ends without a newline
  #endif
../APP/referee/referee.h(567): warning:  #1295-D: Deprecated declaration referee_usart_task - give arg types
  extern void referee_usart_task();
..\APP\chassis_move\chassis_move.c(543): warning:  #223-D: function "canTX_RefereeData" declared implicitly
      canTX_RefereeData(&power, &buffer, &max_power);
..\APP\chassis_move\chassis_move.c(444): warning:  #177-D: function "can_send_chassis_current"  was declared but never referenced
  static void can_send_chassis_current(void)//输出底盘电流值
..\APP\chassis_move\chassis_move.c(538): warning:  #177-D: function "power_limitation_jugement"  was declared but never referenced
  static void power_limitation_jugement(void)
..\APP\chassis_move\chassis_move.c(608): warning:  #177-D: function "chassis_fly"  was declared but never referenced
  static void chassis_fly(uint16_t buffer)
..\APP\chassis_move\chassis_move.c: 6 warnings, 0 errors
compiling dma.c...
../APP/referee/referee.h(567): warning:  #1295-D: Deprecated declaration referee_usart_task - give arg types
  extern void referee_usart_task();
..\APP\chassis_power_control\chassis_power_control.h(29): warning:  #1-D: last line of file ends without a newline
  #endif
../Core/Src/dma.c: 2 warnings, 0 errors
compiling can.c...
../APP/referee/referee.h(567): warning:  #1295-D: Deprecated declaration referee_usart_task - give arg types
  extern void referee_usart_task();
..\APP\chassis_power_control\chassis_power_control.h(29): warning:  #1-D: last line of file ends without a newline
  #endif
../Core/Src/can.c: 2 warnings, 0 errors
compiling tim.c...
../APP/referee/referee.h(567): warning:  #1295-D: Deprecated declaration referee_usart_task - give arg types
  extern void referee_usart_task();
..\APP\chassis_power_control\chassis_power_control.h(29): warning:  #1-D: last line of file ends without a newline
  #endif
../Core/Src/tim.c: 2 warnings, 0 errors
compiling gpio.c...
../APP/referee/referee.h(567): warning:  #1295-D: Deprecated declaration referee_usart_task - give arg types
  extern void referee_usart_task();
..\APP\chassis_power_control\chassis_power_control.h(29): warning:  #1-D: last line of file ends without a newline
  #endif
../Core/Src/gpio.c: 2 warnings, 0 errors
compiling referee.c...
..\APP\referee\referee.h(567): warning:  #1295-D: Deprecated declaration referee_usart_task - give arg types
  extern void referee_usart_task();
..\APP\chassis_power_control\chassis_power_control.h(29): warning:  #1-D: last line of file ends without a newline
  #endif
..\APP\referee\referee.c: 2 warnings, 0 errors
compiling remote_control.c...
../APP/referee/referee.h(567): warning:  #1295-D: Deprecated declaration referee_usart_task - give arg types
  extern void referee_usart_task();
..\APP\chassis_power_control\chassis_power_control.h(29): warning:  #1-D: last line of file ends without a newline
  #endif
..\APP\remote_control\remote_control.c(26): warning:  #69-D: integer conversion resulted in truncation
  RC_ctrl_t rc_ctrl = {{0x0400,0x0400,0x0400,0x0400,2,2,0x0400},{0,0,0,0,0,},{0}};
..\APP\remote_control\remote_control.c(48): warning:  #177-D: function "caculate_linear_speed"  was declared but never referenced
  static float caculate_linear_speed(int width,int mid,int min,int max)
..\APP\remote_control\remote_control.c(60): warning:  #177-D: function "caculate_rotational_speed"  was declared but never referenced
  static float caculate_rotational_speed(int width,int mid,int min,int max)
..\APP\remote_control\remote_control.c: 5 warnings, 0 errors
compiling chassis_task.c...
..\APP\chassis_power_control\chassis_power_control.h(29): warning:  #1-D: last line of file ends without a newline
  #endif
../APP/referee/referee.h(567): warning:  #1295-D: Deprecated declaration referee_usart_task - give arg types
  extern void referee_usart_task();
../APP/referee_UI/referee_UI.h(79): warning:  #1295-D: Deprecated declaration referee_usart_task - give arg types
  void referee_usart_task();
..\APP\Relay_Task\relay_task.h(7): warning:  #1-D: last line of file ends without a newline
  	
..\APP\chassis_task\chassis_task.c(44): warning:  #223-D: function "referee_unpack_fifo_data" declared implicitly
  		referee_unpack_fifo_data();	//裁判系统数据接收
..\APP\chassis_task\chassis_task.c: 5 warnings, 0 errors
compiling my_init.c...
../APP/referee/referee.h(567): warning:  #1295-D: Deprecated declaration referee_usart_task - give arg types
  extern void referee_usart_task();
..\APP\chassis_power_control\chassis_power_control.h(29): warning:  #1-D: last line of file ends without a newline
  #endif
..\Core\Src\my_init.c(54): warning:  #223-D: function "bsp_can_init" declared implicitly
  	bsp_can_init();
..\Core\Src\my_init.c(63): warning:  #223-D: function "init_referee_struct_data" declared implicitly
  	init_referee_struct_data();
..\Core\Src\my_init.c(79): warning:  #1-D: last line of file ends without a newline
  }
..\Core\Src\my_init.c: 5 warnings, 0 errors
compiling usart.c...
../APP/referee/referee.h(567): warning:  #1295-D: Deprecated declaration referee_usart_task - give arg types
  extern void referee_usart_task();
..\APP\chassis_power_control\chassis_power_control.h(29): warning:  #1-D: last line of file ends without a newline
  #endif
../Core/Src/usart.c: 2 warnings, 0 errors
compiling kinematics.c...
..\APP\chassis_power_control\chassis_power_control.h(29): warning:  #1-D: last line of file ends without a newline
  #endif
../APP/referee/referee.h(567): warning:  #1295-D: Deprecated declaration referee_usart_task - give arg types
  extern void referee_usart_task();
..\APP\Kinematics\kinematics.c(200): warning:  #1035-D: single-precision operand implicitly converted to double-precision
  	while (Radian_Conversion_Angle >  3.14) Radian_Conversion_Angle  = Radian_Conversion_Angle - 2*3.14;
..\APP\Kinematics\kinematics.c: 3 warnings, 0 errors
compiling stm32f4xx_hal_msp.c...
../APP/referee/referee.h(567): warning:  #1295-D: Deprecated declaration referee_usart_task - give arg types
  extern void referee_usart_task();
..\APP\chassis_power_control\chassis_power_control.h(29): warning:  #1-D: last line of file ends without a newline
  #endif
../Core/Src/stm32f4xx_hal_msp.c: 2 warnings, 0 errors
compiling trigger_turn.c...
../APP/referee/referee.h(567): warning:  #1295-D: Deprecated declaration referee_usart_task - give arg types
  extern void referee_usart_task();
..\APP\chassis_power_control\chassis_power_control.h(29): warning:  #1-D: last line of file ends without a newline
  #endif
..\APP\trigger_turn\trigger_turn.c: 2 warnings, 0 errors
compiling chassis_power_control.c...
..\APP\chassis_power_control\chassis_power_control.h(29): warning:  #1-D: last line of file ends without a newline
  #endif
..\APP\chassis_power_control\chassis_power_control.c: 1 warning, 0 errors
compiling yaw_turn.c...
../APP/referee/referee.h(567): warning:  #1295-D: Deprecated declaration referee_usart_task - give arg types
  extern void referee_usart_task();
..\APP\chassis_power_control\chassis_power_control.h(29): warning:  #1-D: last line of file ends without a newline
  #endif
..\APP\yaw_turn\yaw_turn.c(96): warning:  #177-D: function "GIMBAL_CALBACK_GET"  was declared but never referenced
  static void GIMBAL_CALBACK_GET(void)
..\APP\yaw_turn\yaw_turn.c(25): warning:  #177-D: function "GIMBAL_Set_Mode"  was declared but never referenced
  static void GIMBAL_Set_Mode(void);
..\APP\yaw_turn\yaw_turn.c(26): warning:  #177-D: function "GIMBAL_Set_Contorl"  was declared but never referenced
  static void GIMBAL_Set_Contorl(void);
..\APP\yaw_turn\yaw_turn.c(27): warning:  #177-D: function "GIMBAL_PID"  was declared but never referenced
  static void GIMBAL_PID(void);
..\APP\yaw_turn\yaw_turn.c(153): warning:  #177-D: function "gimbal_motor_encode_pid"  was declared but never referenced
  static void gimbal_motor_encode_pid(GIMBAL_t *gimbal_)//仅yaw轴
..\APP\yaw_turn\yaw_turn.c(115): warning:  #177-D: function "deadline_judge"  was declared but never referenced
  static int deadline_judge(float a,int flag)//遥控器死区判断
..\APP\yaw_turn\yaw_turn.c: 8 warnings, 0 errors
compiling vision.c...
../APP/referee/referee.h(567): warning:  #1295-D: Deprecated declaration referee_usart_task - give arg types
  extern void referee_usart_task();
..\APP\chassis_power_control\chassis_power_control.h(29): warning:  #1-D: last line of file ends without a newline
  #endif
..\APP\vision\vision.c: 2 warnings, 0 errors
compiling relay_task.c...
..\APP\Relay_Task\relay_task.h(7): warning:  #1-D: last line of file ends without a newline
  	
../APP/referee/referee.h(567): warning:  #1295-D: Deprecated declaration referee_usart_task - give arg types
  extern void referee_usart_task();
..\APP\chassis_power_control\chassis_power_control.h(29): warning:  #1-D: last line of file ends without a newline
  #endif
..\APP\Relay_Task\relay_task.c(50): warning:  #1-D: last line of file ends without a newline
  }
..\APP\Relay_Task\relay_task.c: 4 warnings, 0 errors
compiling supercap.c...
../APP/referee/referee.h(567): warning:  #1295-D: Deprecated declaration referee_usart_task - give arg types
  extern void referee_usart_task();
..\APP\chassis_power_control\chassis_power_control.h(29): warning:  #1-D: last line of file ends without a newline
  #endif
..\APP\supercap\supercap.c(264): warning:  #1-D: last line of file ends without a newline
  }
..\APP\supercap\supercap.c: 3 warnings, 0 errors
compiling steering_communication.c...
..\APP\chassis_power_control\chassis_power_control.h(29): warning:  #1-D: last line of file ends without a newline
  #endif
../APP/referee/referee.h(567): warning:  #1295-D: Deprecated declaration referee_usart_task - give arg types
  extern void referee_usart_task();
..\APP\steering\steering_communication.c(385): warning:  #1-D: last line of file ends without a newline
       
..\APP\steering\steering_communication.c(15): warning:  #177-D: function "platform_get_msg"  was declared but never referenced
  static uint8_t platform_get_msg(void *handle, uint32_t Ext_CANID, uint8_t aData[]);
..\APP\steering\steering_communication.c: 4 warnings, 0 errors
compiling bsp_can.c...
../APP/referee/referee.h(567): warning:  #1295-D: Deprecated declaration referee_usart_task - give arg types
  extern void referee_usart_task();
..\APP\chassis_power_control\chassis_power_control.h(29): warning:  #1-D: last line of file ends without a newline
  #endif
..\APP\Relay_Task\relay_task.h(7): warning:  #1-D: last line of file ends without a newline
  	
..\BSP\bsp_can\bsp_can.c(294): warning:  #550-D: variable "current"  was set but never used
  	int16_t speed,*gdata,current;
..\BSP\bsp_can\bsp_can.c(475): warning:  #550-D: variable "Angle"  was set but never used
  	int Angle,Speed;
..\BSP\bsp_can\bsp_can.c(475): warning:  #550-D: variable "Speed"  was set but never used
  	int Angle,Speed;
..\BSP\bsp_can\bsp_can.c(485): warning:  #550-D: variable "status"  was set but never used
  	uint8_t status;
..\BSP\bsp_can\bsp_can.c(508): warning:  #550-D: variable "status"  was set but never used
  	uint8_t status;
..\BSP\bsp_can\bsp_can.c(530): warning:  #550-D: variable "status"  was set but never used
  	uint8_t status;
..\BSP\bsp_can\bsp_can.c(570): warning:  #177-D: variable "status"  was declared but never referenced
  	uint8_t status;
..\BSP\bsp_can\bsp_can.c(595): warning:  #550-D: variable "status"  was set but never used
  	uint8_t status;
..\BSP\bsp_can\bsp_can.c(682): warning:  #1-D: last line of file ends without a newline
  }
..\BSP\bsp_can\bsp_can.c(666): warning:  #550-D: variable "status"  was set but never used
  	uint8_t status;
..\BSP\bsp_can\bsp_can.c(423): warning:  #177-D: function "get_motor_data"  was declared but never referenced
  static void get_motor_data(MOTOR_t *motor, uint16_t angle, int16_t speed, int16_t current)
..\BSP\bsp_can\bsp_can.c(447): warning:  #177-D: function "record_chassis_callback"  was declared but never referenced
  static void record_chassis_callback(MOTOR_t *motor, uint16_t angle, int16_t current)
..\BSP\bsp_can\bsp_can.c: 15 warnings, 0 errors
compiling bsp_uart.c...
../APP/referee/referee.h(567): warning:  #1295-D: Deprecated declaration referee_usart_task - give arg types
  extern void referee_usart_task();
..\APP\chassis_power_control\chassis_power_control.h(29): warning:  #1-D: last line of file ends without a newline
  #endif
..\BSP\BSP_UART\bsp_uart.c(69): warning:  #1182-D: a declaration cannot have a label
  						float Angle, Speed;
..\BSP\BSP_UART\bsp_uart.c(77): warning:  #1182-D: a declaration cannot have a label
  						extern int supercap_volt; //超级电容电压
..\BSP\BSP_UART\bsp_uart.c(85): warning:  #1293-D: assignment in condition
  						if (KeepAlive_SentData[0] = Temp[0])
..\BSP\BSP_UART\bsp_uart.c(86): warning:  #1293-D: assignment in condition
  							if (KeepAlive_SentData[1] = Temp[1])
..\BSP\BSP_UART\bsp_uart.c(87): warning:  #1293-D: assignment in condition
  								if (KeepAlive_SentData[2] = Temp[2])
..\BSP\BSP_UART\bsp_uart.c(88): warning:  #1293-D: assignment in condition
  									if (KeepAlive_SentData[3] = Temp[3])
..\BSP\BSP_UART\bsp_uart.c(150): warning:  #550-D: variable "status"  was set but never used
      uint8_t status;
..\BSP\BSP_UART\bsp_uart.c(175): warning:  #550-D: variable "status"  was set but never used
  	uint8_t status;
..\BSP\BSP_UART\bsp_uart.c(201): warning:  #550-D: variable "status"  was set but never used
      uint8_t status;
..\BSP\BSP_UART\bsp_uart.c: 11 warnings, 0 errors
compiling bsp_referee.c...
../APP/referee/referee.h(567): warning:  #1295-D: Deprecated declaration referee_usart_task - give arg types
  extern void referee_usart_task();
..\APP\chassis_power_control\chassis_power_control.h(29): warning:  #1-D: last line of file ends without a newline
  #endif
..\BSP\bsp_referee\bsp_referee.c: 2 warnings, 0 errors
compiling Briter_Encoder.c...
../APP/referee/referee.h(567): warning:  #1295-D: Deprecated declaration referee_usart_task - give arg types
  extern void referee_usart_task();
..\APP\chassis_power_control\chassis_power_control.h(29): warning:  #1-D: last line of file ends without a newline
  #endif
..\APP\Briter_Encoder\Briter_Encoder.c(264): warning:  #1-D: last line of file ends without a newline
  }
..\APP\Briter_Encoder\Briter_Encoder.c: 3 warnings, 0 errors
compiling CRC8_CRC16.c...
../APP/referee/referee.h(567): warning:  #1295-D: Deprecated declaration referee_usart_task - give arg types
  extern void referee_usart_task();
..\APP\chassis_power_control\chassis_power_control.h(29): warning:  #1-D: last line of file ends without a newline
  #endif
..\components\CRC8_CRC16\CRC8_CRC16.c: 2 warnings, 0 errors
compiling referee_UI.c...
../APP/referee/referee.h(567): warning:  #1295-D: Deprecated declaration referee_usart_task - give arg types
  extern void referee_usart_task();
..\APP\chassis_power_control\chassis_power_control.h(29): warning:  #1-D: last line of file ends without a newline
  #endif
..\APP\referee_UI\referee_UI.h(79): warning:  #1295-D: Deprecated declaration referee_usart_task - give arg types
  void referee_usart_task();
..\APP\Relay_Task\relay_task.h(7): warning:  #1-D: last line of file ends without a newline
  	
..\APP\referee_UI\referee_UI.c(85): warning:  #223-D: function "get_robot_id" declared implicitly
      switch(get_robot_id())
..\APP\referee_UI\referee_UI.c(381): warning:  #223-D: function "CRC08_Calculate" declared implicitly
      Graph->Referee_Transmit_Header.CRC8 = CRC08_Calculate((uint8_t *)(&Graph->Referee_Transmit_Header), 4);
..\APP\referee_UI\referee_UI.c(398): warning:  #223-D: function "CRC16_Calculate" declared implicitly
          Graph1->CRC16 = CRC16_Calculate((uint8_t *)Graph1, sizeof(UI_Graph1_t) - 2);
..\APP\referee_UI\referee_UI.c(403): warning:  #223-D: function "CRC16_Calculate" declared implicitly
          Graph2->CRC16 = CRC16_Calculate((uint8_t *)Graph2, sizeof(UI_Graph2_t) - 2);
..\APP\referee_UI\referee_UI.c(408): warning:  #223-D: function "CRC16_Calculate" declared implicitly
          Graph5->CRC16 = CRC16_Calculate((uint8_t *)Graph5, sizeof(UI_Graph5_t) - 2);
..\APP\referee_UI\referee_UI.c(413): warning:  #223-D: function "CRC16_Calculate" declared implicitly
          Graph7->CRC16 = CRC16_Calculate((uint8_t *)Graph7, sizeof(UI_Graph7_t) - 2);
..\APP\referee_UI\referee_UI.c(429): warning:  #223-D: function "CRC08_Calculate" declared implicitly
      String->Referee_Transmit_Header.CRC8 = CRC08_Calculate((uint8_t *)(&String->Referee_Transmit_Header), 4);
..\APP\referee_UI\referee_UI.c(440): warning:  #223-D: function "CRC16_Calculate" declared implicitly
      String->CRC16 = CRC16_Calculate((uint8_t *)String, sizeof(UI_String_t) - 2);
..\APP\referee_UI\referee_UI.c(452): warning:  #223-D: function "CRC08_Calculate" declared implicitly
      Delete->Referee_Transmit_Header.CRC8 = CRC08_Calculate((uint8_t *)(&Delete->Referee_Transmit_Header), 4);
..\APP\referee_UI\referee_UI.c(463): warning:  #223-D: function "CRC16_Calculate" declared implicitly
      Delete->CRC16 = CRC16_Calculate((uint8_t *)Delete, sizeof(UI_Delete_t) - 2);
..\APP\referee_UI\referee_UI.c(492): warning:  #223-D: function "get_robot_id" declared implicitly
              UI_PushUp_Graphs(7, &UI_Graph7, get_robot_id());
..\APP\referee_UI\referee_UI.c(498): warning:  #1182-D: a declaration cannot have a label
  			float Bullet_Speed; uint8_t Useless_Var;
..\APP\referee_UI\referee_UI.c(616): warning:  #223-D: function "get_robot_id" declared implicitly
  		UI_PushUp_Graphs(7, &UI_Graph7, get_robot_id());
..\APP\referee_UI\referee_UI.c(623): warning:  #223-D: function "get_robot_id" declared implicitly
          UI_PushUp_Graphs(2, &UI_Graph2, get_robot_id());
..\APP\referee_UI\referee_UI.c(629): warning:  #223-D: function "get_robot_id" declared implicitly
          UI_PushUp_String(&UI_String, get_robot_id());
..\APP\referee_UI\referee_UI.c(634): warning:  #223-D: function "get_robot_id" declared implicitly
          UI_PushUp_String(&UI_String1, get_robot_id());
..\APP\referee_UI\referee_UI.c(639): warning:  #223-D: function "get_robot_id" declared implicitly
  		UI_PushUp_String(&UI_String, get_robot_id());
..\APP\referee_UI\referee_UI.c(646): warning:  #223-D: function "get_robot_id" declared implicitly
  		UI_PushUp_String(&UI_String1, get_robot_id());
..\APP\referee_UI\referee_UI.c(651): warning:  #223-D: function "get_robot_id" declared implicitly
  		UI_PushUp_String(&UI_String, get_robot_id());
..\APP\referee_UI\referee_UI.c(727): warning:  #223-D: function "get_robot_id" declared implicitly
          UI_PushUp_Graphs(2, &UI_Graph2, get_robot_id());
..\APP\referee_UI\referee_UI.c(51): warning:  #177-D: function "referee_data_pack_handle"  was declared but never referenced
  static void referee_data_pack_handle(uint8_t sof, uint16_t cmd_id, uint8_t *p_data, uint16_t len)
..\APP\referee_UI\referee_UI.c(83): warning:  #177-D: function "get_UI_id"  was declared but never referenced
  static void get_UI_id(uint16_t *sender_ID, uint16_t *receiver_ID)
..\APP\referee_UI\referee_UI.c: 26 warnings, 0 errors
linking...
Program Size: Code=34510 RO-data=2474 RW-data=392 ZI-data=9512  
FromELF: creating hex file...
"infantry\infantry.axf" - 0 Error(s), 125 Warning(s).

<h2>Software Packages used:</h2>

Package Vendor: ARM
                http://www.keil.com/pack/ARM.CMSIS.5.0.1.pack
                ARM::CMSIS:CORE:5.0.1
                CMSIS (Cortex Microcontroller Software Interface Standard)
   * Component: CORE Version: 5.0.1

<h2>Collection of Component include folders:</h2>
  .\RTE\_infantry
  C:\Keil_v5\ARM\PACK\ARM\CMSIS\5.0.1\CMSIS\Include
  C:\Keil_v5\ARM\PACK\Keil\STM32F4xx_DFP\2.13.0\Drivers\CMSIS\Device\ST\STM32F4xx\Include

<h2>Collection of Component Files used:</h2>

   * Component: ARM::CMSIS:CORE:5.0.1
Build Time Elapsed:  00:00:11
</pre>
</body>
</html>
