Component: ARM Compiler 5.06 update 4 (build 422) Tool: armlink [4d35d2]

==============================================================================

Section Cross References

    startup_stm32f407xx.o(STACK) refers (Special) to heapauxi.o(.text) for __use_two_region_memory
    startup_stm32f407xx.o(HEAP) refers (Special) to heapauxi.o(.text) for __use_two_region_memory
    startup_stm32f407xx.o(RESET) refers (Special) to heapauxi.o(.text) for __use_two_region_memory
    startup_stm32f407xx.o(RESET) refers to startup_stm32f407xx.o(STACK) for __initial_sp
    startup_stm32f407xx.o(RESET) refers to startup_stm32f407xx.o(.text) for Reset_Handler
    startup_stm32f407xx.o(RESET) refers to stm32f4xx_it.o(i.NMI_Handler) for NMI_Handler
    startup_stm32f407xx.o(RESET) refers to stm32f4xx_it.o(i.HardFault_Handler) for HardFault_Handler
    startup_stm32f407xx.o(RESET) refers to stm32f4xx_it.o(i.MemManage_Handler) for MemManage_Handler
    startup_stm32f407xx.o(RESET) refers to stm32f4xx_it.o(i.BusFault_Handler) for BusFault_Handler
    startup_stm32f407xx.o(RESET) refers to stm32f4xx_it.o(i.UsageFault_Handler) for UsageFault_Handler
    startup_stm32f407xx.o(RESET) refers to stm32f4xx_it.o(i.SVC_Handler) for SVC_Handler
    startup_stm32f407xx.o(RESET) refers to stm32f4xx_it.o(i.DebugMon_Handler) for DebugMon_Handler
    startup_stm32f407xx.o(RESET) refers to stm32f4xx_it.o(i.PendSV_Handler) for PendSV_Handler
    startup_stm32f407xx.o(RESET) refers to stm32f4xx_it.o(i.SysTick_Handler) for SysTick_Handler
    startup_stm32f407xx.o(RESET) refers to stm32f4xx_it.o(i.DMA1_Stream1_IRQHandler) for DMA1_Stream1_IRQHandler
    startup_stm32f407xx.o(RESET) refers to stm32f4xx_it.o(i.CAN1_RX0_IRQHandler) for CAN1_RX0_IRQHandler
    startup_stm32f407xx.o(RESET) refers to stm32f4xx_it.o(i.TIM3_IRQHandler) for TIM3_IRQHandler
    startup_stm32f407xx.o(RESET) refers to bsp_uart.o(i.USART1_IRQHandler) for USART1_IRQHandler
    startup_stm32f407xx.o(RESET) refers to remote_control.o(i.USART3_IRQHandler) for USART3_IRQHandler
    startup_stm32f407xx.o(RESET) refers to stm32f4xx_it.o(i.DMA2_Stream1_IRQHandler) for DMA2_Stream1_IRQHandler
    startup_stm32f407xx.o(RESET) refers to stm32f4xx_it.o(i.CAN2_RX0_IRQHandler) for CAN2_RX0_IRQHandler
    startup_stm32f407xx.o(RESET) refers to stm32f4xx_it.o(i.DMA2_Stream5_IRQHandler) for DMA2_Stream5_IRQHandler
    startup_stm32f407xx.o(RESET) refers to stm32f4xx_it.o(i.DMA2_Stream6_IRQHandler) for DMA2_Stream6_IRQHandler
    startup_stm32f407xx.o(RESET) refers to stm32f4xx_it.o(i.DMA2_Stream7_IRQHandler) for DMA2_Stream7_IRQHandler
    startup_stm32f407xx.o(RESET) refers to bsp_referee.o(i.USART6_IRQHandler) for USART6_IRQHandler
    startup_stm32f407xx.o(.text) refers (Special) to heapauxi.o(.text) for __use_two_region_memory
    startup_stm32f407xx.o(.text) refers to system_stm32f4xx.o(i.SystemInit) for SystemInit
    startup_stm32f407xx.o(.text) refers to __main.o(!!!main) for __main
    startup_stm32f407xx.o(.text) refers to startup_stm32f407xx.o(HEAP) for Heap_Mem
    startup_stm32f407xx.o(.text) refers to startup_stm32f407xx.o(STACK) for Stack_Mem
    my_init.o(i.Motor_Zero_Position_Init) refers to chassis_move.o(.bss) for Chassis_MotorA
    my_init.o(i.all_init) refers to pid.o(i.motor_pid_init) for motor_pid_init
    my_init.o(i.all_init) refers to steering_communication.o(i.steering_communication_init) for steering_communication_init
    my_init.o(i.all_init) refers to trigger_turn.o(i.trigger_all_init) for trigger_all_init
    my_init.o(i.all_init) refers to bsp_referee.o(i.referee_usart_fifo_init) for referee_usart_fifo_init
    my_init.o(i.all_init) refers to pid.o(i.POWER_PID_Init) for POWER_PID_Init
    my_init.o(i.all_init) refers to remote_control.o(i.remote_control_init) for remote_control_init
    my_init.o(i.all_init) refers to bsp_can.o(i.bsp_can_init) for bsp_can_init
    my_init.o(i.all_init) refers to rt_memcpy_v6.o(.text) for __aeabi_memcpy
    my_init.o(i.all_init) refers to steering_communication.o(i.steering_communication_SET_VELOCITY_VECTOR) for steering_communication_SET_VELOCITY_VECTOR
    my_init.o(i.all_init) refers to stm32f4xx_hal.o(i.HAL_Delay) for HAL_Delay
    my_init.o(i.all_init) refers to referee.o(i.init_referee_struct_data) for init_referee_struct_data
    my_init.o(i.all_init) refers to yaw_turn.o(i.Yaw_PIDinit) for Yaw_PIDinit
    my_init.o(i.all_init) refers to bsp_uart.o(i.uart_init) for uart_init
    my_init.o(i.all_init) refers to stm32f4xx_hal_tim.o(i.HAL_TIM_Base_Start_IT) for HAL_TIM_Base_Start_IT
    my_init.o(i.all_init) refers to chassis_move.o(.bss) for chassis_center
    my_init.o(i.all_init) refers to chassis_move.o(.bss) for p_pid
    my_init.o(i.all_init) refers to chassis_move.o(.bss) for b_pid
    my_init.o(i.all_init) refers to my_init.o(.bss) for .bss
    my_init.o(i.all_init) refers to chassis_power_control.o(.bss) for chassis_power_control
    my_init.o(i.all_init) refers to tim.o(.bss) for htim3
[...]
    EXTI4_IRQHandler                         0x08000283   Thumb Code     0  startup_stm32f407xx.o(.text)
    EXTI9_5_IRQHandler                       0x08000283   Thumb Code     0  startup_stm32f407xx.o(.text)
    FLASH_IRQHandler                         0x08000283   Thumb Code     0  startup_stm32f407xx.o(.text)
    FMC_IRQHandler                           0x08000283   Thumb Code     0  startup_stm32f407xx.o(.text)
    FPU_IRQHandler                           0x08000283   Thumb Code     0  startup_stm32f407xx.o(.text)
    HASH_RNG_IRQHandler                      0x08000283   Thumb Code     0  startup_stm32f407xx.o(.text)
    I2C1_ER_IRQHandler                       0x08000283   Thumb Code     0  startup_stm32f407xx.o(.text)
    I2C1_EV_IRQHandler                       0x08000283   Thumb Code     0  startup_stm32f407xx.o(.text)
    I2C2_ER_IRQHandler                       0x08000283   Thumb Code     0  startup_stm32f407xx.o(.text)
    I2C2_EV_IRQHandler                       0x08000283   Thumb Code     0  startup_stm32f407xx.o(.text)
    I2C3_ER_IRQHandler                       0x08000283   Thumb Code     0  startup_stm32f407xx.o(.text)
    I2C3_EV_IRQHandler                       0x08000283   Thumb Code     0  startup_stm32f407xx.o(.text)
    OTG_FS_IRQHandler                        0x08000283   Thumb Code     0  startup_stm32f407xx.o(.text)
    OTG_FS_WKUP_IRQHandler                   0x08000283   Thumb Code     0  startup_stm32f407xx.o(.text)
    OTG_HS_EP1_IN_IRQHandler                 0x08000283   Thumb Code     0  startup_stm32f407xx.o(.text)
    OTG_HS_EP1_OUT_IRQHandler                0x08000283   Thumb Code     0  startup_stm32f407xx.o(.text)
    OTG_HS_IRQHandler                        0x08000283   Thumb Code     0  startup_stm32f407xx.o(.text)
    OTG_HS_WKUP_IRQHandler                   0x08000283   Thumb Code     0  startup_stm32f407xx.o(.text)
    PVD_IRQHandler                           0x08000283   Thumb Code     0  startup_stm32f407xx.o(.text)
    RCC_IRQHandler                           0x08000283   Thumb Code     0  startup_stm32f407xx.o(.text)
    RTC_Alarm_IRQHandler                     0x08000283   Thumb Code     0  startup_stm32f407xx.o(.text)
    RTC_WKUP_IRQHandler                      0x08000283   Thumb Code     0  startup_stm32f407xx.o(.text)
    SDIO_IRQHandler                          0x08000283   Thumb Code     0  startup_stm32f407xx.o(.text)
    SPI1_IRQHandler                          0x08000283   Thumb Code     0  startup_stm32f407xx.o(.text)
    SPI2_IRQHandler                          0x08000283   Thumb Code     0  startup_stm32f407xx.o(.text)
    SPI3_IRQHandler                          0x08000283   Thumb Code     0  startup_stm32f407xx.o(.text)
    TAMP_STAMP_IRQHandler                    0x08000283   Thumb Code     0  startup_stm32f407xx.o(.text)
    TIM1_BRK_TIM9_IRQHandler                 0x08000283   Thumb Code     0  startup_stm32f407xx.o(.text)
    TIM1_CC_IRQHandler                       0x08000283   Thumb Code     0  startup_stm32f407xx.o(.text)
    TIM1_TRG_COM_TIM11_IRQHandler            0x08000283   Thumb Code     0  startup_stm32f407xx.o(.text)
    TIM1_UP_TIM10_IRQHandler                 0x08000283   Thumb Code     0  startup_stm32f407xx.o(.text)
    TIM2_IRQHandler                          0x08000283   Thumb Code     0  startup_stm32f407xx.o(.text)
    TIM4_IRQHandler                          0x08000283   Thumb Code     0  startup_stm32f407xx.o(.text)
    TIM5_IRQHandler                          0x08000283   Thumb Code     0  startup_stm32f407xx.o(.text)
    TIM6_DAC_IRQHandler                      0x08000283   Thumb Code     0  startup_stm32f407xx.o(.text)
    TIM7_IRQHandler                          0x08000283   Thumb Code     0  startup_stm32f407xx.o(.text)
    TIM8_BRK_TIM12_IRQHandler                0x08000283   Thumb Code     0  startup_stm32f407xx.o(.text)
    TIM8_CC_IRQHandler                       0x08000283   Thumb Code     0  startup_stm32f407xx.o(.text)
    TIM8_TRG_COM_TIM14_IRQHandler            0x08000283   Thumb Code     0  startup_stm32f407xx.o(.text)
    TIM8_UP_TIM13_IRQHandler                 0x08000283   Thumb Code     0  startup_stm32f407xx.o(.text)
    UART4_IRQHandler                         0x08000283   Thumb Code     0  startup_stm32f407xx.o(.text)
    UART5_IRQHandler                         0x08000283   Thumb Code     0  startup_stm32f407xx.o(.text)
    USART2_IRQHandler                        0x08000283   Thumb Code     0  startup_stm32f407xx.o(.text)
    WWDG_IRQHandler                          0x08000283   Thumb Code     0  startup_stm32f407xx.o(.text)
    __user_initial_stackheap                 0x08000285   Thumb Code     0  startup_stm32f407xx.o(.text)
    __aeabi_uldivmod                         0x080002a9   Thumb Code     0  lludivv7m.o(.text)
    _ll_udiv                                 0x080002a9   Thumb Code   238  lludivv7m.o(.text)
    __aeabi_memcpy                           0x08000397   Thumb Code     0  rt_memcpy_v6.o(.text)
    __rt_memcpy                              0x08000397   Thumb Code   138  rt_memcpy_v6.o(.text)
    _memcpy_lastbytes                        0x080003fd   Thumb Code     0  rt_memcpy_v6.o(.text)
    __aeabi_memcpy4                          0x08000421   Thumb Code     0  rt_memcpy_w.o(.text)
    __aeabi_memcpy8                          0x08000421   Thumb Code     0  rt_memcpy_w.o(.text)
    __rt_memcpy_w                            0x08000421   Thumb Code   100  rt_memcpy_w.o(.text)
    _memcpy_lastbytes_aligned                0x08000469   Thumb Code     0  rt_memcpy_w.o(.text)
    __aeabi_memclr                           0x08000485   Thumb Code     0  rt_memclr.o(.text)
    __rt_memclr                              0x08000485   Thumb Code    68  rt_memclr.o(.text)
    _memset                                  0x08000489   Thumb Code     0  rt_memclr.o(.text)
    __aeabi_memclr4                          0x080004c9   Thumb Code     0  rt_memclr_w.o(.text)
    __aeabi_memclr8                          0x080004c9   Thumb Code     0  rt_memclr_w.o(.text)
    __rt_memclr_w                            0x080004c9   Thumb Code    78  rt_memclr_w.o(.text)
    _memset_w                                0x080004cd   Thumb Code     0  rt_memclr_w.o(.text)
    __use_two_region_memory                  0x08000517   Thumb Code     2  heapauxi.o(.text)
    __rt_heap_escrow                         0x08000519   Thumb Code     2  heapauxi.o(.text)
    __rt_heap_expand                         0x0800051b   Thumb Code     2  heapauxi.o(.text)
    __read_errno                             0x0800051d   Thumb Code    10  _rserrno.o(.text)
    __set_errno                              0x08000527   Thumb Code    12  _rserrno.o(.text)
    __user_libspace                          0x08000535   Thumb Code     8  libspace.o(.text)
    __user_perproc_libspace                  0x08000535   Thumb Code     0  libspace.o(.text)
    __user_perthread_libspace                0x08000535   Thumb Code     0  libspace.o(.text)
    __aeabi_errno_addr                       0x0800053d   Thumb Code     8  rt_errno_addr_intlibspace.o(.text)
    __errno$intlibspace                      0x0800053d   Thumb Code     0  rt_errno_addr_intlibspace.o(.text)
    __rt_errno_addr$intlibspace              0x0800053d   Thumb Code     0  rt_errno_addr_intlibspace.o(.text)
    __I$use$semihosting                      0x08000545   Thumb Code     0  use_no_semi.o(.text)
    __use_no_semihosting_swi                 0x08000545   Thumb Code     2  use_no_semi.o(.text)
    __semihosting_library_function           0x08000547   Thumb Code     0  indicate_semi.o(.text)
    __user_setup_stackheap                   0x08000547   Thumb Code    74  sys_stackheap_outer.o(.text)
    exit                                     0x08000591   Thumb Code    18  exit.o(.text)
    _sys_exit                                0x080005a5   Thumb Code     8  sys_exit.o(.text)
    AGV_DirectiveMotor_RobotMotion_To_TargetStatus 0x080005b1   Thumb Code   106  kinematics.o(i.AGV_DirectiveMotor_RobotMotion_To_TargetStatus)
    AGV_DirectiveMotor_TargetStatus_To_MotorAngle_In_ChassisCoordinate 0x08000639   Thumb Code   452  kinematics.o(i.AGV_DirectiveMotor_TargetStatus_To_MotorAngle_In_ChassisCoordinate)
    AGV_Vector_Composition_In_ChassisCoordinate 0x08000829   Thumb Code  1326  kinematics.o(i.AGV_Vector_Composition_In_ChassisCoordinate)
    AGV_connoection                          0x08000d61   Thumb Code   712  chassis_move.o(i.AGV_connoection)
    BetaBoard_Trans_PowerMode                0x08001041   Thumb Code     8  supercap.o(i.BetaBoard_Trans_PowerMode)
    BusFault_Handler                         0x0800104d   Thumb Code     2  stm32f4xx_it.o(i.BusFault_Handler)
    CAN1_RX0_IRQHandler                      0x08001051   Thumb Code     6  stm32f4xx_it.o(i.CAN1_RX0_IRQHandler)
    CAN2_RX0_IRQHandler                      0x0800105d   Thumb Code     6  stm32f4xx_it.o(i.CAN2_RX0_IRQHandler)
    CRC08_Calculate                          0x08001069   Thumb Code    26  crc8_crc16.o(i.CRC08_Calculate)
    CRC16_Calculate                          0x08001089   Thumb Code    40  crc8_crc16.o(i.CRC16_Calculate)
    DMA1_Stream1_IRQHandler                  0x080010b9   Thumb Code     6  stm32f4xx_it.o(i.DMA1_Stream1_IRQHandler)
    DMA2_Stream1_IRQHandler                  0x080010c5   Thumb Code     6  stm32f4xx_it.o(i.DMA2_Stream1_IRQHandler)
    DMA2_Stream5_IRQHandler                  0x080010d1   Thumb Code     6  stm32f4xx_it.o(i.DMA2_Stream5_IRQHandler)
    DMA2_Stream6_IRQHandler                  0x080010dd   Thumb Code     6  stm32f4xx_it.o(i.DMA2_Stream6_IRQHandler)
    DMA2_Stream7_IRQHandler                  0x080010e9   Thumb Code     6  stm32f4xx_it.o(i.DMA2_Stream7_IRQHandler)
    DebugMon_Handler                         0x08001199   Thumb Code     2  stm32f4xx_it.o(i.DebugMon_Handler)
    Encoder_Data_Process                     0x0800119d   Thumb Code   144  bsp_can.o(i.Encoder_Data_Process)
    Error_Handler                            0x08001235   Thumb Code     4  main.o(i.Error_Handler)
    Float_Abs                                0x08001239   Thumb Code    16  yaw_turn.o(i.Float_Abs)
    Get_Gimbal_Chassis_Relative_Angle        0x08001249   Thumb Code    68  chassis_move.o(i.Get_Gimbal_Chassis_Relative_Angle)
    HAL_CAN_ActivateNotification             0x080012a5   Thumb Code    36  stm32f4xx_hal_can.o(i.HAL_CAN_ActivateNotification)
    HAL_CAN_AddTxMessage                     0x080012c9   Thumb Code   200  stm32f4xx_hal_can.o(i.HAL_CAN_AddTxMessage)
    HAL_CAN_ConfigFilter                     0x08001391   Thumb Code   262  stm32f4xx_hal_can.o(i.HAL_CAN_ConfigFilter)
    HAL_CAN_ErrorCallback                    0x0800149d   Thumb Code     2  stm32f4xx_hal_can.o(i.HAL_CAN_ErrorCallback)
    HAL_CAN_GetRxMessage                     0x0800149f   Thumb Code   232  stm32f4xx_hal_can.o(i.HAL_CAN_GetRxMessage)
    HAL_CAN_GetTxMailboxesFreeLevel          0x08001587   Thumb Code    44  stm32f4xx_hal_can.o(i.HAL_CAN_GetTxMailboxesFreeLevel)
    HAL_CAN_IRQHandler                       0x080015b3   Thumb Code   508  stm32f4xx_hal_can.o(i.HAL_CAN_IRQHandler)
    HAL_CAN_Init                             0x080017af   Thumb Code   282  stm32f4xx_hal_can.o(i.HAL_CAN_Init)
    HAL_CAN_MspInit                          0x080018c9   Thumb Code   226  can.o(i.HAL_CAN_MspInit)
    HAL_CAN_RxFifo0FullCallback              0x080019c5   Thumb Code     2  stm32f4xx_hal_can.o(i.HAL_CAN_RxFifo0FullCallback)
    HAL_CAN_RxFifo0MsgPendingCallback        0x080019c9   Thumb Code   286  bsp_can.o(i.HAL_CAN_RxFifo0MsgPendingCallback)
    HAL_CAN_RxFifo1FullCallback              0x08001b09   Thumb Code     2  stm32f4xx_hal_can.o(i.HAL_CAN_RxFifo1FullCallback)
    HAL_CAN_RxFifo1MsgPendingCallback        0x08001b0b   Thumb Code     2  stm32f4xx_hal_can.o(i.HAL_CAN_RxFifo1MsgPendingCallback)
    HAL_CAN_SleepCallback                    0x08001b0d   Thumb Code     2  stm32f4xx_hal_can.o(i.HAL_CAN_SleepCallback)
    HAL_CAN_Start                            0x08001b11   Thumb Code    88  stm32f4xx_hal_can.o(i.HAL_CAN_Start)
    HAL_CAN_TxMailbox0AbortCallback          0x08001b69   Thumb Code     2  stm32f4xx_hal_can.o(i.HAL_CAN_TxMailbox0AbortCallback)
    HAL_CAN_TxMailbox0CompleteCallback       0x08001b6b   Thumb Code     2  stm32f4xx_hal_can.o(i.HAL_CAN_TxMailbox0CompleteCallback)
    HAL_CAN_TxMailbox1AbortCallback          0x08001b6d   Thumb Code     2  stm32f4xx_hal_can.o(i.HAL_CAN_TxMailbox1AbortCallback)
    HAL_CAN_TxMailbox1CompleteCallback       0x08001b6f   Thumb Code     2  stm32f4xx_hal_can.o(i.HAL_CAN_TxMailbox1CompleteCallback)
    HAL_CAN_TxMailbox2AbortCallback          0x08001b71   Thumb Code     2  stm32f4xx_hal_can.o(i.HAL_CAN_TxMailbox2AbortCallback)
    HAL_CAN_TxMailbox2CompleteCallback       0x08001b73   Thumb Code     2  stm32f4xx_hal_can.o(i.HAL_CAN_TxMailbox2CompleteCallback)
    HAL_CAN_WakeUpFromRxMsgCallback          0x08001b75   Thumb Code     2  stm32f4xx_hal_can.o(i.HAL_CAN_WakeUpFromRxMsgCallback)
    HAL_DMA_Abort                            0x08001b77   Thumb Code   146  stm32f4xx_hal_dma.o(i.HAL_DMA_Abort)
    HAL_DMA_IRQHandler                       0x08001c09   Thumb Code   412  stm32f4xx_hal_dma.o(i.HAL_DMA_IRQHandler)
    HAL_DMA_Init                             0x08001da9   Thumb Code   206  stm32f4xx_hal_dma.o(i.HAL_DMA_Init)
    HAL_DMA_Start_IT                         0x08001e7d   Thumb Code   110  stm32f4xx_hal_dma.o(i.HAL_DMA_Start_IT)
    HAL_Delay                                0x08001eed   Thumb Code    32  stm32f4xx_hal.o(i.HAL_Delay)
    HAL_GPIO_Init                            0x08001f11   Thumb Code   450  stm32f4xx_hal_gpio.o(i.HAL_GPIO_Init)
    HAL_GPIO_WritePin                        0x08002101   Thumb Code    10  stm32f4xx_hal_gpio.o(i.HAL_GPIO_WritePin)
    HAL_GetTick                              0x0800210d   Thumb Code     6  stm32f4xx_hal.o(i.HAL_GetTick)
    HAL_IncTick                              0x08002119   Thumb Code    12  stm32f4xx_hal.o(i.HAL_IncTick)
    HAL_Init                                 0x08002129   Thumb Code    48  stm32f4xx_hal.o(i.HAL_Init)
    HAL_InitTick                             0x0800215d   Thumb Code    54  stm32f4xx_hal.o(i.HAL_InitTick)
    HAL_MspInit                              0x0800219d   Thumb Code    42  stm32f4xx_hal_msp.o(i.HAL_MspInit)
    HAL_NVIC_EnableIRQ                       0x080021cd   Thumb Code    26  stm32f4xx_hal_cortex.o(i.HAL_NVIC_EnableIRQ)
    HAL_NVIC_SetPriority                     0x080021e9   Thumb Code    60  stm32f4xx_hal_cortex.o(i.HAL_NVIC_SetPriority)
    HAL_NVIC_SetPriorityGrouping             0x08002229   Thumb Code    26  stm32f4xx_hal_cortex.o(i.HAL_NVIC_SetPriorityGrouping)
    HAL_RCC_ClockConfig                      0x0800224d   Thumb Code   288  stm32f4xx_hal_rcc.o(i.HAL_RCC_ClockConfig)
    HAL_RCC_GetPCLK1Freq                     0x08002381   Thumb Code    20  stm32f4xx_hal_rcc.o(i.HAL_RCC_GetPCLK1Freq)
    HAL_RCC_GetPCLK2Freq                     0x080023a1   Thumb Code    20  stm32f4xx_hal_rcc.o(i.HAL_RCC_GetPCLK2Freq)
    HAL_RCC_GetSysClockFreq                  0x080023c1   Thumb Code    88  stm32f4xx_hal_rcc.o(i.HAL_RCC_GetSysClockFreq)
    HAL_RCC_OscConfig                        0x08002425   Thumb Code   856  stm32f4xx_hal_rcc.o(i.HAL_RCC_OscConfig)
    HAL_SYSTICK_Config                       0x08002791   Thumb Code    40  stm32f4xx_hal_cortex.o(i.HAL_SYSTICK_Config)
    HAL_TIMEx_BreakCallback                  0x080027b9   Thumb Code     2  stm32f4xx_hal_tim_ex.o(i.HAL_TIMEx_BreakCallback)
    HAL_TIMEx_CommutCallback                 0x080027bb   Thumb Code     2  stm32f4xx_hal_tim_ex.o(i.HAL_TIMEx_CommutCallback)
    HAL_TIMEx_MasterConfigSynchronization    0x080027bd   Thumb Code   116  stm32f4xx_hal_tim_ex.o(i.HAL_TIMEx_MasterConfigSynchronization)
    HAL_TIM_Base_Init                        0x0800284d   Thumb Code    90  stm32f4xx_hal_tim.o(i.HAL_TIM_Base_Init)
    HAL_TIM_Base_MspInit                     0x080028a9   Thumb Code    50  tim.o(i.HAL_TIM_Base_MspInit)
    HAL_TIM_Base_Start_IT                    0x080028e5   Thumb Code   100  stm32f4xx_hal_tim.o(i.HAL_TIM_Base_Start_IT)
    HAL_TIM_ConfigClockSource                0x08002965   Thumb Code   220  stm32f4xx_hal_tim.o(i.HAL_TIM_ConfigClockSource)
    HAL_TIM_IC_CaptureCallback               0x08002a41   Thumb Code     2  stm32f4xx_hal_tim.o(i.HAL_TIM_IC_CaptureCallback)
    HAL_TIM_IRQHandler                       0x08002a43   Thumb Code   358  stm32f4xx_hal_tim.o(i.HAL_TIM_IRQHandler)
    HAL_TIM_OC_DelayElapsedCallback          0x08002ba9   Thumb Code     2  stm32f4xx_hal_tim.o(i.HAL_TIM_OC_DelayElapsedCallback)
    HAL_TIM_PWM_PulseFinishedCallback        0x08002bab   Thumb Code     2  stm32f4xx_hal_tim.o(i.HAL_TIM_PWM_PulseFinishedCallback)
    HAL_TIM_PeriodElapsedCallback            0x08002bad   Thumb Code    90  chassis_task.o(i.HAL_TIM_PeriodElapsedCallback)
    HAL_TIM_TriggerCallback                  0x08002c0d   Thumb Code     2  stm32f4xx_hal_tim.o(i.HAL_TIM_TriggerCallback)
    HAL_UARTEx_RxEventCallback               0x08002c0f   Thumb Code     2  stm32f4xx_hal_uart.o(i.HAL_UARTEx_RxEventCallback)
    HAL_UART_DMAStop                         0x08002c11   Thumb Code   112  stm32f4xx_hal_uart.o(i.HAL_UART_DMAStop)
    HAL_UART_ErrorCallback                   0x08002c81   Thumb Code     2  stm32f4xx_hal_uart.o(i.HAL_UART_ErrorCallback)
    HAL_UART_Init                            0x08002c83   Thumb Code    98  stm32f4xx_hal_uart.o(i.HAL_UART_Init)
    HAL_UART_MspInit                         0x08002ce5   Thumb Code   630  usart.o(i.HAL_UART_MspInit)
    HAL_UART_Receive_DMA                     0x08002f8d   Thumb Code    42  stm32f4xx_hal_uart.o(i.HAL_UART_Receive_DMA)
    HAL_UART_RxCpltCallback                  0x08002fb7   Thumb Code     2  stm32f4xx_hal_uart.o(i.HAL_UART_RxCpltCallback)
    HAL_UART_RxHalfCpltCallback              0x08002fb9   Thumb Code     2  stm32f4xx_hal_uart.o(i.HAL_UART_RxHalfCpltCallback)
    HAL_UART_Transmit                        0x08002fbd   Thumb Code   178  stm32f4xx_hal_uart.o(i.HAL_UART_Transmit)
    HardFault_Handler                        0x0800306f   Thumb Code     2  stm32f4xx_it.o(i.HardFault_Handler)
    Init_Encoder_Struct                      0x08003071   Thumb Code    26  briter_encoder.o(i.Init_Encoder_Struct)
    MX_CAN1_Init                             0x08003091   Thumb Code    62  can.o(i.MX_CAN1_Init)
    MX_CAN2_Init                             0x080030d9   Thumb Code    62  can.o(i.MX_CAN2_Init)
    MX_DMA_Init                              0x08003121   Thumb Code   120  dma.o(i.MX_DMA_Init)
    MX_GPIO_Init                             0x0800319d   Thumb Code   164  gpio.o(i.MX_GPIO_Init)
    MX_TIM3_Init                             0x08003249   Thumb Code    94  tim.o(i.MX_TIM3_Init)
    MX_USART1_UART_Init                      0x080032b1   Thumb Code    48  usart.o(i.MX_USART1_UART_Init)
    MX_USART3_UART_Init                      0x080032e9   Thumb Code    46  usart.o(i.MX_USART3_UART_Init)
    MX_USART6_UART_Init                      0x08003325   Thumb Code    48  usart.o(i.MX_USART6_UART_Init)
    MemManage_Handler                        0x0800335d   Thumb Code     2  stm32f4xx_it.o(i.MemManage_Handler)
    Motor_Zero_Position_Init                 0x08003361   Thumb Code    34  my_init.o(i.Motor_Zero_Position_Init)
    NMI_Handler                              0x08003395   Thumb Code     2  stm32f4xx_it.o(i.NMI_Handler)
    PID_Init                                 0x08003399   Thumb Code    94  pid.o(i.PID_Init)
    POWER_PID_Init                           0x080033fd   Thumb Code    42  pid.o(i.POWER_PID_Init)
    PendSV_Handler                           0x0800342d   Thumb Code     2  stm32f4xx_it.o(i.PendSV_Handler)
    PowerMode_Judgement                      0x08003431   Thumb Code    54  supercap.o(i.PowerMode_Judgement)
    RC_data_is_error                         0x08003479   Thumb Code    94  remote_control.o(i.RC_data_is_error)
    Referee_UI_Init                          0x0800367d   Thumb Code  1426  referee_ui.o(i.Referee_UI_Init)
    SVC_Handler                              0x08003c71   Thumb Code     2  stm32f4xx_it.o(i.SVC_Handler)
    Send_Data_Initialize                     0x08003c75   Thumb Code    44  briter_encoder.o(i.Send_Data_Initialize)
    Speed_Limitation                         0x08003ca5   Thumb Code   346  kinematics.o(i.Speed_Limitation)
    Square                                   0x08003e15   Thumb Code     6  kinematics.o(i.Square)
    Supercap_Keep_Alive                      0x08003e1d   Thumb Code    32  supercap.o(i.Supercap_Keep_Alive)
    Supercap_Trans_RefereeData               0x08003e41   Thumb Code    44  supercap.o(i.Supercap_Trans_RefereeData)
    SysTick_Handler                          0x08003e71   Thumb Code     4  stm32f4xx_it.o(i.SysTick_Handler)
    SystemClock_Config                       0x08003e75   Thumb Code   140  main.o(i.SystemClock_Config)
    SystemInit                               0x08003f09   Thumb Code    12  system_stm32f4xx.o(i.SystemInit)
    TIM3_IRQHandler                          0x08003f19   Thumb Code     6  stm32f4xx_it.o(i.TIM3_IRQHandler)
    TIM_Base_SetConfig                       0x08003f25   Thumb Code   156  stm32f4xx_hal_tim.o(i.TIM_Base_SetConfig)
    TIM_ETR_SetConfig                        0x08003fed   Thumb Code    20  stm32f4xx_hal_tim.o(i.TIM_ETR_SetConfig)
    Time_Service_Task                        0x08004059   Thumb Code    26  chassis_task.o(i.Time_Service_Task)
    Trigger_Motor_Callback                   0x08004079   Thumb Code   132  trigger_turn.o(i.Trigger_Motor_Callback)
    UART_Start_Receive_DMA                   0x08004361   Thumb Code   130  stm32f4xx_hal_uart.o(i.UART_Start_Receive_DMA)
    UART_TX_Supercap_Connection_Check        0x080043f1   Thumb Code    52  bsp_uart.o(i.UART_TX_Supercap_Connection_Check)
    UI_Draw_Arc                              0x080044a1   Thumb Code   134  referee_ui.o(i.UI_Draw_Arc)
    UI_Draw_Float                            0x08004529   Thumb Code   162  referee_ui.o(i.UI_Draw_Float)
    UI_Draw_Line                             0x080045d1   Thumb Code   112  referee_ui.o(i.UI_Draw_Line)
    UI_Draw_String                           0x08004641   Thumb Code   146  referee_ui.o(i.UI_Draw_String)
    UI_PushUp_Graphs                         0x080046d5   Thumb Code   234  referee_ui.o(i.UI_PushUp_Graphs)
    UI_PushUp_String                         0x080047c5   Thumb Code    86  referee_ui.o(i.UI_PushUp_String)
    USART1_IRQHandler                        0x08004821   Thumb Code   344  bsp_uart.o(i.USART1_IRQHandler)
    USART3_IRQHandler                        0x080049ad   Thumb Code   172  remote_control.o(i.USART3_IRQHandler)
    USART6_IRQHandler                        0x08004a71   Thumb Code   126  bsp_referee.o(i.USART6_IRQHandler)
    UartTX_Super_Capacitor                   0x08004b05   Thumb Code   148  bsp_uart.o(i.UartTX_Super_Capacitor)
    Uart_TX_Supercap                         0x08004ba1   Thumb Code    46  bsp_uart.o(i.Uart_TX_Supercap)
    UsageFault_Handler                       0x08004bd5   Thumb Code     2  stm32f4xx_it.o(i.UsageFault_Handler)
    Yaw_Angle_Process                        0x08004c01   Thumb Code   134  bsp_can.o(i.Yaw_Angle_Process)
    Yaw_PIDinit                              0x08004ca5   Thumb Code    50  yaw_turn.o(i.Yaw_PIDinit)
    __ARM_fpclassify                         0x08004ce1   Thumb Code    48  fpclassify.o(i.__ARM_fpclassify)
    __ARM_fpclassifyf                        0x08004d11   Thumb Code    38  fpclassifyf.o(i.__ARM_fpclassifyf)
    __hardfp_atan                            0x08004d59   Thumb Code   622  atan.o(i.__hardfp_atan)
    __hardfp_atan2                           0x08005031   Thumb Code   432  atan2.o(i.__hardfp_atan2)
    __hardfp_cos                             0x08005221   Thumb Code   180  cos.o(i.__hardfp_cos)
    __hardfp_sin                             0x080052e9   Thumb Code   180  sin.o(i.__hardfp_sin)
    __hardfp_sinf                            0x080053b1   Thumb Code   344  sinf.o(i.__hardfp_sinf)
    __hardfp_sqrt                            0x08005541   Thumb Code   122  sqrt.o(i.__hardfp_sqrt)
    __ieee754_rem_pio2                       0x080055c1   Thumb Code   938  rred.o(i.__ieee754_rem_pio2)
    __kernel_cos                             0x080059f9   Thumb Code   322  cos_i.o(i.__kernel_cos)
    __kernel_poly                            0x08005b69   Thumb Code   248  poly.o(i.__kernel_poly)
    __kernel_sin                             0x08005c61   Thumb Code   280  sin_i.o(i.__kernel_sin)
    __mathlib_dbl_infnan                     0x08005d91   Thumb Code    20  dunder.o(i.__mathlib_dbl_infnan)
    __mathlib_dbl_infnan2                    0x08005da5   Thumb Code    20  dunder.o(i.__mathlib_dbl_infnan2)
    __mathlib_dbl_invalid                    0x08005db9   Thumb Code    24  dunder.o(i.__mathlib_dbl_invalid)
    __mathlib_dbl_underflow                  0x08005dd9   Thumb Code    24  dunder.o(i.__mathlib_dbl_underflow)
    __mathlib_flt_infnan                     0x08005df9   Thumb Code     6  funder.o(i.__mathlib_flt_infnan)
    __mathlib_flt_invalid                    0x08005e01   Thumb Code    10  funder.o(i.__mathlib_flt_invalid)
    __mathlib_flt_underflow                  0x08005e11   Thumb Code    10  funder.o(i.__mathlib_flt_underflow)
    __mathlib_rredf2                         0x08005e21   Thumb Code   316  rredf.o(i.__mathlib_rredf2)
    all_init                                 0x08005f75   Thumb Code   814  my_init.o(i.all_init)
    apid_vpid_realize                        0x08006525   Thumb Code   196  pid.o(i.apid_vpid_realize)
    atan                                     0x080065ed   Thumb Code    16  atan.o(i.atan)
    bsp_can_init                             0x080065fd   Thumb Code   168  bsp_can.o(i.bsp_can_init)
    canTX_To_Beta_Power_Limit                0x080066ad   Thumb Code    44  bsp_can.o(i.canTX_To_Beta_Power_Limit)
    canTX_trigger                            0x080066dd   Thumb Code    68  trigger_turn.o(i.canTX_trigger)
    can_filter_set                           0x08006725   Thumb Code    44  bsp_can.o(i.can_filter_set)
    chassis_move                             0x08006751   Thumb Code     4  chassis_move.o(i.chassis_move)
    fabs                                     0x08006901   Thumb Code    24  fabs.o(i.fabs)
    fifo_s_get                               0x08006919   Thumb Code    44  fifo.o(i.fifo_s_get)
    fifo_s_init                              0x08006945   Thumb Code    22  fifo.o(i.fifo_s_init)
    fifo_s_puts                              0x0800695b   Thumb Code   124  fifo.o(i.fifo_s_puts)
    fifo_s_used                              0x080069d7   Thumb Code     4  fifo.o(i.fifo_s_used)
    get_CRC16_check_sum                      0x080069dd   Thumb Code    38  crc8_crc16.o(i.get_CRC16_check_sum)
    get_CRC8_check_sum                       0x08006a09   Thumb Code    24  crc8_crc16.o(i.get_CRC8_check_sum)
    get_chassis_power_and_buffer_and_max     0x08006a25   Thumb Code    22  referee.o(i.get_chassis_power_and_buffer_and_max)
    get_robot_id                             0x08006a41   Thumb Code     6  referee.o(i.get_robot_id)
    get_shoot_data                           0x08006a4d   Thumb Code    22  referee.o(i.get_shoot_data)
    init_referee_struct_data                 0x08006a6d   Thumb Code   108  referee.o(i.init_referee_struct_data)
    main                                     0x08006ae1   Thumb Code    76  main.o(i.main)
    mode_init                                0x08006b35   Thumb Code    70  my_init.o(i.mode_init)
    motor_pid_init                           0x08006ba1   Thumb Code    60  pid.o(i.motor_pid_init)
    pid_realize                              0x08006be1   Thumb Code    62  pid.o(i.pid_realize)
    record_yaw_callback                      0x08006ca5   Thumb Code    62  bsp_can.o(i.record_yaw_callback)
    referee_data_solve                       0x08006cf5   Thumb Code   284  referee.o(i.referee_data_solve)
    referee_unpack_fifo_data                 0x08006e19   Thumb Code   266  referee.o(i.referee_unpack_fifo_data)
    referee_usart_fifo_init                  0x08006f31   Thumb Code    34  bsp_referee.o(i.referee_usart_fifo_init)
    referee_usart_task                       0x08006f5d   Thumb Code  1512  referee_ui.o(i.referee_usart_task)
    remote_control                           0x08007581   Thumb Code    48  remote_control.o(i.remote_control)
    remote_control_init                      0x080075bd   Thumb Code    12  remote_control.o(i.remote_control_init)
    shoot_angle_clc                          0x08007699   Thumb Code   108  trigger_turn.o(i.shoot_angle_clc)
    steering_communication_ADD_SUBSCRIBE_VALUE_handler 0x08007715   Thumb Code   312  steering_communication.o(i.steering_communication_ADD_SUBSCRIBE_VALUE_handler)
    steering_communication_SET_VELOCITY_VECTOR 0x0800784d   Thumb Code    58  steering_communication.o(i.steering_communication_SET_VELOCITY_VECTOR)
    steering_communication_SET_VELOCITY_VECTOR_handler 0x0800788d   Thumb Code   112  steering_communication.o(i.steering_communication_SET_VELOCITY_VECTOR_handler)
    steering_communication_init              0x08007901   Thumb Code    32  steering_communication.o(i.steering_communication_init)
    steering_communication_receive_unpack    0x08007931   Thumb Code    28  steering_communication_bsp.o(i.steering_communication_receive_unpack)
    steering_communication_rx_handler        0x0800794d   Thumb Code    76  steering_communication.o(i.steering_communication_rx_handler)
    steering_communication_transmit          0x0800799d   Thumb Code    38  steering_communication_bsp.o(i.steering_communication_transmit)
    supercap                                 0x080079c5   Thumb Code    68  supercap.o(i.supercap)
    trigger_all_init                         0x08007a0d   Thumb Code    56  trigger_turn.o(i.trigger_all_init)
    trigger_turn                             0x08007add   Thumb Code    52  trigger_turn.o(i.trigger_turn)
    uart_init                                0x08007b19   Thumb Code    22  bsp_uart.o(i.uart_init)
    verify_CRC16_check_sum                   0x08007b39   Thumb Code    54  crc8_crc16.o(i.verify_CRC16_check_sum)
    verify_CRC8_check_sum                    0x08007b75   Thumb Code    38  crc8_crc16.o(i.verify_CRC8_check_sum)
    __aeabi_dneg                             0x08007cb1   Thumb Code     0  basic.o(x$fpl$basic)
    _dneg                                    0x08007cb1   Thumb Code     6  basic.o(x$fpl$basic)
    __aeabi_fneg                             0x08007cb7   Thumb Code     0  basic.o(x$fpl$basic)
    _fneg                                    0x08007cb7   Thumb Code     6  basic.o(x$fpl$basic)
    _dabs                                    0x08007cbd   Thumb Code     6  basic.o(x$fpl$basic)
    _fabs                                    0x08007cc3   Thumb Code     6  basic.o(x$fpl$basic)
    __aeabi_d2f                              0x08007cc9   Thumb Code     0  d2f.o(x$fpl$d2f)
    _d2f                                     0x08007cc9   Thumb Code    98  d2f.o(x$fpl$d2f)
    __aeabi_dadd                             0x08007d2d   Thumb Code     0  daddsub_clz.o(x$fpl$dadd)
    _dadd                                    0x08007d2d   Thumb Code   332  daddsub_clz.o(x$fpl$dadd)
    __aeabi_ddiv                             0x08007e7d   Thumb Code     0  ddiv.o(x$fpl$ddiv)
    _ddiv                                    0x08007e7d   Thumb Code   552  ddiv.o(x$fpl$ddiv)
    __aeabi_d2iz                             0x0800812d   Thumb Code     0  dfix.o(x$fpl$dfix)
    _dfix                                    0x0800812d   Thumb Code    94  dfix.o(x$fpl$dfix)
    __aeabi_i2d                              0x0800818b   Thumb Code     0  dflt_clz.o(x$fpl$dflt)
    _dflt                                    0x0800818b   Thumb Code    46  dflt_clz.o(x$fpl$dflt)
    __aeabi_ui2d                             0x080081b9   Thumb Code     0  dflt_clz.o(x$fpl$dfltu)
    _dfltu                                   0x080081b9   Thumb Code    38  dflt_clz.o(x$fpl$dfltu)
    __aeabi_dmul                             0x080081e1   Thumb Code     0  dmul.o(x$fpl$dmul)
    _dmul                                    0x080081e1   Thumb Code   332  dmul.o(x$fpl$dmul)
    __fpl_dnaninf                            0x08008335   Thumb Code   156  dnaninf.o(x$fpl$dnaninf)
    __fpl_dretinf                            0x080083d1   Thumb Code    12  dretinf.o(x$fpl$dretinf)
    __aeabi_drsub                            0x080083dd   Thumb Code     0  daddsub_clz.o(x$fpl$drsb)
    _drsb                                    0x080083dd   Thumb Code    22  daddsub_clz.o(x$fpl$drsb)
    _dsqrt                                   0x080083f5   Thumb Code   404  dsqrt_umaal.o(x$fpl$dsqrt)
    __aeabi_dsub                             0x0800858d   Thumb Code     0  daddsub_clz.o(x$fpl$dsub)
    _dsub                                    0x0800858d   Thumb Code   464  daddsub_clz.o(x$fpl$dsub)
    __aeabi_f2d                              0x08008761   Thumb Code     0  f2d.o(x$fpl$f2d)
    _f2d                                     0x08008761   Thumb Code    86  f2d.o(x$fpl$f2d)
    __fpl_fnaninf                            0x080087b7   Thumb Code   140  fnaninf.o(x$fpl$fnaninf)
    _fp_init                                 0x08008843   Thumb Code    10  fpinit.o(x$fpl$fpinit)
    __fplib_config_fpu_vfp                   0x0800884b   Thumb Code     0  fpinit.o(x$fpl$fpinit)
    __fplib_config_pureend_doubles           0x0800884b   Thumb Code     0  fpinit.o(x$fpl$fpinit)
    __fpl_fretinf                            0x0800884d   Thumb Code    10  fretinf.o(x$fpl$fretinf)
    CRC8_table                               0x08008856   Data         256  crc8_crc16.o(.constdata)
    __I$use$fp                               0x08008856   Number         0  usenofp.o(x$fpl$usenofp)
    wCRC_table                               0x08008956   Data         512  crc8_crc16.o(.constdata)
    CRC08_Table                              0x08008b56   Data         256  crc8_crc16.o(.constdata)
    CRC16_Table                              0x08008c56   Data         512  crc8_crc16.o(.constdata)
    AHBPrescTable                            0x08008e5e   Data          16  system_stm32f4xx.o(.constdata)
    APBPrescTable                            0x08008e6e   Data           8  system_stm32f4xx.o(.constdata)
    __mathlib_zero                           0x08008f40   Data           8  qnan.o(.constdata)
    Region$$Table$$Base                      0x08009058   Number         0  anon$$obj.o(Region$$Table)
    Region$$Table$$Limit                     0x08009078   Number         0  anon$$obj.o(Region$$Table)
    switch_flag                              0x20000004   Data           1  pid.o(.data)
    CHASSIS_vPID_max                         0x20000008   Data           4  pid.o(.data)
    AGV_ang                                  0x2000000c   Data           4  kinematics.o(.data)
    buffer                                   0x20000010   Data           2  chassis_move.o(.data)
    max_power                                0x20000012   Data           2  chassis_move.o(.data)
    Chassis_Follow_Switch                    0x20000014   Data           4  chassis_move.o(.data)
    power                                    0x20000018   Data           4  chassis_move.o(.data)
    avx                                      0x2000001c   Data           4  chassis_move.o(.data)
    avy                                      0x20000020   Data           4  chassis_move.o(.data)
    Chassis_Angle                            0x20000024   Data           4  chassis_move.o(.data)
    vx                                       0x20000028   Data           4  chassis_move.o(.data)
    vy                                       0x2000002c   Data           4  chassis_move.o(.data)
    wz                                       0x20000030   Data           4  chassis_move.o(.data)
    Gimbal_Chassis_Relative_Angle            0x20000034   Data           4  chassis_move.o(.data)
    Relative_Angle_For_UI                    0x20000038   Data           4  chassis_move.o(.data)
    theta                                    0x2000003c   Data           4  chassis_move.o(.data)
    shoot_flag                               0x20000040   Data           4  chassis_move.o(.data)
    MS_Count                                 0x20000044   Data           4  chassis_task.o(.data)
    S_Count                                  0x20000048   Data           4  chassis_task.o(.data)
    rc_ctrl                                  0x2000004e   Data          22  remote_control.o(.data)
    byte_global                              0x20000064   Data           1  referee.o(.data)
    game_result                              0x20000065   Data           1  referee.o(.data)
    buff_musk_t                              0x20000066   Data           1  referee.o(.data)
    robot_energy_t                           0x20000067   Data           1  referee.o(.data)
    robot_hurt_t                             0x20000068   Data           1  referee.o(.data)
    referee_warning_t                        0x20000069   Data           2  referee.o(.data)
    field_event                              0x2000006b   Data           4  referee.o(.data)
    supply_projectile_action_t               0x2000006f   Data           4  referee.o(.data)
    temp                                     0x20000074   Data           4  referee.o(.data)
    referee_receive_header                   0x20000078   Data           5  referee.o(.data)
    referee_send_header                      0x2000007d   Data           5  referee.o(.data)
    bullet_remaining_t                       0x20000082   Data           6  referee.o(.data)
    student_interactive_data_t               0x20000088   Data           6  referee.o(.data)
    shoot_data_t                             0x2000008e   Data           7  referee.o(.data)
    Target_Angle                             0x20000098   Data           4  trigger_turn.o(.data)
    TriggerSpeed                             0x2000009c   Data          20  trigger_turn.o(.data)
    TriggerAngle                             0x200000b0   Data          20  trigger_turn.o(.data)
    yaw_ch2                                  0x200000c4   Data           2  yaw_turn.o(.data)
    yaw_Target_Angle                         0x200000c8   Data           4  yaw_turn.o(.data)
    yaw_Target_Speed                         0x200000cc   Data           4  yaw_turn.o(.data)
    YawEncondePid                            0x200000d0   Data          20  yaw_turn.o(.data)
    YawEncondePidSpeed                       0x200000e4   Data          20  yaw_turn.o(.data)
    YawSpeedPid                              0x200000f8   Data          20  yaw_turn.o(.data)
    UI_PushUp_Counter                        0x2000010c   Data           2  referee_ui.o(.data)
    UI_Init_Counter                          0x2000010e   Data           2  referee_ui.o(.data)
    Shoot_Num                                0x20000110   Data           4  referee_ui.o(.data)
    Fric_State                               0x20000114   Data           4  referee_ui.o(.data)
    Referee_UI_Init_Flag                     0x20000118   Data           4  referee_ui.o(.data)
    Pitch_Tempreture                         0x2000011c   Data           4  referee_ui.o(.data)
    Supercap_Connection_Status               0x20000120   Data           4  supercap.o(.data)
    supercap_volt                            0x20000124   Data           4  supercap.o(.data)
    Power_Mode                               0x20000128   Data           4  supercap.o(.data)
    Last_Power_Mode                          0x2000012c   Data           4  supercap.o(.data)
    Global_Time                              0x20000130   Data           4  supercap.o(.data)
    Keep_Alive_Time_Cnt                      0x20000134   Data           4  supercap.o(.data)
    Capacitor_State                          0x20000138   Data           4  supercap.o(.data)
    supercap_per                             0x2000013c   Data           4  supercap.o(.data)
    Relay_Set_State                          0x20000140   Data           4  relay_task.o(.data)
    Relay_State                              0x20000144   Data           4  relay_task.o(.data)
    steering_communication_pTxMailbox        0x20000148   Data           4  steering_communication.o(.data)
    steering_communication_ctx               0x2000014c   Data           8  steering_communication.o(.data)
    flag4                                    0x20000154   Data           4  bsp_can.o(.data)
    pich_angle                               0x20000158   Data           4  bsp_can.o(.data)
    start_receive_flag                       0x20000160   Data           1  bsp_uart.o(.data)
    UART1_Data_Type                          0x20000161   Data           1  bsp_uart.o(.data)
    length                                   0x20000162   Data           1  bsp_uart.o(.data)
    KeepAlive_SentData                       0x20000168   Data           4  bsp_uart.o(.data)
    temp_1                                   0x2000016c   Data           4  bsp_uart.o(.data)
    Test                                     0x20000170   Data           4  bsp_uart.o(.data)
    CRC16_INIT                               0x20000174   Data           2  crc8_crc16.o(.data)
    uwTickFreq                               0x20000178   Data           1  stm32f4xx_hal.o(.data)
    uwTickPrio                               0x2000017c   Data           4  stm32f4xx_hal.o(.data)
    uwTick                                   0x20000180   Data           4  stm32f4xx_hal.o(.data)
    SystemCoreClock                          0x20000184   Data           4  system_stm32f4xx.o(.data)
    pack_init                                0x20000188   Data          13  my_init.o(.bss)
    hcan1                                    0x20000198   Data          40  can.o(.bss)
    hcan2                                    0x200001c0   Data          40  can.o(.bss)
    htim3                                    0x200001e8   Data          72  tim.o(.bss)
    huart1                                   0x20000230   Data          68  usart.o(.bss)
    huart3                                   0x20000274   Data          68  usart.o(.bss)
    huart6                                   0x200002b8   Data          68  usart.o(.bss)
    hdma_usart1_rx                           0x200002fc   Data          96  usart.o(.bss)
    hdma_usart1_tx                           0x2000035c   Data          96  usart.o(.bss)
    hdma_usart3_rx                           0x200003bc   Data          96  usart.o(.bss)
    hdma_usart6_rx                           0x2000041c   Data          96  usart.o(.bss)
    hdma_usart6_tx                           0x2000047c   Data          96  usart.o(.bss)
    Kinematics                               0x200004dc   Data         216  kinematics.o(.bss)
    b_pid                                    0x200005b4   Data          60  chassis_move.o(.bss)
    chassis_control_order                    0x200005f0   Data          16  chassis_move.o(.bss)
    Chassis_Motor1                           0x20000600   Data         324  chassis_move.o(.bss)
    Chassis_Motor2                           0x20000744   Data         324  chassis_move.o(.bss)
    Chassis_Motor3                           0x20000888   Data         324  chassis_move.o(.bss)
    Chassis_Motor4                           0x200009cc   Data         324  chassis_move.o(.bss)
    chassis_center                           0x20000b10   Data         324  chassis_move.o(.bss)
    Chassis_MotorA                           0x20000c54   Data         324  chassis_move.o(.bss)
    Chassis_MotorB                           0x20000d98   Data         324  chassis_move.o(.bss)
    Chassis_MotorC                           0x20000edc   Data         324  chassis_move.o(.bss)
    Chassis_MotorD                           0x20001020   Data         324  chassis_move.o(.bss)
    pack                                     0x20001164   Data          13  chassis_move.o(.bss)
    p_pid                                    0x20001174   Data          52  chassis_move.o(.bss)
    referee_unpack_obj                       0x200011f0   Data         137  referee.o(.bss)
    game_state                               0x20001279   Data          11  referee.o(.bss)
    game_robot_HP_t                          0x20001284   Data          28  referee.o(.bss)
    robot_state                              0x200012a0   Data          27  referee.o(.bss)
    power_heat_data_t                        0x200012bb   Data          16  referee.o(.bss)
    game_robot_pos_t                         0x200012cb   Data          16  referee.o(.bss)
    trigger                                  0x200012dc   Data         192  trigger_turn.o(.bss)
    YawGyroPid                               0x2000139c   Data          20  yaw_turn.o(.bss)
    gimbal_y                                 0x200013b0   Data         328  yaw_turn.o(.bss)
    yaw_can_rx                               0x200014f8   Data          24  can_receive.o(.bss)
    UI_Graph2                                0x20001510   Data          45  referee_ui.o(.bss)
    UI_Graph5                                0x2000153d   Data          90  referee_ui.o(.bss)
    UI_Graph7                                0x20001597   Data         120  referee_ui.o(.bss)
    UI_String                                0x2000160f   Data          60  referee_ui.o(.bss)
    UI_String1                               0x2000164b   Data          60  referee_ui.o(.bss)
    Briter_Encoder1                          0x20001688   Data          56  briter_encoder.o(.bss)
    Briter_Encoder2                          0x200016c0   Data          56  briter_encoder.o(.bss)
    Briter_Encoder3                          0x200016f8   Data          56  briter_encoder.o(.bss)
    Briter_Encoder4                          0x20001730   Data          56  briter_encoder.o(.bss)
    steering_communication_CAN_TxHeaderStruct 0x20001768   Data          24  steering_communication.o(.bss)
    subscribed_data                          0x20001780   Data          32  steering_communication.o(.bss)
    chassis_power_control                    0x200017a0   Data          48  chassis_power_control.o(.bss)
    adata                                    0x200017d0   Data          16  bsp_can.o(.bss)
    usart6_buf                               0x200017e0   Data        1024  bsp_referee.o(.bss)
    referee_fifo                             0x20001be0   Data          24  bsp_referee.o(.bss)
    referee_fifo_buf                         0x20001bf8   Data        1024  bsp_referee.o(.bss)
    receive_data                             0x20001ff8   Data          40  bsp_uart.o(.bss)
    UART1_Sent_Data                          0x20002020   Data          10  bsp_uart.o(.bss)
    dma_rx_buff                              0x2000202a   Data          20  bsp_uart.o(.bss)
    Buffer                                   0x2000203e   Data          11  bsp_uart.o(.bss)
    __libspace_start                         0x2000204c   Data          96  libspace.o(.bss)
    __temporary_stack_top$libspace           0x200020ac   Data           0  libspace.o(.bss)



==============================================================================

Memory Map of the image

  Image Entry point : 0x08000189

  Load Region LR_IROM1 (Base: 0x08000000, Size: 0x00009200, Max: 0x00100000, ABSOLUTE, COMPRESSED[0x000090d8])

    Execution Region ER_IROM1 (Base: 0x08000000, Size: 0x00009078, Max: 0x00100000, ABSOLUTE)

    Base Addr    Size         Type   Attr      Idx    E Section Name        Object

    0x08000000   0x00000188   Data   RO            3    RESET               startup_stm32f407xx.o
    0x08000188   0x00000008   Code   RO         5136  * !!!main             c_w.l(__main.o)
    0x08000190   0x00000034   Code   RO         5531    !!!scatter          c_w.l(__scatter.o)
    0x080001c4   0x0000005a   Code   RO         5529    !!dczerorl2         c_w.l(__dczerorl2.o)
    0x0800021e   0x00000002   PAD
    0x08000220   0x0000001c   Code   RO         5533    !!handler_zi        c_w.l(__scatter_zi.o)
    0x0800023c   0x00000002   Code   RO         5468    .ARM.Collect$$libinit$$00000000  c_w.l(libinit.o)
    0x0800023e   0x00000004   Code   RO         5260    .ARM.Collect$$libinit$$00000001  c_w.l(libinit2.o)
    0x08000242   0x00000000   Code   RO         5263    .ARM.Collect$$libinit$$00000004  c_w.l(libinit2.o)
    0x08000242   0x00000000   Code   RO         5266    .ARM.Collect$$libinit$$0000000A  c_w.l(libinit2.o)
    0x08000242   0x00000000   Code   RO         5268    .ARM.Collect$$libinit$$0000000C  c_w.l(libinit2.o)
    0x08000242   0x00000000   Code   RO         5270    .ARM.Collect$$libinit$$0000000E  c_w.l(libinit2.o)
    0x08000242   0x00000000   Code   RO         5273    .ARM.Collect$$libinit$$00000011  c_w.l(libinit2.o)
    0x08000242   0x00000000   Code   RO         5275    .ARM.Collect$$libinit$$00000013  c_w.l(libinit2.o)
    0x08000242   0x00000000   Code   RO         5277    .ARM.Collect$$libinit$$00000015  c_w.l(libinit2.o)
    0x08000242   0x00000000   Code   RO         5279    .ARM.Collect$$libinit$$00000017  c_w.l(libinit2.o)
    0x08000242   0x00000000   Code   RO         5281    .ARM.Collect$$libinit$$00000019  c_w.l(libinit2.o)
    0x08000242   0x00000000   Code   RO         5283    .ARM.Collect$$libinit$$0000001B  c_w.l(libinit2.o)
    0x08000242   0x00000000   Code   RO         5285    .ARM.Collect$$libinit$$0000001D  c_w.l(libinit2.o)
    0x08000242   0x00000000   Code   RO         5287    .ARM.Collect$$libinit$$0000001F  c_w.l(libinit2.o)
    0x08000242   0x00000000   Code   RO         5289    .ARM.Collect$$libinit$$00000021  c_w.l(libinit2.o)
    0x08000242   0x00000000   Code   RO         5291    .ARM.Collect$$libinit$$00000023  c_w.l(libinit2.o)
    0x08000242   0x00000000   Code   RO         5293    .ARM.Collect$$libinit$$00000025  c_w.l(libinit2.o)
    0x08000242   0x00000000   Code   RO         5297    .ARM.Collect$$libinit$$0000002C  c_w.l(libinit2.o)
    0x08000242   0x00000000   Code   RO         5299    .ARM.Collect$$libinit$$0000002E  c_w.l(libinit2.o)
    0x08000242   0x00000000   Code   RO         5301    .ARM.Collect$$libinit$$00000030  c_w.l(libinit2.o)
    0x08000242   0x00000000   Code   RO         5303    .ARM.Collect$$libinit$$00000032  c_w.l(libinit2.o)
    0x08000242   0x00000002   Code   RO         5304    .ARM.Collect$$libinit$$00000033  c_w.l(libinit2.o)
    0x08000244   0x00000002   Code   RO         5526    .ARM.Collect$$libshutdown$$00000000  c_w.l(libshutdown.o)
    0x08000246   0x00000000   Code   RO         5484    .ARM.Collect$$libshutdown$$00000002  c_w.l(libshutdown2.o)
    0x08000246   0x00000000   Code   RO         5486    .ARM.Collect$$libshutdown$$00000004  c_w.l(libshutdown2.o)
    0x08000246   0x00000000   Code   RO         5489    .ARM.Collect$$libshutdown$$00000007  c_w.l(libshutdown2.o)
    0x08000246   0x00000000   Code   RO         5492    .ARM.Collect$$libshutdown$$0000000A  c_w.l(libshutdown2.o)
    0x08000246   0x00000000   Code   RO         5494    .ARM.Collect$$libshutdown$$0000000C  c_w.l(libshutdown2.o)
    0x08000246   0x00000000   Code   RO         5497    .ARM.Collect$$libshutdown$$0000000F  c_w.l(libshutdown2.o)
    0x08000246   0x00000002   Code   RO         5498    .ARM.Collect$$libshutdown$$00000010  c_w.l(libshutdown2.o)
    0x08000248   0x00000000   Code   RO         5226    .ARM.Collect$$rtentry$$00000000  c_w.l(__rtentry.o)
    0x08000248   0x00000000   Code   RO         5394    .ARM.Collect$$rtentry$$00000002  c_w.l(__rtentry2.o)
    0x08000248   0x00000006   Code   RO         5406    .ARM.Collect$$rtentry$$00000004  c_w.l(__rtentry4.o)
    0x0800024e   0x00000000   Code   RO         5396    .ARM.Collect$$rtentry$$00000009  c_w.l(__rtentry2.o)
    0x0800024e   0x00000004   Code   RO         5397    .ARM.Collect$$rtentry$$0000000A  c_w.l(__rtentry2.o)
    0x08000252   0x00000000   Code   RO         5399    .ARM.Collect$$rtentry$$0000000C  c_w.l(__rtentry2.o)
    0x08000252   0x00000008   Code   RO         5400    .ARM.Collect$$rtentry$$0000000D  c_w.l(__rtentry2.o)
    0x0800025a   0x00000002   Code   RO         5471    .ARM.Collect$$rtexit$$00000000  c_w.l(rtexit.o)
    0x0800025c   0x00000000   Code   RO         5502    .ARM.Collect$$rtexit$$00000002  c_w.l(rtexit2.o)
    0x0800025c   0x00000004   Code   RO         5503    .ARM.Collect$$rtexit$$00000003  c_w.l(rtexit2.o)
    0x08000260   0x00000006   Code   RO         5504    .ARM.Collect$$rtexit$$00000004  c_w.l(rtexit2.o)
    0x08000266   0x00000002   PAD
    0x08000268   0x00000040   Code   RO            4    .text               startup_stm32f407xx.o
    0x080002a8   0x000000ee   Code   RO         5124    .text               c_w.l(lludivv7m.o)
    0x08000396   0x0000008a   Code   RO         5126    .text               c_w.l(rt_memcpy_v6.o)
    0x08000420   0x00000064   Code   RO         5128    .text               c_w.l(rt_memcpy_w.o)
    0x08000484   0x00000044   Code   RO         5130    .text               c_w.l(rt_memclr.o)
    0x080004c8   0x0000004e   Code   RO         5132    .text               c_w.l(rt_memclr_w.o)
    0x08000516   0x00000006   Code   RO         5134    .text               c_w.l(heapauxi.o)
    0x0800051c   0x00000016   Code   RO         5256    .text               c_w.l(_rserrno.o)
    0x08000532   0x00000002   PAD
    0x08000534   0x00000008   Code   RO         5390    .text               c_w.l(libspace.o)
    0x0800053c   0x00000008   Code   RO         5413    .text               c_w.l(rt_errno_addr_intlibspace.o)
    0x08000544   0x00000002   Code   RO         5440    .text               c_w.l(use_no_semi.o)
    0x08000546   0x00000000   Code   RO         5442    .text               c_w.l(indicate_semi.o)
    0x08000546   0x0000004a   Code   RO         5443    .text               c_w.l(sys_stackheap_outer.o)
    0x08000590   0x00000012   Code   RO         5449    .text               c_w.l(exit.o)
    0x080005a2   0x00000002   PAD
    0x080005a4   0x0000000c   Code   RO         5469    .text               c_w.l(sys_exit.o)
    0x080005b0   0x00000088   Code   RO          718    i.AGV_DirectiveMotor_RobotMotion_To_TargetStatus  kinematics.o
    0x08000638   0x000001f0   Code   RO          719    i.AGV_DirectiveMotor_TargetStatus_To_MotorAngle_In_ChassisCoordinate  kinematics.o
    0x08000828   0x00000538   Code   RO          720    i.AGV_Vector_Composition_In_ChassisCoordinate  kinematics.o
    0x08000d60   0x000002e0   Code   RO          808    i.AGV_connoection   chassis_move.o
    0x08001040   0x0000000c   Code   RO         1473    i.BetaBoard_Trans_PowerMode  supercap.o
    0x0800104c   0x00000002   Code   RO          493    i.BusFault_Handler  stm32f4xx_it.o
    0x0800104e   0x00000002   PAD
    0x08001050   0x0000000c   Code   RO          494    i.CAN1_RX0_IRQHandler  stm32f4xx_it.o
    0x0800105c   0x0000000c   Code   RO          495    i.CAN2_RX0_IRQHandler  stm32f4xx_it.o
    0x08001068   0x00000020   Code   RO         2032    i.CRC08_Calculate   crc8_crc16.o
    0x08001088   0x00000030   Code   RO         2035    i.CRC16_Calculate   crc8_crc16.o
    0x080010b8   0x0000000c   Code   RO          496    i.DMA1_Stream1_IRQHandler  stm32f4xx_it.o
    0x080010c4   0x0000000c   Code   RO          497    i.DMA2_Stream1_IRQHandler  stm32f4xx_it.o
    0x080010d0   0x0000000c   Code   RO          498    i.DMA2_Stream5_IRQHandler  stm32f4xx_it.o
    0x080010dc   0x0000000c   Code   RO          499    i.DMA2_Stream6_IRQHandler  stm32f4xx_it.o
    0x080010e8   0x0000000c   Code   RO          500    i.DMA2_Stream7_IRQHandler  stm32f4xx_it.o
    0x080010f4   0x00000028   Code   RO         3022    i.DMA_CalcBaseAndBitshift  stm32f4xx_hal_dma.o
    0x0800111c   0x00000054   Code   RO         3023    i.DMA_CheckFifoParam  stm32f4xx_hal_dma.o
    0x08001170   0x00000028   Code   RO         3024    i.DMA_SetConfig     stm32f4xx_hal_dma.o
    0x08001198   0x00000002   Code   RO          501    i.DebugMon_Handler  stm32f4xx_it.o
    0x0800119a   0x00000002   PAD
    0x0800119c   0x00000098   Code   RO         1736    i.Encoder_Data_Process  bsp_can.o
    0x08001234   0x00000004   Code   RO          244    i.Error_Handler     main.o
    0x08001238   0x00000010   Code   RO         1237    i.Float_Abs         yaw_turn.o
    0x08001248   0x0000005c   Code   RO          812    i.Get_Gimbal_Chassis_Relative_Angle  chassis_move.o
    0x080012a4   0x00000024   Code   RO         2330    i.HAL_CAN_ActivateNotification  stm32f4xx_hal_can.o
    0x080012c8   0x000000c8   Code   RO         2331    i.HAL_CAN_AddTxMessage  stm32f4xx_hal_can.o
    0x08001390   0x0000010c   Code   RO         2332    i.HAL_CAN_ConfigFilter  stm32f4xx_hal_can.o
    0x0800149c   0x00000002   Code   RO         2335    i.HAL_CAN_ErrorCallback  stm32f4xx_hal_can.o
    0x0800149e   0x000000e8   Code   RO         2338    i.HAL_CAN_GetRxMessage  stm32f4xx_hal_can.o
    0x08001586   0x0000002c   Code   RO         2340    i.HAL_CAN_GetTxMailboxesFreeLevel  stm32f4xx_hal_can.o
    0x080015b2   0x000001fc   Code   RO         2342    i.HAL_CAN_IRQHandler  stm32f4xx_hal_can.o
    0x080017ae   0x0000011a   Code   RO         2343    i.HAL_CAN_Init      stm32f4xx_hal_can.o
    0x080018c8   0x000000fc   Code   RO          325    i.HAL_CAN_MspInit   can.o
    0x080019c4   0x00000002   Code   RO         2350    i.HAL_CAN_RxFifo0FullCallback  stm32f4xx_hal_can.o
    0x080019c6   0x00000002   PAD
    0x080019c8   0x00000140   Code   RO         1737    i.HAL_CAN_RxFifo0MsgPendingCallback  bsp_can.o
    0x08001b08   0x00000002   Code   RO         2352    i.HAL_CAN_RxFifo1FullCallback  stm32f4xx_hal_can.o
    0x08001b0a   0x00000002   Code   RO         2353    i.HAL_CAN_RxFifo1MsgPendingCallback  stm32f4xx_hal_can.o
    0x08001b0c   0x00000002   Code   RO         2354    i.HAL_CAN_SleepCallback  stm32f4xx_hal_can.o
    0x08001b0e   0x00000002   PAD
    0x08001b10   0x00000058   Code   RO         2355    i.HAL_CAN_Start     stm32f4xx_hal_can.o
    0x08001b68   0x00000002   Code   RO         2357    i.HAL_CAN_TxMailbox0AbortCallback  stm32f4xx_hal_can.o
    0x08001b6a   0x00000002   Code   RO         2358    i.HAL_CAN_TxMailbox0CompleteCallback  stm32f4xx_hal_can.o
    0x08001b6c   0x00000002   Code   RO         2359    i.HAL_CAN_TxMailbox1AbortCallback  stm32f4xx_hal_can.o
    0x08001b6e   0x00000002   Code   RO         2360    i.HAL_CAN_TxMailbox1CompleteCallback  stm32f4xx_hal_can.o
    0x08001b70   0x00000002   Code   RO         2361    i.HAL_CAN_TxMailbox2AbortCallback  stm32f4xx_hal_can.o
    0x08001b72   0x00000002   Code   RO         2362    i.HAL_CAN_TxMailbox2CompleteCallback  stm32f4xx_hal_can.o
    0x08001b74   0x00000002   Code   RO         2364    i.HAL_CAN_WakeUpFromRxMsgCallback  stm32f4xx_hal_can.o
    0x08001b76   0x00000092   Code   RO         3025    i.HAL_DMA_Abort     stm32f4xx_hal_dma.o
    0x08001c08   0x000001a0   Code   RO         3030    i.HAL_DMA_IRQHandler  stm32f4xx_hal_dma.o
    0x08001da8   0x000000d4   Code   RO         3031    i.HAL_DMA_Init      stm32f4xx_hal_dma.o
    0x08001e7c   0x0000006e   Code   RO         3035    i.HAL_DMA_Start_IT  stm32f4xx_hal_dma.o
    0x08001eea   0x00000002   PAD
    0x08001eec   0x00000024   Code   RO         3444    i.HAL_Delay         stm32f4xx_hal.o
    0x08001f10   0x000001f0   Code   RO         2918    i.HAL_GPIO_Init     stm32f4xx_hal_gpio.o
    0x08002100   0x0000000a   Code   RO         2922    i.HAL_GPIO_WritePin  stm32f4xx_hal_gpio.o
    0x0800210a   0x00000002   PAD
    0x0800210c   0x0000000c   Code   RO         3450    i.HAL_GetTick       stm32f4xx_hal.o
    0x08002118   0x00000010   Code   RO         3456    i.HAL_IncTick       stm32f4xx_hal.o
    0x08002128   0x00000034   Code   RO         3457    i.HAL_Init          stm32f4xx_hal.o
    0x0800215c   0x00000040   Code   RO         3458    i.HAL_InitTick      stm32f4xx_hal.o
    0x0800219c   0x00000030   Code   RO          616    i.HAL_MspInit       stm32f4xx_hal_msp.o
    0x080021cc   0x0000001a   Code   RO         3307    i.HAL_NVIC_EnableIRQ  stm32f4xx_hal_cortex.o
    0x080021e6   0x00000002   PAD
    0x080021e8   0x00000040   Code   RO         3313    i.HAL_NVIC_SetPriority  stm32f4xx_hal_cortex.o
    0x08002228   0x00000024   Code   RO         3314    i.HAL_NVIC_SetPriorityGrouping  stm32f4xx_hal_cortex.o
    0x0800224c   0x00000134   Code   RO         2564    i.HAL_RCC_ClockConfig  stm32f4xx_hal_rcc.o
    0x08002380   0x00000020   Code   RO         2571    i.HAL_RCC_GetPCLK1Freq  stm32f4xx_hal_rcc.o
    0x080023a0   0x00000020   Code   RO         2572    i.HAL_RCC_GetPCLK2Freq  stm32f4xx_hal_rcc.o
    0x080023c0   0x00000064   Code   RO         2573    i.HAL_RCC_GetSysClockFreq  stm32f4xx_hal_rcc.o
    0x08002424   0x0000036c   Code   RO         2576    i.HAL_RCC_OscConfig  stm32f4xx_hal_rcc.o
    0x08002790   0x00000028   Code   RO         3318    i.HAL_SYSTICK_Config  stm32f4xx_hal_cortex.o
    0x080027b8   0x00000002   Code   RO         4401    i.HAL_TIMEx_BreakCallback  stm32f4xx_hal_tim_ex.o
    0x080027ba   0x00000002   Code   RO         4402    i.HAL_TIMEx_CommutCallback  stm32f4xx_hal_tim_ex.o
    0x080027bc   0x00000090   Code   RO         4420    i.HAL_TIMEx_MasterConfigSynchronization  stm32f4xx_hal_tim_ex.o
    0x0800284c   0x0000005a   Code   RO         3697    i.HAL_TIM_Base_Init  stm32f4xx_hal_tim.o
    0x080028a6   0x00000002   PAD
    0x080028a8   0x0000003c   Code   RO          398    i.HAL_TIM_Base_MspInit  tim.o
    0x080028e4   0x00000080   Code   RO         3702    i.HAL_TIM_Base_Start_IT  stm32f4xx_hal_tim.o
    0x08002964   0x000000dc   Code   RO         3706    i.HAL_TIM_ConfigClockSource  stm32f4xx_hal_tim.o
    0x08002a40   0x00000002   Code   RO         3731    i.HAL_TIM_IC_CaptureCallback  stm32f4xx_hal_tim.o
    0x08002a42   0x00000166   Code   RO         3745    i.HAL_TIM_IRQHandler  stm32f4xx_hal_tim.o
    0x08002ba8   0x00000002   Code   RO         3748    i.HAL_TIM_OC_DelayElapsedCallback  stm32f4xx_hal_tim.o
    0x08002baa   0x00000002   Code   RO         3775    i.HAL_TIM_PWM_PulseFinishedCallback  stm32f4xx_hal_tim.o
    0x08002bac   0x00000060   Code   RO          948    i.HAL_TIM_PeriodElapsedCallback  chassis_task.o
    0x08002c0c   0x00000002   Code   RO         3788    i.HAL_TIM_TriggerCallback  stm32f4xx_hal_tim.o
    0x08002c0e   0x00000002   Code   RO         4679    i.HAL_UARTEx_RxEventCallback  stm32f4xx_hal_uart.o
    0x08002c10   0x00000070   Code   RO         4691    i.HAL_UART_DMAStop  stm32f4xx_hal_uart.o
    0x08002c80   0x00000002   Code   RO         4693    i.HAL_UART_ErrorCallback  stm32f4xx_hal_uart.o
    0x08002c82   0x00000062   Code   RO         4697    i.HAL_UART_Init     stm32f4xx_hal_uart.o
    0x08002ce4   0x000002a8   Code   RO          440    i.HAL_UART_MspInit  usart.o
    0x08002f8c   0x0000002a   Code   RO         4701    i.HAL_UART_Receive_DMA  stm32f4xx_hal_uart.o
    0x08002fb6   0x00000002   Code   RO         4703    i.HAL_UART_RxCpltCallback  stm32f4xx_hal_uart.o
    0x08002fb8   0x00000002   Code   RO         4704    i.HAL_UART_RxHalfCpltCallback  stm32f4xx_hal_uart.o
    0x08002fba   0x00000002   PAD
    0x08002fbc   0x000000b2   Code   RO         4705    i.HAL_UART_Transmit  stm32f4xx_hal_uart.o
    0x0800306e   0x00000002   Code   RO          502    i.HardFault_Handler  stm32f4xx_it.o
    0x08003070   0x00000020   Code   RO         1533    i.Init_Encoder_Struct  briter_encoder.o
    0x08003090   0x00000048   Code   RO          326    i.MX_CAN1_Init      can.o
    0x080030d8   0x00000048   Code   RO          327    i.MX_CAN2_Init      can.o
    0x08003120   0x0000007c   Code   RO          373    i.MX_DMA_Init       dma.o
    0x0800319c   0x000000ac   Code   RO          300    i.MX_GPIO_Init      gpio.o
    0x08003248   0x00000068   Code   RO          399    i.MX_TIM3_Init      tim.o
    0x080032b0   0x00000038   Code   RO          441    i.MX_USART1_UART_Init  usart.o
    0x080032e8   0x0000003c   Code   RO          442    i.MX_USART3_UART_Init  usart.o
    0x08003324   0x00000038   Code   RO          443    i.MX_USART6_UART_Init  usart.o
    0x0800335c   0x00000002   Code   RO          503    i.MemManage_Handler  stm32f4xx_it.o
    0x0800335e   0x00000002   PAD
    0x08003360   0x00000034   Code   RO           13    i.Motor_Zero_Position_Init  my_init.o
    0x08003394   0x00000002   Code   RO          504    i.NMI_Handler       stm32f4xx_it.o
    0x08003396   0x00000002   PAD
    0x08003398   0x00000064   Code   RO          638    i.PID_Init          pid.o
    0x080033fc   0x00000030   Code   RO          639    i.POWER_PID_Init    pid.o
    0x0800342c   0x00000002   Code   RO          505    i.PendSV_Handler    stm32f4xx_it.o
    0x0800342e   0x00000002   PAD
    0x08003430   0x0000003c   Code   RO         1474    i.PowerMode_Judgement  supercap.o
    0x0800346c   0x0000000a   Code   RO          992    i.RC_abs            remote_control.o
    0x08003476   0x00000002   PAD
    0x08003478   0x00000064   Code   RO          993    i.RC_data_is_error  remote_control.o
    0x080034dc   0x00000060   Code   RO          994    i.RC_init           remote_control.o
    0x0800353c   0x00000080   Code   RO          995    i.RC_restart        remote_control.o
    0x080035bc   0x000000c0   Code   RO         1855    i.REFEREE_init      bsp_referee.o
    0x0800367c   0x000005f4   Code   RO         1350    i.Referee_UI_Init   referee_ui.o
    0x08003c70   0x00000002   Code   RO          506    i.SVC_Handler       stm32f4xx_it.o
    0x08003c72   0x00000002   PAD
    0x08003c74   0x00000030   Code   RO         1534    i.Send_Data_Initialize  briter_encoder.o
    0x08003ca4   0x00000170   Code   RO          724    i.Speed_Limitation  kinematics.o
    0x08003e14   0x00000006   Code   RO          725    i.Square            kinematics.o
    0x08003e1a   0x00000002   PAD
    0x08003e1c   0x00000024   Code   RO         1475    i.Supercap_Keep_Alive  supercap.o
    0x08003e40   0x00000030   Code   RO         1476    i.Supercap_Trans_RefereeData  supercap.o
    0x08003e70   0x00000004   Code   RO          507    i.SysTick_Handler   stm32f4xx_it.o
    0x08003e74   0x00000094   Code   RO          245    i.SystemClock_Config  main.o
    0x08003f08   0x00000010   Code   RO         5026    i.SystemInit        system_stm32f4xx.o
    0x08003f18   0x0000000c   Code   RO          508    i.TIM3_IRQHandler   stm32f4xx_it.o
    0x08003f24   0x000000c8   Code   RO         3790    i.TIM_Base_SetConfig  stm32f4xx_hal_tim.o
    0x08003fec   0x00000014   Code   RO         3801    i.TIM_ETR_SetConfig  stm32f4xx_hal_tim.o
    0x08004000   0x00000010   Code   RO         3802    i.TIM_ITRx_SetConfig  stm32f4xx_hal_tim.o
    0x08004010   0x00000022   Code   RO         3808    i.TIM_TI1_ConfigInputStage  stm32f4xx_hal_tim.o
    0x08004032   0x00000024   Code   RO         3810    i.TIM_TI2_ConfigInputStage  stm32f4xx_hal_tim.o
    0x08004056   0x00000002   PAD
    0x08004058   0x00000020   Code   RO          949    i.Time_Service_Task  chassis_task.o
    0x08004078   0x0000008c   Code   RO         1176    i.Trigger_Motor_Callback  trigger_turn.o
    0x08004104   0x0000004a   Code   RO         4711    i.UART_DMAError     stm32f4xx_hal_uart.o
    0x0800414e   0x00000082   Code   RO         4712    i.UART_DMAReceiveCplt  stm32f4xx_hal_uart.o
    0x080041d0   0x0000001a   Code   RO         4714    i.UART_DMARxHalfCplt  stm32f4xx_hal_uart.o
    0x080041ea   0x0000004e   Code   RO         4720    i.UART_EndRxTransfer  stm32f4xx_hal_uart.o
    0x08004238   0x0000001c   Code   RO         4721    i.UART_EndTxTransfer  stm32f4xx_hal_uart.o
    0x08004254   0x0000010c   Code   RO         4723    i.UART_SetConfig    stm32f4xx_hal_uart.o
    0x08004360   0x00000090   Code   RO         4724    i.UART_Start_Receive_DMA  stm32f4xx_hal_uart.o
    0x080043f0   0x00000038   Code   RO         1904    i.UART_TX_Supercap_Connection_Check  bsp_uart.o
    0x08004428   0x00000078   Code   RO         4726    i.UART_WaitOnFlagUntilTimeout  stm32f4xx_hal_uart.o
    0x080044a0   0x00000086   Code   RO         1351    i.UI_Draw_Arc       referee_ui.o
    0x08004526   0x00000002   PAD
    0x08004528   0x000000a8   Code   RO         1354    i.UI_Draw_Float     referee_ui.o
    0x080045d0   0x00000070   Code   RO         1355    i.UI_Draw_Line      referee_ui.o
    0x08004640   0x00000092   Code   RO         1357    i.UI_Draw_String    referee_ui.o
    0x080046d2   0x00000002   PAD
    0x080046d4   0x000000f0   Code   RO         1359    i.UI_PushUp_Graphs  referee_ui.o
    0x080047c4   0x0000005c   Code   RO         1360    i.UI_PushUp_String  referee_ui.o
    0x08004820   0x0000018c   Code   RO         1905    i.USART1_IRQHandler  bsp_uart.o
    0x080049ac   0x000000c4   Code   RO          996    i.USART3_IRQHandler  remote_control.o
    0x08004a70   0x00000094   Code   RO         1857    i.USART6_IRQHandler  bsp_referee.o
    0x08004b04   0x0000009c   Code   RO         1906    i.UartTX_Super_Capacitor  bsp_uart.o
    0x08004ba0   0x00000034   Code   RO         1913    i.Uart_TX_Supercap  bsp_uart.o
    0x08004bd4   0x00000002   Code   RO          509    i.UsageFault_Handler  stm32f4xx_it.o
    0x08004bd6   0x00000002   PAD
    0x08004bd8   0x00000028   Code   RO          640    i.VPID_Init         pid.o
    0x08004c00   0x000000a4   Code   RO         1738    i.Yaw_Angle_Process  bsp_can.o
    0x08004ca4   0x0000003c   Code   RO         1238    i.Yaw_PIDinit       yaw_turn.o
    0x08004ce0   0x00000030   Code   RO         5436    i.__ARM_fpclassify  m_wm.l(fpclassify.o)
    0x08004d10   0x00000026   Code   RO         5357    i.__ARM_fpclassifyf  m_wm.l(fpclassifyf.o)
    0x08004d36   0x00000020   Code   RO         3320    i.__NVIC_SetPriority  stm32f4xx_hal_cortex.o
    0x08004d56   0x00000002   PAD
    0x08004d58   0x000002d8   Code   RO         5320    i.__hardfp_atan     m_wm.l(atan.o)
    0x08005030   0x000001f0   Code   RO         5164    i.__hardfp_atan2    m_wm.l(atan2.o)
    0x08005220   0x000000c8   Code   RO         5176    i.__hardfp_cos      m_wm.l(cos.o)
    0x080052e8   0x000000c8   Code   RO         5188    i.__hardfp_sin      m_wm.l(sin.o)
    0x080053b0   0x00000190   Code   RO         5200    i.__hardfp_sinf     m_wm.l(sinf.o)
    0x08005540   0x0000007a   Code   RO         5212    i.__hardfp_sqrt     m_wm.l(sqrt.o)
    0x080055ba   0x00000006   PAD
    0x080055c0   0x00000438   Code   RO         5374    i.__ieee754_rem_pio2  m_wm.l(rred.o)
    0x080059f8   0x00000170   Code   RO         5334    i.__kernel_cos      m_wm.l(cos_i.o)
    0x08005b68   0x000000f8   Code   RO         5438    i.__kernel_poly     m_wm.l(poly.o)
    0x08005c60   0x00000130   Code   RO         5382    i.__kernel_sin      m_wm.l(sin_i.o)
    0x08005d90   0x00000014   Code   RO         5338    i.__mathlib_dbl_infnan  m_wm.l(dunder.o)
    0x08005da4   0x00000014   Code   RO         5339    i.__mathlib_dbl_infnan2  m_wm.l(dunder.o)
    0x08005db8   0x00000020   Code   RO         5340    i.__mathlib_dbl_invalid  m_wm.l(dunder.o)
    0x08005dd8   0x00000020   Code   RO         5343    i.__mathlib_dbl_underflow  m_wm.l(dunder.o)
    0x08005df8   0x00000006   Code   RO         5360    i.__mathlib_flt_infnan  m_wm.l(funder.o)
    0x08005dfe   0x00000002   PAD
    0x08005e00   0x00000010   Code   RO         5362    i.__mathlib_flt_invalid  m_wm.l(funder.o)
    0x08005e10   0x00000010   Code   RO         5365    i.__mathlib_flt_underflow  m_wm.l(funder.o)
    0x08005e20   0x00000154   Code   RO         5379    i.__mathlib_rredf2  m_wm.l(rredf.o)
    0x08005f74   0x00000394   Code   RO           14    i.all_init          my_init.o
    0x08006308   0x0000021c   Code   RO          641    i.apid_realize      pid.o
    0x08006524   0x000000c8   Code   RO          642    i.apid_vpid_realize  pid.o
    0x080065ec   0x00000010   Code   RO         5322    i.atan              m_wm.l(atan.o)
    0x080065fc   0x000000b0   Code   RO         1739    i.bsp_can_init      bsp_can.o
    0x080066ac   0x00000030   Code   RO         1744    i.canTX_To_Beta_Power_Limit  bsp_can.o
    0x080066dc   0x00000048   Code   RO         1177    i.canTX_trigger     trigger_turn.o
    0x08006724   0x0000002c   Code   RO         1747    i.can_filter_set    bsp_can.o
    0x08006750   0x00000004   Code   RO          817    i.chassis_move      chassis_move.o
    0x08006754   0x000001ac   Code   RO          818    i.chassis_move_mode  chassis_move.o
    0x08006900   0x00000018   Code   RO         5353    i.fabs              m_wm.l(fabs.o)
    0x08006918   0x0000002c   Code   RO         2143    i.fifo_s_get        fifo.o
    0x08006944   0x00000016   Code   RO         2146    i.fifo_s_init       fifo.o
    0x0800695a   0x0000007c   Code   RO         2152    i.fifo_s_puts       fifo.o
    0x080069d6   0x00000004   Code   RO         2154    i.fifo_s_used       fifo.o
    0x080069da   0x00000002   PAD
    0x080069dc   0x0000002c   Code   RO         2039    i.get_CRC16_check_sum  crc8_crc16.o
    0x08006a08   0x0000001c   Code   RO         2040    i.get_CRC8_check_sum  crc8_crc16.o
    0x08006a24   0x0000001c   Code   RO         1074    i.get_chassis_power_and_buffer_and_max  referee.o
    0x08006a40   0x0000000c   Code   RO         1077    i.get_robot_id      referee.o
    0x08006a4c   0x00000020   Code   RO         1078    i.get_shoot_data    referee.o
    0x08006a6c   0x00000074   Code   RO         1081    i.init_referee_struct_data  referee.o
    0x08006ae0   0x00000054   Code   RO          246    i.main              main.o
    0x08006b34   0x0000006c   Code   RO           15    i.mode_init         my_init.o
    0x08006ba0   0x00000040   Code   RO          644    i.motor_pid_init    pid.o
    0x08006be0   0x0000003e   Code   RO          645    i.pid_realize       pid.o
    0x08006c1e   0x00000002   PAD
    0x08006c20   0x0000002c   Code   RO         1642    i.platform_trans    steering_communication.o
    0x08006c4c   0x00000058   Code   RO         1748    i.read_motor_data   bsp_can.o
    0x08006ca4   0x00000050   Code   RO         1749    i.record_yaw_callback  bsp_can.o
    0x08006cf4   0x00000124   Code   RO         1082    i.referee_data_solve  referee.o
    0x08006e18   0x00000118   Code   RO         1083    i.referee_unpack_fifo_data  referee.o
    0x08006f30   0x0000002c   Code   RO         1858    i.referee_usart_fifo_init  bsp_referee.o
    0x08006f5c   0x00000624   Code   RO         1361    i.referee_usart_task  referee_ui.o
    0x08007580   0x0000003c   Code   RO          998    i.remote_control    remote_control.o
    0x080075bc   0x00000010   Code   RO          999    i.remote_control_init  remote_control.o
    0x080075cc   0x000000cc   Code   RO         1000    i.sbus_to_rc        remote_control.o
    0x08007698   0x0000007c   Code   RO         1178    i.shoot_angle_clc   trigger_turn.o
    0x08007714   0x00000138   Code   RO         1644    i.steering_communication_ADD_SUBSCRIBE_VALUE_handler  steering_communication.o
    0x0800784c   0x00000040   Code   RO         1645    i.steering_communication_SET_VELOCITY_VECTOR  steering_communication.o
    0x0800788c   0x00000074   Code   RO         1646    i.steering_communication_SET_VELOCITY_VECTOR_handler  steering_communication.o
    0x08007900   0x00000030   Code   RO         1647    i.steering_communication_init  steering_communication.o
    0x08007930   0x0000001c   Code   RO         2010    i.steering_communication_receive_unpack  steering_communication_bsp.o
    0x0800794c   0x00000050   Code   RO         1648    i.steering_communication_rx_handler  steering_communication.o
    0x0800799c   0x00000026   Code   RO         2011    i.steering_communication_transmit  steering_communication_bsp.o
    0x080079c2   0x00000002   PAD
    0x080079c4   0x00000048   Code   RO         1477    i.supercap          supercap.o
    0x08007a0c   0x00000044   Code   RO         1179    i.trigger_all_init  trigger_turn.o
    0x08007a50   0x0000008c   Code   RO         1180    i.trigger_pid       trigger_turn.o
    0x08007adc   0x0000003c   Code   RO         1181    i.trigger_turn      trigger_turn.o
    0x08007b18   0x00000020   Code   RO         1914    i.uart_init         bsp_uart.o
    0x08007b38   0x0000003c   Code   RO         2041    i.verify_CRC16_check_sum  crc8_crc16.o
    0x08007b74   0x00000026   Code   RO         2042    i.verify_CRC8_check_sum  crc8_crc16.o
    0x08007b9a   0x00000002   PAD
    0x08007b9c   0x00000114   Code   RO          647    i.vpid_realize      pid.o
    0x08007cb0   0x00000018   Code   RO         5305    x$fpl$basic         fz_wm.l(basic.o)
    0x08007cc8   0x00000062   Code   RO         5138    x$fpl$d2f           fz_wm.l(d2f.o)
    0x08007d2a   0x00000002   PAD
    0x08007d2c   0x00000150   Code   RO         5140    x$fpl$dadd          fz_wm.l(daddsub_clz.o)
    0x08007e7c   0x000002b0   Code   RO         5147    x$fpl$ddiv          fz_wm.l(ddiv.o)
    0x0800812c   0x0000005e   Code   RO         5150    x$fpl$dfix          fz_wm.l(dfix.o)
    0x0800818a   0x0000002e   Code   RO         5155    x$fpl$dflt          fz_wm.l(dflt_clz.o)
    0x080081b8   0x00000026   Code   RO         5154    x$fpl$dfltu         fz_wm.l(dflt_clz.o)
    0x080081de   0x00000002   PAD
    0x080081e0   0x00000154   Code   RO         5160    x$fpl$dmul          fz_wm.l(dmul.o)
    0x08008334   0x0000009c   Code   RO         5309    x$fpl$dnaninf       fz_wm.l(dnaninf.o)
    0x080083d0   0x0000000c   Code   RO         5311    x$fpl$dretinf       fz_wm.l(dretinf.o)
    0x080083dc   0x00000016   Code   RO         5141    x$fpl$drsb          fz_wm.l(daddsub_clz.o)
    0x080083f2   0x00000002   PAD
    0x080083f4   0x00000198   Code   RO         5313    x$fpl$dsqrt         fz_wm.l(dsqrt_umaal.o)
    0x0800858c   0x000001d4   Code   RO         5142    x$fpl$dsub          fz_wm.l(daddsub_clz.o)
    0x08008760   0x00000056   Code   RO         5162    x$fpl$f2d           fz_wm.l(f2d.o)
    0x080087b6   0x0000008c   Code   RO         5315    x$fpl$fnaninf       fz_wm.l(fnaninf.o)
    0x08008842   0x0000000a   Code   RO         5434    x$fpl$fpinit        fz_wm.l(fpinit.o)
    0x0800884c   0x0000000a   Code   RO         5317    x$fpl$fretinf       fz_wm.l(fretinf.o)
    0x08008856   0x00000000   Code   RO         5319    x$fpl$usenofp       fz_wm.l(usenofp.o)
    0x08008856   0x00000600   Data   RO         2044    .constdata          crc8_crc16.o
    0x08008e56   0x00000008   Data   RO         3037    .constdata          stm32f4xx_hal_dma.o
    0x08008e5e   0x00000010   Data   RO         5027    .constdata          system_stm32f4xx.o
    0x08008e6e   0x00000008   Data   RO         5028    .constdata          system_stm32f4xx.o
    0x08008e76   0x00000002   PAD
    0x08008e78   0x00000098   Data   RO         5323    .constdata          m_wm.l(atan.o)
    0x08008f10   0x00000030   Data   RO         5335    .constdata          m_wm.l(cos_i.o)
    0x08008f40   0x00000008   Data   RO         5373    .constdata          m_wm.l(qnan.o)
    0x08008f48   0x000000c8   Data   RO         5376    .constdata          m_wm.l(rred.o)
    0x08009010   0x00000020   Data   RO         5380    .constdata          m_wm.l(rredf.o)
    0x08009030   0x00000028   Data   RO         5383    .constdata          m_wm.l(sin_i.o)
    0x08009058   0x00000020   Data   RO         5527    Region$$Table       anon$$obj.o


    Execution Region RW_IRAM2 (Base: 0x10000000, Size: 0x00000000, Max: 0x00010000, ABSOLUTE)

    **** No section assigned to this execution region ****


    Execution Region RW_IRAM1 (Base: 0x20000000, Size: 0x000026b0, Max: 0x00020000, ABSOLUTE, COMPRESSED[0x00000060])

    Base Addr    Size         Type   Attr      Idx    E Section Name        Object

    0x20000000   0x00000004   Data   RW          329    .data               can.o
    0x20000004   0x00000008   Data   RW          648    .data               pid.o
    0x2000000c   0x00000004   Data   RW          729    .data               kinematics.o
    0x20000010   0x00000030   Data   RW          824    .data               chassis_move.o
    0x20000040   0x00000004   Data   RW          825    .data               chassis_move.o
    0x20000044   0x00000008   Data   RW          950    .data               chassis_task.o
    0x2000004c   0x00000018   Data   RW         1002    .data               remote_control.o
    0x20000064   0x00000031   Data   RW         1085    .data               referee.o
    0x20000095   0x00000003   PAD
    0x20000098   0x0000002c   Data   RW         1183    .data               trigger_turn.o
    0x200000c4   0x00000048   Data   RW         1244    .data               yaw_turn.o
    0x2000010c   0x00000014   Data   RW         1378    .data               referee_ui.o
    0x20000120   0x00000018   Data   RW         1478    .data               supercap.o
    0x20000138   0x00000004   Data   RW         1480    .data               supercap.o
    0x2000013c   0x00000004   Data   RW         1481    .data               supercap.o
    0x20000140   0x00000008   Data   RW         1604    .data               relay_task.o
    0x20000148   0x0000000c   Data   RW         1651    .data               steering_communication.o
    0x20000154   0x00000004   Data   RW         1753    .data               bsp_can.o
    0x20000158   0x00000004   Data   RW         1756    .data               bsp_can.o
    0x2000015c   0x00000002   Data   RW         1860    .data               bsp_referee.o
    0x2000015e   0x00000002   PAD
    0x20000160   0x00000014   Data   RW         1917    .data               bsp_uart.o
    0x20000174   0x00000002   Data   RW         2045    .data               crc8_crc16.o
    0x20000176   0x00000002   PAD
    0x20000178   0x0000000c   Data   RW         3464    .data               stm32f4xx_hal.o
    0x20000184   0x00000004   Data   RW         5029    .data               system_stm32f4xx.o
    0x20000188   0x0000000d   Zero   RW           16    .bss                my_init.o
    0x20000195   0x00000003   PAD
    0x20000198   0x00000050   Zero   RW          328    .bss                can.o
    0x200001e8   0x00000048   Zero   RW          400    .bss                tim.o
    0x20000230   0x000002ac   Zero   RW          444    .bss                usart.o
    0x200004dc   0x000000d8   Zero   RW          727    .bss                kinematics.o
    0x200005b4   0x0000003c   Zero   RW          821    .bss                chassis_move.o
    0x200005f0   0x00000b81   Zero   RW          822    .bss                chassis_move.o
    0x20001171   0x00000003   PAD
    0x20001174   0x00000034   Zero   RW          823    .bss                chassis_move.o
    0x200011a8   0x00000048   Zero   RW         1001    .bss                remote_control.o
    0x200011f0   0x000000eb   Zero   RW         1084    .bss                referee.o
    0x200012db   0x00000001   PAD
    0x200012dc   0x000000c0   Zero   RW         1182    .bss                trigger_turn.o
    0x2000139c   0x0000015c   Zero   RW         1243    .bss                yaw_turn.o
    0x200014f8   0x00000018   Zero   RW         1299    .bss                can_receive.o
    0x20001510   0x00000177   Zero   RW         1363    .bss                referee_ui.o
    0x20001687   0x00000001   PAD
    0x20001688   0x000000e0   Zero   RW         1537    .bss                briter_encoder.o
    0x20001768   0x00000038   Zero   RW         1649    .bss                steering_communication.o
    0x200017a0   0x00000030   Zero   RW         1711    .bss                chassis_power_control.o
    0x200017d0   0x00000010   Zero   RW         1751    .bss                bsp_can.o
    0x200017e0   0x00000818   Zero   RW         1859    .bss                bsp_referee.o
    0x20001ff8   0x00000051   Zero   RW         1915    .bss                bsp_uart.o
    0x20002049   0x00000003   PAD
    0x2000204c   0x00000060   Zero   RW         5391    .bss                c_w.l(libspace.o)
    0x200020ac   0x00000004   PAD
    0x200020b0   0x00000200   Zero   RW            2    HEAP                startup_stm32f407xx.o
    0x200022b0   0x00000400   Zero   RW            1    STACK               startup_stm32f407xx.o


==============================================================================

Image component sizes


      Code (inc. data)   RO Data    RW Data    ZI Data      Debug   Object Name

        80         10          0          0        224       2291   briter_encoder.o
      1072        114          0          8         16       7789   bsp_can.o
       384         60          0          2       2072       2813   bsp_referee.o
       692         80          0         20         81       5289   bsp_uart.o
       396         46          0          4         80       2514   can.o
         0          0          0          0         24       1095   can_receive.o
      1260         76          0         52       3057       8588   chassis_move.o
         0          0          0          0         48       1048   chassis_power_control.o
       128         12          0          8          0       1899   chassis_task.o
       250         30       1536          2          0       5311   crc8_crc16.o
       124          4          0          0          0        854   dma.o
       194          0          0          0          0       9489   fifo.o
       172          8          0          0          0       1071   gpio.o
      2342        184          0          4        216       7782   kinematics.o
       236         16          0          0          0       2154   main.o
      1076        158          0          0         13     716319   my_init.o
      1330         88          0          8          0      11740   pid.o
       760         58          0         49        235      14287   referee.o
      3988        426          0         20        375      19318   referee_ui.o
         0          0          0          8          0        282   relay_task.o
       810         82          0         24         72       6972   remote_control.o
        64         26        392          0       1536        848   startup_stm32f407xx.o
       664         38          0         12         56       9000   steering_communication.o
        66          0          0          0          0       1818   steering_communication_bsp.o
       180         28          0         12          0       9453   stm32f4xx_hal.o
      1682          6          0          0          0      15137   stm32f4xx_hal_can.o
       198         14          0          0          0      33983   stm32f4xx_hal_cortex.o
      1048         16          8          0          0       6743   stm32f4xx_hal_dma.o
       506         46          0          0          0       2212   stm32f4xx_hal_gpio.o
        48          6          0          0          0        866   stm32f4xx_hal_msp.o
      1348         76          0          0          0       5276   stm32f4xx_hal_rcc.o
      1110         72          0          0          0      10257   stm32f4xx_hal_tim.o
       148         28          0          0          0       2481   stm32f4xx_hal_tim_ex.o
      1306         24          0          0          0      12065   stm32f4xx_hal_uart.o
       116         48          0          0          0       8082   stm32f4xx_it.o
       228         22          0         32          0       3917   supercap.o
        16          4         24          4          0       1147   system_stm32f4xx.o
       164         20          0          0         72       1718   tim.o
       604         70          0         44        192       5199   trigger_turn.o
       852         80          0          0        684       3687   usart.o
        76         10          0         72        348       3196   yaw_turn.o

    ----------------------------------------------------------------------
     25766       2086       1994        392       9412     965990   Object Totals
         0          0         32          0          0          0   (incl. Generated)
        48          0          2          7         11          0   (incl. Padding)

    ----------------------------------------------------------------------

      Code (inc. data)   RO Data    RW Data    ZI Data      Debug   Library Member Name

        90          0          0          0          0          0   __dczerorl2.o
         8          0          0          0          0         68   __main.o
         0          0          0          0          0          0   __rtentry.o
        12          0          0          0          0          0   __rtentry2.o
         6          0          0          0          0          0   __rtentry4.o
        52          8          0          0          0          0   __scatter.o
        28          0          0          0          0          0   __scatter_zi.o
        22          0          0          0          0        100   _rserrno.o
        18          0          0          0          0         80   exit.o
         6          0          0          0          0        152   heapauxi.o
         0          0          0          0          0          0   indicate_semi.o
         2          0          0          0          0          0   libinit.o
         6          0          0          0          0          0   libinit2.o
         2          0          0          0          0          0   libshutdown.o
         2          0          0          0          0          0   libshutdown2.o
         8          4          0          0         96         68   libspace.o
       238          0          0          0          0        100   lludivv7m.o
         8          4          0          0          0         68   rt_errno_addr_intlibspace.o
        68          0          0          0          0         68   rt_memclr.o
        78          0          0          0          0         80   rt_memclr_w.o
       138          0          0          0          0         68   rt_memcpy_v6.o
       100          0          0          0          0         80   rt_memcpy_w.o
         2          0          0          0          0          0   rtexit.o
        10          0          0          0          0          0   rtexit2.o
        12          4          0          0          0         68   sys_exit.o
        74          0          0          0          0         80   sys_stackheap_outer.o
         2          0          0          0          0         68   use_no_semi.o
        24          0          0          0          0        164   basic.o
        98          4          0          0          0        140   d2f.o
       826         16          0          0          0        492   daddsub_clz.o
       688        140          0          0          0        256   ddiv.o
        94          4          0          0          0        140   dfix.o
        84          0          0          0          0        232   dflt_clz.o
       340         12          0          0          0        152   dmul.o
       156          4          0          0          0        140   dnaninf.o
        12          0          0          0          0        116   dretinf.o
       408         56          0          0          0        168   dsqrt_umaal.o
        86          4          0          0          0        132   f2d.o
       140          4          0          0          0        132   fnaninf.o
        10          0          0          0          0        116   fpinit.o
        10          0          0          0          0        116   fretinf.o
         0          0          0          0          0          0   usenofp.o
       744        106        152          0          0        352   atan.o
       496         64          0          0          0        192   atan2.o
       200         20          0          0          0        164   cos.o
       368         46         48          0          0        200   cos_i.o
       104         16          0          0          0        496   dunder.o
        24          0          0          0          0        124   fabs.o
        48          0          0          0          0        124   fpclassify.o
        38          0          0          0          0        116   fpclassifyf.o
        38         12          0          0          0        348   funder.o
       248          0          0          0          0        152   poly.o
         0          0          8          0          0          0   qnan.o
      1080        142        200          0          0        188   rred.o
       340         24         32          0          0        160   rredf.o
       200         20          0          0          0        164   sin.o
       304         24         40          0          0        208   sin_i.o
       400         56          0          0          0        212   sinf.o
       122          0          0          0          0        148   sqrt.o

    ----------------------------------------------------------------------
      8744        794        480          0        100       6992   Library Totals
        22          0          0          0          4          0   (incl. Padding)

    ----------------------------------------------------------------------

      Code (inc. data)   RO Data    RW Data    ZI Data      Debug   Library Name

       992         20          0          0         96       1148   c_w.l
      2976        244          0          0          0       2496   fz_wm.l
      4754        530        480          0          0       3348   m_wm.l

    ----------------------------------------------------------------------
      8744        794        480          0        100       6992   Library Totals

    ----------------------------------------------------------------------

==============================================================================


      Code (inc. data)   RO Data    RW Data    ZI Data      Debug   

     34510       2880       2474        392       9512     950062   Grand Totals
     34510       2880       2474         96       9512     950062   ELF Image Totals (compressed)
     34510       2880       2474         96          0          0   ROM Totals

==============================================================================

    Total RO  Size (Code + RO Data)                36984 (  36.12kB)
    Total RW  Size (RW Data + ZI Data)              9904 (   9.67kB)
    Total ROM Size (Code + RO Data + RW Data)      37080 (  36.21kB)

==============================================================================

