Component: ARM Compiler 5.06 update 5 (build 528) Tool: armlink [4d35e2]

==============================================================================

Section Cross References

    startup_stm32f105xc.o(STACK) refers (Special) to heapauxi.o(.text) for __use_two_region_memory
    startup_stm32f105xc.o(HEAP) refers (Special) to heapauxi.o(.text) for __use_two_region_memory
    startup_stm32f105xc.o(RESET) refers (Special) to heapauxi.o(.text) for __use_two_region_memory
    startup_stm32f105xc.o(RESET) refers to startup_stm32f105xc.o(STACK) for __initial_sp
    startup_stm32f105xc.o(RESET) refers to startup_stm32f105xc.o(.text) for Reset_Handler
    startup_stm32f105xc.o(RESET) refers to stm32f1xx_it.o(i.NMI_Handler) for NMI_Handler
    startup_stm32f105xc.o(RESET) refers to stm32f1xx_it.o(i.HardFault_Handler) for HardFault_Handler
    startup_stm32f105xc.o(RESET) refers to stm32f1xx_it.o(i.MemManage_Handler) for MemManage_Handler
    startup_stm32f105xc.o(RESET) refers to stm32f1xx_it.o(i.BusFault_Handler) for BusFault_Handler
    startup_stm32f105xc.o(RESET) refers to stm32f1xx_it.o(i.UsageFault_Handler) for UsageFault_Handler
    startup_stm32f105xc.o(RESET) refers to stm32f1xx_it.o(i.SVC_Handler) for SVC_Handler
    startup_stm32f105xc.o(RESET) refers to stm32f1xx_it.o(i.DebugMon_Handler) for DebugMon_Handler
    startup_stm32f105xc.o(RESET) refers to stm32f1xx_it.o(i.PendSV_Handler) for PendSV_Handler
    startup_stm32f105xc.o(RESET) refers to stm32f1xx_it.o(i.SysTick_Handler) for SysTick_Handler
    startup_stm32f105xc.o(RESET) refers to refree.o(i.DMA1_Channel6_IRQHandler) for DMA1_Channel6_IRQHandler
    startup_stm32f105xc.o(RESET) refers to stm32f1xx_it.o(i.DMA1_Channel7_IRQHandler) for DMA1_Channel7_IRQHandler
    startup_stm32f105xc.o(RESET) refers to stm32f1xx_it.o(i.CAN1_RX0_IRQHandler) for CAN1_RX0_IRQHandler
    startup_stm32f105xc.o(RESET) refers to stm32f1xx_it.o(i.CAN1_RX1_IRQHandler) for CAN1_RX1_IRQHandler
    startup_stm32f105xc.o(RESET) refers to stm32f1xx_it.o(i.TIM1_UP_IRQHandler) for TIM1_UP_IRQHandler
    startup_stm32f105xc.o(RESET) refers to stm32f1xx_it.o(i.TIM2_IRQHandler) for TIM2_IRQHandler
    startup_stm32f105xc.o(RESET) refers to stm32f1xx_it.o(i.TIM3_IRQHandler) for TIM3_IRQHandler
    startup_stm32f105xc.o(RESET) refers to stm32f1xx_it.o(i.CAN2_RX0_IRQHandler) for CAN2_RX0_IRQHandler
    startup_stm32f105xc.o(RESET) refers to stm32f1xx_it.o(i.CAN2_RX1_IRQHandler) for CAN2_RX1_IRQHandler
    startup_stm32f105xc.o(.text) refers (Special) to heapauxi.o(.text) for __use_two_region_memory
    startup_stm32f105xc.o(.text) refers to system_stm32f1xx.o(i.SystemInit) for SystemInit
    startup_stm32f105xc.o(.text) refers to __main.o(!!!main) for __main
    startup_stm32f105xc.o(.text) refers to startup_stm32f105xc.o(HEAP) for Heap_Mem
    startup_stm32f105xc.o(.text) refers to startup_stm32f105xc.o(STACK) for Stack_Mem
    main.o(i.SystemClock_Config) refers to rt_memclr_w.o(.text) for __aeabi_memclr4
    main.o(i.SystemClock_Config) refers to stm32f1xx_hal_rcc.o(i.HAL_RCC_OscConfig) for HAL_RCC_OscConfig
    main.o(i.SystemClock_Config) refers to main.o(i.Error_Handler) for Error_Handler
    main.o(i.SystemClock_Config) refers to stm32f1xx_hal_rcc.o(i.HAL_RCC_ClockConfig) for HAL_RCC_ClockConfig
    main.o(i.canTX) refers to stm32f1xx_hal_can.o(i.HAL_CAN_AddTxMessage) for HAL_CAN_AddTxMessage
    main.o(i.canTX) refers to can.o(.bss) for hcan1
    main.o(i.main) refers to stm32f1xx_hal.o(i.HAL_Init) for HAL_Init
    main.o(i.main) refers to main.o(i.SystemClock_Config) for SystemClock_Config
    main.o(i.main) refers to gpio.o(i.MX_GPIO_Init) for MX_GPIO_Init
    main.o(i.main) refers to dma.o(i.MX_DMA_Init) for MX_DMA_Init
    main.o(i.main) refers to can.o(i.MX_CAN1_Init) for MX_CAN1_Init
    main.o(i.main) refers to can.o(i.MX_CAN2_Init) for MX_CAN2_Init
    main.o(i.main) refers to tim.o(i.MX_TIM3_Init) for MX_TIM3_Init
    main.o(i.main) refers to tim.o(i.MX_TIM1_Init) for MX_TIM1_Init
    main.o(i.main) refers to usart.o(i.MX_USART2_UART_Init) for MX_USART2_UART_Init
    main.o(i.main) refers to tim.o(i.MX_TIM2_Init) for MX_TIM2_Init
    main.o(i.main) refers to can_bsp.o(i.platform_filtter_config_setting) for platform_filtter_config_setting
    main.o(i.main) refers to stm32f1xx_hal_can.o(i.HAL_CAN_Start) for HAL_CAN_Start
    main.o(i.main) refers to stm32f1xx_hal_can.o(i.HAL_CAN_ActivateNotification) for HAL_CAN_ActivateNotification
    main.o(i.main) refers to sw_control_task.o(i.SW_control_task_init) for SW_control_task_init
    main.o(i.main) refers to stm32f1xx_hal_tim.o(i.HAL_TIM_Base_Start_IT) for HAL_TIM_Base_Start_IT
    main.o(i.main) refers to stm32f1xx_hal_tim.o(i.HAL_TIM_PWM_Start) for HAL_TIM_PWM_Start
    main.o(i.main) refers to can.o(.bss) for hcan1
    main.o(i.main) refers to tim.o(.bss) for htim1
    gpio.o(i.MX_GPIO_Init) refers to stm32f1xx_hal_gpio.o(i.HAL_GPIO_WritePin) for HAL_GPIO_WritePin
[...]
    __rt_memcpy                              0x0800031b   Thumb Code   138  rt_memcpy_v6.o(.text)
    _memcpy_lastbytes                        0x08000381   Thumb Code     0  rt_memcpy_v6.o(.text)
    __aeabi_memcpy4                          0x080003a5   Thumb Code     0  rt_memcpy_w.o(.text)
    __aeabi_memcpy8                          0x080003a5   Thumb Code     0  rt_memcpy_w.o(.text)
    __rt_memcpy_w                            0x080003a5   Thumb Code   100  rt_memcpy_w.o(.text)
    _memcpy_lastbytes_aligned                0x080003ed   Thumb Code     0  rt_memcpy_w.o(.text)
    __aeabi_memclr4                          0x08000409   Thumb Code     0  rt_memclr_w.o(.text)
    __aeabi_memclr8                          0x08000409   Thumb Code     0  rt_memclr_w.o(.text)
    __rt_memclr_w                            0x08000409   Thumb Code    78  rt_memclr_w.o(.text)
    _memset_w                                0x0800040d   Thumb Code     0  rt_memclr_w.o(.text)
    __use_two_region_memory                  0x08000457   Thumb Code     2  heapauxi.o(.text)
    __rt_heap_escrow$2region                 0x08000459   Thumb Code     2  heapauxi.o(.text)
    __rt_heap_expand$2region                 0x0800045b   Thumb Code     2  heapauxi.o(.text)
    __read_errno                             0x0800045d   Thumb Code    10  _rserrno.o(.text)
    __set_errno                              0x08000467   Thumb Code    12  _rserrno.o(.text)
    __aeabi_errno_addr                       0x08000475   Thumb Code     8  rt_errno_addr_intlibspace.o(.text)
    __errno$intlibspace                      0x08000475   Thumb Code     0  rt_errno_addr_intlibspace.o(.text)
    __rt_errno_addr$intlibspace              0x08000475   Thumb Code     0  rt_errno_addr_intlibspace.o(.text)
    __user_libspace                          0x0800047d   Thumb Code     8  libspace.o(.text)
    __user_perproc_libspace                  0x0800047d   Thumb Code     0  libspace.o(.text)
    __user_perthread_libspace                0x0800047d   Thumb Code     0  libspace.o(.text)
    __user_setup_stackheap                   0x08000485   Thumb Code    74  sys_stackheap_outer.o(.text)
    exit                                     0x080004cf   Thumb Code    18  exit.o(.text)
    _sys_exit                                0x080004e1   Thumb Code     8  sys_exit.o(.text)
    __I$use$semihosting                      0x080004ed   Thumb Code     0  use_no_semi.o(.text)
    __use_no_semihosting_swi                 0x080004ed   Thumb Code     2  use_no_semi.o(.text)
    __semihosting_library_function           0x080004ef   Thumb Code     0  indicate_semi.o(.text)
    Alive_Tect                               0x080004f1   Thumb Code   102  steering_wheel.o(i.Alive_Tect)
    BusFault_Handler                         0x08000561   Thumb Code     2  stm32f1xx_it.o(i.BusFault_Handler)
    CAN1_RX0_IRQHandler                      0x08000565   Thumb Code     6  stm32f1xx_it.o(i.CAN1_RX0_IRQHandler)
    CAN1_RX1_IRQHandler                      0x08000571   Thumb Code     6  stm32f1xx_it.o(i.CAN1_RX1_IRQHandler)
    CAN2_RX0_IRQHandler                      0x0800057d   Thumb Code     6  stm32f1xx_it.o(i.CAN2_RX0_IRQHandler)
    CAN2_RX1_IRQHandler                      0x08000589   Thumb Code     6  stm32f1xx_it.o(i.CAN2_RX1_IRQHandler)
    DMA1_Channel6_IRQHandler                 0x08000595   Thumb Code    68  refree.o(i.DMA1_Channel6_IRQHandler)
    DMA1_Channel7_IRQHandler                 0x080005f1   Thumb Code     6  stm32f1xx_it.o(i.DMA1_Channel7_IRQHandler)
    DebugMon_Handler                         0x08000629   Thumb Code     2  stm32f1xx_it.o(i.DebugMon_Handler)
    Error_Handler                            0x0800062b   Thumb Code     4  main.o(i.Error_Handler)
    Filter                                   0x08000631   Thumb Code    52  steering_wheel.o(i.Filter)
    Filter_Fourier_Init                      0x08000669   Thumb Code   876  steering_wheel.o(i.Filter_Fourier_Init)
    Get_CRC16_Check_Sum                      0x080009e1   Thumb Code    44  algorithmofcrc.o(i.Get_CRC16_Check_Sum)
    Get_CRC8_Check_Sum                       0x08000a11   Thumb Code    24  algorithmofcrc.o(i.Get_CRC8_Check_Sum)
    HAL_CAN_ActivateNotification             0x08000a2d   Thumb Code    36  stm32f1xx_hal_can.o(i.HAL_CAN_ActivateNotification)
    HAL_CAN_AddTxMessage                     0x08000a51   Thumb Code   226  stm32f1xx_hal_can.o(i.HAL_CAN_AddTxMessage)
    HAL_CAN_ConfigFilter                     0x08000b35   Thumb Code   266  stm32f1xx_hal_can.o(i.HAL_CAN_ConfigFilter)
    HAL_CAN_ErrorCallback                    0x08000c45   Thumb Code     2  stm32f1xx_hal_can.o(i.HAL_CAN_ErrorCallback)
    HAL_CAN_GetRxMessage                     0x08000c47   Thumb Code   274  stm32f1xx_hal_can.o(i.HAL_CAN_GetRxMessage)
    HAL_CAN_GetTxMailboxesFreeLevel          0x08000d59   Thumb Code    44  stm32f1xx_hal_can.o(i.HAL_CAN_GetTxMailboxesFreeLevel)
    HAL_CAN_IRQHandler                       0x08000d85   Thumb Code   508  stm32f1xx_hal_can.o(i.HAL_CAN_IRQHandler)
    HAL_CAN_Init                             0x08000f81   Thumb Code   338  stm32f1xx_hal_can.o(i.HAL_CAN_Init)
    HAL_CAN_MspInit                          0x080010d5   Thumb Code   286  can.o(i.HAL_CAN_MspInit)
    HAL_CAN_RxFifo0FullCallback              0x0800120d   Thumb Code     2  stm32f1xx_hal_can.o(i.HAL_CAN_RxFifo0FullCallback)
    HAL_CAN_RxFifo0MsgPendingCallback        0x08001211   Thumb Code   104  can_bsp.o(i.HAL_CAN_RxFifo0MsgPendingCallback)
    HAL_CAN_RxFifo1FullCallback              0x0800128d   Thumb Code     2  stm32f1xx_hal_can.o(i.HAL_CAN_RxFifo1FullCallback)
    HAL_CAN_RxFifo1MsgPendingCallback        0x08001291   Thumb Code   104  can_bsp.o(i.HAL_CAN_RxFifo1MsgPendingCallback)
    HAL_CAN_SleepCallback                    0x0800130d   Thumb Code     2  stm32f1xx_hal_can.o(i.HAL_CAN_SleepCallback)
    HAL_CAN_Start                            0x0800130f   Thumb Code    88  stm32f1xx_hal_can.o(i.HAL_CAN_Start)
    HAL_CAN_TxMailbox0AbortCallback          0x08001367   Thumb Code     2  stm32f1xx_hal_can.o(i.HAL_CAN_TxMailbox0AbortCallback)
    HAL_CAN_TxMailbox0CompleteCallback       0x08001369   Thumb Code     2  stm32f1xx_hal_can.o(i.HAL_CAN_TxMailbox0CompleteCallback)
    HAL_CAN_TxMailbox1AbortCallback          0x0800136b   Thumb Code     2  stm32f1xx_hal_can.o(i.HAL_CAN_TxMailbox1AbortCallback)
    HAL_CAN_TxMailbox1CompleteCallback       0x0800136d   Thumb Code     2  stm32f1xx_hal_can.o(i.HAL_CAN_TxMailbox1CompleteCallback)
    HAL_CAN_TxMailbox2AbortCallback          0x0800136f   Thumb Code     2  stm32f1xx_hal_can.o(i.HAL_CAN_TxMailbox2AbortCallback)
    HAL_CAN_TxMailbox2CompleteCallback       0x08001371   Thumb Code     2  stm32f1xx_hal_can.o(i.HAL_CAN_TxMailbox2CompleteCallback)
    HAL_CAN_WakeUpFromRxMsgCallback          0x08001373   Thumb Code     2  stm32f1xx_hal_can.o(i.HAL_CAN_WakeUpFromRxMsgCallback)
    HAL_DMA_Abort                            0x08001375   Thumb Code    70  stm32f1xx_hal_dma.o(i.HAL_DMA_Abort)
    HAL_DMA_GetState                         0x080013bb   Thumb Code     6  stm32f1xx_hal_dma.o(i.HAL_DMA_GetState)
    HAL_DMA_IRQHandler                       0x080013c1   Thumb Code   640  stm32f1xx_hal_dma.o(i.HAL_DMA_IRQHandler)
    HAL_DMA_Init                             0x08001661   Thumb Code   116  stm32f1xx_hal_dma.o(i.HAL_DMA_Init)
    HAL_DMA_Start_IT                         0x080016e1   Thumb Code   116  stm32f1xx_hal_dma.o(i.HAL_DMA_Start_IT)
    HAL_GPIO_Init                            0x08001755   Thumb Code   464  stm32f1xx_hal_gpio.o(i.HAL_GPIO_Init)
    HAL_GPIO_WritePin                        0x08001945   Thumb Code    14  stm32f1xx_hal_gpio.o(i.HAL_GPIO_WritePin)
    HAL_GetTick                              0x08001955   Thumb Code     6  stm32f1xx_hal.o(i.HAL_GetTick)
    HAL_IncTick                              0x08001961   Thumb Code    12  stm32f1xx_hal.o(i.HAL_IncTick)
    HAL_Init                                 0x08001971   Thumb Code    32  stm32f1xx_hal.o(i.HAL_Init)
    HAL_InitTick                             0x08001995   Thumb Code    58  stm32f1xx_hal.o(i.HAL_InitTick)
    HAL_MspInit                              0x080019d9   Thumb Code    52  stm32f1xx_hal_msp.o(i.HAL_MspInit)
    HAL_NVIC_EnableIRQ                       0x08001a15   Thumb Code    26  stm32f1xx_hal_cortex.o(i.HAL_NVIC_EnableIRQ)
    HAL_NVIC_SetPriority                     0x08001a31   Thumb Code    60  stm32f1xx_hal_cortex.o(i.HAL_NVIC_SetPriority)
    HAL_NVIC_SetPriorityGrouping             0x08001a71   Thumb Code    26  stm32f1xx_hal_cortex.o(i.HAL_NVIC_SetPriorityGrouping)
    HAL_RCC_ClockConfig                      0x08001a95   Thumb Code   318  stm32f1xx_hal_rcc.o(i.HAL_RCC_ClockConfig)
    HAL_RCC_GetHCLKFreq                      0x08001be9   Thumb Code     6  stm32f1xx_hal_rcc.o(i.HAL_RCC_GetHCLKFreq)
    HAL_RCC_GetPCLK1Freq                     0x08001bf5   Thumb Code    22  stm32f1xx_hal_rcc.o(i.HAL_RCC_GetPCLK1Freq)
    HAL_RCC_GetPCLK2Freq                     0x08001c15   Thumb Code    22  stm32f1xx_hal_rcc.o(i.HAL_RCC_GetPCLK2Freq)
    HAL_RCC_GetSysClockFreq                  0x08001c35   Thumb Code   122  stm32f1xx_hal_rcc.o(i.HAL_RCC_GetSysClockFreq)
    HAL_RCC_OscConfig                        0x08001cc1   Thumb Code  1108  stm32f1xx_hal_rcc.o(i.HAL_RCC_OscConfig)
    HAL_SYSTICK_Config                       0x08002115   Thumb Code    40  stm32f1xx_hal_cortex.o(i.HAL_SYSTICK_Config)
    HAL_TIMEx_BreakCallback                  0x0800213d   Thumb Code     2  stm32f1xx_hal_tim_ex.o(i.HAL_TIMEx_BreakCallback)
    HAL_TIMEx_CommutCallback                 0x0800213f   Thumb Code     2  stm32f1xx_hal_tim_ex.o(i.HAL_TIMEx_CommutCallback)
    HAL_TIMEx_ConfigBreakDeadTime            0x08002141   Thumb Code    84  stm32f1xx_hal_tim_ex.o(i.HAL_TIMEx_ConfigBreakDeadTime)
    HAL_TIMEx_MasterConfigSynchronization    0x08002195   Thumb Code    96  stm32f1xx_hal_tim_ex.o(i.HAL_TIMEx_MasterConfigSynchronization)
    HAL_TIM_Base_Init                        0x08002205   Thumb Code    74  stm32f1xx_hal_tim.o(i.HAL_TIM_Base_Init)
    HAL_TIM_Base_MspInit                     0x08002251   Thumb Code   134  tim.o(i.HAL_TIM_Base_MspInit)
    HAL_TIM_Base_Start_IT                    0x080022e5   Thumb Code    92  stm32f1xx_hal_tim.o(i.HAL_TIM_Base_Start_IT)
    HAL_TIM_ConfigClockSource                0x08002351   Thumb Code   232  stm32f1xx_hal_tim.o(i.HAL_TIM_ConfigClockSource)
    HAL_TIM_IC_CaptureCallback               0x08002439   Thumb Code     2  stm32f1xx_hal_tim.o(i.HAL_TIM_IC_CaptureCallback)
    HAL_TIM_IRQHandler                       0x0800243b   Thumb Code   366  stm32f1xx_hal_tim.o(i.HAL_TIM_IRQHandler)
    HAL_TIM_MspPostInit                      0x080025a9   Thumb Code    64  tim.o(i.HAL_TIM_MspPostInit)
    HAL_TIM_OC_DelayElapsedCallback          0x080025f5   Thumb Code     2  stm32f1xx_hal_tim.o(i.HAL_TIM_OC_DelayElapsedCallback)
    HAL_TIM_PWM_ConfigChannel                0x080025f7   Thumb Code   216  stm32f1xx_hal_tim.o(i.HAL_TIM_PWM_ConfigChannel)
    HAL_TIM_PWM_Init                         0x080026cf   Thumb Code    74  stm32f1xx_hal_tim.o(i.HAL_TIM_PWM_Init)
    HAL_TIM_PWM_MspInit                      0x08002719   Thumb Code     2  stm32f1xx_hal_tim.o(i.HAL_TIM_PWM_MspInit)
    HAL_TIM_PWM_PulseFinishedCallback        0x0800271b   Thumb Code     2  stm32f1xx_hal_tim.o(i.HAL_TIM_PWM_PulseFinishedCallback)
    HAL_TIM_PWM_Start                        0x0800271d   Thumb Code   166  stm32f1xx_hal_tim.o(i.HAL_TIM_PWM_Start)
    HAL_TIM_PWM_Stop                         0x080027d5   Thumb Code   110  stm32f1xx_hal_tim.o(i.HAL_TIM_PWM_Stop)
    HAL_TIM_PeriodElapsedCallback            0x08002849   Thumb Code    88  task_scheduler.o(i.HAL_TIM_PeriodElapsedCallback)
    HAL_TIM_TriggerCallback                  0x080028ad   Thumb Code     2  stm32f1xx_hal_tim.o(i.HAL_TIM_TriggerCallback)
    HAL_UARTEx_RxEventCallback               0x080028af   Thumb Code     2  stm32f1xx_hal_uart.o(i.HAL_UARTEx_RxEventCallback)
    HAL_UART_DMAStop                         0x080028b1   Thumb Code   112  stm32f1xx_hal_uart.o(i.HAL_UART_DMAStop)
    HAL_UART_ErrorCallback                   0x08002921   Thumb Code     2  stm32f1xx_hal_uart.o(i.HAL_UART_ErrorCallback)
    HAL_UART_Init                            0x08002923   Thumb Code   102  stm32f1xx_hal_uart.o(i.HAL_UART_Init)
    HAL_UART_MspInit                         0x08002989   Thumb Code   192  usart.o(i.HAL_UART_MspInit)
    HAL_UART_Receive_DMA                     0x08002a5d   Thumb Code    28  stm32f1xx_hal_uart.o(i.HAL_UART_Receive_DMA)
    HAL_UART_RxCpltCallback                  0x08002a79   Thumb Code     2  stm32f1xx_hal_uart.o(i.HAL_UART_RxCpltCallback)
    HAL_UART_RxHalfCpltCallback              0x08002a7b   Thumb Code     2  stm32f1xx_hal_uart.o(i.HAL_UART_RxHalfCpltCallback)
    HardFault_Handler                        0x08002a7d   Thumb Code    64  stm32f1xx_it.o(i.HardFault_Handler)
    JudgeBuffReceive                         0x08002ac1   Thumb Code   304  refree.o(i.JudgeBuffReceive)
    M3508_Init                               0x08002bfd   Thumb Code    28  m3508.o(i.M3508_Init)
    M3508_command_transmit                   0x08002c25   Thumb Code   214  m3508_bsp.o(i.M3508_command_transmit)
    M3508_feedback_handler                   0x08002cfd   Thumb Code    24  m3508.o(i.M3508_feedback_handler)
    M3508_feedback_process                   0x08002d19   Thumb Code   118  m3508_bsp.o(i.M3508_feedback_process)
    M3508_from_lsb_to_position_deg           0x08002d91   Thumb Code    22  m3508_bsp.o(i.M3508_from_lsb_to_position_deg)
    M3508_from_lsb_to_position_rad           0x08002db1   Thumb Code    38  m3508_bsp.o(i.M3508_from_lsb_to_position_rad)
    M3508_from_lsb_to_torque_current         0x08002de5   Thumb Code    24  m3508_bsp.o(i.M3508_from_lsb_to_torque_current)
    M3508_from_torque_current_to_torque      0x08002e01   Thumb Code    24  m3508_bsp.o(i.M3508_from_torque_current_to_torque)
    M3508_gear_command_transmit              0x08002e1d   Thumb Code    12  m3508_gear_bsp.o(i.M3508_gear_command_transmit)
    M3508_gear_feedback_handler              0x08002e29   Thumb Code    34  m3508_gear.o(i.M3508_gear_feedback_handler)
    M3508_gear_feedback_process              0x08002e4d   Thumb Code   174  m3508_gear_bsp.o(i.M3508_gear_feedback_process)
    M3508_gear_parameter_init                0x08002f05   Thumb Code    28  m3508_gear.o(i.M3508_gear_parameter_init)
    M3508_gear_set_torque_current_lsb        0x08002f21   Thumb Code    40  m3508_gear.o(i.M3508_gear_set_torque_current_lsb)
    M3508_set_single_motor_current           0x08002f49   Thumb Code    52  m3508.o(i.M3508_set_single_motor_current)
    MX_CAN1_Init                             0x08002f81   Thumb Code    60  can.o(i.MX_CAN1_Init)
    MX_CAN2_Init                             0x08002fc5   Thumb Code    60  can.o(i.MX_CAN2_Init)
    MX_DMA_Init                              0x08003009   Thumb Code    56  dma.o(i.MX_DMA_Init)
    MX_GPIO_Init                             0x08003045   Thumb Code   102  gpio.o(i.MX_GPIO_Init)
    MX_TIM1_Init                             0x080030b5   Thumb Code   194  tim.o(i.MX_TIM1_Init)
    MX_TIM2_Init                             0x08003181   Thumb Code    96  tim.o(i.MX_TIM2_Init)
    MX_TIM3_Init                             0x080031e5   Thumb Code    94  tim.o(i.MX_TIM3_Init)
    MX_USART2_UART_Init                      0x0800324d   Thumb Code    68  usart.o(i.MX_USART2_UART_Init)
    Math_Sinc                                0x08003299   Thumb Code    76  steering_wheel.o(i.Math_Sinc)
    MemManage_Handler                        0x080032e5   Thumb Code     2  stm32f1xx_it.o(i.MemManage_Handler)
    NMI_Handler                              0x080032e7   Thumb Code     2  stm32f1xx_it.o(i.NMI_Handler)
    PID_Controller                           0x080032e9   Thumb Code    68  pid_regulator.o(i.PID_Controller)
    PID_HandleInit                           0x0800332d   Thumb Code    20  pid_regulator.o(i.PID_HandleInit)
    PI_Controller                            0x08003341   Thumb Code   116  pid_regulator.o(i.PI_Controller)
    PendSV_Handler                           0x080033b9   Thumb Code     2  stm32f1xx_it.o(i.PendSV_Handler)
    SVC_Handler                              0x080033e1   Thumb Code     2  stm32f1xx_it.o(i.SVC_Handler)
    SW_control_task                          0x080033e5   Thumb Code    64  sw_control_task.o(i.SW_control_task)
    SW_control_task_init                     0x0800342d   Thumb Code    20  sw_control_task.o(i.SW_control_task_init)
    Sqrt                                     0x08003445   Thumb Code   108  chassis_power_control.o(i.Sqrt)
    Steering_CheckHandleLegitimacy           0x080034b5   Thumb Code    26  steering_wheel.o(i.Steering_CheckHandleLegitimacy)
    Steering_Communication_SubscribeList_Init 0x080034d5   Thumb Code    14  steering_communication.o(i.Steering_Communication_SubscribeList_Init)
    Steering_FindSteeringHandle_via_CANID    0x080034e9   Thumb Code    30  steering_wheel.o(i.Steering_FindSteeringHandle_via_CANID)
    Steering_HandleListAdd                   0x0800350d   Thumb Code    36  steering_wheel.o(i.Steering_HandleListAdd)
    Steering_Wheel_CommandTransmit           0x08003535   Thumb Code    60  steering_wheel.o(i.Steering_Wheel_CommandTransmit)
    Steering_Wheel_CommandUpdate             0x08003571   Thumb Code    20  steering_wheel.o(i.Steering_Wheel_CommandUpdate)
    Steering_Wheel_HandleInit                0x08003585   Thumb Code   200  steering_wheel.o(i.Steering_Wheel_HandleInit)
    Steering_Wheel_MotorAndEncoderFeedbackUpdate 0x08003671   Thumb Code   104  steering_wheel.o(i.Steering_Wheel_MotorAndEncoderFeedbackUpdate)
    Steering_Wheel_MotorAndEncoderStatusUpdate 0x080036dd   Thumb Code    78  steering_wheel.o(i.Steering_Wheel_MotorAndEncoderStatusUpdate)
    Steering_Wheel_MotorCommandUpdate        0x0800372d   Thumb Code   324  steering_wheel.o(i.Steering_Wheel_MotorCommandUpdate)
    Steering_Wheel_PID_HandleInit            0x08003885   Thumb Code   182  steering_wheel.o(i.Steering_Wheel_PID_HandleInit)
    Steering_Wheel_PartCommandUpdate         0x0800393b   Thumb Code    14  steering_wheel.o(i.Steering_Wheel_PartCommandUpdate)
    Steering_Wheel_PartStatusUpdate          0x08003949   Thumb Code    24  steering_wheel.o(i.Steering_Wheel_PartStatusUpdate)
    Steering_Wheel_SetProtocolArcMode        0x08003961   Thumb Code    24  steering_wheel.o(i.Steering_Wheel_SetProtocolArcMode)
    Steering_Wheel_SetProtocolDegMode        0x08003979   Thumb Code    24  steering_wheel.o(i.Steering_Wheel_SetProtocolDegMode)
    Steering_Wheel_SetProtocolPosition       0x08003991   Thumb Code     6  steering_wheel.o(i.Steering_Wheel_SetProtocolPosition)
    Steering_Wheel_SetProtocolSpeed          0x08003997   Thumb Code     6  steering_wheel.o(i.Steering_Wheel_SetProtocolSpeed)
    Steering_Wheel_StatusUpdate              0x0800399d   Thumb Code    38  steering_wheel.o(i.Steering_Wheel_StatusUpdate)
    SysTick_Handler                          0x080039c3   Thumb Code     4  stm32f1xx_it.o(i.SysTick_Handler)
    SystemClock_Config                       0x080039c9   Thumb Code   100  main.o(i.SystemClock_Config)
    SystemInit                               0x08003a31   Thumb Code     2  system_stm32f1xx.o(i.SystemInit)
    TIM1_UP_IRQHandler                       0x08003a35   Thumb Code     6  stm32f1xx_it.o(i.TIM1_UP_IRQHandler)
    TIM2_IRQHandler                          0x08003a41   Thumb Code     6  stm32f1xx_it.o(i.TIM2_IRQHandler)
    TIM3_IRQHandler                          0x08003a4d   Thumb Code     6  stm32f1xx_it.o(i.TIM3_IRQHandler)
    TIM_Base_SetConfig                       0x08003a59   Thumb Code   104  stm32f1xx_hal_tim.o(i.TIM_Base_SetConfig)
    TIM_CCxChannelCmd                        0x08003ad1   Thumb Code    26  stm32f1xx_hal_tim.o(i.TIM_CCxChannelCmd)
    TIM_ETR_SetConfig                        0x08003aeb   Thumb Code    20  stm32f1xx_hal_tim.o(i.TIM_ETR_SetConfig)
    TIM_OC2_SetConfig                        0x08003b71   Thumb Code    94  stm32f1xx_hal_tim.o(i.TIM_OC2_SetConfig)
    UART_Start_Receive_DMA                   0x08003ed5   Thumb Code   134  stm32f1xx_hal_uart.o(i.UART_Start_Receive_DMA)
    UsageFault_Handler                       0x08003f69   Thumb Code     2  stm32f1xx_it.o(i.UsageFault_Handler)
    Verify_CRC16_Check_Sum                   0x08003f6d   Thumb Code    60  algorithmofcrc.o(i.Verify_CRC16_Check_Sum)
    Verify_CRC8_Check_Sum                    0x08003fad   Thumb Code    46  algorithmofcrc.o(i.Verify_CRC8_Check_Sum)
    __ARM_fpclassify                         0x08003fdb   Thumb Code    40  fpclassify.o(i.__ARM_fpclassify)
    __ieee754_rem_pio2                       0x08004025   Thumb Code   828  rred.o(i.__ieee754_rem_pio2)
    __kernel_cos                             0x080043ad   Thumb Code   230  cos_i.o(i.__kernel_cos)
    __kernel_poly                            0x080044a9   Thumb Code   170  poly.o(i.__kernel_poly)
    __kernel_sin                             0x08004555   Thumb Code   224  sin_i.o(i.__kernel_sin)
    __mathlib_dbl_divzero                    0x08004641   Thumb Code    12  dunder.o(i.__mathlib_dbl_divzero)
    __mathlib_dbl_infnan                     0x08004651   Thumb Code     6  dunder.o(i.__mathlib_dbl_infnan)
    __mathlib_dbl_infnan2                    0x08004657   Thumb Code     4  dunder.o(i.__mathlib_dbl_infnan2)
    __mathlib_dbl_invalid                    0x0800465b   Thumb Code    12  dunder.o(i.__mathlib_dbl_invalid)
    __mathlib_dbl_overflow                   0x08004667   Thumb Code    14  dunder.o(i.__mathlib_dbl_overflow)
    __mathlib_dbl_underflow                  0x08004675   Thumb Code    10  dunder.o(i.__mathlib_dbl_underflow)
    briter_encoder_Init                      0x08004685   Thumb Code    28  briter_encoder.o(i.briter_encoder_Init)
    briter_encoder_command_transmit          0x080046b1   Thumb Code    28  briter_encoder_bsp.o(i.briter_encoder_command_transmit)
    briter_encoder_feedback_handler          0x080046cd   Thumb Code    10  briter_encoder.o(i.briter_encoder_feedback_handler)
    briter_encoder_feedback_process          0x080046d7   Thumb Code    40  briter_encoder_bsp.o(i.briter_encoder_feedback_process)
    briter_encoder_parameter_init            0x080046ff   Thumb Code    20  briter_encoder.o(i.briter_encoder_parameter_init)
    briter_encoder_request_tatal_angle       0x08004715   Thumb Code    42  briter_encoder.o(i.briter_encoder_request_tatal_angle)
    buzzerBsp_checkTickTolerance             0x08004745   Thumb Code    14  buzzer_bsp.o(i.buzzerBsp_checkTickTolerance)
    buzzerBsp_setSwitch                      0x08004753   Thumb Code    18  buzzer_bsp.o(i.buzzerBsp_setSwitch)
    buzzerBsp_setTimer                       0x08004765   Thumb Code    18  buzzer_bsp.o(i.buzzerBsp_setTimer)
    buzzer_getTick                           0x08004777   Thumb Code     6  buzzer.o(i.buzzer_getTick)
    buzzer_handleInit                        0x0800477d   Thumb Code    38  buzzer.o(i.buzzer_handleInit)
    buzzer_init_example                      0x080047b1   Thumb Code    50  buzzer.o(i.buzzer_init_example)
    buzzer_on                                0x080047f1   Thumb Code    12  stm32f1xx_it.o(i.buzzer_on)
    buzzer_playCalibrated                    0x08004801   Thumb Code   110  buzzer.o(i.buzzer_playCalibrated)
    buzzer_playCalibrating                   0x0800486f   Thumb Code   110  buzzer.o(i.buzzer_playCalibrating)
    buzzer_playDeviceOffline                 0x080048dd   Thumb Code   110  buzzer.o(i.buzzer_playDeviceOffline)
    buzzer_playDjiStartUp                    0x0800494b   Thumb Code   134  buzzer.o(i.buzzer_playDjiStartUp)
    buzzer_playTone                          0x080049d1   Thumb Code    86  buzzer.o(i.buzzer_playTone)
    buzzer_setState                          0x08004a35   Thumb Code    18  buzzer.o(i.buzzer_setState)
    buzzer_setTask                           0x08004a47   Thumb Code    16  buzzer.o(i.buzzer_setTask)
    buzzer_taskScheduler                     0x08004a57   Thumb Code   132  buzzer.o(i.buzzer_taskScheduler)
    buzzzerBsp_getTick                       0x08004adb   Thumb Code     6  buzzer_bsp.o(i.buzzzerBsp_getTick)
    calculate_torque_current_according_to_scaled_power 0x08004ae1   Thumb Code   348  chassis_power_control.o(i.calculate_torque_current_according_to_scaled_power)
    can_filter_set                           0x08004c69   Thumb Code   100  can_bsp.o(i.can_filter_set)
    expert_power_calculate                   0x08004ccd   Thumb Code   202  chassis_power_control.o(i.expert_power_calculate)
    main                                     0x08004dc1   Thumb Code   120  main.o(i.main)
    platform_filtter_config_setting          0x08004e4d   Thumb Code   134  can_bsp.o(i.platform_filtter_config_setting)
    pow                                      0x08004f9d   Thumb Code  2512  pow.o(i.pow)
    sign                                     0x08005975   Thumb Code    24  chassis_power_control.o(i.sign)
    sin                                      0x0800598d   Thumb Code   150  sin.o(i.sin)
    sqrt                                     0x08005a2d   Thumb Code    76  sqrt.o(i.sqrt)
    steering_communication_ADD_SUBSCRIBE_VALUE_handler 0x08005a79   Thumb Code   168  steering_communication.o(i.steering_communication_ADD_SUBSCRIBE_VALUE_handler)
    steering_communication_CHECK_SUBSCRIBE_LIST_handler 0x08005b25   Thumb Code    50  steering_communication.o(i.steering_communication_CHECK_SUBSCRIBE_LIST_handler)
    steering_communication_DELETE_SUBSCRIBED_VALUE_handler 0x08005b5d   Thumb Code   114  steering_communication.o(i.steering_communication_DELETE_SUBSCRIBED_VALUE_handler)
    steering_communication_GET_PID_PARAMETER_handler 0x08005bd5   Thumb Code   190  steering_communication.o(i.steering_communication_GET_PID_PARAMETER_handler)
    steering_communication_GET_PID_PARAMETER_term_handler 0x08005c93   Thumb Code   142  steering_communication.o(i.steering_communication_GET_PID_PARAMETER_term_handler)
    steering_communication_SET_DISABLE_OPERATION_MODE_handler 0x08005d21   Thumb Code    58  steering_communication.o(i.steering_communication_SET_DISABLE_OPERATION_MODE_handler)
    steering_communication_SET_ENABLE_OPERATION_MODE_handler 0x08005d5b   Thumb Code    58  steering_communication.o(i.steering_communication_SET_ENABLE_OPERATION_MODE_handler)
    steering_communication_SET_PID_PARAMETER_handler 0x08005d95   Thumb Code   114  steering_communication.o(i.steering_communication_SET_PID_PARAMETER_handler)
    steering_communication_SET_PID_PARAMETER_term_handler 0x08005e07   Thumb Code    80  steering_communication.o(i.steering_communication_SET_PID_PARAMETER_term_handler)
    steering_communication_SET_VELOCITY_VECTOR_handler 0x08005e59   Thumb Code    80  steering_communication.o(i.steering_communication_SET_VELOCITY_VECTOR_handler)
    steering_communication_SubscirbeList_CheckAvailable 0x08005ead   Thumb Code    28  steering_communication.o(i.steering_communication_SubscirbeList_CheckAvailable)
    steering_communication_SubscirbeList_CheckRepeatability 0x08005ec9   Thumb Code    30  steering_communication.o(i.steering_communication_SubscirbeList_CheckRepeatability)
    steering_communication_SubscribeList_TryDelete 0x08005ee7   Thumb Code    46  steering_communication.o(i.steering_communication_SubscribeList_TryDelete)
    steering_communication_SubscribeList_TryIncert 0x08005f15   Thumb Code   104  steering_communication.o(i.steering_communication_SubscribeList_TryIncert)
    steering_communication_Subscribe_GetValueAdd 0x08005f7d   Thumb Code    40  steering_communication.o(i.steering_communication_Subscribe_GetValueAdd)
    steering_communication_init              0x08005fa5   Thumb Code    34  steering_communication.o(i.steering_communication_init)
    steering_communication_receive_unpack    0x08005fd9   Thumb Code    28  steering_communication_bsp.o(i.steering_communication_receive_unpack)
    steering_communication_rx_handler        0x08005ff5   Thumb Code   480  steering_communication.o(i.steering_communication_rx_handler)
    steering_communication_transmit          0x080061dd   Thumb Code    26  steering_communication_bsp.o(i.steering_communication_transmit)
    __aeabi_d2f                              0x080061f9   Thumb Code     0  d2f.o(x$fpl$d2f)
    _d2f                                     0x080061f9   Thumb Code    98  d2f.o(x$fpl$d2f)
    __aeabi_dadd                             0x0800625d   Thumb Code     0  daddsub_clz.o(x$fpl$dadd)
    _dadd                                    0x0800625d   Thumb Code   332  daddsub_clz.o(x$fpl$dadd)
    __fpl_dcheck_NaN1                        0x080063ad   Thumb Code    10  dcheck1.o(x$fpl$dcheck1)
    __fpl_dcmp_Inf                           0x080063bd   Thumb Code    24  dcmpi.o(x$fpl$dcmpinf)
    __aeabi_ddiv                             0x080063d5   Thumb Code     0  ddiv.o(x$fpl$ddiv)
    _ddiv                                    0x080063d5   Thumb Code   552  ddiv.o(x$fpl$ddiv)
    __aeabi_d2iz                             0x08006685   Thumb Code     0  dfix.o(x$fpl$dfix)
    _dfix                                    0x08006685   Thumb Code    94  dfix.o(x$fpl$dfix)
    __aeabi_i2d                              0x080066e3   Thumb Code     0  dflt_clz.o(x$fpl$dflt)
    _dflt                                    0x080066e3   Thumb Code    46  dflt_clz.o(x$fpl$dflt)
    __aeabi_ui2d                             0x08006711   Thumb Code     0  dflt_clz.o(x$fpl$dfltu)
    _dfltu                                   0x08006711   Thumb Code    38  dflt_clz.o(x$fpl$dfltu)
    __aeabi_cdcmple                          0x08006739   Thumb Code     0  dleqf.o(x$fpl$dleqf)
    _dcmple                                  0x08006739   Thumb Code   120  dleqf.o(x$fpl$dleqf)
    __fpl_dcmple_InfNaN                      0x0800679b   Thumb Code     0  dleqf.o(x$fpl$dleqf)
    __aeabi_dmul                             0x080067b1   Thumb Code     0  dmul.o(x$fpl$dmul)
    _dmul                                    0x080067b1   Thumb Code   332  dmul.o(x$fpl$dmul)
    __fpl_dnaninf                            0x08006905   Thumb Code   156  dnaninf.o(x$fpl$dnaninf)
    __fpl_dretinf                            0x080069a1   Thumb Code    12  dretinf.o(x$fpl$dretinf)
    __aeabi_cdrcmple                         0x080069ad   Thumb Code     0  drleqf.o(x$fpl$drleqf)
    _drcmple                                 0x080069ad   Thumb Code   108  drleqf.o(x$fpl$drleqf)
    __aeabi_drsub                            0x08006a19   Thumb Code     0  daddsub_clz.o(x$fpl$drsb)
    _drsb                                    0x08006a19   Thumb Code    22  daddsub_clz.o(x$fpl$drsb)
    _dsqrt                                   0x08006a31   Thumb Code   456  dsqrt_noumaal.o(x$fpl$dsqrt)
    __aeabi_dsub                             0x08006bfd   Thumb Code     0  daddsub_clz.o(x$fpl$dsub)
    _dsub                                    0x08006bfd   Thumb Code   464  daddsub_clz.o(x$fpl$dsub)
    __aeabi_f2d                              0x08006dd1   Thumb Code     0  f2d.o(x$fpl$f2d)
    _f2d                                     0x08006dd1   Thumb Code    86  f2d.o(x$fpl$f2d)
    __aeabi_fadd                             0x08006e29   Thumb Code     0  faddsub_clz.o(x$fpl$fadd)
    _fadd                                    0x08006e29   Thumb Code   196  faddsub_clz.o(x$fpl$fadd)
    __fpl_fcheck_NaN1                        0x08006eed   Thumb Code     6  fcheck1.o(x$fpl$fcheck1)
    __fpl_fcmp_Inf                           0x08006ef9   Thumb Code    24  fcmpi.o(x$fpl$fcmpinf)
    __aeabi_fdiv                             0x08006f11   Thumb Code     0  fdiv.o(x$fpl$fdiv)
    _fdiv                                    0x08006f11   Thumb Code   384  fdiv.o(x$fpl$fdiv)
    __aeabi_cfcmpeq                          0x08007095   Thumb Code     0  feqf.o(x$fpl$feqf)
    _fcmpeq                                  0x08007095   Thumb Code   104  feqf.o(x$fpl$feqf)
    __aeabi_f2iz                             0x080070fd   Thumb Code     0  ffix.o(x$fpl$ffix)
    _ffix                                    0x080070fd   Thumb Code    54  ffix.o(x$fpl$ffix)
    __aeabi_f2uiz                            0x08007135   Thumb Code     0  ffixu.o(x$fpl$ffixu)
    _ffixu                                   0x08007135   Thumb Code    62  ffixu.o(x$fpl$ffixu)
    __aeabi_i2f                              0x08007175   Thumb Code     0  fflt_clz.o(x$fpl$fflt)
    _fflt                                    0x08007175   Thumb Code    48  fflt_clz.o(x$fpl$fflt)
    __aeabi_ui2f                             0x080071a5   Thumb Code     0  fflt_clz.o(x$fpl$ffltu)
    _ffltu                                   0x080071a5   Thumb Code    38  fflt_clz.o(x$fpl$ffltu)
    __aeabi_cfcmple                          0x080071cd   Thumb Code     0  fleqf.o(x$fpl$fleqf)
    _fcmple                                  0x080071cd   Thumb Code   104  fleqf.o(x$fpl$fleqf)
    __fpl_fcmple_InfNaN                      0x0800721f   Thumb Code     0  fleqf.o(x$fpl$fleqf)
    __aeabi_fmul                             0x08007235   Thumb Code     0  fmul.o(x$fpl$fmul)
    _fmul                                    0x08007235   Thumb Code   258  fmul.o(x$fpl$fmul)
    __fpl_fnaninf                            0x08007337   Thumb Code   140  fnaninf.o(x$fpl$fnaninf)
    __fpl_fretinf                            0x080073c3   Thumb Code    10  fretinf.o(x$fpl$fretinf)
    __aeabi_cfrcmple                         0x080073cd   Thumb Code     0  frleqf.o(x$fpl$frleqf)
    _frcmple                                 0x080073cd   Thumb Code    98  frleqf.o(x$fpl$frleqf)
    __aeabi_frsub                            0x0800742f   Thumb Code     0  faddsub_clz.o(x$fpl$frsb)
    _frsb                                    0x0800742f   Thumb Code    20  faddsub_clz.o(x$fpl$frsb)
    __aeabi_fsub                             0x08007445   Thumb Code     0  faddsub_clz.o(x$fpl$fsub)
    _fsub                                    0x08007445   Thumb Code   234  faddsub_clz.o(x$fpl$fsub)
    __fpl_return_NaN                         0x0800752f   Thumb Code   100  retnan.o(x$fpl$retnan)
    __ARM_scalbn                             0x08007593   Thumb Code    92  scalbn.o(x$fpl$scalbn)
    __ARM_scalbnf                            0x080075ef   Thumb Code    76  scalbnf.o(x$fpl$scalbnf)
    __fpl_cmpreturn                          0x0800763b   Thumb Code    48  trapv.o(x$fpl$trapveneer)
    __I$use$fp                               0x0800766a   Number         0  usenofp.o(x$fpl$usenofp)
    AHBPrescTable                            0x08007688   Data          16  system_stm32f1xx.o(.constdata)
    APBPrescTable                            0x08007698   Data           8  system_stm32f1xx.o(.constdata)
    CRC8_TAB                                 0x080076a0   Data         256  algorithmofcrc.o(.constdata)
    wCRC_Table                               0x080077a0   Data         512  algorithmofcrc.o(.constdata)
    __mathlib_zero                           0x08007a58   Data           8  qnan.o(.constdata)
    Region$$Table$$Base                      0x08007b50   Number         0  anon$$obj.o(Region$$Table)
    Region$$Table$$Limit                     0x08007b70   Number         0  anon$$obj.o(Region$$Table)
    uwTickFreq                               0x20000004   Data           1  stm32f1xx_hal.o(.data)
    uwTickPrio                               0x20000008   Data           4  stm32f1xx_hal.o(.data)
    uwTick                                   0x2000000c   Data           4  stm32f1xx_hal.o(.data)
    SystemCoreClock                          0x20000010   Data           4  system_stm32f1xx.o(.data)
    ms_count                                 0x20000018   Data           4  task_scheduler.o(.data)
    s_count                                  0x2000001c   Data           4  task_scheduler.o(.data)
    total_count                              0x20000020   Data           4  task_scheduler.o(.data)
    steering_wheel_p                         0x20000024   Data           4  sw_control_task.o(.data)
    M3508_pTxMailbox                         0x20000028   Data           4  m3508.o(.data)
    M3508_ctx                                0x2000002c   Data           8  m3508.o(.data)
    briter_encoder_pTxMailbox                0x20000034   Data           4  briter_encoder.o(.data)
    briter_encoder_ctx                       0x20000038   Data           8  briter_encoder.o(.data)
    test_pos                                 0x20000040   Data           2  steering_wheel.o(.data)
    test_pos_now                             0x20000042   Data           2  steering_wheel.o(.data)
    test_Frequency_Low                       0x20000044   Data           4  steering_wheel.o(.data)
    fill_cnt                                 0x20000048   Data           1  steering_communication.o(.data)
    steering_communication_pTxMailbox        0x2000004c   Data           4  steering_communication.o(.data)
    steering_communication_ctx               0x20000050   Data           8  steering_communication.o(.data)
    CRC_INIT                                 0x20000058   Data           2  algorithmofcrc.o(.data)
    TickCount                                0x2000005c   Data           1  refree.o(.data)
    Last_chassisPower                        0x20000060   Data           4  refree.o(.data)
    hcan1                                    0x20000064   Data          40  can.o(.bss)
    hcan2                                    0x2000008c   Data          40  can.o(.bss)
    htim1                                    0x200000b4   Data          72  tim.o(.bss)
    htim2                                    0x200000fc   Data          72  tim.o(.bss)
    htim3                                    0x20000144   Data          72  tim.o(.bss)
    rx_buffer                                0x2000018c   Data          90  usart.o(.bss)
    huart2                                   0x200001e8   Data          72  usart.o(.bss)
    hdma_usart2_rx                           0x20000230   Data          68  usart.o(.bss)
    hdma_usart2_tx                           0x20000274   Data          68  usart.o(.bss)
    steering_wheel                           0x200002b8   Data         620  sw_control_task.o(.bss)
    M3508_bus_1                              0x20000524   Data         400  m3508.o(.bss)
    M3508_CAN_TxHeaderStruct                 0x200006b4   Data          24  m3508.o(.bss)
    briter_encoder_CAN_TxHeaderStruct        0x200006cc   Data          24  briter_encoder.o(.bss)
    record_data_exp_speed                    0x200006e4   Data         200  steering_wheel.o(.bss)
    Fourier_Filter                           0x200007ac   Data         444  steering_wheel.o(.bss)
    steering_handle_list                     0x20000968   Data          32  steering_wheel.o(.bss)
    steering_communication_CAN_TxHeaderStruct 0x20000988   Data          24  steering_communication.o(.bss)
    steering_communication_subscribe_list    0x200009a0   Data         192  steering_communication.o(.bss)
    chassis_power_control                    0x20000a60   Data          48  chassis_power_control.o(.bss)
    buzzer                                   0x20000a90   Data          36  buzzer.o(.bss)
    SaveBuffer                               0x20000ab4   Data          90  refree.o(.bss)
    JudgeReceive                             0x20000b10   Data          44  refree.o(.bss)
    JudgeReceiveBuffer                       0x20000b3c   Data          45  refree.o(.bss)
    __libspace_start                         0x20000b6c   Data          96  libspace.o(.bss)
    __temporary_stack_top$libspace           0x20000bcc   Data           0  libspace.o(.bss)



==============================================================================

Memory Map of the image

  Image Entry point : 0x08000151

  Load Region LR_IROM1 (Base: 0x08000000, Size: 0x00007bd4, Max: 0x00040000, ABSOLUTE)

    Execution Region ER_IROM1 (Exec base: 0x08000000, Load base: 0x08000000, Size: 0x00007b70, Max: 0x00040000, ABSOLUTE)

    Exec Addr    Load Addr    Size         Type   Attr      Idx    E Section Name        Object

    0x08000000   0x08000000   0x00000150   Data   RO            3    RESET               startup_stm32f105xc.o
    0x08000150   0x08000150   0x00000008   Code   RO         4583  * !!!main             c_w.l(__main.o)
    0x08000158   0x08000158   0x00000034   Code   RO         4905    !!!scatter          c_w.l(__scatter.o)
    0x0800018c   0x0800018c   0x0000001a   Code   RO         4907    !!handler_copy      c_w.l(__scatter_copy.o)
    0x080001a6   0x080001a6   0x00000002   PAD
    0x080001a8   0x080001a8   0x0000001c   Code   RO         4909    !!handler_zi        c_w.l(__scatter_zi.o)
    0x080001c4   0x080001c4   0x00000002   Code   RO         4774    .ARM.Collect$$libinit$$00000000  c_w.l(libinit.o)
    0x080001c6   0x080001c6   0x00000000   Code   RO         4788    .ARM.Collect$$libinit$$00000002  c_w.l(libinit2.o)
    0x080001c6   0x080001c6   0x00000000   Code   RO         4790    .ARM.Collect$$libinit$$00000004  c_w.l(libinit2.o)
    0x080001c6   0x080001c6   0x00000000   Code   RO         4793    .ARM.Collect$$libinit$$0000000A  c_w.l(libinit2.o)
    0x080001c6   0x080001c6   0x00000000   Code   RO         4795    .ARM.Collect$$libinit$$0000000C  c_w.l(libinit2.o)
    0x080001c6   0x080001c6   0x00000000   Code   RO         4797    .ARM.Collect$$libinit$$0000000E  c_w.l(libinit2.o)
    0x080001c6   0x080001c6   0x00000000   Code   RO         4800    .ARM.Collect$$libinit$$00000011  c_w.l(libinit2.o)
    0x080001c6   0x080001c6   0x00000000   Code   RO         4802    .ARM.Collect$$libinit$$00000013  c_w.l(libinit2.o)
    0x080001c6   0x080001c6   0x00000000   Code   RO         4804    .ARM.Collect$$libinit$$00000015  c_w.l(libinit2.o)
    0x080001c6   0x080001c6   0x00000000   Code   RO         4806    .ARM.Collect$$libinit$$00000017  c_w.l(libinit2.o)
    0x080001c6   0x080001c6   0x00000000   Code   RO         4808    .ARM.Collect$$libinit$$00000019  c_w.l(libinit2.o)
    0x080001c6   0x080001c6   0x00000000   Code   RO         4810    .ARM.Collect$$libinit$$0000001B  c_w.l(libinit2.o)
    0x080001c6   0x080001c6   0x00000000   Code   RO         4812    .ARM.Collect$$libinit$$0000001D  c_w.l(libinit2.o)
    0x080001c6   0x080001c6   0x00000000   Code   RO         4814    .ARM.Collect$$libinit$$0000001F  c_w.l(libinit2.o)
    0x080001c6   0x080001c6   0x00000000   Code   RO         4816    .ARM.Collect$$libinit$$00000021  c_w.l(libinit2.o)
    0x080001c6   0x080001c6   0x00000000   Code   RO         4818    .ARM.Collect$$libinit$$00000023  c_w.l(libinit2.o)
    0x080001c6   0x080001c6   0x00000000   Code   RO         4820    .ARM.Collect$$libinit$$00000025  c_w.l(libinit2.o)
    0x080001c6   0x080001c6   0x00000000   Code   RO         4824    .ARM.Collect$$libinit$$0000002C  c_w.l(libinit2.o)
    0x080001c6   0x080001c6   0x00000000   Code   RO         4826    .ARM.Collect$$libinit$$0000002E  c_w.l(libinit2.o)
    0x080001c6   0x080001c6   0x00000000   Code   RO         4828    .ARM.Collect$$libinit$$00000030  c_w.l(libinit2.o)
    0x080001c6   0x080001c6   0x00000000   Code   RO         4830    .ARM.Collect$$libinit$$00000032  c_w.l(libinit2.o)
    0x080001c6   0x080001c6   0x00000002   Code   RO         4831    .ARM.Collect$$libinit$$00000033  c_w.l(libinit2.o)
    0x080001c8   0x080001c8   0x00000002   Code   RO         4862    .ARM.Collect$$libshutdown$$00000000  c_w.l(libshutdown.o)
    0x080001ca   0x080001ca   0x00000000   Code   RO         4888    .ARM.Collect$$libshutdown$$00000002  c_w.l(libshutdown2.o)
    0x080001ca   0x080001ca   0x00000000   Code   RO         4890    .ARM.Collect$$libshutdown$$00000004  c_w.l(libshutdown2.o)
    0x080001ca   0x080001ca   0x00000000   Code   RO         4893    .ARM.Collect$$libshutdown$$00000007  c_w.l(libshutdown2.o)
    0x080001ca   0x080001ca   0x00000000   Code   RO         4896    .ARM.Collect$$libshutdown$$0000000A  c_w.l(libshutdown2.o)
    0x080001ca   0x080001ca   0x00000000   Code   RO         4898    .ARM.Collect$$libshutdown$$0000000C  c_w.l(libshutdown2.o)
    0x080001ca   0x080001ca   0x00000000   Code   RO         4901    .ARM.Collect$$libshutdown$$0000000F  c_w.l(libshutdown2.o)
    0x080001ca   0x080001ca   0x00000002   Code   RO         4902    .ARM.Collect$$libshutdown$$00000010  c_w.l(libshutdown2.o)
    0x080001cc   0x080001cc   0x00000000   Code   RO         4665    .ARM.Collect$$rtentry$$00000000  c_w.l(__rtentry.o)
    0x080001cc   0x080001cc   0x00000000   Code   RO         4731    .ARM.Collect$$rtentry$$00000002  c_w.l(__rtentry2.o)
    0x080001cc   0x080001cc   0x00000006   Code   RO         4743    .ARM.Collect$$rtentry$$00000004  c_w.l(__rtentry4.o)
    0x080001d2   0x080001d2   0x00000000   Code   RO         4733    .ARM.Collect$$rtentry$$00000009  c_w.l(__rtentry2.o)
    0x080001d2   0x080001d2   0x00000004   Code   RO         4734    .ARM.Collect$$rtentry$$0000000A  c_w.l(__rtentry2.o)
    0x080001d6   0x080001d6   0x00000000   Code   RO         4736    .ARM.Collect$$rtentry$$0000000C  c_w.l(__rtentry2.o)
    0x080001d6   0x080001d6   0x00000008   Code   RO         4737    .ARM.Collect$$rtentry$$0000000D  c_w.l(__rtentry2.o)
    0x080001de   0x080001de   0x00000002   Code   RO         4779    .ARM.Collect$$rtexit$$00000000  c_w.l(rtexit.o)
    0x080001e0   0x080001e0   0x00000000   Code   RO         4835    .ARM.Collect$$rtexit$$00000002  c_w.l(rtexit2.o)
    0x080001e0   0x080001e0   0x00000004   Code   RO         4836    .ARM.Collect$$rtexit$$00000003  c_w.l(rtexit2.o)
    0x080001e4   0x080001e4   0x00000006   Code   RO         4837    .ARM.Collect$$rtexit$$00000004  c_w.l(rtexit2.o)
    0x080001ea   0x080001ea   0x00000002   PAD
    0x080001ec   0x080001ec   0x00000040   Code   RO            4    .text               startup_stm32f105xc.o
    0x0800022c   0x0800022c   0x000000ee   Code   RO         4569    .text               c_w.l(lludivv7m.o)
    0x0800031a   0x0800031a   0x0000008a   Code   RO         4573    .text               c_w.l(rt_memcpy_v6.o)
    0x080003a4   0x080003a4   0x00000064   Code   RO         4575    .text               c_w.l(rt_memcpy_w.o)
    0x08000408   0x08000408   0x0000004e   Code   RO         4579    .text               c_w.l(rt_memclr_w.o)
    0x08000456   0x08000456   0x00000006   Code   RO         4581    .text               c_w.l(heapauxi.o)
    0x0800045c   0x0800045c   0x00000016   Code   RO         4670    .text               c_w.l(_rserrno.o)
    0x08000472   0x08000472   0x00000002   PAD
    0x08000474   0x08000474   0x00000008   Code   RO         4750    .text               c_w.l(rt_errno_addr_intlibspace.o)
    0x0800047c   0x0800047c   0x00000008   Code   RO         4758    .text               c_w.l(libspace.o)
    0x08000484   0x08000484   0x0000004a   Code   RO         4761    .text               c_w.l(sys_stackheap_outer.o)
    0x080004ce   0x080004ce   0x00000012   Code   RO         4763    .text               c_w.l(exit.o)
    0x080004e0   0x080004e0   0x0000000c   Code   RO         4832    .text               c_w.l(sys_exit.o)
    0x080004ec   0x080004ec   0x00000002   Code   RO         4851    .text               c_w.l(use_no_semi.o)
    0x080004ee   0x080004ee   0x00000000   Code   RO         4853    .text               c_w.l(indicate_semi.o)
    0x080004ee   0x080004ee   0x00000002   PAD
    0x080004f0   0x080004f0   0x00000070   Code   RO         3947    i.Alive_Tect        steering_wheel.o
    0x08000560   0x08000560   0x00000002   Code   RO          418    i.BusFault_Handler  stm32f1xx_it.o
    0x08000562   0x08000562   0x00000002   PAD
    0x08000564   0x08000564   0x0000000c   Code   RO          419    i.CAN1_RX0_IRQHandler  stm32f1xx_it.o
    0x08000570   0x08000570   0x0000000c   Code   RO          420    i.CAN1_RX1_IRQHandler  stm32f1xx_it.o
    0x0800057c   0x0800057c   0x0000000c   Code   RO          421    i.CAN2_RX0_IRQHandler  stm32f1xx_it.o
    0x08000588   0x08000588   0x0000000c   Code   RO          422    i.CAN2_RX1_IRQHandler  stm32f1xx_it.o
    0x08000594   0x08000594   0x0000005c   Code   RO         4521    i.DMA1_Channel6_IRQHandler  refree.o
    0x080005f0   0x080005f0   0x0000000c   Code   RO          423    i.DMA1_Channel7_IRQHandler  stm32f1xx_it.o
    0x080005fc   0x080005fc   0x0000002c   Code   RO         1254    i.DMA_SetConfig     stm32f1xx_hal_dma.o
    0x08000628   0x08000628   0x00000002   Code   RO          424    i.DebugMon_Handler  stm32f1xx_it.o
    0x0800062a   0x0800062a   0x00000004   Code   RO           13    i.Error_Handler     main.o
    0x0800062e   0x0800062e   0x00000002   PAD
    0x08000630   0x08000630   0x00000038   Code   RO         3948    i.Filter            steering_wheel.o
    0x08000668   0x08000668   0x00000378   Code   RO         3949    i.Filter_Fourier_Init  steering_wheel.o
    0x080009e0   0x080009e0   0x00000030   Code   RO         4464    i.Get_CRC16_Check_Sum  algorithmofcrc.o
    0x08000a10   0x08000a10   0x0000001c   Code   RO         4465    i.Get_CRC8_Check_Sum  algorithmofcrc.o
    0x08000a2c   0x08000a2c   0x00000024   Code   RO          612    i.HAL_CAN_ActivateNotification  stm32f1xx_hal_can.o
    0x08000a50   0x08000a50   0x000000e2   Code   RO          613    i.HAL_CAN_AddTxMessage  stm32f1xx_hal_can.o
    0x08000b32   0x08000b32   0x00000002   PAD
    0x08000b34   0x08000b34   0x00000110   Code   RO          614    i.HAL_CAN_ConfigFilter  stm32f1xx_hal_can.o
    0x08000c44   0x08000c44   0x00000002   Code   RO          617    i.HAL_CAN_ErrorCallback  stm32f1xx_hal_can.o
    0x08000c46   0x08000c46   0x00000112   Code   RO          620    i.HAL_CAN_GetRxMessage  stm32f1xx_hal_can.o
    0x08000d58   0x08000d58   0x0000002c   Code   RO          622    i.HAL_CAN_GetTxMailboxesFreeLevel  stm32f1xx_hal_can.o
    0x08000d84   0x08000d84   0x000001fc   Code   RO          624    i.HAL_CAN_IRQHandler  stm32f1xx_hal_can.o
    0x08000f80   0x08000f80   0x00000152   Code   RO          625    i.HAL_CAN_Init      stm32f1xx_hal_can.o
    0x080010d2   0x080010d2   0x00000002   PAD
    0x080010d4   0x080010d4   0x00000138   Code   RO          242    i.HAL_CAN_MspInit   can.o
    0x0800120c   0x0800120c   0x00000002   Code   RO          632    i.HAL_CAN_RxFifo0FullCallback  stm32f1xx_hal_can.o
    0x0800120e   0x0800120e   0x00000002   PAD
    0x08001210   0x08001210   0x0000007c   Code   RO         3484    i.HAL_CAN_RxFifo0MsgPendingCallback  can_bsp.o
    0x0800128c   0x0800128c   0x00000002   Code   RO          634    i.HAL_CAN_RxFifo1FullCallback  stm32f1xx_hal_can.o
    0x0800128e   0x0800128e   0x00000002   PAD
    0x08001290   0x08001290   0x0000007c   Code   RO         3485    i.HAL_CAN_RxFifo1MsgPendingCallback  can_bsp.o
    0x0800130c   0x0800130c   0x00000002   Code   RO          636    i.HAL_CAN_SleepCallback  stm32f1xx_hal_can.o
    0x0800130e   0x0800130e   0x00000058   Code   RO          637    i.HAL_CAN_Start     stm32f1xx_hal_can.o
    0x08001366   0x08001366   0x00000002   Code   RO          639    i.HAL_CAN_TxMailbox0AbortCallback  stm32f1xx_hal_can.o
    0x08001368   0x08001368   0x00000002   Code   RO          640    i.HAL_CAN_TxMailbox0CompleteCallback  stm32f1xx_hal_can.o
    0x0800136a   0x0800136a   0x00000002   Code   RO          641    i.HAL_CAN_TxMailbox1AbortCallback  stm32f1xx_hal_can.o
    0x0800136c   0x0800136c   0x00000002   Code   RO          642    i.HAL_CAN_TxMailbox1CompleteCallback  stm32f1xx_hal_can.o
    0x0800136e   0x0800136e   0x00000002   Code   RO          643    i.HAL_CAN_TxMailbox2AbortCallback  stm32f1xx_hal_can.o
    0x08001370   0x08001370   0x00000002   Code   RO          644    i.HAL_CAN_TxMailbox2CompleteCallback  stm32f1xx_hal_can.o
    0x08001372   0x08001372   0x00000002   Code   RO          646    i.HAL_CAN_WakeUpFromRxMsgCallback  stm32f1xx_hal_can.o
    0x08001374   0x08001374   0x00000046   Code   RO         1255    i.HAL_DMA_Abort     stm32f1xx_hal_dma.o
    0x080013ba   0x080013ba   0x00000006   Code   RO         1259    i.HAL_DMA_GetState  stm32f1xx_hal_dma.o
    0x080013c0   0x080013c0   0x000002a0   Code   RO         1260    i.HAL_DMA_IRQHandler  stm32f1xx_hal_dma.o
    0x08001660   0x08001660   0x00000080   Code   RO         1261    i.HAL_DMA_Init      stm32f1xx_hal_dma.o
    0x080016e0   0x080016e0   0x00000074   Code   RO         1265    i.HAL_DMA_Start_IT  stm32f1xx_hal_dma.o
    0x08001754   0x08001754   0x000001f0   Code   RO         1191    i.HAL_GPIO_Init     stm32f1xx_hal_gpio.o
    0x08001944   0x08001944   0x0000000e   Code   RO         1195    i.HAL_GPIO_WritePin  stm32f1xx_hal_gpio.o
    0x08001952   0x08001952   0x00000002   PAD
    0x08001954   0x08001954   0x0000000c   Code   RO          856    i.HAL_GetTick       stm32f1xx_hal.o
    0x08001960   0x08001960   0x00000010   Code   RO          862    i.HAL_IncTick       stm32f1xx_hal.o
    0x08001970   0x08001970   0x00000024   Code   RO          863    i.HAL_Init          stm32f1xx_hal.o
    0x08001994   0x08001994   0x00000044   Code   RO          864    i.HAL_InitTick      stm32f1xx_hal.o
    0x080019d8   0x080019d8   0x0000003c   Code   RO          551    i.HAL_MspInit       stm32f1xx_hal_msp.o
    0x08001a14   0x08001a14   0x0000001a   Code   RO         1351    i.HAL_NVIC_EnableIRQ  stm32f1xx_hal_cortex.o
    0x08001a2e   0x08001a2e   0x00000002   PAD
    0x08001a30   0x08001a30   0x00000040   Code   RO         1357    i.HAL_NVIC_SetPriority  stm32f1xx_hal_cortex.o
    0x08001a70   0x08001a70   0x00000024   Code   RO         1358    i.HAL_NVIC_SetPriorityGrouping  stm32f1xx_hal_cortex.o
    0x08001a94   0x08001a94   0x00000154   Code   RO         1020    i.HAL_RCC_ClockConfig  stm32f1xx_hal_rcc.o
    0x08001be8   0x08001be8   0x0000000c   Code   RO         1025    i.HAL_RCC_GetHCLKFreq  stm32f1xx_hal_rcc.o
    0x08001bf4   0x08001bf4   0x00000020   Code   RO         1027    i.HAL_RCC_GetPCLK1Freq  stm32f1xx_hal_rcc.o
    0x08001c14   0x08001c14   0x00000020   Code   RO         1028    i.HAL_RCC_GetPCLK2Freq  stm32f1xx_hal_rcc.o
    0x08001c34   0x08001c34   0x0000008c   Code   RO         1029    i.HAL_RCC_GetSysClockFreq  stm32f1xx_hal_rcc.o
    0x08001cc0   0x08001cc0   0x00000454   Code   RO         1032    i.HAL_RCC_OscConfig  stm32f1xx_hal_rcc.o
    0x08002114   0x08002114   0x00000028   Code   RO         1362    i.HAL_SYSTICK_Config  stm32f1xx_hal_cortex.o
    0x0800213c   0x0800213c   0x00000002   Code   RO         2589    i.HAL_TIMEx_BreakCallback  stm32f1xx_hal_tim_ex.o
    0x0800213e   0x0800213e   0x00000002   Code   RO         2590    i.HAL_TIMEx_CommutCallback  stm32f1xx_hal_tim_ex.o
    0x08002140   0x08002140   0x00000054   Code   RO         2592    i.HAL_TIMEx_ConfigBreakDeadTime  stm32f1xx_hal_tim_ex.o
    0x08002194   0x08002194   0x00000070   Code   RO         2608    i.HAL_TIMEx_MasterConfigSynchronization  stm32f1xx_hal_tim_ex.o
    0x08002204   0x08002204   0x0000004a   Code   RO         1874    i.HAL_TIM_Base_Init  stm32f1xx_hal_tim.o
    0x0800224e   0x0800224e   0x00000002   PAD
    0x08002250   0x08002250   0x00000094   Code   RO          315    i.HAL_TIM_Base_MspInit  tim.o
    0x080022e4   0x080022e4   0x0000006c   Code   RO         1879    i.HAL_TIM_Base_Start_IT  stm32f1xx_hal_tim.o
    0x08002350   0x08002350   0x000000e8   Code   RO         1883    i.HAL_TIM_ConfigClockSource  stm32f1xx_hal_tim.o
    0x08002438   0x08002438   0x00000002   Code   RO         1908    i.HAL_TIM_IC_CaptureCallback  stm32f1xx_hal_tim.o
    0x0800243a   0x0800243a   0x0000016e   Code   RO         1922    i.HAL_TIM_IRQHandler  stm32f1xx_hal_tim.o
    0x080025a8   0x080025a8   0x0000004c   Code   RO          316    i.HAL_TIM_MspPostInit  tim.o
    0x080025f4   0x080025f4   0x00000002   Code   RO         1925    i.HAL_TIM_OC_DelayElapsedCallback  stm32f1xx_hal_tim.o
    0x080025f6   0x080025f6   0x000000d8   Code   RO         1946    i.HAL_TIM_PWM_ConfigChannel  stm32f1xx_hal_tim.o
    0x080026ce   0x080026ce   0x0000004a   Code   RO         1949    i.HAL_TIM_PWM_Init  stm32f1xx_hal_tim.o
    0x08002718   0x08002718   0x00000002   Code   RO         1951    i.HAL_TIM_PWM_MspInit  stm32f1xx_hal_tim.o
    0x0800271a   0x0800271a   0x00000002   Code   RO         1952    i.HAL_TIM_PWM_PulseFinishedCallback  stm32f1xx_hal_tim.o
    0x0800271c   0x0800271c   0x000000b8   Code   RO         1954    i.HAL_TIM_PWM_Start  stm32f1xx_hal_tim.o
    0x080027d4   0x080027d4   0x00000074   Code   RO         1957    i.HAL_TIM_PWM_Stop  stm32f1xx_hal_tim.o
    0x08002848   0x08002848   0x00000064   Code   RO         3267    i.HAL_TIM_PeriodElapsedCallback  task_scheduler.o
    0x080028ac   0x080028ac   0x00000002   Code   RO         1965    i.HAL_TIM_TriggerCallback  stm32f1xx_hal_tim.o
    0x080028ae   0x080028ae   0x00000002   Code   RO         2868    i.HAL_UARTEx_RxEventCallback  stm32f1xx_hal_uart.o
    0x080028b0   0x080028b0   0x00000070   Code   RO         2880    i.HAL_UART_DMAStop  stm32f1xx_hal_uart.o
    0x08002920   0x08002920   0x00000002   Code   RO         2882    i.HAL_UART_ErrorCallback  stm32f1xx_hal_uart.o
    0x08002922   0x08002922   0x00000066   Code   RO         2886    i.HAL_UART_Init     stm32f1xx_hal_uart.o
    0x08002988   0x08002988   0x000000d4   Code   RO          375    i.HAL_UART_MspInit  usart.o
    0x08002a5c   0x08002a5c   0x0000001c   Code   RO         2890    i.HAL_UART_Receive_DMA  stm32f1xx_hal_uart.o
    0x08002a78   0x08002a78   0x00000002   Code   RO         2892    i.HAL_UART_RxCpltCallback  stm32f1xx_hal_uart.o
    0x08002a7a   0x08002a7a   0x00000002   Code   RO         2893    i.HAL_UART_RxHalfCpltCallback  stm32f1xx_hal_uart.o
    0x08002a7c   0x08002a7c   0x00000044   Code   RO          425    i.HardFault_Handler  stm32f1xx_it.o
    0x08002ac0   0x08002ac0   0x0000013c   Code   RO         4522    i.JudgeBuffReceive  refree.o
    0x08002bfc   0x08002bfc   0x00000028   Code   RO         3589    i.M3508_Init        m3508.o
    0x08002c24   0x08002c24   0x000000d6   Code   RO         3370    i.M3508_command_transmit  m3508_bsp.o
    0x08002cfa   0x08002cfa   0x00000002   PAD
    0x08002cfc   0x08002cfc   0x0000001c   Code   RO         3590    i.M3508_feedback_handler  m3508.o
    0x08002d18   0x08002d18   0x00000076   Code   RO         3371    i.M3508_feedback_process  m3508_bsp.o
    0x08002d8e   0x08002d8e   0x00000002   PAD
    0x08002d90   0x08002d90   0x00000020   Code   RO         3372    i.M3508_from_lsb_to_position_deg  m3508_bsp.o
    0x08002db0   0x08002db0   0x00000034   Code   RO         3373    i.M3508_from_lsb_to_position_rad  m3508_bsp.o
    0x08002de4   0x08002de4   0x0000001c   Code   RO         3374    i.M3508_from_lsb_to_torque_current  m3508_bsp.o
    0x08002e00   0x08002e00   0x0000001c   Code   RO         3375    i.M3508_from_torque_current_to_torque  m3508_bsp.o
    0x08002e1c   0x08002e1c   0x0000000c   Code   RO         3415    i.M3508_gear_command_transmit  m3508_gear_bsp.o
    0x08002e28   0x08002e28   0x00000022   Code   RO         3648    i.M3508_gear_feedback_handler  m3508_gear.o
    0x08002e4a   0x08002e4a   0x00000002   PAD
    0x08002e4c   0x08002e4c   0x000000b8   Code   RO         3416    i.M3508_gear_feedback_process  m3508_gear_bsp.o
    0x08002f04   0x08002f04   0x0000001c   Code   RO         3650    i.M3508_gear_parameter_init  m3508_gear.o
    0x08002f20   0x08002f20   0x00000028   Code   RO         3651    i.M3508_gear_set_torque_current_lsb  m3508_gear.o
    0x08002f48   0x08002f48   0x00000038   Code   RO         3593    i.M3508_set_single_motor_current  m3508.o
    0x08002f80   0x08002f80   0x00000044   Code   RO          243    i.MX_CAN1_Init      can.o
    0x08002fc4   0x08002fc4   0x00000044   Code   RO          244    i.MX_CAN2_Init      can.o
    0x08003008   0x08003008   0x0000003c   Code   RO          290    i.MX_DMA_Init       dma.o
    0x08003044   0x08003044   0x00000070   Code   RO          217    i.MX_GPIO_Init      gpio.o
    0x080030b4   0x080030b4   0x000000cc   Code   RO          317    i.MX_TIM1_Init      tim.o
    0x08003180   0x08003180   0x00000064   Code   RO          318    i.MX_TIM2_Init      tim.o
    0x080031e4   0x080031e4   0x00000068   Code   RO          319    i.MX_TIM3_Init      tim.o
    0x0800324c   0x0800324c   0x0000004c   Code   RO          376    i.MX_USART2_UART_Init  usart.o
    0x08003298   0x08003298   0x0000004c   Code   RO         3951    i.Math_Sinc         steering_wheel.o
    0x080032e4   0x080032e4   0x00000002   Code   RO          426    i.MemManage_Handler  stm32f1xx_it.o
    0x080032e6   0x080032e6   0x00000002   Code   RO          427    i.NMI_Handler       stm32f1xx_it.o
    0x080032e8   0x080032e8   0x00000044   Code   RO         3793    i.PID_Controller    pid_regulator.o
    0x0800332c   0x0800332c   0x00000014   Code   RO         3802    i.PID_HandleInit    pid_regulator.o
    0x08003340   0x08003340   0x00000078   Code   RO         3815    i.PI_Controller     pid_regulator.o
    0x080033b8   0x080033b8   0x00000002   Code   RO          428    i.PendSV_Handler    stm32f1xx_it.o
    0x080033ba   0x080033ba   0x00000002   PAD
    0x080033bc   0x080033bc   0x00000024   Code   RO         1033    i.RCC_Delay         stm32f1xx_hal_rcc.o
    0x080033e0   0x080033e0   0x00000002   Code   RO          429    i.SVC_Handler       stm32f1xx_it.o
    0x080033e2   0x080033e2   0x00000002   PAD
    0x080033e4   0x080033e4   0x00000048   Code   RO         3316    i.SW_control_task   sw_control_task.o
    0x0800342c   0x0800342c   0x00000018   Code   RO         3317    i.SW_control_task_init  sw_control_task.o
    0x08003444   0x08003444   0x00000070   Code   RO         4302    i.Sqrt              chassis_power_control.o
    0x080034b4   0x080034b4   0x00000020   Code   RO         3952    i.Steering_CheckHandleLegitimacy  steering_wheel.o
    0x080034d4   0x080034d4   0x00000014   Code   RO         4131    i.Steering_Communication_SubscribeList_Init  steering_communication.o
    0x080034e8   0x080034e8   0x00000024   Code   RO         3953    i.Steering_FindSteeringHandle_via_CANID  steering_wheel.o
    0x0800350c   0x0800350c   0x00000028   Code   RO         3954    i.Steering_HandleListAdd  steering_wheel.o
    0x08003534   0x08003534   0x0000003c   Code   RO         3955    i.Steering_Wheel_CommandTransmit  steering_wheel.o
    0x08003570   0x08003570   0x00000014   Code   RO         3956    i.Steering_Wheel_CommandUpdate  steering_wheel.o
    0x08003584   0x08003584   0x000000ec   Code   RO         3957    i.Steering_Wheel_HandleInit  steering_wheel.o
    0x08003670   0x08003670   0x0000006c   Code   RO         3958    i.Steering_Wheel_MotorAndEncoderFeedbackUpdate  steering_wheel.o
    0x080036dc   0x080036dc   0x0000004e   Code   RO         3959    i.Steering_Wheel_MotorAndEncoderStatusUpdate  steering_wheel.o
    0x0800372a   0x0800372a   0x00000002   PAD
    0x0800372c   0x0800372c   0x00000158   Code   RO         3960    i.Steering_Wheel_MotorCommandUpdate  steering_wheel.o
    0x08003884   0x08003884   0x000000b6   Code   RO         3961    i.Steering_Wheel_PID_HandleInit  steering_wheel.o
    0x0800393a   0x0800393a   0x0000000e   Code   RO         3962    i.Steering_Wheel_PartCommandUpdate  steering_wheel.o
    0x08003948   0x08003948   0x00000018   Code   RO         3963    i.Steering_Wheel_PartStatusUpdate  steering_wheel.o
    0x08003960   0x08003960   0x00000018   Code   RO         3964    i.Steering_Wheel_SetProtocolArcMode  steering_wheel.o
    0x08003978   0x08003978   0x00000018   Code   RO         3965    i.Steering_Wheel_SetProtocolDegMode  steering_wheel.o
    0x08003990   0x08003990   0x00000006   Code   RO         3966    i.Steering_Wheel_SetProtocolPosition  steering_wheel.o
    0x08003996   0x08003996   0x00000006   Code   RO         3967    i.Steering_Wheel_SetProtocolSpeed  steering_wheel.o
    0x0800399c   0x0800399c   0x00000026   Code   RO         3968    i.Steering_Wheel_StatusUpdate  steering_wheel.o
    0x080039c2   0x080039c2   0x00000004   Code   RO          430    i.SysTick_Handler   stm32f1xx_it.o
    0x080039c6   0x080039c6   0x00000002   PAD
    0x080039c8   0x080039c8   0x00000068   Code   RO           14    i.SystemClock_Config  main.o
    0x08003a30   0x08003a30   0x00000002   Code   RO         3230    i.SystemInit        system_stm32f1xx.o
    0x08003a32   0x08003a32   0x00000002   PAD
    0x08003a34   0x08003a34   0x0000000c   Code   RO          431    i.TIM1_UP_IRQHandler  stm32f1xx_it.o
    0x08003a40   0x08003a40   0x0000000c   Code   RO          432    i.TIM2_IRQHandler   stm32f1xx_it.o
    0x08003a4c   0x08003a4c   0x0000000c   Code   RO          433    i.TIM3_IRQHandler   stm32f1xx_it.o
    0x08003a58   0x08003a58   0x00000078   Code   RO         1967    i.TIM_Base_SetConfig  stm32f1xx_hal_tim.o
    0x08003ad0   0x08003ad0   0x0000001a   Code   RO         1968    i.TIM_CCxChannelCmd  stm32f1xx_hal_tim.o
    0x08003aea   0x08003aea   0x00000014   Code   RO         1978    i.TIM_ETR_SetConfig  stm32f1xx_hal_tim.o
    0x08003afe   0x08003afe   0x00000010   Code   RO         1979    i.TIM_ITRx_SetConfig  stm32f1xx_hal_tim.o
    0x08003b0e   0x08003b0e   0x00000002   PAD
    0x08003b10   0x08003b10   0x00000060   Code   RO         1980    i.TIM_OC1_SetConfig  stm32f1xx_hal_tim.o
    0x08003b70   0x08003b70   0x00000064   Code   RO         1981    i.TIM_OC2_SetConfig  stm32f1xx_hal_tim.o
    0x08003bd4   0x08003bd4   0x00000060   Code   RO         1982    i.TIM_OC3_SetConfig  stm32f1xx_hal_tim.o
    0x08003c34   0x08003c34   0x00000048   Code   RO         1983    i.TIM_OC4_SetConfig  stm32f1xx_hal_tim.o
    0x08003c7c   0x08003c7c   0x00000022   Code   RO         1985    i.TIM_TI1_ConfigInputStage  stm32f1xx_hal_tim.o
    0x08003c9e   0x08003c9e   0x00000024   Code   RO         1987    i.TIM_TI2_ConfigInputStage  stm32f1xx_hal_tim.o
    0x08003cc2   0x08003cc2   0x0000004a   Code   RO         2900    i.UART_DMAError     stm32f1xx_hal_uart.o
    0x08003d0c   0x08003d0c   0x00000086   Code   RO         2901    i.UART_DMAReceiveCplt  stm32f1xx_hal_uart.o
    0x08003d92   0x08003d92   0x0000001e   Code   RO         2903    i.UART_DMARxHalfCplt  stm32f1xx_hal_uart.o
    0x08003db0   0x08003db0   0x0000004e   Code   RO         2909    i.UART_EndRxTransfer  stm32f1xx_hal_uart.o
    0x08003dfe   0x08003dfe   0x0000001c   Code   RO         2911    i.UART_EndTxTransfer  stm32f1xx_hal_uart.o
    0x08003e1a   0x08003e1a   0x00000002   PAD
    0x08003e1c   0x08003e1c   0x000000b8   Code   RO         2913    i.UART_SetConfig    stm32f1xx_hal_uart.o
    0x08003ed4   0x08003ed4   0x00000094   Code   RO         2914    i.UART_Start_Receive_DMA  stm32f1xx_hal_uart.o
    0x08003f68   0x08003f68   0x00000002   Code   RO          434    i.UsageFault_Handler  stm32f1xx_it.o
    0x08003f6a   0x08003f6a   0x00000002   PAD
    0x08003f6c   0x08003f6c   0x00000040   Code   RO         4466    i.Verify_CRC16_Check_Sum  algorithmofcrc.o
    0x08003fac   0x08003fac   0x0000002e   Code   RO         4467    i.Verify_CRC8_Check_Sum  algorithmofcrc.o
    0x08003fda   0x08003fda   0x00000028   Code   RO         4706    i.__ARM_fpclassify  m_ws.l(fpclassify.o)
    0x08004002   0x08004002   0x00000020   Code   RO         1364    i.__NVIC_SetPriority  stm32f1xx_hal_cortex.o
    0x08004022   0x08004022   0x00000002   PAD
    0x08004024   0x08004024   0x00000388   Code   RO         4711    i.__ieee754_rem_pio2  m_ws.l(rred.o)
    0x080043ac   0x080043ac   0x000000fc   Code   RO         4689    i.__kernel_cos      m_ws.l(cos_i.o)
    0x080044a8   0x080044a8   0x000000aa   Code   RO         4708    i.__kernel_poly     m_ws.l(poly.o)
    0x08004552   0x08004552   0x00000002   PAD
    0x08004554   0x08004554   0x000000ec   Code   RO         4716    i.__kernel_sin      m_ws.l(sin_i.o)
    0x08004640   0x08004640   0x00000010   Code   RO         4692    i.__mathlib_dbl_divzero  m_ws.l(dunder.o)
    0x08004650   0x08004650   0x00000006   Code   RO         4693    i.__mathlib_dbl_infnan  m_ws.l(dunder.o)
    0x08004656   0x08004656   0x00000004   Code   RO         4694    i.__mathlib_dbl_infnan2  m_ws.l(dunder.o)
    0x0800465a   0x0800465a   0x0000000c   Code   RO         4695    i.__mathlib_dbl_invalid  m_ws.l(dunder.o)
    0x08004666   0x08004666   0x0000000e   Code   RO         4696    i.__mathlib_dbl_overflow  m_ws.l(dunder.o)
    0x08004674   0x08004674   0x00000010   Code   RO         4698    i.__mathlib_dbl_underflow  m_ws.l(dunder.o)
    0x08004684   0x08004684   0x0000002c   Code   RO         3687    i.briter_encoder_Init  briter_encoder.o
    0x080046b0   0x080046b0   0x0000001c   Code   RO         3436    i.briter_encoder_command_transmit  briter_encoder_bsp.o
    0x080046cc   0x080046cc   0x0000000a   Code   RO         3688    i.briter_encoder_feedback_handler  briter_encoder.o
    0x080046d6   0x080046d6   0x00000028   Code   RO         3437    i.briter_encoder_feedback_process  briter_encoder_bsp.o
    0x080046fe   0x080046fe   0x00000014   Code   RO         3689    i.briter_encoder_parameter_init  briter_encoder.o
    0x08004712   0x08004712   0x00000002   PAD
    0x08004714   0x08004714   0x00000030   Code   RO         3690    i.briter_encoder_request_tatal_angle  briter_encoder.o
    0x08004744   0x08004744   0x0000000e   Code   RO         3553    i.buzzerBsp_checkTickTolerance  buzzer_bsp.o
    0x08004752   0x08004752   0x00000012   Code   RO         3554    i.buzzerBsp_setSwitch  buzzer_bsp.o
    0x08004764   0x08004764   0x00000012   Code   RO         3555    i.buzzerBsp_setTimer  buzzer_bsp.o
    0x08004776   0x08004776   0x00000006   Code   RO         4357    i.buzzer_getTick    buzzer.o
    0x0800477c   0x0800477c   0x00000034   Code   RO         4358    i.buzzer_handleInit  buzzer.o
    0x080047b0   0x080047b0   0x00000040   Code   RO         4359    i.buzzer_init_example  buzzer.o
    0x080047f0   0x080047f0   0x00000010   Code   RO          435    i.buzzer_on         stm32f1xx_it.o
    0x08004800   0x08004800   0x0000006e   Code   RO         4360    i.buzzer_playCalibrated  buzzer.o
    0x0800486e   0x0800486e   0x0000006e   Code   RO         4361    i.buzzer_playCalibrating  buzzer.o
    0x080048dc   0x080048dc   0x0000006e   Code   RO         4362    i.buzzer_playDeviceOffline  buzzer.o
    0x0800494a   0x0800494a   0x00000086   Code   RO         4363    i.buzzer_playDjiStartUp  buzzer.o
    0x080049d0   0x080049d0   0x00000064   Code   RO         4364    i.buzzer_playTone   buzzer.o
    0x08004a34   0x08004a34   0x00000012   Code   RO         4365    i.buzzer_setState   buzzer.o
    0x08004a46   0x08004a46   0x00000010   Code   RO         4366    i.buzzer_setTask    buzzer.o
    0x08004a56   0x08004a56   0x00000084   Code   RO         4367    i.buzzer_taskScheduler  buzzer.o
    0x08004ada   0x08004ada   0x00000006   Code   RO         3556    i.buzzzerBsp_getTick  buzzer_bsp.o
    0x08004ae0   0x08004ae0   0x00000188   Code   RO         4303    i.calculate_torque_current_according_to_scaled_power  chassis_power_control.o
    0x08004c68   0x08004c68   0x00000064   Code   RO         3486    i.can_filter_set    can_bsp.o
    0x08004ccc   0x08004ccc   0x000000f4   Code   RO         4304    i.expert_power_calculate  chassis_power_control.o
    0x08004dc0   0x08004dc0   0x0000008c   Code   RO           16    i.main              main.o
    0x08004e4c   0x08004e4c   0x00000090   Code   RO         3487    i.platform_filtter_config_setting  can_bsp.o
    0x08004edc   0x08004edc   0x0000000c   Code   RO         4368    i.platform_getMsTick  buzzer.o
    0x08004ee8   0x08004ee8   0x00000044   Code   RO         4369    i.platform_setFreq  buzzer.o
    0x08004f2c   0x08004f2c   0x0000001c   Code   RO         4370    i.platform_setSwitch  buzzer.o
    0x08004f48   0x08004f48   0x00000014   Code   RO         3594    i.platform_trans    m3508.o
    0x08004f5c   0x08004f5c   0x00000014   Code   RO         3700    i.platform_trans    briter_encoder.o
    0x08004f70   0x08004f70   0x0000002c   Code   RO         4132    i.platform_trans    steering_communication.o
    0x08004f9c   0x08004f9c   0x000009d8   Code   RO         4648    i.pow               m_ws.l(pow.o)
    0x08005974   0x08005974   0x00000018   Code   RO         4306    i.sign              chassis_power_control.o
    0x0800598c   0x0800598c   0x000000a0   Code   RO         4658    i.sin               m_ws.l(sin.o)
    0x08005a2c   0x08005a2c   0x0000004c   Code   RO         4723    i.sqrt              m_ws.l(sqrt.o)
    0x08005a78   0x08005a78   0x000000ac   Code   RO         4133    i.steering_communication_ADD_SUBSCRIBE_VALUE_handler  steering_communication.o
    0x08005b24   0x08005b24   0x00000038   Code   RO         4134    i.steering_communication_CHECK_SUBSCRIBE_LIST_handler  steering_communication.o
    0x08005b5c   0x08005b5c   0x00000078   Code   RO         4135    i.steering_communication_DELETE_SUBSCRIBED_VALUE_handler  steering_communication.o
    0x08005bd4   0x08005bd4   0x000000be   Code   RO         4136    i.steering_communication_GET_PID_PARAMETER_handler  steering_communication.o
    0x08005c92   0x08005c92   0x0000008e   Code   RO         4137    i.steering_communication_GET_PID_PARAMETER_term_handler  steering_communication.o
    0x08005d20   0x08005d20   0x0000003a   Code   RO         4138    i.steering_communication_SET_DISABLE_OPERATION_MODE_handler  steering_communication.o
    0x08005d5a   0x08005d5a   0x0000003a   Code   RO         4139    i.steering_communication_SET_ENABLE_OPERATION_MODE_handler  steering_communication.o
    0x08005d94   0x08005d94   0x00000072   Code   RO         4140    i.steering_communication_SET_PID_PARAMETER_handler  steering_communication.o
    0x08005e06   0x08005e06   0x00000050   Code   RO         4141    i.steering_communication_SET_PID_PARAMETER_term_handler  steering_communication.o
    0x08005e56   0x08005e56   0x00000002   PAD
    0x08005e58   0x08005e58   0x00000054   Code   RO         4142    i.steering_communication_SET_VELOCITY_VECTOR_handler  steering_communication.o
    0x08005eac   0x08005eac   0x0000001c   Code   RO         4143    i.steering_communication_SubscirbeList_CheckAvailable  steering_communication.o
    0x08005ec8   0x08005ec8   0x0000001e   Code   RO         4144    i.steering_communication_SubscirbeList_CheckRepeatability  steering_communication.o
    0x08005ee6   0x08005ee6   0x0000002e   Code   RO         4146    i.steering_communication_SubscribeList_TryDelete  steering_communication.o
    0x08005f14   0x08005f14   0x00000068   Code   RO         4147    i.steering_communication_SubscribeList_TryIncert  steering_communication.o
    0x08005f7c   0x08005f7c   0x00000028   Code   RO         4148    i.steering_communication_Subscribe_GetValueAdd  steering_communication.o
    0x08005fa4   0x08005fa4   0x00000034   Code   RO         4149    i.steering_communication_init  steering_communication.o
    0x08005fd8   0x08005fd8   0x0000001c   Code   RO         3532    i.steering_communication_receive_unpack  steering_communication_bsp.o
    0x08005ff4   0x08005ff4   0x000001e8   Code   RO         4152    i.steering_communication_rx_handler  steering_communication.o
    0x080061dc   0x080061dc   0x0000001a   Code   RO         3533    i.steering_communication_transmit  steering_communication_bsp.o
    0x080061f6   0x080061f6   0x00000002   PAD
    0x080061f8   0x080061f8   0x00000062   Code   RO         4585    x$fpl$d2f           fz_ws.l(d2f.o)
    0x0800625a   0x0800625a   0x00000002   PAD
    0x0800625c   0x0800625c   0x00000150   Code   RO         4587    x$fpl$dadd          fz_ws.l(daddsub_clz.o)
    0x080063ac   0x080063ac   0x00000010   Code   RO         4672    x$fpl$dcheck1       fz_ws.l(dcheck1.o)
    0x080063bc   0x080063bc   0x00000018   Code   RO         4775    x$fpl$dcmpinf       fz_ws.l(dcmpi.o)
    0x080063d4   0x080063d4   0x000002b0   Code   RO         4594    x$fpl$ddiv          fz_ws.l(ddiv.o)
    0x08006684   0x08006684   0x0000005e   Code   RO         4597    x$fpl$dfix          fz_ws.l(dfix.o)
    0x080066e2   0x080066e2   0x0000002e   Code   RO         4602    x$fpl$dflt          fz_ws.l(dflt_clz.o)
    0x08006710   0x08006710   0x00000026   Code   RO         4601    x$fpl$dfltu         fz_ws.l(dflt_clz.o)
    0x08006736   0x08006736   0x00000002   PAD
    0x08006738   0x08006738   0x00000078   Code   RO         4752    x$fpl$dleqf         fz_ws.l(dleqf.o)
    0x080067b0   0x080067b0   0x00000154   Code   RO         4607    x$fpl$dmul          fz_ws.l(dmul.o)
    0x08006904   0x08006904   0x0000009c   Code   RO         4674    x$fpl$dnaninf       fz_ws.l(dnaninf.o)
    0x080069a0   0x080069a0   0x0000000c   Code   RO         4676    x$fpl$dretinf       fz_ws.l(dretinf.o)
    0x080069ac   0x080069ac   0x0000006c   Code   RO         4678    x$fpl$drleqf        fz_ws.l(drleqf.o)
    0x08006a18   0x08006a18   0x00000016   Code   RO         4588    x$fpl$drsb          fz_ws.l(daddsub_clz.o)
    0x08006a2e   0x08006a2e   0x00000002   PAD
    0x08006a30   0x08006a30   0x000001cc   Code   RO         4754    x$fpl$dsqrt         fz_ws.l(dsqrt_noumaal.o)
    0x08006bfc   0x08006bfc   0x000001d4   Code   RO         4589    x$fpl$dsub          fz_ws.l(daddsub_clz.o)
    0x08006dd0   0x08006dd0   0x00000056   Code   RO         4609    x$fpl$f2d           fz_ws.l(f2d.o)
    0x08006e26   0x08006e26   0x00000002   PAD
    0x08006e28   0x08006e28   0x000000c4   Code   RO         4611    x$fpl$fadd          fz_ws.l(faddsub_clz.o)
    0x08006eec   0x08006eec   0x0000000c   Code   RO         4680    x$fpl$fcheck1       fz_ws.l(fcheck1.o)
    0x08006ef8   0x08006ef8   0x00000018   Code   RO         4682    x$fpl$fcmpinf       fz_ws.l(fcmpi.o)
    0x08006f10   0x08006f10   0x00000184   Code   RO         4618    x$fpl$fdiv          fz_ws.l(fdiv.o)
    0x08007094   0x08007094   0x00000068   Code   RO         4621    x$fpl$feqf          fz_ws.l(feqf.o)
    0x080070fc   0x080070fc   0x00000036   Code   RO         4623    x$fpl$ffix          fz_ws.l(ffix.o)
    0x08007132   0x08007132   0x00000002   PAD
    0x08007134   0x08007134   0x0000003e   Code   RO         4627    x$fpl$ffixu         fz_ws.l(ffixu.o)
    0x08007172   0x08007172   0x00000002   PAD
    0x08007174   0x08007174   0x00000030   Code   RO         4632    x$fpl$fflt          fz_ws.l(fflt_clz.o)
    0x080071a4   0x080071a4   0x00000026   Code   RO         4631    x$fpl$ffltu         fz_ws.l(fflt_clz.o)
    0x080071ca   0x080071ca   0x00000002   PAD
    0x080071cc   0x080071cc   0x00000068   Code   RO         4637    x$fpl$fleqf         fz_ws.l(fleqf.o)
    0x08007234   0x08007234   0x00000102   Code   RO         4639    x$fpl$fmul          fz_ws.l(fmul.o)
    0x08007336   0x08007336   0x0000008c   Code   RO         4684    x$fpl$fnaninf       fz_ws.l(fnaninf.o)
    0x080073c2   0x080073c2   0x0000000a   Code   RO         4686    x$fpl$fretinf       fz_ws.l(fretinf.o)
    0x080073cc   0x080073cc   0x00000062   Code   RO         4641    x$fpl$frleqf        fz_ws.l(frleqf.o)
    0x0800742e   0x0800742e   0x00000014   Code   RO         4612    x$fpl$frsb          fz_ws.l(faddsub_clz.o)
    0x08007442   0x08007442   0x00000002   PAD
    0x08007444   0x08007444   0x000000ea   Code   RO         4613    x$fpl$fsub          fz_ws.l(faddsub_clz.o)
    0x0800752e   0x0800752e   0x00000064   Code   RO         4756    x$fpl$retnan        fz_ws.l(retnan.o)
    0x08007592   0x08007592   0x0000005c   Code   RO         4643    x$fpl$scalbn        fz_ws.l(scalbn.o)
    0x080075ee   0x080075ee   0x0000004c   Code   RO         4645    x$fpl$scalbnf       fz_ws.l(scalbnf.o)
    0x0800763a   0x0800763a   0x00000030   Code   RO         4777    x$fpl$trapveneer    fz_ws.l(trapv.o)
    0x0800766a   0x0800766a   0x00000000   Code   RO         4688    x$fpl$usenofp       fz_ws.l(usenofp.o)
    0x0800766a   0x0800766a   0x0000001e   Data   RO         1034    .constdata          stm32f1xx_hal_rcc.o
    0x08007688   0x08007688   0x00000010   Data   RO         3231    .constdata          system_stm32f1xx.o
    0x08007698   0x08007698   0x00000008   Data   RO         3232    .constdata          system_stm32f1xx.o
    0x080076a0   0x080076a0   0x00000300   Data   RO         4469    .constdata          algorithmofcrc.o
    0x080079a0   0x080079a0   0x00000088   Data   RO         4649    .constdata          m_ws.l(pow.o)
    0x08007a28   0x08007a28   0x00000030   Data   RO         4690    .constdata          m_ws.l(cos_i.o)
    0x08007a58   0x08007a58   0x00000008   Data   RO         4710    .constdata          m_ws.l(qnan.o)
    0x08007a60   0x08007a60   0x000000c8   Data   RO         4713    .constdata          m_ws.l(rred.o)
    0x08007b28   0x08007b28   0x00000028   Data   RO         4717    .constdata          m_ws.l(sin_i.o)
    0x08007b50   0x08007b50   0x00000020   Data   RO         4903    Region$$Table       anon$$obj.o


    Execution Region RW_IRAM1 (Exec base: 0x20000000, Load base: 0x08007b70, Size: 0x000011d0, Max: 0x00010000, ABSOLUTE)

    Exec Addr    Load Addr    Size         Type   Attr      Idx    E Section Name        Object

    0x20000000   0x08007b70   0x00000004   Data   RW          246    .data               can.o
    0x20000004   0x08007b74   0x0000000c   Data   RW          870    .data               stm32f1xx_hal.o
    0x20000010   0x08007b80   0x00000004   Data   RW         3233    .data               system_stm32f1xx.o
    0x20000014   0x08007b84   0x00000010   Data   RW         3270    .data               task_scheduler.o
    0x20000024   0x08007b94   0x00000004   Data   RW         3320    .data               sw_control_task.o
    0x20000028   0x08007b98   0x0000000c   Data   RW         3598    .data               m3508.o
    0x20000034   0x08007ba4   0x0000000c   Data   RW         3703    .data               briter_encoder.o
    0x20000040   0x08007bb0   0x00000008   Data   RW         3972    .data               steering_wheel.o
    0x20000048   0x08007bb8   0x00000010   Data   RW         4155    .data               steering_communication.o
    0x20000058   0x08007bc8   0x00000002   Data   RW         4470    .data               algorithmofcrc.o
    0x2000005a   0x08007bca   0x00000002   PAD
    0x2000005c   0x08007bcc   0x00000008   Data   RW         4524    .data               refree.o
    0x20000064        -       0x00000050   Zero   RW          245    .bss                can.o
    0x200000b4        -       0x000000d8   Zero   RW          320    .bss                tim.o
    0x2000018c        -       0x0000012c   Zero   RW          377    .bss                usart.o
    0x200002b8        -       0x0000026c   Zero   RW         3319    .bss                sw_control_task.o
    0x20000524        -       0x00000190   Zero   RW         3595    .bss                m3508.o
    0x200006b4        -       0x00000018   Zero   RW         3597    .bss                m3508.o
    0x200006cc        -       0x00000018   Zero   RW         3701    .bss                briter_encoder.o
    0x200006e4        -       0x000002a4   Zero   RW         3969    .bss                steering_wheel.o
    0x20000988        -       0x000000d8   Zero   RW         4154    .bss                steering_communication.o
    0x20000a60        -       0x00000030   Zero   RW         4307    .bss                chassis_power_control.o
    0x20000a90        -       0x00000024   Zero   RW         4371    .bss                buzzer.o
    0x20000ab4        -       0x000000b5   Zero   RW         4523    .bss                refree.o
    0x20000b69   0x08007bd4   0x00000003   PAD
    0x20000b6c        -       0x00000060   Zero   RW         4759    .bss                c_w.l(libspace.o)
    0x20000bcc   0x08007bd4   0x00000004   PAD
    0x20000bd0        -       0x00000200   Zero   RW            2    HEAP                startup_stm32f105xc.o
    0x20000dd0        -       0x00000400   Zero   RW            1    STACK               startup_stm32f105xc.o


==============================================================================

Image component sizes


      Code (inc. data)   RO Data    RW Data    ZI Data      Debug   Object Name

       186         12        768          2          0       3525   algorithmofcrc.o
       142         30          0         12         24       3517   briter_encoder.o
        68          0          0          0          0       3996   briter_encoder_bsp.o
       960         42          0          0         36      11204   buzzer.o
        56          0          0          0          0       3851   buzzer_bsp.o
       448         42          0          4         80       2478   can.o
       492         50          0          0          0       3675   can_bsp.o
       772         90          0          0         48       4186   chassis_power_control.o
        60          4          0          0          0        742   dma.o
       112         10          0          0          0        883   gpio.o
       144         28          0         12        424       3505   m3508.o
       472         32          0          0          0       5333   m3508_bsp.o
       102          0          0          0          0       1962   m3508_gear.o
       196         10          0          0          0       2424   m3508_gear_bsp.o
       248         24          0          0          0     621252   main.o
       208          4          0          0          0       3274   pid_regulator.o
       408         36          0          8        181       3296   refree.o
        64         26        336          0       1536        800   startup_stm32f105xc.o
      1926         60          0         16        216      22793   steering_communication.o
        54          0          0          0          0       3162   steering_communication_bsp.o
      2404        102          0          8        676      19286   steering_wheel.o
       132         24          0         12          0       6313   stm32f1xx_hal.o
      1808          6          0          0          0      13989   stm32f1xx_hal_can.o
       198         14          0          0          0      28995   stm32f1xx_hal_cortex.o
      1036         44          0          0          0       5082   stm32f1xx_hal_dma.o
       510         32          0          0          0       2776   stm32f1xx_hal_gpio.o
        60          8          0          0          0        870   stm32f1xx_hal_msp.o
      1700         88         30          0          0       6960   stm32f1xx_hal_rcc.o
      1996         76          0          0          0      16611   stm32f1xx_hal_tim.o
       200         16          0          0          0       3241   stm32f1xx_hal_tim_ex.o
       926         20          0          0          0       9501   stm32f1xx_hal_uart.o
       198         56          0          0          0       7790   stm32f1xx_it.o
        96         12          0          4        620       5378   sw_control_task.o
         2          0         24          4          0       1091   system_stm32f1xx.o
       100         12          0         16          0       2618   task_scheduler.o
       632         50          0          0        216       3758   tim.o
       288         28          0          0        300       1955   usart.o

    ----------------------------------------------------------------------
     19452       1088       1190        100       4360     842072   Object Totals
         0          0         32          0          0          0   (incl. Generated)
        48          0          0          2          3          0   (incl. Padding)

    ----------------------------------------------------------------------

      Code (inc. data)   RO Data    RW Data    ZI Data      Debug   Library Member Name

         8          0          0          0          0         68   __main.o
         0          0          0          0          0          0   __rtentry.o
        12          0          0          0          0          0   __rtentry2.o
         6          0          0          0          0          0   __rtentry4.o
        52          8          0          0          0          0   __scatter.o
        26          0          0          0          0          0   __scatter_copy.o
        28          0          0          0          0          0   __scatter_zi.o
        22          0          0          0          0        100   _rserrno.o
        18          0          0          0          0         80   exit.o
         6          0          0          0          0        152   heapauxi.o
         0          0          0          0          0          0   indicate_semi.o
         2          0          0          0          0          0   libinit.o
         2          0          0          0          0          0   libinit2.o
         2          0          0          0          0          0   libshutdown.o
         2          0          0          0          0          0   libshutdown2.o
         8          4          0          0         96         68   libspace.o
       238          0          0          0          0        100   lludivv7m.o
         8          4          0          0          0         68   rt_errno_addr_intlibspace.o
        78          0          0          0          0         80   rt_memclr_w.o
       138          0          0          0          0         68   rt_memcpy_v6.o
       100          0          0          0          0         80   rt_memcpy_w.o
         2          0          0          0          0          0   rtexit.o
        10          0          0          0          0          0   rtexit2.o
        12          4          0          0          0         68   sys_exit.o
        74          0          0          0          0         80   sys_stackheap_outer.o
         2          0          0          0          0         68   use_no_semi.o
        98          4          0          0          0         92   d2f.o
       826         16          0          0          0        348   daddsub_clz.o
        16          4          0          0          0         68   dcheck1.o
        24          0          0          0          0         68   dcmpi.o
       688        140          0          0          0        208   ddiv.o
        94          4          0          0          0         92   dfix.o
        84          0          0          0          0        136   dflt_clz.o
       120          4          0          0          0         92   dleqf.o
       340         12          0          0          0        104   dmul.o
       156          4          0          0          0         92   dnaninf.o
        12          0          0          0          0         68   dretinf.o
       108          0          0          0          0         80   drleqf.o
       460         56          0          0          0        120   dsqrt_noumaal.o
        86          4          0          0          0         84   f2d.o
       450          8          0          0          0        236   faddsub_clz.o
        12          4          0          0          0         68   fcheck1.o
        24          0          0          0          0         68   fcmpi.o
       388         76          0          0          0         96   fdiv.o
       104          4          0          0          0         84   feqf.o
        54          4          0          0          0         84   ffix.o
        62          4          0          0          0         84   ffixu.o
        86          0          0          0          0        136   fflt_clz.o
       104          4          0          0          0         84   fleqf.o
       258          4          0          0          0         84   fmul.o
       140          4          0          0          0         84   fnaninf.o
        10          0          0          0          0         68   fretinf.o
        98          0          0          0          0         68   frleqf.o
       100          0          0          0          0         68   retnan.o
        92          0          0          0          0         68   scalbn.o
        76          0          0          0          0         68   scalbnf.o
        48          0          0          0          0         68   trapv.o
         0          0          0          0          0          0   usenofp.o
       252         22         48          0          0        124   cos_i.o
        68         10          0          0          0        408   dunder.o
        40          0          0          0          0         68   fpclassify.o
       170          0          0          0          0         96   poly.o
      2520        190        136          0          0        324   pow.o
         0          0          8          0          0          0   qnan.o
       904         76        200          0          0        140   rred.o
       160         10          0          0          0        108   sin.o
       236         12         40          0          0        128   sin_i.o
        76          0          0          0          0         84   sqrt.o

    ----------------------------------------------------------------------
     10526        700        432          0        100       5728   Library Totals
        26          0          0          0          4          0   (incl. Padding)

    ----------------------------------------------------------------------

      Code (inc. data)   RO Data    RW Data    ZI Data      Debug   Library Name

       856         20          0          0         96       1080   c_w.l
      5218        360          0          0          0       3168   fz_ws.l
      4426        320        432          0          0       1480   m_ws.l

    ----------------------------------------------------------------------
     10526        700        432          0        100       5728   Library Totals

    ----------------------------------------------------------------------

==============================================================================


      Code (inc. data)   RO Data    RW Data    ZI Data      Debug   

     29978       1788       1622        100       4460     833496   Grand Totals
     29978       1788       1622        100       4460     833496   ELF Image Totals
     29978       1788       1622        100          0          0   ROM Totals

==============================================================================

    Total RO  Size (Code + RO Data)                31600 (  30.86kB)
    Total RW  Size (RW Data + ZI Data)              4560 (   4.45kB)
    Total ROM Size (Code + RO Data + RW Data)      31700 (  30.96kB)

==============================================================================

