Component: ARM Compiler 5.06 update 4 (build 422) Tool: armlink [4d35d2]

==============================================================================

Section Cross References

    startup_stm32f407xx.o(STACK) refers (Special) to heapauxi.o(.text) for __use_two_region_memory
    startup_stm32f407xx.o(HEAP) refers (Special) to heapauxi.o(.text) for __use_two_region_memory
    startup_stm32f407xx.o(RESET) refers (Special) to heapauxi.o(.text) for __use_two_region_memory
    startup_stm32f407xx.o(RESET) refers to startup_stm32f407xx.o(STACK) for __initial_sp
    startup_stm32f407xx.o(RESET) refers to startup_stm32f407xx.o(.text) for Reset_Handler
    startup_stm32f407xx.o(RESET) refers to stm32f4xx_it.o(i.NMI_Handler) for NMI_Handler
    startup_stm32f407xx.o(RESET) refers to stm32f4xx_it.o(i.HardFault_Handler) for HardFault_Handler
    startup_stm32f407xx.o(RESET) refers to stm32f4xx_it.o(i.MemManage_Handler) for MemManage_Handler
    startup_stm32f407xx.o(RESET) refers to stm32f4xx_it.o(i.BusFault_Handler) for BusFault_Handler
    startup_stm32f407xx.o(RESET) refers to stm32f4xx_it.o(i.UsageFault_Handler) for UsageFault_Handler
    startup_stm32f407xx.o(RESET) refers to stm32f4xx_it.o(i.SVC_Handler) for SVC_Handler
    startup_stm32f407xx.o(RESET) refers to stm32f4xx_it.o(i.DebugMon_Handler) for DebugMon_Handler
    startup_stm32f407xx.o(RESET) refers to stm32f4xx_it.o(i.PendSV_Handler) for PendSV_Handler
    startup_stm32f407xx.o(RESET) refers to stm32f4xx_it.o(i.SysTick_Handler) for SysTick_Handler
    startup_stm32f407xx.o(RESET) refers to stm32f4xx_it.o(i.EXTI3_IRQHandler) for EXTI3_IRQHandler
    startup_stm32f407xx.o(RESET) refers to stm32f4xx_it.o(i.EXTI4_IRQHandler) for EXTI4_IRQHandler
    startup_stm32f407xx.o(RESET) refers to stm32f4xx_it.o(i.DMA1_Stream1_IRQHandler) for DMA1_Stream1_IRQHandler
    startup_stm32f407xx.o(RESET) refers to stm32f4xx_it.o(i.CAN1_TX_IRQHandler) for CAN1_TX_IRQHandler
    startup_stm32f407xx.o(RESET) refers to stm32f4xx_it.o(i.CAN1_RX0_IRQHandler) for CAN1_RX0_IRQHandler
    startup_stm32f407xx.o(RESET) refers to stm32f4xx_it.o(i.EXTI9_5_IRQHandler) for EXTI9_5_IRQHandler
    startup_stm32f407xx.o(RESET) refers to stm32f4xx_it.o(i.TIM1_BRK_TIM9_IRQHandler) for TIM1_BRK_TIM9_IRQHandler
    startup_stm32f407xx.o(RESET) refers to stm32f4xx_it.o(i.TIM3_IRQHandler) for TIM3_IRQHandler
    startup_stm32f407xx.o(RESET) refers to remote_control.o(i.USART3_IRQHandler) for USART3_IRQHandler
    startup_stm32f407xx.o(RESET) refers to stm32f4xx_it.o(i.DMA2_Stream1_IRQHandler) for DMA2_Stream1_IRQHandler
    startup_stm32f407xx.o(RESET) refers to bsp_imu.o(i.DMA2_Stream2_IRQHandler) for DMA2_Stream2_IRQHandler
    startup_stm32f407xx.o(RESET) refers to stm32f4xx_it.o(i.DMA2_Stream3_IRQHandler) for DMA2_Stream3_IRQHandler
    startup_stm32f407xx.o(RESET) refers to stm32f4xx_it.o(i.CAN2_TX_IRQHandler) for CAN2_TX_IRQHandler
    startup_stm32f407xx.o(RESET) refers to stm32f4xx_it.o(i.CAN2_RX0_IRQHandler) for CAN2_RX0_IRQHandler
    startup_stm32f407xx.o(RESET) refers to stm32f4xx_it.o(i.OTG_FS_IRQHandler) for OTG_FS_IRQHandler
    startup_stm32f407xx.o(RESET) refers to stm32f4xx_it.o(i.DMA2_Stream6_IRQHandler) for DMA2_Stream6_IRQHandler
    startup_stm32f407xx.o(RESET) refers to stm32f4xx_it.o(i.USART6_IRQHandler) for USART6_IRQHandler
    startup_stm32f407xx.o(.text) refers (Special) to heapauxi.o(.text) for __use_two_region_memory
    startup_stm32f407xx.o(.text) refers to system_stm32f4xx.o(i.SystemInit) for SystemInit
    startup_stm32f407xx.o(.text) refers to __main.o(!!!main) for __main
    startup_stm32f407xx.o(.text) refers to startup_stm32f407xx.o(HEAP) for Heap_Mem
    startup_stm32f407xx.o(.text) refers to startup_stm32f407xx.o(STACK) for Stack_Mem
    bmi088driver.o(i.BMI088_accel_read_over) refers to bmi088driver.o(.data) for BMI088_ACCEL_SEN
    bmi088driver.o(i.BMI088_gyro_read_over) refers to bmi088driver.o(.data) for BMI088_GYRO_SEN
    bmi088driver.o(i.BMI088_init) refers to bmi088middleware.o(i.BMI088_GPIO_init) for BMI088_GPIO_init
    bmi088driver.o(i.BMI088_init) refers to bmi088middleware.o(i.BMI088_com_init) for BMI088_com_init
    bmi088driver.o(i.BMI088_init) refers to bmi088driver.o(i.bmi088_accel_self_test) for bmi088_accel_self_test
    bmi088driver.o(i.BMI088_init) refers to bmi088driver.o(i.bmi088_accel_init) for bmi088_accel_init
    bmi088driver.o(i.BMI088_init) refers to bmi088driver.o(i.bmi088_gyro_self_test) for bmi088_gyro_self_test
    bmi088driver.o(i.BMI088_init) refers to bmi088driver.o(i.bmi088_gyro_init) for bmi088_gyro_init
    bmi088driver.o(i.BMI088_read) refers to bmi088middleware.o(i.BMI088_ACCEL_NS_L) for BMI088_ACCEL_NS_L
    bmi088driver.o(i.BMI088_read) refers to bmi088middleware.o(i.BMI088_read_write_byte) for BMI088_read_write_byte
    bmi088driver.o(i.BMI088_read) refers to bmi088driver.o(i.BMI088_read_muli_reg) for BMI088_read_muli_reg
[...]
    USBD_LL_OpenEP                           0x0800d75d   Thumb Code    24  usbd_conf.o(i.USBD_LL_OpenEP)
    USBD_LL_PrepareReceive                   0x0800d775   Thumb Code    18  usbd_conf.o(i.USBD_LL_PrepareReceive)
    USBD_LL_Reset                            0x0800d787   Thumb Code    96  usbd_core.o(i.USBD_LL_Reset)
    USBD_LL_Resume                           0x0800d7e7   Thumb Code    20  usbd_core.o(i.USBD_LL_Resume)
    USBD_LL_SOF                              0x0800d7fb   Thumb Code    26  usbd_core.o(i.USBD_LL_SOF)
    USBD_LL_SetSpeed                         0x0800d815   Thumb Code     6  usbd_core.o(i.USBD_LL_SetSpeed)
    USBD_LL_SetUSBAddress                    0x0800d81b   Thumb Code    18  usbd_conf.o(i.USBD_LL_SetUSBAddress)
    USBD_LL_SetupStage                       0x0800d82d   Thumb Code   100  usbd_core.o(i.USBD_LL_SetupStage)
    USBD_LL_StallEP                          0x0800d891   Thumb Code    18  usbd_conf.o(i.USBD_LL_StallEP)
    USBD_LL_Start                            0x0800d8a3   Thumb Code    18  usbd_conf.o(i.USBD_LL_Start)
    USBD_LL_Suspend                          0x0800d8b5   Thumb Code    26  usbd_core.o(i.USBD_LL_Suspend)
    USBD_LL_Transmit                         0x0800d8cf   Thumb Code    18  usbd_conf.o(i.USBD_LL_Transmit)
    USBD_ParseSetupRequest                   0x0800d8e1   Thumb Code    50  usbd_ctlreq.o(i.USBD_ParseSetupRequest)
    USBD_RegisterClass                       0x0800d913   Thumb Code    58  usbd_core.o(i.USBD_RegisterClass)
    USBD_RunTestMode                         0x0800d94d   Thumb Code     4  usbd_core.o(i.USBD_RunTestMode)
    USBD_SetClassConfig                      0x0800d9a9   Thumb Code    20  usbd_core.o(i.USBD_SetClassConfig)
    USBD_Start                               0x0800dabd   Thumb Code     4  usbd_core.o(i.USBD_Start)
    USBD_StdDevReq                           0x0800dac1   Thumb Code   118  usbd_ctlreq.o(i.USBD_StdDevReq)
    USBD_StdEPReq                            0x0800db37   Thumb Code   558  usbd_ctlreq.o(i.USBD_StdEPReq)
    USBD_StdItfReq                           0x0800dd65   Thumb Code   142  usbd_ctlreq.o(i.USBD_StdItfReq)
    USBD_static_free                         0x0800ddf3   Thumb Code     2  usbd_conf.o(i.USBD_static_free)
    USBD_static_malloc                       0x0800ddf5   Thumb Code     4  usbd_conf.o(i.USBD_static_malloc)
    USB_ActivateEndpoint                     0x0800ddfd   Thumb Code   202  stm32f4xx_ll_usb.o(i.USB_ActivateEndpoint)
    USB_ActivateSetup                        0x0800decd   Thumb Code    40  stm32f4xx_ll_usb.o(i.USB_ActivateSetup)
    USB_CoreInit                             0x0800def5   Thumb Code   136  stm32f4xx_ll_usb.o(i.USB_CoreInit)
    USB_DeactivateEndpoint                   0x0800dfd5   Thumb Code   318  stm32f4xx_ll_usb.o(i.USB_DeactivateEndpoint)
    USB_DevConnect                           0x0800e121   Thumb Code    36  stm32f4xx_ll_usb.o(i.USB_DevConnect)
    USB_DevDisconnect                        0x0800e145   Thumb Code    36  stm32f4xx_ll_usb.o(i.USB_DevDisconnect)
    USB_DevInit                              0x0800e169   Thumb Code   480  stm32f4xx_ll_usb.o(i.USB_DevInit)
    USB_DisableGlobalInt                     0x0800e351   Thumb Code    14  stm32f4xx_ll_usb.o(i.USB_DisableGlobalInt)
    USB_EP0_OutStart                         0x0800e361   Thumb Code   106  stm32f4xx_ll_usb.o(i.USB_EP0_OutStart)
    USB_EPClearStall                         0x0800e3d1   Thumb Code   142  stm32f4xx_ll_usb.o(i.USB_EPClearStall)
    USB_EPSetStall                           0x0800e45f   Thumb Code   154  stm32f4xx_ll_usb.o(i.USB_EPSetStall)
    USB_EPStartXfer                          0x0800e4f9   Thumb Code   944  stm32f4xx_ll_usb.o(i.USB_EPStartXfer)
    USB_EPStopXfer                           0x0800e8ad   Thumb Code   236  stm32f4xx_ll_usb.o(i.USB_EPStopXfer)
    USB_EnableGlobalInt                      0x0800e999   Thumb Code    14  stm32f4xx_ll_usb.o(i.USB_EnableGlobalInt)
    USB_FlushRxFifo                          0x0800e9a7   Thumb Code    80  stm32f4xx_ll_usb.o(i.USB_FlushRxFifo)
    USB_FlushTxFifo                          0x0800e9f7   Thumb Code    84  stm32f4xx_ll_usb.o(i.USB_FlushTxFifo)
    USB_GetDevSpeed                          0x0800ea4b   Thumb Code    38  stm32f4xx_ll_usb.o(i.USB_GetDevSpeed)
    USB_GetMode                              0x0800ea71   Thumb Code    10  stm32f4xx_ll_usb.o(i.USB_GetMode)
    USB_ReadDevAllInEpInterrupt              0x0800ea7b   Thumb Code    20  stm32f4xx_ll_usb.o(i.USB_ReadDevAllInEpInterrupt)
    USB_ReadDevAllOutEpInterrupt             0x0800ea8f   Thumb Code    20  stm32f4xx_ll_usb.o(i.USB_ReadDevAllOutEpInterrupt)
    USB_ReadDevInEPInterrupt                 0x0800eaa3   Thumb Code    50  stm32f4xx_ll_usb.o(i.USB_ReadDevInEPInterrupt)
    USB_ReadDevOutEPInterrupt                0x0800ead5   Thumb Code    26  stm32f4xx_ll_usb.o(i.USB_ReadDevOutEPInterrupt)
    USB_ReadInterrupts                       0x0800eaef   Thumb Code    10  stm32f4xx_ll_usb.o(i.USB_ReadInterrupts)
    USB_ReadPacket                           0x0800eaf9   Thumb Code    96  stm32f4xx_ll_usb.o(i.USB_ReadPacket)
    USB_SetCurrentMode                       0x0800eb59   Thumb Code   104  stm32f4xx_ll_usb.o(i.USB_SetCurrentMode)
    USB_SetDevAddress                        0x0800ebc1   Thumb Code    42  stm32f4xx_ll_usb.o(i.USB_SetDevAddress)
    USB_SetDevSpeed                          0x0800ebeb   Thumb Code    18  stm32f4xx_ll_usb.o(i.USB_SetDevSpeed)
    USB_SetTurnaroundTime                    0x0800ebfd   Thumb Code   192  stm32f4xx_ll_usb.o(i.USB_SetTurnaroundTime)
    USB_WritePacket                          0x0800ece5   Thumb Code    68  stm32f4xx_ll_usb.o(i.USB_WritePacket)
    UsageFault_Handler                       0x0800ed29   Thumb Code     4  stm32f4xx_it.o(i.UsageFault_Handler)
    Verify_CRC16_Check_Sum                   0x0800ed2d   Thumb Code    62  usbd_cdc_if.o(i.Verify_CRC16_Check_Sum)
    Vision_Aim_Data_Task                     0x0800ed6d   Thumb Code    28  vision.o(i.Vision_Aim_Data_Task)
    Vision_Angle_Task                        0x0800ed8d   Thumb Code    28  vision.o(i.Vision_Angle_Task)
    Vision_Control_Mode_Update               0x0800edad   Thumb Code   164  remote_control.o(i.Vision_Control_Mode_Update)
    Vision_Send_Task                         0x0800ee61   Thumb Code     8  vision.o(i.Vision_Send_Task)
    __ARM_fpclassify                         0x0800ee69   Thumb Code    48  fpclassify.o(i.__ARM_fpclassify)
    __ARM_fpclassifyf                        0x0800ee99   Thumb Code    38  fpclassifyf.o(i.__ARM_fpclassifyf)
    __hardfp_asinf                           0x0800eef9   Thumb Code   258  asinf.o(i.__hardfp_asinf)
    __hardfp_atan2f                          0x0800f025   Thumb Code   502  atan2f.o(i.__hardfp_atan2f)
    __hardfp_cos                             0x0800f279   Thumb Code   180  cos.o(i.__hardfp_cos)
    __hardfp_fabs                            0x0800f341   Thumb Code    20  fabs.o(i.__hardfp_fabs)
    __hardfp_sqrt                            0x0800f355   Thumb Code   122  sqrt.o(i.__hardfp_sqrt)
    __ieee754_rem_pio2                       0x0800f3d1   Thumb Code   938  rred.o(i.__ieee754_rem_pio2)
    __kernel_cos                             0x0800f809   Thumb Code   322  cos_i.o(i.__kernel_cos)
    __kernel_poly                            0x0800f979   Thumb Code   248  poly.o(i.__kernel_poly)
    __kernel_sin                             0x0800fa71   Thumb Code   280  sin_i.o(i.__kernel_sin)
    __mathlib_dbl_infnan                     0x0800fba1   Thumb Code    20  dunder.o(i.__mathlib_dbl_infnan)
    __mathlib_dbl_invalid                    0x0800fbb9   Thumb Code    24  dunder.o(i.__mathlib_dbl_invalid)
    __mathlib_dbl_underflow                  0x0800fbd9   Thumb Code    24  dunder.o(i.__mathlib_dbl_underflow)
    __mathlib_flt_infnan                     0x0800fbf9   Thumb Code     6  funder.o(i.__mathlib_flt_infnan)
    __mathlib_flt_infnan2                    0x0800fbff   Thumb Code     6  funder.o(i.__mathlib_flt_infnan2)
    __mathlib_flt_invalid                    0x0800fc05   Thumb Code    10  funder.o(i.__mathlib_flt_invalid)
    __mathlib_flt_underflow                  0x0800fc15   Thumb Code    10  funder.o(i.__mathlib_flt_underflow)
    bmi088_accel_init                        0x0800fc25   Thumb Code   302  bmi088driver.o(i.bmi088_accel_init)
    bmi088_accel_self_test                   0x0800fd59   Thumb Code   760  bmi088driver.o(i.bmi088_accel_self_test)
    bmi088_gyro_init                         0x08010055   Thumb Code   238  bmi088driver.o(i.bmi088_gyro_init)
    bmi088_gyro_self_test                    0x08010149   Thumb Code   208  bmi088driver.o(i.bmi088_gyro_self_test)
    can_filter_mask_config                   0x08010219   Thumb Code   110  drv_can.o(i.can_filter_mask_config)
    cdc_vcp_data_rx                          0x08010289   Thumb Code   128  usbd_cdc_if.o(i.cdc_vcp_data_rx)
    delay_init                               0x08010315   Thumb Code    32  delay.o(i.delay_init)
    delay_ms                                 0x08010345   Thumb Code    76  delay.o(i.delay_ms)
    delay_us                                 0x08010395   Thumb Code    76  delay.o(i.delay_us)
    fabs                                     0x08010845   Thumb Code    24  fabs.o(i.fabs)
    get_angle                                0x0801085d   Thumb Code   220  bsp_imu.o(i.get_angle)
    imu_pwm_set                              0x08010bcd   Thumb Code     8  bsp_imu_pwm.o(i.imu_pwm_set)
    int16_abs                                0x08010c89   Thumb Code    16  remote_control.o(i.int16_abs)
    invSqrt                                  0x08010c99   Thumb Code    56  mahonyahrs.o(i.invSqrt)
    ist8310_IIC_read_muli_reg                0x08010cd5   Thumb Code    30  ist8310driver_middleware.o(i.ist8310_IIC_read_muli_reg)
    ist8310_read_mag                         0x08010cf9   Thumb Code   136  ist8310driver.o(i.ist8310_read_mag)
    main                                     0x08010d85   Thumb Code    98  main.o(i.main)
    rc_control_cali                          0x08010df5   Thumb Code   102  remote_control.o(i.rc_control_cali)
    remote_control_init                      0x08010e61   Thumb Code    16  remote_control.o(i.remote_control_init)
    sqrtf                                    0x08010fbd   Thumb Code    62  sqrtf.o(i.sqrtf)
    __aeabi_dneg                             0x08010ffb   Thumb Code     0  basic.o(x$fpl$basic)
    _dneg                                    0x08010ffb   Thumb Code     6  basic.o(x$fpl$basic)
    __aeabi_fneg                             0x08011001   Thumb Code     0  basic.o(x$fpl$basic)
    _fneg                                    0x08011001   Thumb Code     6  basic.o(x$fpl$basic)
    _dabs                                    0x08011007   Thumb Code     6  basic.o(x$fpl$basic)
    _fabs                                    0x0801100d   Thumb Code     6  basic.o(x$fpl$basic)
    __aeabi_d2f                              0x08011015   Thumb Code     0  d2f.o(x$fpl$d2f)
    _d2f                                     0x08011015   Thumb Code    98  d2f.o(x$fpl$d2f)
    __aeabi_dadd                             0x08011079   Thumb Code     0  daddsub_clz.o(x$fpl$dadd)
    _dadd                                    0x08011079   Thumb Code   332  daddsub_clz.o(x$fpl$dadd)
    __fpl_dcmp_Inf                           0x080111c9   Thumb Code    24  dcmpi.o(x$fpl$dcmpinf)
    __aeabi_ddiv                             0x080111e1   Thumb Code     0  ddiv.o(x$fpl$ddiv)
    _ddiv                                    0x080111e1   Thumb Code   552  ddiv.o(x$fpl$ddiv)
    __aeabi_d2iz                             0x08011491   Thumb Code     0  dfix.o(x$fpl$dfix)
    _dfix                                    0x08011491   Thumb Code    94  dfix.o(x$fpl$dfix)
    __aeabi_i2d                              0x080114ef   Thumb Code     0  dflt_clz.o(x$fpl$dflt)
    _dflt                                    0x080114ef   Thumb Code    46  dflt_clz.o(x$fpl$dflt)
    __aeabi_ui2d                             0x0801151d   Thumb Code     0  dflt_clz.o(x$fpl$dfltu)
    _dfltu                                   0x0801151d   Thumb Code    38  dflt_clz.o(x$fpl$dfltu)
    __aeabi_cdcmple                          0x08011545   Thumb Code     0  dleqf.o(x$fpl$dleqf)
    _dcmple                                  0x08011545   Thumb Code   120  dleqf.o(x$fpl$dleqf)
    __fpl_dcmple_InfNaN                      0x080115a7   Thumb Code     0  dleqf.o(x$fpl$dleqf)
    __aeabi_dmul                             0x080115bd   Thumb Code     0  dmul.o(x$fpl$dmul)
    _dmul                                    0x080115bd   Thumb Code   332  dmul.o(x$fpl$dmul)
    __fpl_dnaninf                            0x08011711   Thumb Code   156  dnaninf.o(x$fpl$dnaninf)
    __fpl_dretinf                            0x080117ad   Thumb Code    12  dretinf.o(x$fpl$dretinf)
    __aeabi_drsub                            0x080117b9   Thumb Code     0  daddsub_clz.o(x$fpl$drsb)
    _drsb                                    0x080117b9   Thumb Code    22  daddsub_clz.o(x$fpl$drsb)
    _dsqrt                                   0x080117d1   Thumb Code   404  dsqrt_umaal.o(x$fpl$dsqrt)
    __aeabi_dsub                             0x08011969   Thumb Code     0  daddsub_clz.o(x$fpl$dsub)
    _dsub                                    0x08011969   Thumb Code   464  daddsub_clz.o(x$fpl$dsub)
    __aeabi_f2d                              0x08011b3d   Thumb Code     0  f2d.o(x$fpl$f2d)
    _f2d                                     0x08011b3d   Thumb Code    86  f2d.o(x$fpl$f2d)
    __fpl_fnaninf                            0x08011b93   Thumb Code   140  fnaninf.o(x$fpl$fnaninf)
    _fp_init                                 0x08011c1f   Thumb Code    10  fpinit.o(x$fpl$fpinit)
    __fplib_config_fpu_vfp                   0x08011c27   Thumb Code     0  fpinit.o(x$fpl$fpinit)
    __fplib_config_pureend_doubles           0x08011c27   Thumb Code     0  fpinit.o(x$fpl$fpinit)
    __fpl_fretinf                            0x08011c29   Thumb Code    10  fretinf.o(x$fpl$fretinf)
    __I$use$fp                               0x08011c32   Number         0  usenofp.o(x$fpl$usenofp)
    AHBPrescTable                            0x08011c58   Data          16  system_stm32f4xx.o(.constdata)
    APBPrescTable                            0x08011c68   Data           8  system_stm32f4xx.o(.constdata)
    Region$$Table$$Base                      0x08011f90   Number         0  anon$$obj.o(Region$$Table)
    Region$$Table$$Limit                     0x08011fb0   Number         0  anon$$obj.o(Region$$Table)
    BMI088_ACCEL_SEN                         0x20000000   Data           4  bmi088driver.o(.data)
    BMI088_GYRO_SEN                          0x20000004   Data           4  bmi088driver.o(.data)
    imu_temp_pid_data                        0x2000002c   Data          40  bsp_imu.o(.data)
    gyro_dma_rx_buf                          0x20000054   Data           8  bsp_imu.o(.data)
    gyro_dma_tx_buf                          0x2000005c   Data           8  bsp_imu.o(.data)
    accel_dma_tx_buf                         0x20000064   Data           9  bsp_imu.o(.data)
    accel_temp_dma_rx_buf                    0x2000006d   Data           4  bsp_imu.o(.data)
    accel_temp_dma_tx_buf                    0x20000071   Data           4  bsp_imu.o(.data)
    gyro_update_flag                         0x20000075   Data           1  bsp_imu.o(.data)
    accel_update_flag                        0x20000076   Data           1  bsp_imu.o(.data)
    accel_temp_update_flag                   0x20000077   Data           1  bsp_imu.o(.data)
    mag_update_flag                          0x20000078   Data           1  bsp_imu.o(.data)
    imu_start_dma_flag                       0x20000079   Data           1  bsp_imu.o(.data)
    gyro_scale_factor                        0x2000007c   Data          36  bsp_imu.o(.data)
    gyro_offset                              0x200000a0   Data          12  bsp_imu.o(.data)
    accel_scale_factor                       0x200000ac   Data          36  bsp_imu.o(.data)
    mag_scale_factor                         0x200000d0   Data          36  bsp_imu.o(.data)
    exit_flag                                0x200000f5   Data           1  bsp_imu.o(.data)
    twoKp                                    0x20000100   Data           4  mahonyahrs.o(.data)
    twoKi                                    0x20000104   Data           4  mahonyahrs.o(.data)
    integralFBx                              0x20000108   Data           4  mahonyahrs.o(.data)
    integralFBy                              0x2000010c   Data           4  mahonyahrs.o(.data)
    integralFBz                              0x20000110   Data           4  mahonyahrs.o(.data)
    uwTick                                   0x20000118   Data           4  stm32f4xx_hal.o(.data)
    uwTickPrio                               0x2000011c   Data           4  stm32f4xx_hal.o(.data)
    uwTickFreq                               0x20000120   Data           1  stm32f4xx_hal.o(.data)
    SystemCoreClock                          0x20000124   Data           4  system_stm32f4xx.o(.data)
    left_fric_data                           0x20000128   Data          40  fric.o(.data)
    right_fric_data                          0x20000150   Data          40  fric.o(.data)
    gimbal_pitch_encoder_speed_data          0x20000178   Data          40  gimbal.o(.data)
    gimbal_pitch_encoder_position_data       0x200001a0   Data          40  gimbal.o(.data)
    gimbal_pitch_imu_speed_data              0x200001c8   Data          40  gimbal.o(.data)
    gimbal_pitch_imu_position_data           0x200001f0   Data          40  gimbal.o(.data)
    gimbal_yaw_encoder_speed_data            0x20000218   Data          40  gimbal.o(.data)
    gimbal_yaw_encoder_position_data         0x20000240   Data          40  gimbal.o(.data)
    gimbal_yaw_imu_speed_data                0x20000268   Data          40  gimbal.o(.data)
    gimbal_yaw_imu_position_data             0x20000290   Data          40  gimbal.o(.data)
    test                                     0x200002b8   Data           4  gimbal.o(.data)
    Transmission_Mode                        0x200002bc   Data           4  remote_control.o(.data)
    gimbal_time                              0x200002c2   Data           5  task_schedule.o(.data)
    cnt                                      0x200002c8   Data           2  task_schedule.o(.data)
    pwmVal                                   0x200002ca   Data           2  task_schedule.o(.data)
    Trigger_Angle_Loop_Data                  0x200002cc   Data          40  trigger.o(.data)
    Trigger_Speed_Loop_Data                  0x200002f4   Data          40  trigger.o(.data)
    CAN1_0x1ff_Tx_Data                       0x2000031c   Data           8  drv_can.o(.data)
    CAN1_0x200_Tx_Data                       0x20000324   Data           8  drv_can.o(.data)
    CAN1_0x2ff_Tx_Data                       0x2000032c   Data           8  drv_can.o(.data)
    CAN1_0xxf1_Tx_Data                       0x20000334   Data           8  drv_can.o(.data)
    CAN1_0xxf2_Tx_Data                       0x2000033c   Data           8  drv_can.o(.data)
    CAN1_0xxf3_Tx_Data                       0x20000344   Data           8  drv_can.o(.data)
    CAN1_0xxf4_Tx_Data                       0x2000034c   Data           8  drv_can.o(.data)
    CAN1_0xxf5_Tx_Data                       0x20000354   Data           8  drv_can.o(.data)
    CAN1_0xxf6_Tx_Data                       0x2000035c   Data           8  drv_can.o(.data)
    CAN1_0xxf7_Tx_Data                       0x20000364   Data           8  drv_can.o(.data)
    CAN1_0xxf8_Tx_Data                       0x2000036c   Data           8  drv_can.o(.data)
    CAN2_0x1ff_Tx_Data                       0x20000374   Data           8  drv_can.o(.data)
    CAN2_0x200_Tx_Data                       0x2000037c   Data           8  drv_can.o(.data)
    CAN2_0x2ff_Tx_Data                       0x20000384   Data           8  drv_can.o(.data)
    CAN2_0xxf1_Tx_Data                       0x2000038c   Data           8  drv_can.o(.data)
    CAN2_0xxf2_Tx_Data                       0x20000394   Data           8  drv_can.o(.data)
    CAN2_0xxf3_Tx_Data                       0x2000039c   Data           8  drv_can.o(.data)
    CAN2_0xxf4_Tx_Data                       0x200003a4   Data           8  drv_can.o(.data)
    CAN2_0xxf5_Tx_Data                       0x200003ac   Data           8  drv_can.o(.data)
    CAN2_0xxf6_Tx_Data                       0x200003b4   Data           8  drv_can.o(.data)
    CAN2_0xxf7_Tx_Data                       0x200003bc   Data           8  drv_can.o(.data)
    CAN2_0xxf8_Tx_Data                       0x200003c4   Data           8  drv_can.o(.data)
    CAN2_0x150_Tx_Data                       0x200003cc   Data           8  drv_can.o(.data)
    CAN2_0x152_Tx_Data                       0x200003d4   Data           8  drv_can.o(.data)
    CAN2_0x154_Tx_Data                       0x200003dc   Data           8  drv_can.o(.data)
    FS_Desc                                  0x200003e8   Data          28  usbd_desc.o(.data)
    USBD_LangIDDesc                          0x20000404   Data           4  usbd_desc.o(.data)
    USBD_FS_DeviceDesc                       0x20000408   Data          18  usbd_desc.o(.data)
    USBD_StringSerial                        0x2000041c   Data          26  usbd_desc.o(.data)
    start_receive_flag                       0x20000438   Data           1  usbd_cdc_if.o(.data)
    time3                                    0x2000043c   Data           4  usbd_cdc_if.o(.data)
    time4                                    0x20000440   Data           4  usbd_cdc_if.o(.data)
    USBD_Interface_fops_FS                   0x20000444   Data          20  usbd_cdc_if.o(.data)
    USBD_CDC                                 0x200004b0   Data          56  usbd_cdc.o(.data)
    imu_temp_pid                             0x200004e8   Data         127  bsp_imu.o(.bss)
    accel_dma_rx_buf                         0x20000567   Data           9  bsp_imu.o(.bss)
    bmi088_real_data                         0x20000570   Data          36  bsp_imu.o(.bss)
    ist8310_real_data                        0x20000594   Data          16  bsp_imu.o(.bss)
    temp_gyro_offset                         0x200005a4   Data          12  bsp_imu.o(.bss)
    gyro_cali_offset                         0x200005b0   Data          12  bsp_imu.o(.bss)
    accel_offset                             0x200005bc   Data          12  bsp_imu.o(.bss)
    accel_cali_offset                        0x200005c8   Data          12  bsp_imu.o(.bss)
    mag_offset                               0x200005d4   Data          12  bsp_imu.o(.bss)
    mag_cali_offset                          0x200005e0   Data          12  bsp_imu.o(.bss)
    INS_gyro                                 0x20000610   Data          12  bsp_imu.o(.bss)
    INS_quat                                 0x20000634   Data          16  bsp_imu.o(.bss)
    INS_angle                                0x20000644   Data          12  bsp_imu.o(.bss)
    hcan1                                    0x20000650   Data          40  can.o(.bss)
    hcan2                                    0x20000678   Data          40  can.o(.bss)
    hi2c3                                    0x200006a0   Data          84  i2c.o(.bss)
    hspi1                                    0x200006f4   Data          88  spi.o(.bss)
    hdma_spi1_rx                             0x2000074c   Data          96  spi.o(.bss)
    hdma_spi1_tx                             0x200007ac   Data          96  spi.o(.bss)
    htim3                                    0x2000080c   Data          72  tim.o(.bss)
    htim4                                    0x20000854   Data          72  tim.o(.bss)
    htim8                                    0x2000089c   Data          72  tim.o(.bss)
    htim9                                    0x200008e4   Data          72  tim.o(.bss)
    htim10                                   0x2000092c   Data          72  tim.o(.bss)
    huart3                                   0x20000974   Data          72  usart.o(.bss)
    huart6                                   0x200009bc   Data          72  usart.o(.bss)
    hdma_usart3_rx                           0x20000a04   Data          96  usart.o(.bss)
    hdma_usart6_rx                           0x20000a64   Data          96  usart.o(.bss)
    hdma_usart6_tx                           0x20000ac4   Data          96  usart.o(.bss)
    chassis                                  0x20000b24   Data          44  can_connection.o(.bss)
    fric                                     0x20000b50   Data         684  fric.o(.bss)
    gimbal                                   0x20000dfc   Data        1348  gimbal.o(.bss)
    delay_time                               0x20001340   Data          16  remote_control.o(.bss)
    RC                                       0x20001350   Data          59  remote_control.o(.bss)
    vision_control                           0x200013d3   Data          25  vision.o(.bss)
    trigger                                  0x200013ec   Data         368  trigger.o(.bss)
    CAN1_Manage_Object                       0x2000155c   Data          44  drv_can.o(.bss)
    CAN2_Manage_Object                       0x20001588   Data          44  drv_can.o(.bss)
    hUsbDeviceFS                             0x200015b4   Data         732  usb_device.o(.bss)
    USBD_StrDesc                             0x20001890   Data         512  usbd_desc.o(.bss)
    UserRxBufferFS                           0x20001a90   Data        2048  usbd_cdc_if.o(.bss)
    UserTxBufferFS                           0x20002290   Data        2048  usbd_cdc_if.o(.bss)
    Buffer                                   0x20002a90   Data          34  usbd_cdc_if.o(.bss)
    pack                                     0x20002ab2   Data          17  usbd_cdc_if.o(.bss)
    receive_data                             0x20002ac3   Data          36  usbd_cdc_if.o(.bss)
    pack_rx                                  0x20002ae7   Data          24  usbd_cdc_if.o(.bss)
    hpcd_USB_OTG_FS                          0x20002d20   Data        1252  usbd_conf.o(.bss)
    __libspace_start                         0x20003204   Data          96  libspace.o(.bss)
    __temporary_stack_top$libspace           0x20003264   Data           0  libspace.o(.bss)



==============================================================================

Memory Map of the image

  Image Entry point : 0x08000189

  Load Region LR_IROM1 (Base: 0x08000000, Size: 0x00012498, Max: 0x00100000, ABSOLUTE, COMPRESSED[0x000121bc])

    Execution Region ER_IROM1 (Base: 0x08000000, Size: 0x00011fb0, Max: 0x00100000, ABSOLUTE)

    Base Addr    Size         Type   Attr      Idx    E Section Name        Object

    0x08000000   0x00000188   Data   RO            3    RESET               startup_stm32f407xx.o
    0x08000188   0x00000008   Code   RO         7551  * !!!main             c_w.l(__main.o)
    0x08000190   0x00000034   Code   RO         7886    !!!scatter          c_w.l(__scatter.o)
    0x080001c4   0x0000005a   Code   RO         7884    !!dczerorl2         c_w.l(__dczerorl2.o)
    0x0800021e   0x00000002   PAD
    0x08000220   0x0000001c   Code   RO         7888    !!handler_zi        c_w.l(__scatter_zi.o)
    0x0800023c   0x00000002   Code   RO         7757    .ARM.Collect$$libinit$$00000000  c_w.l(libinit.o)
    0x0800023e   0x00000004   Code   RO         7766    .ARM.Collect$$libinit$$00000001  c_w.l(libinit2.o)
    0x08000242   0x00000000   Code   RO         7769    .ARM.Collect$$libinit$$00000004  c_w.l(libinit2.o)
    0x08000242   0x00000000   Code   RO         7772    .ARM.Collect$$libinit$$0000000A  c_w.l(libinit2.o)
    0x08000242   0x00000000   Code   RO         7774    .ARM.Collect$$libinit$$0000000C  c_w.l(libinit2.o)
    0x08000242   0x00000000   Code   RO         7776    .ARM.Collect$$libinit$$0000000E  c_w.l(libinit2.o)
    0x08000242   0x00000000   Code   RO         7779    .ARM.Collect$$libinit$$00000011  c_w.l(libinit2.o)
    0x08000242   0x00000000   Code   RO         7781    .ARM.Collect$$libinit$$00000013  c_w.l(libinit2.o)
    0x08000242   0x00000000   Code   RO         7783    .ARM.Collect$$libinit$$00000015  c_w.l(libinit2.o)
    0x08000242   0x00000000   Code   RO         7785    .ARM.Collect$$libinit$$00000017  c_w.l(libinit2.o)
    0x08000242   0x00000000   Code   RO         7787    .ARM.Collect$$libinit$$00000019  c_w.l(libinit2.o)
    0x08000242   0x00000000   Code   RO         7789    .ARM.Collect$$libinit$$0000001B  c_w.l(libinit2.o)
    0x08000242   0x00000000   Code   RO         7791    .ARM.Collect$$libinit$$0000001D  c_w.l(libinit2.o)
    0x08000242   0x00000000   Code   RO         7793    .ARM.Collect$$libinit$$0000001F  c_w.l(libinit2.o)
    0x08000242   0x00000000   Code   RO         7795    .ARM.Collect$$libinit$$00000021  c_w.l(libinit2.o)
    0x08000242   0x00000000   Code   RO         7797    .ARM.Collect$$libinit$$00000023  c_w.l(libinit2.o)
    0x08000242   0x00000000   Code   RO         7799    .ARM.Collect$$libinit$$00000025  c_w.l(libinit2.o)
    0x08000242   0x00000000   Code   RO         7803    .ARM.Collect$$libinit$$0000002C  c_w.l(libinit2.o)
    0x08000242   0x00000000   Code   RO         7805    .ARM.Collect$$libinit$$0000002E  c_w.l(libinit2.o)
    0x08000242   0x00000000   Code   RO         7807    .ARM.Collect$$libinit$$00000030  c_w.l(libinit2.o)
    0x08000242   0x00000000   Code   RO         7809    .ARM.Collect$$libinit$$00000032  c_w.l(libinit2.o)
    0x08000242   0x00000002   Code   RO         7810    .ARM.Collect$$libinit$$00000033  c_w.l(libinit2.o)
    0x08000244   0x00000002   Code   RO         7841    .ARM.Collect$$libshutdown$$00000000  c_w.l(libshutdown.o)
    0x08000246   0x00000000   Code   RO         7867    .ARM.Collect$$libshutdown$$00000002  c_w.l(libshutdown2.o)
    0x08000246   0x00000000   Code   RO         7869    .ARM.Collect$$libshutdown$$00000004  c_w.l(libshutdown2.o)
    0x08000246   0x00000000   Code   RO         7872    .ARM.Collect$$libshutdown$$00000007  c_w.l(libshutdown2.o)
    0x08000246   0x00000000   Code   RO         7875    .ARM.Collect$$libshutdown$$0000000A  c_w.l(libshutdown2.o)
    0x08000246   0x00000000   Code   RO         7877    .ARM.Collect$$libshutdown$$0000000C  c_w.l(libshutdown2.o)
    0x08000246   0x00000000   Code   RO         7880    .ARM.Collect$$libshutdown$$0000000F  c_w.l(libshutdown2.o)
    0x08000246   0x00000002   Code   RO         7881    .ARM.Collect$$libshutdown$$00000010  c_w.l(libshutdown2.o)
    0x08000248   0x00000000   Code   RO         7629    .ARM.Collect$$rtentry$$00000000  c_w.l(__rtentry.o)
    0x08000248   0x00000000   Code   RO         7710    .ARM.Collect$$rtentry$$00000002  c_w.l(__rtentry2.o)
    0x08000248   0x00000006   Code   RO         7722    .ARM.Collect$$rtentry$$00000004  c_w.l(__rtentry4.o)
    0x0800024e   0x00000000   Code   RO         7712    .ARM.Collect$$rtentry$$00000009  c_w.l(__rtentry2.o)
    0x0800024e   0x00000004   Code   RO         7713    .ARM.Collect$$rtentry$$0000000A  c_w.l(__rtentry2.o)
    0x08000252   0x00000000   Code   RO         7715    .ARM.Collect$$rtentry$$0000000C  c_w.l(__rtentry2.o)
    0x08000252   0x00000008   Code   RO         7716    .ARM.Collect$$rtentry$$0000000D  c_w.l(__rtentry2.o)
    0x0800025a   0x00000002   Code   RO         7758    .ARM.Collect$$rtexit$$00000000  c_w.l(rtexit.o)
    0x0800025c   0x00000000   Code   RO         7814    .ARM.Collect$$rtexit$$00000002  c_w.l(rtexit2.o)
    0x0800025c   0x00000004   Code   RO         7815    .ARM.Collect$$rtexit$$00000003  c_w.l(rtexit2.o)
    0x08000260   0x00000006   Code   RO         7816    .ARM.Collect$$rtexit$$00000004  c_w.l(rtexit2.o)
    0x08000266   0x00000002   PAD
    0x08000268   0x00000040   Code   RO            4    .text               startup_stm32f407xx.o
    0x080002a8   0x000000ee   Code   RO         7541    .text               c_w.l(lludivv7m.o)
    0x08000396   0x0000008a   Code   RO         7543    .text               c_w.l(rt_memcpy_v6.o)
    0x08000420   0x00000044   Code   RO         7545    .text               c_w.l(rt_memclr.o)
    0x08000464   0x0000004e   Code   RO         7547    .text               c_w.l(rt_memclr_w.o)
    0x080004b2   0x00000006   Code   RO         7549    .text               c_w.l(heapauxi.o)
    0x080004b8   0x00000016   Code   RO         7634    .text               c_w.l(_rserrno.o)
    0x080004ce   0x00000064   Code   RO         7636    .text               c_w.l(rt_memcpy_w.o)
    0x08000532   0x00000002   PAD
    0x08000534   0x00000008   Code   RO         7729    .text               c_w.l(rt_errno_addr_intlibspace.o)
    0x0800053c   0x00000008   Code   RO         7741    .text               c_w.l(libspace.o)
    0x08000544   0x0000004a   Code   RO         7744    .text               c_w.l(sys_stackheap_outer.o)
    0x0800058e   0x00000012   Code   RO         7746    .text               c_w.l(exit.o)
    0x080005a0   0x0000000c   Code   RO         7811    .text               c_w.l(sys_exit.o)
    0x080005ac   0x00000002   Code   RO         7830    .text               c_w.l(use_no_semi.o)
    0x080005ae   0x00000000   Code   RO         7832    .text               c_w.l(indicate_semi.o)
    0x080005ae   0x00000002   PAD
    0x080005b0   0x00000028   Code   RO          346    i.AHRS_init         bsp_imu.o
    0x080005d8   0x00000064   Code   RO          347    i.AHRS_update       bsp_imu.o
    0x0800063c   0x00000028   Code   RO         6798    i.Append_CRC16_Check_Sum  usbd_cdc_if.o
    0x08000664   0x00000014   Code   RO          270    i.BMI088_ACCEL_NS_H  bmi088middleware.o
    0x08000678   0x00000014   Code   RO          271    i.BMI088_ACCEL_NS_L  bmi088middleware.o
    0x0800068c   0x00000002   Code   RO          272    i.BMI088_GPIO_init  bmi088middleware.o
    0x0800068e   0x00000002   PAD
    0x08000690   0x00000014   Code   RO          273    i.BMI088_GYRO_NS_H  bmi088middleware.o
    0x080006a4   0x00000014   Code   RO          274    i.BMI088_GYRO_NS_L  bmi088middleware.o
    0x080006b8   0x00000090   Code   RO           13    i.BMI088_accel_read_over  bmi088driver.o
    0x08000748   0x00000002   Code   RO          275    i.BMI088_com_init   bmi088middleware.o
    0x0800074a   0x0000000c   Code   RO          276    i.BMI088_delay_ms   bmi088middleware.o
    0x08000756   0x0000000c   Code   RO          277    i.BMI088_delay_us   bmi088middleware.o
    0x08000762   0x00000002   PAD
    0x08000764   0x00000068   Code   RO           14    i.BMI088_gyro_read_over  bmi088driver.o
    0x080007cc   0x00000034   Code   RO           15    i.BMI088_init       bmi088driver.o
    0x08000800   0x0000017c   Code   RO           16    i.BMI088_read       bmi088driver.o
    0x0800097c   0x00000026   Code   RO           19    i.BMI088_read_muli_reg  bmi088driver.o
    0x080009a2   0x00000018   Code   RO           20    i.BMI088_read_single_reg  bmi088driver.o
    0x080009ba   0x00000002   PAD
    0x080009bc   0x00000020   Code   RO          278    i.BMI088_read_write_byte  bmi088middleware.o
    0x080009dc   0x00000034   Code   RO           21    i.BMI088_temperature_read_over  bmi088driver.o
    0x08000a10   0x00000014   Code   RO           22    i.BMI088_write_single_reg  bmi088driver.o
    0x08000a24   0x00000004   Code   RO         1434    i.BusFault_Handler  stm32f4xx_it.o
    0x08000a28   0x00000050   Code   RO         5929    i.CAN1_Call_Back    can_connection.o
    0x08000a78   0x00000010   Code   RO         1435    i.CAN1_RX0_IRQHandler  stm32f4xx_it.o
    0x08000a88   0x00000010   Code   RO         1436    i.CAN1_TX_IRQHandler  stm32f4xx_it.o
    0x08000a98   0x00000044   Code   RO         5930    i.CAN2_Call_Back    can_connection.o
    0x08000adc   0x00000010   Code   RO         1437    i.CAN2_RX0_IRQHandler  stm32f4xx_it.o
    0x08000aec   0x00000010   Code   RO         1438    i.CAN2_TX_IRQHandler  stm32f4xx_it.o
    0x08000afc   0x000000ec   Code   RO         6471    i.CAN_Init          drv_can.o
    0x08000be8   0x00000028   Code   RO         6472    i.CAN_Send_Data     drv_can.o
    0x08000c10   0x00000008   Code   RO         6799    i.CDC_Control_FS    usbd_cdc_if.o
    0x08000c18   0x00000004   Code   RO         6800    i.CDC_DeInit_FS     usbd_cdc_if.o
    0x08000c1c   0x00000024   Code   RO         6801    i.CDC_Init_FS       usbd_cdc_if.o
    0x08000c40   0x00000030   Code   RO         6802    i.CDC_Receive_FS    usbd_cdc_if.o
    0x08000c70   0x00000004   Code   RO         6803    i.CDC_TransmitCplt_FS  usbd_cdc_if.o
    0x08000c74   0x0000002c   Code   RO         6804    i.CDC_Transmit_FS   usbd_cdc_if.o
    0x08000ca0   0x00000024   Code   RO         5931    i.Can_Connection_Init  can_connection.o
    0x08000cc4   0x000000a4   Code   RO         5932    i.Can_Send_Task     can_connection.o
    0x08000d68   0x00000014   Code   RO         5933    i.Chassis_Connection_Init  can_connection.o
    0x08000d7c   0x0000000c   Code   RO         5934    i.Chassis_Connection_Task  can_connection.o
    0x08000d88   0x000000c0   Code   RO         5935    i.Chassis_Send_data_Update  can_connection.o
    0x08000e48   0x00000060   Code   RO         5936    i.Chassis_Speed_Update  can_connection.o
    0x08000ea8   0x000000fc   Code   RO         6188    i.Control_Mode_Update  remote_control.o
    0x08000fa4   0x00000010   Code   RO         1439    i.DMA1_Stream1_IRQHandler  stm32f4xx_it.o
    0x08000fb4   0x00000010   Code   RO         1440    i.DMA2_Stream1_IRQHandler  stm32f4xx_it.o
    0x08000fc4   0x00000898   Code   RO          348    i.DMA2_Stream2_IRQHandler  bsp_imu.o
    0x0800185c   0x00000010   Code   RO         1441    i.DMA2_Stream3_IRQHandler  stm32f4xx_it.o
    0x0800186c   0x00000010   Code   RO         1442    i.DMA2_Stream6_IRQHandler  stm32f4xx_it.o
    0x0800187c   0x00000034   Code   RO         2724    i.DMA_CalcBaseAndBitshift  stm32f4xx_hal_dma.o
    0x080018b0   0x000000aa   Code   RO         2725    i.DMA_CheckFifoParam  stm32f4xx_hal_dma.o
    0x0800195a   0x00000002   PAD
    0x0800195c   0x00000094   Code   RO         6805    i.DMA_Send          usbd_cdc_if.o
    0x080019f0   0x00000002   Code   RO         1443    i.DebugMon_Handler  stm32f4xx_it.o
    0x080019f2   0x00000002   PAD
    0x080019f4   0x00000088   Code   RO         6189    i.Delay_Cnt_Task    remote_control.o
    0x08001a7c   0x0000006e   Code   RO         6542    i.Difference_Filter  motor.o
    0x08001aea   0x0000000a   Code   RO         1444    i.EXTI3_IRQHandler  stm32f4xx_it.o
    0x08001af4   0x0000000a   Code   RO         1445    i.EXTI4_IRQHandler  stm32f4xx_it.o
    0x08001afe   0x0000000a   Code   RO         1446    i.EXTI9_5_IRQHandler  stm32f4xx_it.o
    0x08001b08   0x00000006   Code   RO          911    i.Error_Handler     main.o
    0x08001b0e   0x00000002   PAD
    0x08001b10   0x00000048   Code   RO         6337    i.Error_State_Judge  task_schedule.o
    0x08001b58   0x0000007c   Code   RO         6190    i.Follow_Switch_Flag_Update  remote_control.o
    0x08001bd4   0x00000044   Code   RO         6030    i.Fric_Command_Update  fric.o
    0x08001c18   0x000000d8   Code   RO         6031    i.Fric_Current_Update  fric.o
    0x08001cf0   0x0000005c   Code   RO         6032    i.Fric_Init         fric.o
    0x08001d4c   0x00000090   Code   RO         6033    i.Fric_Status_Update  fric.o
    0x08001ddc   0x00000010   Code   RO         6034    i.Fric_Task         fric.o
    0x08001dec   0x000000b0   Code   RO         6191    i.Fric_Wheel_Mode_Update  remote_control.o
    0x08001e9c   0x00000004   Code   RO         6543    i.GM6020_Command_Update  motor.o
    0x08001ea0   0x00000020   Code   RO         6544    i.GM6020_Current_From_Lsb_To_Ampere  motor.o
    0x08001ec0   0x0000002a   Code   RO         6545    i.GM6020_Feedback_Update  motor.o
    0x08001eea   0x0000000c   Code   RO         6546    i.GM6020_Init       motor.o
    0x08001ef6   0x00000002   PAD
    0x08001ef8   0x00000024   Code   RO         6547    i.GM6020_Position_From_Lsb_To_Degree  motor.o
    0x08001f1c   0x0000002c   Code   RO         6548    i.GM6020_Position_From_Lsb_To_Rad  motor.o
    0x08001f48   0x00000170   Code   RO         6549    i.GM6020_Status_Update  motor.o
    0x080020b8   0x00000030   Code   RO         6806    i.Get_CRC16_Check_Sum  usbd_cdc_if.o
    0x080020e8   0x00000038   Code   RO         6707    i.Get_SerialNum     usbd_desc.o
    0x08002120   0x000000c8   Code   RO         6089    i.Gimbal_Cali_Task  gimbal.o
    0x080021e8   0x00000124   Code   RO         6090    i.Gimbal_Command_Update  gimbal.o
    0x0800230c   0x000000e4   Code   RO         6091    i.Gimbal_Init       gimbal.o
    0x080023f0   0x000001dc   Code   RO         6092    i.Gimbal_Motor_Command_Update  gimbal.o
    0x080025cc   0x00000048   Code   RO         6093    i.Gimbal_Motor_Mode_Update  gimbal.o
    0x08002614   0x00000064   Code   RO         6094    i.Gimbal_Send_command_Update  gimbal.o
    0x08002678   0x00000304   Code   RO         6095    i.Gimbal_Statue_Update  gimbal.o
    0x0800297c   0x000000bc   Code   RO         6096    i.Gimbal_Task       gimbal.o
    0x08002a38   0x0000002a   Code   RO         3409    i.HAL_CAN_ActivateNotification  stm32f4xx_hal_can.o
    0x08002a62   0x0000014a   Code   RO         3410    i.HAL_CAN_AddTxMessage  stm32f4xx_hal_can.o
    0x08002bac   0x00000124   Code   RO         3411    i.HAL_CAN_ConfigFilter  stm32f4xx_hal_can.o
    0x08002cd0   0x00000002   Code   RO         3414    i.HAL_CAN_ErrorCallback  stm32f4xx_hal_can.o
    0x08002cd2   0x00000194   Code   RO         3417    i.HAL_CAN_GetRxMessage  stm32f4xx_hal_can.o
    0x08002e66   0x0000024e   Code   RO         3421    i.HAL_CAN_IRQHandler  stm32f4xx_hal_can.o
    0x080030b4   0x00000174   Code   RO         3422    i.HAL_CAN_Init      stm32f4xx_hal_can.o
    0x08003228   0x00000180   Code   RO         1155    i.HAL_CAN_MspInit   can.o
    0x080033a8   0x00000002   Code   RO         3429    i.HAL_CAN_RxFifo0FullCallback  stm32f4xx_hal_can.o
    0x080033aa   0x00000002   PAD
    0x080033ac   0x00000058   Code   RO         6475    i.HAL_CAN_RxFifo0MsgPendingCallback  drv_can.o
    0x08003404   0x00000002   Code   RO         3431    i.HAL_CAN_RxFifo1FullCallback  stm32f4xx_hal_can.o
    0x08003406   0x00000002   PAD
    0x08003408   0x00000058   Code   RO         6476    i.HAL_CAN_RxFifo1MsgPendingCallback  drv_can.o
    0x08003460   0x00000002   Code   RO         3433    i.HAL_CAN_SleepCallback  stm32f4xx_hal_can.o
    0x08003462   0x0000005e   Code   RO         3434    i.HAL_CAN_Start     stm32f4xx_hal_can.o
    0x080034c0   0x00000002   Code   RO         3436    i.HAL_CAN_TxMailbox0AbortCallback  stm32f4xx_hal_can.o
    0x080034c2   0x00000002   Code   RO         3437    i.HAL_CAN_TxMailbox0CompleteCallback  stm32f4xx_hal_can.o
    0x080034c4   0x00000002   Code   RO         3438    i.HAL_CAN_TxMailbox1AbortCallback  stm32f4xx_hal_can.o
    0x080034c6   0x00000002   Code   RO         3439    i.HAL_CAN_TxMailbox1CompleteCallback  stm32f4xx_hal_can.o
    0x080034c8   0x00000002   Code   RO         3440    i.HAL_CAN_TxMailbox2AbortCallback  stm32f4xx_hal_can.o
    0x080034ca   0x00000002   Code   RO         3441    i.HAL_CAN_TxMailbox2CompleteCallback  stm32f4xx_hal_can.o
    0x080034cc   0x00000002   Code   RO         3443    i.HAL_CAN_WakeUpFromRxMsgCallback  stm32f4xx_hal_can.o
    0x080034ce   0x000000ac   Code   RO         2727    i.HAL_DMA_Abort     stm32f4xx_hal_dma.o
    0x0800357a   0x00000028   Code   RO         2728    i.HAL_DMA_Abort_IT  stm32f4xx_hal_dma.o
    0x080035a2   0x00000002   PAD
    0x080035a4   0x00000240   Code   RO         2732    i.HAL_DMA_IRQHandler  stm32f4xx_hal_dma.o
    0x080037e4   0x000000ec   Code   RO         2733    i.HAL_DMA_Init      stm32f4xx_hal_dma.o
    0x080038d0   0x00000028   Code   RO         3157    i.HAL_Delay         stm32f4xx_hal.o
    0x080038f8   0x00000098   Code   RO          349    i.HAL_GPIO_EXTI_Callback  bsp_imu.o
    0x08003990   0x0000001c   Code   RO         2619    i.HAL_GPIO_EXTI_IRQHandler  stm32f4xx_hal_gpio.o
    0x080039ac   0x000001f4   Code   RO         2620    i.HAL_GPIO_Init     stm32f4xx_hal_gpio.o
    0x08003ba0   0x0000000c   Code   RO         2624    i.HAL_GPIO_WritePin  stm32f4xx_hal_gpio.o
    0x08003bac   0x0000000c   Code   RO         3163    i.HAL_GetTick       stm32f4xx_hal.o
    0x08003bb8   0x000001d0   Code   RO         3653    i.HAL_I2C_Init      stm32f4xx_hal_i2c.o
    0x08003d88   0x00000308   Code   RO         3671    i.HAL_I2C_Mem_Read  stm32f4xx_hal_i2c.o
    0x08004090   0x000000c8   Code   RO         1231    i.HAL_I2C_MspInit   i2c.o
    0x08004158   0x00000018   Code   RO         3169    i.HAL_IncTick       stm32f4xx_hal.o
    0x08004170   0x0000003c   Code   RO         3170    i.HAL_Init          stm32f4xx_hal.o
    0x080041ac   0x0000004c   Code   RO         3171    i.HAL_InitTick      stm32f4xx_hal.o
    0x080041f8   0x00000048   Code   RO         1600    i.HAL_MspInit       stm32f4xx_hal_msp.o
    0x08004240   0x00000028   Code   RO         3010    i.HAL_NVIC_EnableIRQ  stm32f4xx_hal_cortex.o
    0x08004268   0x0000007c   Code   RO         3016    i.HAL_NVIC_SetPriority  stm32f4xx_hal_cortex.o
    0x080042e4   0x00000028   Code   RO         3017    i.HAL_NVIC_SetPriorityGrouping  stm32f4xx_hal_cortex.o
    0x0800430c   0x00000002   Code   RO         1868    i.HAL_PCDEx_LPM_Callback  stm32f4xx_hal_pcd_ex.o
    0x0800430e   0x0000000a   Code   RO         1869    i.HAL_PCDEx_SetRxFiFo  stm32f4xx_hal_pcd_ex.o
    0x08004318   0x0000004e   Code   RO         1870    i.HAL_PCDEx_SetTxFiFo  stm32f4xx_hal_pcd_ex.o
    0x08004366   0x00000008   Code   RO         6909    i.HAL_PCD_ConnectCallback  usbd_conf.o
    0x0800436e   0x00000012   Code   RO         6910    i.HAL_PCD_DataInStageCallback  usbd_conf.o
    0x08004380   0x00000014   Code   RO         6911    i.HAL_PCD_DataOutStageCallback  usbd_conf.o
    0x08004394   0x00000008   Code   RO         6912    i.HAL_PCD_DisconnectCallback  usbd_conf.o
    0x0800439c   0x00000042   Code   RO         1633    i.HAL_PCD_EP_Abort  stm32f4xx_hal_pcd.o
    0x080043de   0x0000006a   Code   RO         1634    i.HAL_PCD_EP_Close  stm32f4xx_hal_pcd.o
    0x08004448   0x0000007c   Code   RO         1635    i.HAL_PCD_EP_ClrStall  stm32f4xx_hal_pcd.o
    0x080044c4   0x00000016   Code   RO         1637    i.HAL_PCD_EP_GetRxCount  stm32f4xx_hal_pcd.o
    0x080044da   0x0000008c   Code   RO         1638    i.HAL_PCD_EP_Open   stm32f4xx_hal_pcd.o
    0x08004566   0x00000046   Code   RO         1639    i.HAL_PCD_EP_Receive  stm32f4xx_hal_pcd.o
    0x080045ac   0x0000008a   Code   RO         1640    i.HAL_PCD_EP_SetStall  stm32f4xx_hal_pcd.o
    0x08004636   0x00000048   Code   RO         1641    i.HAL_PCD_EP_Transmit  stm32f4xx_hal_pcd.o
    0x0800467e   0x000006ca   Code   RO         1643    i.HAL_PCD_IRQHandler  stm32f4xx_hal_pcd.o
    0x08004d48   0x00000008   Code   RO         6913    i.HAL_PCD_ISOINIncompleteCallback  usbd_conf.o
    0x08004d50   0x00000008   Code   RO         6914    i.HAL_PCD_ISOOUTIncompleteCallback  usbd_conf.o
    0x08004d58   0x0000015e   Code   RO         1646    i.HAL_PCD_Init      stm32f4xx_hal_pcd.o
    0x08004eb6   0x00000002   PAD
    0x08004eb8   0x00000084   Code   RO         6916    i.HAL_PCD_MspInit   usbd_conf.o
    0x08004f3c   0x0000002e   Code   RO         6917    i.HAL_PCD_ResetCallback  usbd_conf.o
    0x08004f6a   0x00000008   Code   RO         6918    i.HAL_PCD_ResumeCallback  usbd_conf.o
    0x08004f72   0x00000008   Code   RO         6919    i.HAL_PCD_SOFCallback  usbd_conf.o
    0x08004f7a   0x00000034   Code   RO         1652    i.HAL_PCD_SetAddress  stm32f4xx_hal_pcd.o
    0x08004fae   0x0000000e   Code   RO         6920    i.HAL_PCD_SetupStageCallback  usbd_conf.o
    0x08004fbc   0x0000004c   Code   RO         1655    i.HAL_PCD_Start     stm32f4xx_hal_pcd.o
    0x08005008   0x00000030   Code   RO         6921    i.HAL_PCD_SuspendCallback  usbd_conf.o
    0x08005038   0x00000184   Code   RO         2221    i.HAL_RCC_ClockConfig  stm32f4xx_hal_rcc.o
    0x080051bc   0x0000000c   Code   RO         2226    i.HAL_RCC_GetHCLKFreq  stm32f4xx_hal_rcc.o
    0x080051c8   0x00000020   Code   RO         2228    i.HAL_RCC_GetPCLK1Freq  stm32f4xx_hal_rcc.o
    0x080051e8   0x00000020   Code   RO         2229    i.HAL_RCC_GetPCLK2Freq  stm32f4xx_hal_rcc.o
    0x08005208   0x000000b0   Code   RO         2230    i.HAL_RCC_GetSysClockFreq  stm32f4xx_hal_rcc.o
    0x080052b8   0x0000049c   Code   RO         2233    i.HAL_RCC_OscConfig  stm32f4xx_hal_rcc.o
    0x08005754   0x000000c8   Code   RO         4148    i.HAL_SPI_Init      stm32f4xx_hal_spi.o
    0x0800581c   0x00000164   Code   RO         1273    i.HAL_SPI_MspInit   spi.o
    0x08005980   0x00000240   Code   RO         4157    i.HAL_SPI_TransmitReceive  stm32f4xx_hal_spi.o
    0x08005bc0   0x00000034   Code   RO         3021    i.HAL_SYSTICK_Config  stm32f4xx_hal_cortex.o
    0x08005bf4   0x00000002   Code   RO         5176    i.HAL_TIMEx_BreakCallback  stm32f4xx_hal_tim_ex.o
    0x08005bf6   0x00000002   Code   RO         5177    i.HAL_TIMEx_CommutCallback  stm32f4xx_hal_tim_ex.o
    0x08005bf8   0x00000074   Code   RO         5179    i.HAL_TIMEx_ConfigBreakDeadTime  stm32f4xx_hal_tim_ex.o
    0x08005c6c   0x000000b4   Code   RO         5195    i.HAL_TIMEx_MasterConfigSynchronization  stm32f4xx_hal_tim_ex.o
    0x08005d20   0x00000066   Code   RO         4461    i.HAL_TIM_Base_Init  stm32f4xx_hal_tim.o
    0x08005d86   0x00000002   PAD
    0x08005d88   0x00000118   Code   RO         1315    i.HAL_TIM_Base_MspInit  tim.o
    0x08005ea0   0x0000009c   Code   RO         4464    i.HAL_TIM_Base_Start  stm32f4xx_hal_tim.o
    0x08005f3c   0x000000a8   Code   RO         4466    i.HAL_TIM_Base_Start_IT  stm32f4xx_hal_tim.o
    0x08005fe4   0x0000010c   Code   RO         4470    i.HAL_TIM_ConfigClockSource  stm32f4xx_hal_tim.o
    0x080060f0   0x00000002   Code   RO         4495    i.HAL_TIM_IC_CaptureCallback  stm32f4xx_hal_tim.o
    0x080060f2   0x0000016c   Code   RO         4509    i.HAL_TIM_IRQHandler  stm32f4xx_hal_tim.o
    0x0800625e   0x00000002   PAD
    0x08006260   0x000000fc   Code   RO         1316    i.HAL_TIM_MspPostInit  tim.o
    0x0800635c   0x00000002   Code   RO         4512    i.HAL_TIM_OC_DelayElapsedCallback  stm32f4xx_hal_tim.o
    0x0800635e   0x00000104   Code   RO         4533    i.HAL_TIM_PWM_ConfigChannel  stm32f4xx_hal_tim.o
    0x08006462   0x00000066   Code   RO         4536    i.HAL_TIM_PWM_Init  stm32f4xx_hal_tim.o
    0x080064c8   0x00000002   Code   RO         4538    i.HAL_TIM_PWM_MspInit  stm32f4xx_hal_tim.o
    0x080064ca   0x00000002   Code   RO         4539    i.HAL_TIM_PWM_PulseFinishedCallback  stm32f4xx_hal_tim.o
    0x080064cc   0x0000010c   Code   RO         4541    i.HAL_TIM_PWM_Start  stm32f4xx_hal_tim.o
    0x080065d8   0x00000080   Code   RO         6338    i.HAL_TIM_PeriodElapsedCallback  task_schedule.o
    0x08006658   0x00000002   Code   RO         4552    i.HAL_TIM_TriggerCallback  stm32f4xx_hal_tim.o
    0x0800665a   0x00000002   Code   RO         5455    i.HAL_UARTEx_RxEventCallback  stm32f4xx_hal_uart.o
    0x0800665c   0x00000002   Code   RO         5469    i.HAL_UART_ErrorCallback  stm32f4xx_hal_uart.o
    0x0800665e   0x00000002   PAD
    0x08006660   0x000002e8   Code   RO         5472    i.HAL_UART_IRQHandler  stm32f4xx_hal_uart.o
    0x08006948   0x00000076   Code   RO         5473    i.HAL_UART_Init     stm32f4xx_hal_uart.o
    0x080069be   0x00000002   PAD
    0x080069c0   0x000001f4   Code   RO         1387    i.HAL_UART_MspInit  usart.o
    0x08006bb4   0x00000002   Code   RO         5479    i.HAL_UART_RxCpltCallback  stm32f4xx_hal_uart.o
    0x08006bb6   0x00000002   Code   RO         5484    i.HAL_UART_TxCpltCallback  stm32f4xx_hal_uart.o
    0x08006bb8   0x00000004   Code   RO         1447    i.HardFault_Handler  stm32f4xx_it.o
    0x08006bbc   0x0000003e   Code   RO         3697    i.I2C_IsAcknowledgeFailed  stm32f4xx_hal_i2c.o
    0x08006bfa   0x00000002   PAD
    0x08006bfc   0x00000160   Code   RO         3708    i.I2C_RequestMemoryRead  stm32f4xx_hal_i2c.o
    0x08006d5c   0x000000be   Code   RO         3718    i.I2C_WaitOnFlagUntilTimeout  stm32f4xx_hal_i2c.o
    0x08006e1a   0x000000fa   Code   RO         3719    i.I2C_WaitOnMasterAddressFlagUntilTimeout  stm32f4xx_hal_i2c.o
    0x08006f14   0x0000008a   Code   RO         3720    i.I2C_WaitOnRXNEFlagUntilTimeout  stm32f4xx_hal_i2c.o
    0x08006f9e   0x00000066   Code   RO         3723    i.I2C_WaitOnTXEFlagUntilTimeout  stm32f4xx_hal_i2c.o
    0x08007004   0x000000f4   Code   RO          350    i.IMU_Init          bsp_imu.o
    0x080070f8   0x000002e0   Code   RO          353    i.INS_task          bsp_imu.o
    0x080073d8   0x00000020   Code   RO         6339    i.Init_Task         task_schedule.o
    0x080073f8   0x0000003e   Code   RO         6708    i.IntToUnicode      usbd_desc.o
    0x08007436   0x00000002   PAD
    0x08007438   0x0000007c   Code   RO         6192    i.Invert_Flag_Update  remote_control.o
    0x080074b4   0x00000036   Code   RO         6550    i.M3508_Command_Update  motor.o
    0x080074ea   0x00000002   PAD
    0x080074ec   0x00000020   Code   RO         6551    i.M3508_Current_From_Ampere_To_Lsb  motor.o
    0x0800750c   0x00000020   Code   RO         6552    i.M3508_Current_From_Lsb_To_Ampere  motor.o
    0x0800752c   0x00000028   Code   RO         6553    i.M3508_Feedback_Update  motor.o
    0x08007554   0x0000000c   Code   RO         6554    i.M3508_Init        motor.o
    0x08007560   0x00000024   Code   RO         6555    i.M3508_Position_From_Lsb_To_Degree  motor.o
    0x08007584   0x0000002c   Code   RO         6556    i.M3508_Position_From_Lsb_To_Rad  motor.o
    0x080075b0   0x000000cc   Code   RO         6557    i.M3508_Status_Update  motor.o
    0x0800767c   0x00000048   Code   RO         1156    i.MX_CAN1_Init      can.o
    0x080076c4   0x00000048   Code   RO         1157    i.MX_CAN2_Init      can.o
    0x0800770c   0x00000098   Code   RO         1203    i.MX_DMA_Init       dma.o
    0x080077a4   0x000001d0   Code   RO         1127    i.MX_GPIO_Init      gpio.o
    0x08007974   0x0000003c   Code   RO         1232    i.MX_I2C3_Init      i2c.o
    0x080079b0   0x00000048   Code   RO         1274    i.MX_SPI1_Init      spi.o
    0x080079f8   0x0000006c   Code   RO         1317    i.MX_TIM10_Init     tim.o
    0x08007a64   0x00000070   Code   RO         1318    i.MX_TIM3_Init      tim.o
    0x08007ad4   0x000000a4   Code   RO         1319    i.MX_TIM4_Init      tim.o
    0x08007b78   0x000000dc   Code   RO         1320    i.MX_TIM8_Init      tim.o
    0x08007c54   0x00000054   Code   RO         1321    i.MX_TIM9_Init      tim.o
    0x08007ca8   0x00000040   Code   RO         1388    i.MX_USART3_UART_Init  usart.o
    0x08007ce8   0x00000038   Code   RO         1389    i.MX_USART6_UART_Init  usart.o
    0x08007d20   0x00000054   Code   RO         6650    i.MX_USB_DEVICE_Init  usb_device.o
    0x08007d74   0x000005ac   Code   RO          843    i.MahonyAHRSupdate  mahonyahrs.o
    0x08008320   0x000002fc   Code   RO          844    i.MahonyAHRSupdateIMU  mahonyahrs.o
    0x0800861c   0x00000004   Code   RO         1448    i.MemManage_Handler  stm32f4xx_it.o
    0x08008620   0x00000004   Code   RO         1449    i.NMI_Handler       stm32f4xx_it.o
    0x08008624   0x00000010   Code   RO         1450    i.OTG_FS_IRQHandler  stm32f4xx_it.o
    0x08008634   0x00000064   Code   RO         1659    i.PCD_EP_OutSetupPacket_int  stm32f4xx_hal_pcd.o
    0x08008698   0x00000144   Code   RO         1660    i.PCD_EP_OutXfrComplete_int  stm32f4xx_hal_pcd.o
    0x080087dc   0x000000b6   Code   RO         1661    i.PCD_WriteEmptyTxFifo  stm32f4xx_hal_pcd.o
    0x08008892   0x00000002   PAD
    0x08008894   0x00000198   Code   RO         5850    i.PID_Calculate     pid.o
    0x08008a2c   0x00000028   Code   RO         5851    i.PID_Init          pid.o
    0x08008a54   0x00000002   Code   RO         1451    i.PendSV_Handler    stm32f4xx_it.o
    0x08008a56   0x00000002   PAD
    0x08008a58   0x00000100   Code   RO         6097    i.Pitch_Gravity_Compensation  gimbal.o
    0x08008b58   0x000000e0   Code   RO         6193    i.Precision_Mode_Update  remote_control.o
    0x08008c38   0x00000070   Code   RO         6194    i.RC_data_is_error  remote_control.o
    0x08008ca8   0x0000009c   Code   RO         6195    i.RC_init           remote_control.o
    0x08008d44   0x000000c4   Code   RO         6196    i.RC_restart        remote_control.o
    0x08008e08   0x00000048   Code   RO         6197    i.Rc_Mode_Update    remote_control.o
    0x08008e50   0x000003f0   Code   RO         6198    i.Remote_Command_Update  remote_control.o
    0x08009240   0x0000001c   Code   RO         6199    i.Remote_Init       remote_control.o
    0x0800925c   0x00000028   Code   RO         6200    i.Remote_Task       remote_control.o
    0x08009284   0x0000273c   Code   RO          877    i.SPI1_DMA_enable   bsp_spi.o
    0x0800b9c0   0x00000180   Code   RO          878    i.SPI1_DMA_init     bsp_spi.o
    0x0800bb40   0x00000088   Code   RO         4186    i.SPI_EndRxTxTransaction  stm32f4xx_hal_spi.o
    0x0800bbc8   0x000000d8   Code   RO         4191    i.SPI_WaitFlagStateUntilTimeout  stm32f4xx_hal_spi.o
    0x0800bca0   0x00000002   Code   RO         1452    i.SVC_Handler       stm32f4xx_it.o
    0x0800bca2   0x00000008   Code   RO         1453    i.SysTick_Handler   stm32f4xx_it.o
    0x0800bcaa   0x00000002   PAD
    0x0800bcac   0x000000b4   Code   RO          912    i.SystemClock_Config  main.o
    0x0800bd60   0x00000014   Code   RO         5817    i.SystemInit        system_stm32f4xx.o
    0x0800bd74   0x00000010   Code   RO         1454    i.TIM1_BRK_TIM9_IRQHandler  stm32f4xx_it.o
    0x0800bd84   0x00000010   Code   RO         1455    i.TIM3_IRQHandler   stm32f4xx_it.o
    0x0800bd94   0x000000e8   Code   RO         4554    i.TIM_Base_SetConfig  stm32f4xx_hal_tim.o
    0x0800be7c   0x00000022   Code   RO         4555    i.TIM_CCxChannelCmd  stm32f4xx_hal_tim.o
    0x0800be9e   0x00000016   Code   RO         4565    i.TIM_ETR_SetConfig  stm32f4xx_hal_tim.o
    0x0800beb4   0x00000012   Code   RO         4566    i.TIM_ITRx_SetConfig  stm32f4xx_hal_tim.o
    0x0800bec6   0x00000002   PAD
    0x0800bec8   0x00000070   Code   RO         4567    i.TIM_OC1_SetConfig  stm32f4xx_hal_tim.o
    0x0800bf38   0x0000007c   Code   RO         4568    i.TIM_OC2_SetConfig  stm32f4xx_hal_tim.o
    0x0800bfb4   0x00000078   Code   RO         4569    i.TIM_OC3_SetConfig  stm32f4xx_hal_tim.o
    0x0800c02c   0x00000054   Code   RO         4570    i.TIM_OC4_SetConfig  stm32f4xx_hal_tim.o
    0x0800c080   0x00000026   Code   RO         4572    i.TIM_TI1_ConfigInputStage  stm32f4xx_hal_tim.o
    0x0800c0a6   0x00000028   Code   RO         4574    i.TIM_TI2_ConfigInputStage  stm32f4xx_hal_tim.o
    0x0800c0ce   0x00000002   PAD
    0x0800c0d0   0x00000074   Code   RO         6340    i.Time_Count_Task   task_schedule.o
    0x0800c144   0x00000108   Code   RO         6416    i.Trigger_Command_Update  trigger.o
    0x0800c24c   0x00000054   Code   RO         6417    i.Trigger_Init      trigger.o
    0x0800c2a0   0x00000038   Code   RO         6418    i.Trigger_Send_Command_Update  trigger.o
    0x0800c2d8   0x000000b8   Code   RO         6201    i.Trigger_Shoot_Number_Update  remote_control.o
    0x0800c390   0x000000e4   Code   RO         6419    i.Trigger_Status_Update  trigger.o
    0x0800c474   0x00000010   Code   RO         6420    i.Trigger_Task      trigger.o
    0x0800c484   0x00000014   Code   RO         5486    i.UART_DMAAbortOnError  stm32f4xx_hal_uart.o
    0x0800c498   0x0000006c   Code   RO         5496    i.UART_EndRxTransfer  stm32f4xx_hal_uart.o
    0x0800c504   0x00000020   Code   RO         5497    i.UART_EndTransmit_IT  stm32f4xx_hal_uart.o
    0x0800c524   0x000000fc   Code   RO         5499    i.UART_Receive_IT   stm32f4xx_hal_uart.o
    0x0800c620   0x0000022c   Code   RO         5500    i.UART_SetConfig    stm32f4xx_hal_uart.o
    0x0800c84c   0x00000060   Code   RO         5503    i.UART_Transmit_IT  stm32f4xx_hal_uart.o
    0x0800c8ac   0x00000144   Code   RO         6202    i.USART3_IRQHandler  remote_control.o
    0x0800c9f0   0x00000010   Code   RO         1456    i.USART6_IRQHandler  stm32f4xx_it.o
    0x0800ca00   0x00000078   Code   RO         7436    i.USBD_CDC_DataIn   usbd_cdc.o
    0x0800ca78   0x0000003e   Code   RO         7437    i.USBD_CDC_DataOut  usbd_cdc.o
    0x0800cab6   0x00000002   PAD
    0x0800cab8   0x00000094   Code   RO         7438    i.USBD_CDC_DeInit   usbd_cdc.o
    0x0800cb4c   0x00000038   Code   RO         7439    i.USBD_CDC_EP0_RxReady  usbd_cdc.o
    0x0800cb84   0x0000000c   Code   RO         7440    i.USBD_CDC_GetDeviceQualifierDescriptor  usbd_cdc.o
    0x0800cb90   0x0000003c   Code   RO         7441    i.USBD_CDC_GetFSCfgDesc  usbd_cdc.o
    0x0800cbcc   0x00000040   Code   RO         7442    i.USBD_CDC_GetHSCfgDesc  usbd_cdc.o
    0x0800cc0c   0x0000003c   Code   RO         7443    i.USBD_CDC_GetOtherSpeedCfgDesc  usbd_cdc.o
    0x0800cc48   0x00000160   Code   RO         7444    i.USBD_CDC_Init     usbd_cdc.o
    0x0800cda8   0x00000048   Code   RO         7445    i.USBD_CDC_ReceivePacket  usbd_cdc.o
    0x0800cdf0   0x00000018   Code   RO         7446    i.USBD_CDC_RegisterInterface  usbd_cdc.o
    0x0800ce08   0x0000001c   Code   RO         7447    i.USBD_CDC_SetRxBuffer  usbd_cdc.o
    0x0800ce24   0x00000020   Code   RO         7448    i.USBD_CDC_SetTxBuffer  usbd_cdc.o
    0x0800ce44   0x00000110   Code   RO         7449    i.USBD_CDC_Setup    usbd_cdc.o
    0x0800cf54   0x00000054   Code   RO         7450    i.USBD_CDC_TransmitPacket  usbd_cdc.o
    0x0800cfa8   0x00000014   Code   RO         7116    i.USBD_ClrClassConfig  usbd_core.o
    0x0800cfbc   0x00000026   Code   RO         7278    i.USBD_ClrFeature   usbd_ctlreq.o
    0x0800cfe2   0x00000004   Code   RO         7117    i.USBD_CoreFindEP   usbd_core.o
    0x0800cfe6   0x00000004   Code   RO         7118    i.USBD_CoreFindIF   usbd_core.o
    0x0800cfea   0x00000010   Code   RO         7376    i.USBD_CtlContinueRx  usbd_ioreq.o
    0x0800cffa   0x00000010   Code   RO         7377    i.USBD_CtlContinueSendData  usbd_ioreq.o
    0x0800d00a   0x00000018   Code   RO         7279    i.USBD_CtlError     usbd_ctlreq.o
    0x0800d022   0x0000001e   Code   RO         7378    i.USBD_CtlPrepareRx  usbd_ioreq.o
    0x0800d040   0x00000016   Code   RO         7379    i.USBD_CtlReceiveStatus  usbd_ioreq.o
    0x0800d056   0x0000001a   Code   RO         7380    i.USBD_CtlSendData  usbd_ioreq.o
    0x0800d070   0x00000016   Code   RO         7381    i.USBD_CtlSendStatus  usbd_ioreq.o
    0x0800d086   0x00000002   PAD
    0x0800d088   0x00000030   Code   RO         6709    i.USBD_FS_ConfigStrDescriptor  usbd_desc.o
    0x0800d0b8   0x0000000c   Code   RO         6710    i.USBD_FS_DeviceDescriptor  usbd_desc.o
    0x0800d0c4   0x00000034   Code   RO         6711    i.USBD_FS_InterfaceStrDescriptor  usbd_desc.o
    0x0800d0f8   0x0000000c   Code   RO         6712    i.USBD_FS_LangIDStrDescriptor  usbd_desc.o
    0x0800d104   0x00000028   Code   RO         6713    i.USBD_FS_ManufacturerStrDescriptor  usbd_desc.o
    0x0800d12c   0x0000003c   Code   RO         6714    i.USBD_FS_ProductStrDescriptor  usbd_desc.o
    0x0800d168   0x00000014   Code   RO         6715    i.USBD_FS_SerialStrDescriptor  usbd_desc.o
    0x0800d17c   0x00000034   Code   RO         7280    i.USBD_GetConfig    usbd_ctlreq.o
    0x0800d1b0   0x000001b4   Code   RO         7281    i.USBD_GetDescriptor  usbd_ctlreq.o
    0x0800d364   0x0000003c   Code   RO         7120    i.USBD_GetEpDesc    usbd_core.o
    0x0800d3a0   0x00000018   Code   RO         7282    i.USBD_GetLen       usbd_ctlreq.o
    0x0800d3b8   0x0000000e   Code   RO         7121    i.USBD_GetNextDesc  usbd_core.o
    0x0800d3c6   0x00000036   Code   RO         7283    i.USBD_GetStatus    usbd_ctlreq.o
    0x0800d3fc   0x00000044   Code   RO         7284    i.USBD_GetString    usbd_ctlreq.o
    0x0800d440   0x00000024   Code   RO         6922    i.USBD_Get_USB_Status  usbd_conf.o
    0x0800d464   0x00000028   Code   RO         7122    i.USBD_Init         usbd_core.o
    0x0800d48c   0x00000012   Code   RO         6923    i.USBD_LL_ClearStallEP  usbd_conf.o
    0x0800d49e   0x00000012   Code   RO         6924    i.USBD_LL_CloseEP   usbd_conf.o
    0x0800d4b0   0x000000dc   Code   RO         7123    i.USBD_LL_DataInStage  usbd_core.o
    0x0800d58c   0x000000d0   Code   RO         7124    i.USBD_LL_DataOutStage  usbd_core.o
    0x0800d65c   0x00000004   Code   RO         7125    i.USBD_LL_DevConnected  usbd_core.o
    0x0800d660   0x00000020   Code   RO         7126    i.USBD_LL_DevDisconnected  usbd_core.o
    0x0800d680   0x00000008   Code   RO         6928    i.USBD_LL_GetRxDataSize  usbd_conf.o
    0x0800d688   0x00000060   Code   RO         6929    i.USBD_LL_Init      usbd_conf.o
    0x0800d6e8   0x00000020   Code   RO         6930    i.USBD_LL_IsStallEP  usbd_conf.o
    0x0800d708   0x0000002a   Code   RO         7127    i.USBD_LL_IsoINIncomplete  usbd_core.o
    0x0800d732   0x0000002a   Code   RO         7128    i.USBD_LL_IsoOUTIncomplete  usbd_core.o
    0x0800d75c   0x00000018   Code   RO         6931    i.USBD_LL_OpenEP    usbd_conf.o
    0x0800d774   0x00000012   Code   RO         6932    i.USBD_LL_PrepareReceive  usbd_conf.o
    0x0800d786   0x00000060   Code   RO         7129    i.USBD_LL_Reset     usbd_core.o
    0x0800d7e6   0x00000014   Code   RO         7130    i.USBD_LL_Resume    usbd_core.o
    0x0800d7fa   0x0000001a   Code   RO         7131    i.USBD_LL_SOF       usbd_core.o
    0x0800d814   0x00000006   Code   RO         7132    i.USBD_LL_SetSpeed  usbd_core.o
    0x0800d81a   0x00000012   Code   RO         6933    i.USBD_LL_SetUSBAddress  usbd_conf.o
    0x0800d82c   0x00000064   Code   RO         7133    i.USBD_LL_SetupStage  usbd_core.o
    0x0800d890   0x00000012   Code   RO         6934    i.USBD_LL_StallEP   usbd_conf.o
    0x0800d8a2   0x00000012   Code   RO         6935    i.USBD_LL_Start     usbd_conf.o
    0x0800d8b4   0x0000001a   Code   RO         7134    i.USBD_LL_Suspend   usbd_core.o
    0x0800d8ce   0x00000012   Code   RO         6937    i.USBD_LL_Transmit  usbd_conf.o
    0x0800d8e0   0x00000032   Code   RO         7285    i.USBD_ParseSetupRequest  usbd_ctlreq.o
    0x0800d912   0x0000003a   Code   RO         7135    i.USBD_RegisterClass  usbd_core.o
    0x0800d94c   0x00000004   Code   RO         7136    i.USBD_RunTestMode  usbd_core.o
    0x0800d950   0x00000058   Code   RO         7286    i.USBD_SetAddress   usbd_ctlreq.o
    0x0800d9a8   0x00000014   Code   RO         7137    i.USBD_SetClassConfig  usbd_core.o
    0x0800d9bc   0x000000dc   Code   RO         7287    i.USBD_SetConfig    usbd_ctlreq.o
    0x0800da98   0x00000024   Code   RO         7288    i.USBD_SetFeature   usbd_ctlreq.o
    0x0800dabc   0x00000004   Code   RO         7138    i.USBD_Start        usbd_core.o
    0x0800dac0   0x00000076   Code   RO         7289    i.USBD_StdDevReq    usbd_ctlreq.o
    0x0800db36   0x0000022e   Code   RO         7290    i.USBD_StdEPReq     usbd_ctlreq.o
    0x0800dd64   0x0000008e   Code   RO         7291    i.USBD_StdItfReq    usbd_ctlreq.o
    0x0800ddf2   0x00000002   Code   RO         6938    i.USBD_static_free  usbd_conf.o
    0x0800ddf4   0x00000008   Code   RO         6939    i.USBD_static_malloc  usbd_conf.o
    0x0800ddfc   0x000000d0   Code   RO         1910    i.USB_ActivateEndpoint  stm32f4xx_ll_usb.o
    0x0800decc   0x00000028   Code   RO         1912    i.USB_ActivateSetup  stm32f4xx_ll_usb.o
    0x0800def4   0x0000008c   Code   RO         1914    i.USB_CoreInit      stm32f4xx_ll_usb.o
    0x0800df80   0x00000054   Code   RO         1915    i.USB_CoreReset     stm32f4xx_ll_usb.o
    0x0800dfd4   0x0000014c   Code   RO         1918    i.USB_DeactivateEndpoint  stm32f4xx_ll_usb.o
    0x0800e120   0x00000024   Code   RO         1919    i.USB_DevConnect    stm32f4xx_ll_usb.o
    0x0800e144   0x00000024   Code   RO         1920    i.USB_DevDisconnect  stm32f4xx_ll_usb.o
    0x0800e168   0x000001e8   Code   RO         1921    i.USB_DevInit       stm32f4xx_ll_usb.o
    0x0800e350   0x0000000e   Code   RO         1922    i.USB_DisableGlobalInt  stm32f4xx_ll_usb.o
    0x0800e35e   0x00000002   PAD
    0x0800e360   0x00000070   Code   RO         1925    i.USB_EP0_OutStart  stm32f4xx_ll_usb.o
    0x0800e3d0   0x0000008e   Code   RO         1926    i.USB_EPClearStall  stm32f4xx_ll_usb.o
    0x0800e45e   0x0000009a   Code   RO         1927    i.USB_EPSetStall    stm32f4xx_ll_usb.o
    0x0800e4f8   0x000003b4   Code   RO         1928    i.USB_EPStartXfer   stm32f4xx_ll_usb.o
    0x0800e8ac   0x000000ec   Code   RO         1929    i.USB_EPStopXfer    stm32f4xx_ll_usb.o
    0x0800e998   0x0000000e   Code   RO         1930    i.USB_EnableGlobalInt  stm32f4xx_ll_usb.o
    0x0800e9a6   0x00000050   Code   RO         1931    i.USB_FlushRxFifo   stm32f4xx_ll_usb.o
    0x0800e9f6   0x00000054   Code   RO         1932    i.USB_FlushTxFifo   stm32f4xx_ll_usb.o
    0x0800ea4a   0x00000026   Code   RO         1934    i.USB_GetDevSpeed   stm32f4xx_ll_usb.o
    0x0800ea70   0x0000000a   Code   RO         1936    i.USB_GetMode       stm32f4xx_ll_usb.o
    0x0800ea7a   0x00000014   Code   RO         1944    i.USB_ReadDevAllInEpInterrupt  stm32f4xx_ll_usb.o
    0x0800ea8e   0x00000014   Code   RO         1945    i.USB_ReadDevAllOutEpInterrupt  stm32f4xx_ll_usb.o
    0x0800eaa2   0x00000032   Code   RO         1946    i.USB_ReadDevInEPInterrupt  stm32f4xx_ll_usb.o
    0x0800ead4   0x0000001a   Code   RO         1947    i.USB_ReadDevOutEPInterrupt  stm32f4xx_ll_usb.o
    0x0800eaee   0x0000000a   Code   RO         1948    i.USB_ReadInterrupts  stm32f4xx_ll_usb.o
    0x0800eaf8   0x00000060   Code   RO         1949    i.USB_ReadPacket    stm32f4xx_ll_usb.o
    0x0800eb58   0x00000068   Code   RO         1951    i.USB_SetCurrentMode  stm32f4xx_ll_usb.o
    0x0800ebc0   0x0000002a   Code   RO         1952    i.USB_SetDevAddress  stm32f4xx_ll_usb.o
    0x0800ebea   0x00000012   Code   RO         1953    i.USB_SetDevSpeed   stm32f4xx_ll_usb.o
    0x0800ebfc   0x000000e8   Code   RO         1954    i.USB_SetTurnaroundTime  stm32f4xx_ll_usb.o
    0x0800ece4   0x00000044   Code   RO         1957    i.USB_WritePacket   stm32f4xx_ll_usb.o
    0x0800ed28   0x00000004   Code   RO         1457    i.UsageFault_Handler  stm32f4xx_it.o
    0x0800ed2c   0x0000003e   Code   RO         6807    i.Verify_CRC16_Check_Sum  usbd_cdc_if.o
    0x0800ed6a   0x00000002   PAD
    0x0800ed6c   0x00000020   Code   RO         6383    i.Vision_Aim_Data_Task  vision.o
    0x0800ed8c   0x00000020   Code   RO         6384    i.Vision_Angle_Task  vision.o
    0x0800edac   0x000000b4   Code   RO         6203    i.Vision_Control_Mode_Update  remote_control.o
    0x0800ee60   0x00000008   Code   RO         6385    i.Vision_Send_Task  vision.o
    0x0800ee68   0x00000030   Code   RO         7737    i.__ARM_fpclassify  m_wm.l(fpclassify.o)
    0x0800ee98   0x00000026   Code   RO         7670    i.__ARM_fpclassifyf  m_wm.l(fpclassifyf.o)
    0x0800eebe   0x00000002   PAD
    0x0800eec0   0x00000010   Code   RO         3023    i.__NVIC_GetPriorityGrouping  stm32f4xx_hal_cortex.o
    0x0800eed0   0x00000028   Code   RO         3024    i.__NVIC_SetPriority  stm32f4xx_hal_cortex.o
    0x0800eef8   0x0000012c   Code   RO         7575    i.__hardfp_asinf    m_wm.l(asinf.o)
    0x0800f024   0x00000250   Code   RO         7587    i.__hardfp_atan2f   m_wm.l(atan2f.o)
    0x0800f274   0x00000004   PAD
    0x0800f278   0x000000c8   Code   RO         7599    i.__hardfp_cos      m_wm.l(cos.o)
    0x0800f340   0x00000014   Code   RO         7611    i.__hardfp_fabs     m_wm.l(fabs.o)
    0x0800f354   0x0000007a   Code   RO         7617    i.__hardfp_sqrt     m_wm.l(sqrt.o)
    0x0800f3ce   0x00000002   PAD
    0x0800f3d0   0x00000438   Code   RO         7686    i.__ieee754_rem_pio2  m_wm.l(rred.o)
    0x0800f808   0x00000170   Code   RO         7653    i.__kernel_cos      m_wm.l(cos_i.o)
    0x0800f978   0x000000f8   Code   RO         7739    i.__kernel_poly     m_wm.l(poly.o)
    0x0800fa70   0x00000130   Code   RO         7691    i.__kernel_sin      m_wm.l(sin_i.o)
    0x0800fba0   0x00000014   Code   RO         7657    i.__mathlib_dbl_infnan  m_wm.l(dunder.o)
    0x0800fbb4   0x00000004   PAD
    0x0800fbb8   0x00000020   Code   RO         7659    i.__mathlib_dbl_invalid  m_wm.l(dunder.o)
    0x0800fbd8   0x00000020   Code   RO         7662    i.__mathlib_dbl_underflow  m_wm.l(dunder.o)
    0x0800fbf8   0x00000006   Code   RO         7673    i.__mathlib_flt_infnan  m_wm.l(funder.o)
    0x0800fbfe   0x00000006   Code   RO         7674    i.__mathlib_flt_infnan2  m_wm.l(funder.o)
    0x0800fc04   0x00000010   Code   RO         7675    i.__mathlib_flt_invalid  m_wm.l(funder.o)
    0x0800fc14   0x00000010   Code   RO         7678    i.__mathlib_flt_underflow  m_wm.l(funder.o)
    0x0800fc24   0x00000134   Code   RO           23    i.bmi088_accel_init  bmi088driver.o
    0x0800fd58   0x000002fc   Code   RO           24    i.bmi088_accel_self_test  bmi088driver.o
    0x08010054   0x000000f4   Code   RO           25    i.bmi088_gyro_init  bmi088driver.o
    0x08010148   0x000000d0   Code   RO           26    i.bmi088_gyro_self_test  bmi088driver.o
    0x08010218   0x0000006e   Code   RO         6478    i.can_filter_mask_config  drv_can.o
    0x08010286   0x00000002   PAD
    0x08010288   0x0000008c   Code   RO         6808    i.cdc_vcp_data_rx   usbd_cdc_if.o
    0x08010314   0x00000030   Code   RO          697    i.delay_init        delay.o
    0x08010344   0x00000050   Code   RO          698    i.delay_ms          delay.o
    0x08010394   0x00000050   Code   RO          699    i.delay_us          delay.o
    0x080103e4   0x000000f0   Code   RO         5852    i.f_Changing_Integral_Rate  pid.o
    0x080104d4   0x00000030   Code   RO         5853    i.f_Derivative_Filter  pid.o
    0x08010504   0x00000022   Code   RO         5854    i.f_Derivative_On_Measurement  pid.o
    0x08010526   0x00000002   PAD
    0x08010528   0x000000cc   Code   RO         5855    i.f_Integral_Limit  pid.o
    0x080105f4   0x00000030   Code   RO         5856    i.f_Output_Filter   pid.o
    0x08010624   0x00000046   Code   RO         5857    i.f_Output_Limit    pid.o
    0x0801066a   0x00000002   PAD
    0x0801066c   0x000000c0   Code   RO         5858    i.f_PID_ErrorHandle  pid.o
    0x0801072c   0x00000074   Code   RO         5859    i.f_PID_param_init  pid.o
    0x080107a0   0x00000034   Code   RO         5860    i.f_PID_reset       pid.o
    0x080107d4   0x00000046   Code   RO         5861    i.f_Proportion_Limit  pid.o
    0x0801081a   0x0000002a   Code   RO         5862    i.f_Trapezoid_Intergral  pid.o
    0x08010844   0x00000018   Code   RO         7613    i.fabs              m_wm.l(fabs.o)
    0x0801085c   0x000000dc   Code   RO          354    i.get_angle         bsp_imu.o
    0x08010938   0x0000012c   Code   RO          357    i.imu_cali_slove    bsp_imu.o
    0x08010a64   0x00000168   Code   RO          358    i.imu_cmd_spi_dma   bsp_imu.o
    0x08010bcc   0x0000000c   Code   RO          594    i.imu_pwm_set       bsp_imu_pwm.o
    0x08010bd8   0x000000b0   Code   RO          359    i.imu_temp_control  bsp_imu.o
    0x08010c88   0x00000010   Code   RO         6204    i.int16_abs         remote_control.o
    0x08010c98   0x0000003c   Code   RO          845    i.invSqrt           mahonyahrs.o
    0x08010cd4   0x00000024   Code   RO          768    i.ist8310_IIC_read_muli_reg  ist8310driver_middleware.o
    0x08010cf8   0x0000008c   Code   RO          733    i.ist8310_read_mag  ist8310driver.o
    0x08010d84   0x00000070   Code   RO          913    i.main              main.o
    0x08010df4   0x0000006c   Code   RO         6205    i.rc_control_cali   remote_control.o
    0x08010e60   0x00000014   Code   RO         6206    i.remote_control_init  remote_control.o
    0x08010e74   0x00000148   Code   RO         6207    i.sbus_to_rc        remote_control.o
    0x08010fbc   0x0000003e   Code   RO         7699    i.sqrtf             m_wm.l(sqrtf.o)
    0x08010ffa   0x00000018   Code   RO         7638    x$fpl$basic         fz_wm.l(basic.o)
    0x08011012   0x00000002   PAD
    0x08011014   0x00000062   Code   RO         7553    x$fpl$d2f           fz_wm.l(d2f.o)
    0x08011076   0x00000002   PAD
    0x08011078   0x00000150   Code   RO         7555    x$fpl$dadd          fz_wm.l(daddsub_clz.o)
    0x080111c8   0x00000018   Code   RO         7640    x$fpl$dcmpinf       fz_wm.l(dcmpi.o)
    0x080111e0   0x000002b0   Code   RO         7562    x$fpl$ddiv          fz_wm.l(ddiv.o)
    0x08011490   0x0000005e   Code   RO         7565    x$fpl$dfix          fz_wm.l(dfix.o)
    0x080114ee   0x0000002e   Code   RO         7732    x$fpl$dflt          fz_wm.l(dflt_clz.o)
    0x0801151c   0x00000026   Code   RO         7731    x$fpl$dfltu         fz_wm.l(dflt_clz.o)
    0x08011542   0x00000002   PAD
    0x08011544   0x00000078   Code   RO         7569    x$fpl$dleqf         fz_wm.l(dleqf.o)
    0x080115bc   0x00000154   Code   RO         7571    x$fpl$dmul          fz_wm.l(dmul.o)
    0x08011710   0x0000009c   Code   RO         7642    x$fpl$dnaninf       fz_wm.l(dnaninf.o)
    0x080117ac   0x0000000c   Code   RO         7644    x$fpl$dretinf       fz_wm.l(dretinf.o)
    0x080117b8   0x00000016   Code   RO         7556    x$fpl$drsb          fz_wm.l(daddsub_clz.o)
    0x080117ce   0x00000002   PAD
    0x080117d0   0x00000198   Code   RO         7646    x$fpl$dsqrt         fz_wm.l(dsqrt_umaal.o)
    0x08011968   0x000001d4   Code   RO         7557    x$fpl$dsub          fz_wm.l(daddsub_clz.o)
    0x08011b3c   0x00000056   Code   RO         7573    x$fpl$f2d           fz_wm.l(f2d.o)
    0x08011b92   0x0000008c   Code   RO         7648    x$fpl$fnaninf       fz_wm.l(fnaninf.o)
    0x08011c1e   0x0000000a   Code   RO         7826    x$fpl$fpinit        fz_wm.l(fpinit.o)
    0x08011c28   0x0000000a   Code   RO         7650    x$fpl$fretinf       fz_wm.l(fretinf.o)
    0x08011c32   0x00000000   Code   RO         7652    x$fpl$usenofp       fz_wm.l(usenofp.o)
    0x08011c32   0x00000012   Data   RO           31    .constdata          bmi088driver.o
    0x08011c44   0x0000000c   Data   RO          361    .constdata          bsp_imu.o
    0x08011c50   0x00000008   Data   RO         2739    .constdata          stm32f4xx_hal_dma.o
    0x08011c58   0x00000018   Data   RO         5818    .constdata          system_stm32f4xx.o
    0x08011c70   0x00000200   Data   RO         6810    .constdata          usbd_cdc_if.o
    0x08011e70   0x00000030   Data   RO         7654    .constdata          m_wm.l(cos_i.o)
    0x08011ea0   0x000000c8   Data   RO         7688    .constdata          m_wm.l(rred.o)
    0x08011f68   0x00000028   Data   RO         7692    .constdata          m_wm.l(sin_i.o)
    0x08011f90   0x00000020   Data   RO         7882    Region$$Table       anon$$obj.o


    Execution Region RW_IRAM1 (Base: 0x20000000, Size: 0x00003868, Max: 0x0001c000, ABSOLUTE, COMPRESSED[0x0000020c])

    Base Addr    Size         Type   Attr      Idx    E Section Name        Object

    0x20000000   0x0000002c   Data   RW           32    .data               bmi088driver.o
    0x2000002c   0x000000cb   Data   RW          362    .data               bsp_imu.o
    0x200000f7   0x00000001   PAD
    0x200000f8   0x00000008   Data   RW          700    .data               delay.o
    0x20000100   0x00000014   Data   RW          846    .data               mahonyahrs.o
    0x20000114   0x00000004   Data   RW         1159    .data               can.o
    0x20000118   0x00000009   Data   RW         3177    .data               stm32f4xx_hal.o
    0x20000121   0x00000003   PAD
    0x20000124   0x00000004   Data   RW         5819    .data               system_stm32f4xx.o
    0x20000128   0x00000050   Data   RW         6036    .data               fric.o
    0x20000178   0x00000144   Data   RW         6100    .data               gimbal.o
    0x200002bc   0x00000006   Data   RW         6209    .data               remote_control.o
    0x200002c2   0x0000000a   Data   RW         6342    .data               task_schedule.o
    0x200002cc   0x00000050   Data   RW         6422    .data               trigger.o
    0x2000031c   0x000000cc   Data   RW         6480    .data               drv_can.o
    0x200003e8   0x0000001c   Data   RW         6717    .data               usbd_desc.o
    0x20000404   0x00000032   Data   RW         6718    .data               usbd_desc.o
    0x20000436   0x00000002   PAD
    0x20000438   0x0000000c   Data   RW         6817    .data               usbd_cdc_if.o
    0x20000444   0x00000014   Data   RW         6819    .data               usbd_cdc_if.o
    0x20000458   0x00000001   Data   RW         7292    .data               usbd_ctlreq.o
    0x20000459   0x00000003   PAD
    0x2000045c   0x00000053   Data   RW         7451    .data               usbd_cdc.o
    0x200004af   0x00000001   PAD
    0x200004b0   0x00000038   Data   RW         7452    .data               usbd_cdc.o
    0x200004e8   0x00000168   Zero   RW          360    .bss                bsp_imu.o
    0x20000650   0x00000050   Zero   RW         1158    .bss                can.o
    0x200006a0   0x00000054   Zero   RW         1233    .bss                i2c.o
    0x200006f4   0x00000118   Zero   RW         1275    .bss                spi.o
    0x2000080c   0x00000168   Zero   RW         1322    .bss                tim.o
    0x20000974   0x000001b0   Zero   RW         1390    .bss                usart.o
    0x20000b24   0x0000002c   Zero   RW         5937    .bss                can_connection.o
    0x20000b50   0x000002ac   Zero   RW         6035    .bss                fric.o
    0x20000dfc   0x00000544   Zero   RW         6098    .bss                gimbal.o
    0x20001340   0x00000093   Zero   RW         6208    .bss                remote_control.o
    0x200013d3   0x00000019   Zero   RW         6386    .bss                vision.o
    0x200013ec   0x00000170   Zero   RW         6421    .bss                trigger.o
    0x2000155c   0x00000058   Zero   RW         6479    .bss                drv_can.o
    0x200015b4   0x000002dc   Zero   RW         6651    .bss                usb_device.o
    0x20001890   0x00000200   Zero   RW         6716    .bss                usbd_desc.o
    0x20001a90   0x0000106f   Zero   RW         6809    .bss                usbd_cdc_if.o
    0x20002aff   0x00000001   PAD
    0x20002b00   0x00000704   Zero   RW         6940    .bss                usbd_conf.o
    0x20003204   0x00000060   Zero   RW         7742    .bss                c_w.l(libspace.o)
    0x20003264   0x00000004   PAD
    0x20003268   0x00000200   Zero   RW            2    HEAP                startup_stm32f407xx.o
    0x20003468   0x00000400   Zero   RW            1    STACK               startup_stm32f407xx.o


    Execution Region RW_IRAM2 (Base: 0x2001c000, Size: 0x00000000, Max: 0x00004000, ABSOLUTE)

    **** No section assigned to this execution region ****


==============================================================================

Image component sizes


      Code (inc. data)   RO Data    RW Data    ZI Data      Debug   Object Name

      2338         40         18         44          0     596787   bmi088driver.o
       140         28          0          0          0       4468   bmi088middleware.o
      4528        344         12        203        360     597858   bsp_imu.o
        12          4          0          0          0     719562   bsp_imu_pwm.o
     10428        170          0          0          0       5606   bsp_spi.o
       528         44          0          4         80       2414   can.o
       668        110          0          0         44       7605   can_connection.o
       208         24          0          8          0       1871   delay.o
       152          6          0          0          0        814   dma.o
       562         50          0        204         88       6911   drv_can.o
       536         58          0         80        684       3847   fric.o
      2584        246          0        324       1348       9579   gimbal.o
       464         22          0          0          0       1203   gpio.o
       260         30          0          0         84       1685   i2c.o
       140          4          0          0          0       1527   ist8310driver.o
        36          6          0          0          0       1036   ist8310driver_middleware.o
      2276         72          0         20          0       4757   mahonyahrs.o
       298         24          0          0          0     692567   main.o
      1102         72          0          0          0      11282   motor.o
      1564         44          0          0          0       8439   pid.o
      3808        264          0          6        147      15678   remote_control.o
       428         40          0          0        280       1899   spi.o
        64         26        392          0       1536        832   startup_stm32f407xx.o
       212         36          0          9          0       9309   stm32f4xx_hal.o
      2146          6          0          0          0      13591   stm32f4xx_hal_can.o
       312         22          0          0          0      34259   stm32f4xx_hal_cortex.o
      1246         16          8          0          0       5295   stm32f4xx_hal_dma.o
       540         50          0          0          0       2703   stm32f4xx_hal_gpio.o
      2334         36          0          0          0       8782   stm32f4xx_hal_i2c.o
        72          4          0          0          0        834   stm32f4xx_hal_msp.o
      3560         16          0          0          0      13612   stm32f4xx_hal_pcd.o
        90          0          0          0          0       2389   stm32f4xx_hal_pcd_ex.o
      1820         84          0          0          0       5544   stm32f4xx_hal_rcc.o
      1128         14          0          0          0       4653   stm32f4xx_hal_spi.o
      2522        172          0          0          0      17065   stm32f4xx_hal_tim.o
       300         30          0          0          0       3301   stm32f4xx_hal_tim_ex.o
      1934         14          0          0          0       9428   stm32f4xx_hal_uart.o
       256         72          0          0          0      11484   stm32f4xx_it.o
      3882         82          0          0          0      22504   stm32f4xx_ll_usb.o
        20          6         24          4          0       1099   system_stm32f4xx.o
       348         46          0         10          0       3335   task_schedule.o
      1220        100          0          0        360       5342   tim.o
       648         60          0         80        368       3987   trigger.o
       620         62          0          0        432       2620   usart.o
        84         18          0          0        732       6568   usb_device.o
      1446         40          0        139          0      14493   usbd_cdc.o
       582         58        512         32       4207       9246   usbd_cdc_if.o
       658         28          0          0       1796      16584   usbd_conf.o
      1050          0          0          0          0      16157   usbd_core.o
      1908         28          0          1          0      17852   usbd_ctlreq.o
       362        110          0         78        512       6841   usbd_desc.o
       132          0          0          0          0       4448   usbd_ioreq.o
        72          8          0          0         25       2355   vision.o

    ----------------------------------------------------------------------
     64688       2946        998       1256      13084    2973907   Object Totals
         0          0         32          0          0          0   (incl. Generated)
        60          0          0         10          1          0   (incl. Padding)

    ----------------------------------------------------------------------

      Code (inc. data)   RO Data    RW Data    ZI Data      Debug   Library Member Name

        90          0          0          0          0          0   __dczerorl2.o
         8          0          0          0          0         68   __main.o
         0          0          0          0          0          0   __rtentry.o
        12          0          0          0          0          0   __rtentry2.o
         6          0          0          0          0          0   __rtentry4.o
        52          8          0          0          0          0   __scatter.o
        28          0          0          0          0          0   __scatter_zi.o
        22          0          0          0          0        100   _rserrno.o
        18          0          0          0          0         80   exit.o
         6          0          0          0          0        152   heapauxi.o
         0          0          0          0          0          0   indicate_semi.o
         2          0          0          0          0          0   libinit.o
         6          0          0          0          0          0   libinit2.o
         2          0          0          0          0          0   libshutdown.o
         2          0          0          0          0          0   libshutdown2.o
         8          4          0          0         96         68   libspace.o
       238          0          0          0          0        100   lludivv7m.o
         8          4          0          0          0         68   rt_errno_addr_intlibspace.o
        68          0          0          0          0         68   rt_memclr.o
        78          0          0          0          0         80   rt_memclr_w.o
       138          0          0          0          0         68   rt_memcpy_v6.o
       100          0          0          0          0         80   rt_memcpy_w.o
         2          0          0          0          0          0   rtexit.o
        10          0          0          0          0          0   rtexit2.o
        12          4          0          0          0         68   sys_exit.o
        74          0          0          0          0         80   sys_stackheap_outer.o
         2          0          0          0          0         68   use_no_semi.o
        24          0          0          0          0        164   basic.o
        98          4          0          0          0        140   d2f.o
       826         16          0          0          0        492   daddsub_clz.o
        24          0          0          0          0        116   dcmpi.o
       688        140          0          0          0        256   ddiv.o
        94          4          0          0          0        140   dfix.o
        84          0          0          0          0        232   dflt_clz.o
       120          4          0          0          0        140   dleqf.o
       340         12          0          0          0        152   dmul.o
       156          4          0          0          0        140   dnaninf.o
        12          0          0          0          0        116   dretinf.o
       408         56          0          0          0        168   dsqrt_umaal.o
        86          4          0          0          0        132   f2d.o
       140          4          0          0          0        132   fnaninf.o
        10          0          0          0          0        116   fpinit.o
        10          0          0          0          0        116   fretinf.o
         0          0          0          0          0          0   usenofp.o
       300         42          0          0          0        176   asinf.o
       592         90          0          0          0        184   atan2f.o
       200         20          0          0          0        164   cos.o
       368         46         48          0          0        200   cos_i.o
        84         16          0          0          0        372   dunder.o
        44          0          0          0          0        248   fabs.o
        48          0          0          0          0        124   fpclassify.o
        38          0          0          0          0        116   fpclassifyf.o
        44         12          0          0          0        464   funder.o
       248          0          0          0          0        152   poly.o
      1080        142        200          0          0        188   rred.o
       304         24         40          0          0        208   sin_i.o
       122          0          0          0          0        148   sqrt.o
        62          0          0          0          0        136   sqrtf.o

    ----------------------------------------------------------------------
      7674        664        288          0        100       6780   Library Totals
        28          4          0          0          4          0   (incl. Padding)

    ----------------------------------------------------------------------

      Code (inc. data)   RO Data    RW Data    ZI Data      Debug   Library Name

       992         20          0          0         96       1148   c_w.l
      3120        248          0          0          0       2752   fz_wm.l
      3534        392        288          0          0       2880   m_wm.l

    ----------------------------------------------------------------------
      7674        664        288          0        100       6780   Library Totals

    ----------------------------------------------------------------------

==============================================================================


      Code (inc. data)   RO Data    RW Data    ZI Data      Debug   

     72362       3610       1286       1256      13184    2935667   Grand Totals
     72362       3610       1286        524      13184    2935667   ELF Image Totals (compressed)
     72362       3610       1286        524          0          0   ROM Totals

==============================================================================

    Total RO  Size (Code + RO Data)                73648 (  71.92kB)
    Total RW  Size (RW Data + ZI Data)             14440 (  14.10kB)
    Total ROM Size (Code + RO Data + RW Data)      74172 (  72.43kB)

==============================================================================

